Z value corresponding to CDF =  0.5000
1
value
      0.4169
      0.2837
      0.2500
      0.2719
      0.3113
      0.4313
      0.6378
      0.5340
      0.6560
      0.6552
      8.5679
      2.6856
      0.3755
      0.3257
      0.2910
      0.6617
      0.6558
      0.8165
      0.6431
      0.6552
      6.4486
      3.9931
      2.2087
      3.9697
      2.3344
      0.5859
      0.5100
      0.6298
      0.6673
      0.6818
      3.9616
      1.9354
      1.8560
      3.6530
      2.2154
      0.7381
      0.4037
      0.4726
      0.6088
      0.6126
      1.7116
      1.4638
      1.3147
      2.2483
      1.8083
      1.3525
      0.4467
      0.4401
      0.9579
      0.8545
      1.5195
      2.5251
      3.0511
      1.6628
      2.2760
      1.7826
      7.2423
      6.6276
      1.9730
      2.2865
      1.6797
      4.3470
      2.5583
      1.8056
      3.3230
      3.0343
      6.8145
      7.8878
      4.3411
      2.1134
      1.0740
      0.7722
      0.9476
      1.5003
      2.8133
      3.6628
      2.3761
      6.9887
      3.7267
      2.9943
      0.7904
      0.7031
      0.8277
      0.8632
      7.7292
     16.8473
     18.3896
      3.7415
      2.2118
      2.8363
      0.7046
      0.8075
      0.8280
      0.7391
      4.4572
      7.5196
     16.1169
      4.7624
      3.0736
      2.8008
