SISIM SIMULATIONS:  Synthetic point data – 140 samples                          
1
Simulated Value
  3.0927
  3.5775
  1.0096
  3.6566
  8.8167
  9.6871
  7.1492
  9.9720
  8.2215
  7.5771
  7.8495
  8.7748
  9.8075
  9.4868
 12.8577
 17.3877
  2.6266
  1.7832
  2.8444
  2.0043
  1.6492
  2.3085
  6.2571
  6.1075
  6.7057
  6.0020
  5.7510
  5.8328
  5.8343
  5.1136
  5.9217
  4.1028
  3.0808
  5.8860
  6.7739
  6.1441
  5.1179
  6.7784
  6.6450
  5.9867
  8.9480
  8.7698
  9.4970
  9.1399
 14.8052
 19.7433
 18.3942
 13.4932
 14.9904
 11.0307
  8.2943
  3.6134
  4.4753
  4.3684
  2.8963
  7.8923
  9.5366
  8.3660
  7.4060
  7.4605
  8.2325
  9.0990
  7.1232
  9.4069
 11.3360
 15.8659
 10.5609
  2.1750
  2.7305
  1.4348
  5.4170
  6.3976
  6.6009
  5.4933
  5.2827
  6.6585
  6.2021
  6.7333
 15.0983
 11.0608
  1.9587
  4.6661
  5.1387
  6.2104
  5.2421
  6.2990
  5.3455
  6.6597
  6.3738
  6.7778
  9.8167
  7.7665
  7.2886
  8.3474
  9.1523
  9.5183
  5.1629
  6.5597
 15.4065
  6.6391
  4.2841
  3.1602
  3.1898
  2.5740
  1.7476
  8.7408
  7.4542
  8.3726
  7.6910
  8.4861
  9.7815
  8.4049
  8.0244
  9.0401
 10.8081
 17.0771
 15.4694
 10.1172
  4.9078
  3.5225
  5.8290
  6.8453
  5.7153
  6.4235
  6.6651
  5.2127
  6.5010
  6.8029
 18.3295
 10.6676
  6.6457
  5.3529
  6.7337
  6.9392
  6.0160
  5.3433
  6.5883
  6.8571
  5.9577
  6.1143
  7.4502
  7.0133
  7.1853
  7.8039
  7.4103
  5.4356
  5.0132
  7.0726
  5.1324
 18.4825
  2.5331
  2.4153
  1.9170
  1.4024
  2.2133
  0.6594
  0.3961
  8.8279
  7.6549
  8.1876
  7.7157
  9.5610
 19.7284
 11.9824
 11.6864
 10.2372
  9.0911
  4.0668
  1.3994
  9.4452
  5.2044
  6.8641
  5.1760
  6.1133
  5.3403
  6.2164
 19.3986
 17.4466
 15.4715
 10.1552
  6.8312
  6.2786
  5.0988
  5.5690
  5.6831
  6.9427
  5.3289
  6.4873
  6.9873
  8.5007
  9.1380
  8.0258
  8.5109
  8.8073
  7.8843
  9.5828
  7.4390
  6.2836
  6.7137
  5.2061
  1.9798
  1.3565
  1.0968
  2.2802
  2.1740
  2.2659
  0.5755
  9.5796
  0.7726
  7.3982
  3.8048
  9.5072
 10.2785
 14.1407
 17.8511
  8.6878
  9.5583
  7.2645
  3.1595
  4.2136
  4.3157
  5.0347
  5.8558
  5.0066
  5.1037
  5.9400
 18.4856
  5.0567
  6.7641
 12.8403
  2.7898
  4.1914
  5.6917
  5.6701
  6.8655
  5.7814
  6.4912
  5.8378
  8.4943
  8.4848
  7.9833
  8.8442
  7.2085
  7.2376
  9.2460
  5.4185
  9.1964
  8.4232
  6.1985
  5.5404
  1.1626
  6.1315
  1.1083
  1.3510
  2.4258
  1.9760
  2.7403
  1.0171
  0.4689
  2.1419
  2.1630
  4.2545
 16.9903
  0.1933
  0.2847
  7.5604
  9.7765
  0.7237
  9.6331
  3.1196
  3.2355
  5.2449
  5.2010
  5.8197
  5.9121
  5.9196
 13.3364
 17.9142
 14.4146
  5.7881
  1.5389
  1.9743
  1.8763
  6.6669
  5.8569
  6.0390
  9.7842
  8.9353
  8.8392
  9.6474
  9.1339
  7.7853
  7.3187
  7.4835
  7.1607
  5.2613
  5.4818
  5.8060
  6.4866
  6.5147
  5.6922
  6.8906
  6.9566
  5.9983
  1.7381
  2.2912
  2.8829
  1.2373
  8.4546
  7.0864
  8.4922
  4.8820
  5.5344
  0.9024
  0.0100
  0.6041
  0.6690
  0.3716
  9.0001
  8.5332
  0.1341
  0.3859
  5.5179
  5.2979
  6.6592
 11.3690
 12.9842
 13.0621
  6.2970
 10.2143
 19.7687
  3.5732
  6.1797
  6.2350
  6.1164
  6.8451
  8.9374
  7.3567
  7.5811
  9.4745
  6.1484
  9.0918
  9.8107
  9.8456
  5.4122
  5.8306
  6.4670
  5.9799
  6.5667
  6.4720
  6.2943
  6.5462
  6.2442
  6.3589
  6.7155
  2.7863
  4.7158
  3.5714
  9.9798
  9.1988
  7.7693
  5.1558
  9.4947
  8.9089
  0.5438
  0.6130
  0.8893
  0.1976
  0.3552
  0.5268
  0.1130
  3.1058
  0.5647
  6.1447
  5.7745
  6.9238
 11.2608
  4.9203
 14.9839
 19.1349
  4.5678
  4.0641
  4.6915
  5.0592
  5.3576
  6.6853
  5.4101
  7.7528
  9.9621
  9.9238
  5.4509
  6.9802
  6.6149
  5.6974
  5.2139
  5.7824
  6.8372
  6.5282
  6.9889
  5.3003
  6.3488
  5.8843
  2.5233
  1.2694
  1.3023
  2.6766
  3.9365
  4.9170
  4.3838
  3.5828
  9.3229
  8.7224
  0.2499
  0.7662
  0.5163
  0.6541
  0.1004
  0.5500
  0.4362
  0.7704
  0.1505
  0.2067
  0.6900
  0.2650
  6.5830
  6.5878
 13.0030
  3.8106
  3.7776
  4.6398
  4.7656
  4.7666
  5.5459
  5.2383
  5.9340
  6.6694
  1.7156
  8.3116
  1.1082
  6.9415
  8.4982
  6.1148
  6.4751
  5.8353
  5.7605
  3.0551
  6.0384
  5.0945
  6.3765
  6.6155
  1.3387
  6.3954
  2.4375
  6.9904
  1.2794
  1.3739
  3.4429
  4.7716
  4.5381
  4.3108
  3.9427
  8.6934
  7.6279
  0.4946
  0.9107
  0.7272
  0.7112
  0.8339
  0.1449
  3.9629
  0.9781
  0.2842
  0.9946
  0.0966
  0.6564
  0.7975
  0.0037
  4.5736
  4.0452
  4.8529
  3.8412
  4.3430
  4.6608
  5.8952
  6.0801
  9.5737
  5.8920
  5.7237
  7.9172
  9.2487
  8.8634
  6.5839
  6.2647
  3.4128
  3.7728
  4.2398
  4.4887
  3.4753
  6.4406
  5.6689
  6.0925
  6.9161
  6.8070
  1.3049
  1.9721
  1.1840
  3.3058
  4.3449
  4.4104
  3.0232
  7.8717
  4.1336
  0.9503
  0.9431
  0.1553
  5.5500
  6.1352
  6.5360
  4.2497
  0.2410
  0.8329
  0.0847
  0.0100
  0.5865
  0.2781
  0.3857
  0.5792
  0.5460
  0.9022
  4.7094
  3.7858
  4.3692
  4.7773
  3.1591
  1.0206
  3.4383
  3.6303
  1.8371
  7.5507
  8.8807
  6.3305
  5.0537
  5.2196
  5.9897
  5.0041
  4.6184
  3.9726
  4.9735
  0.8150
  0.9571
  1.7811
  1.1396
  6.8173
  5.5496
  1.3284
  4.9315
  4.4055
  3.3799
  3.0937
  3.4150
  7.9439
  4.3302
  4.2831
  0.6455
  5.3784
  5.4320
  5.4901
  5.6644
  6.3496
  2.2503
  4.1658
  0.1035
  1.1627
  1.9589
  4.4014
  3.4857
  0.7500
  0.3744
  0.9216
  3.9223
  3.1560
  3.9634
  3.5530
  3.0735
  2.5875
  1.0607
  2.6148
  8.4423
  7.5589
  6.9437
  6.3438
  5.9922
  6.3537
  3.6066
  3.6452
  4.2876
  6.3445
  6.6782
  0.4848
  0.9761
  6.0258
  0.0100
  6.9190
  3.9847
  3.5229
  3.1244
  3.0829
  3.7630
  3.2048
  3.7132
  4.0251
  3.5658
  6.1749
  6.6069
  6.5508
  6.0698
  5.6176
  5.1367
  5.3989
  1.3524
  2.1841
  1.8505
  0.3274
  4.3785
  0.1386
  0.3749
  0.5684
  0.7762
  4.9553
  0.8352
  2.4750
  1.5438
  1.7895
  2.8184
  2.8383
  1.4485
  2.1770
  1.7003
  6.9849
  6.1876
  8.0039
  5.5167
  3.9888
  3.9416
  5.5995
  6.3000
  6.9246
  2.4870
  6.5730
 10.9952
  6.9424
  6.1687
  6.8086
  0.6487
  0.0255
  3.6622
  3.4030
  3.9634
  4.8667
  4.4260
  4.4413
  3.2715
  4.7754
  3.5444
  3.0654
  6.5190
  6.3361
  5.7063
  6.8509
  2.7158
  2.7771
  4.2078
  0.2488
  3.4929
  0.0862
  5.7776
  5.7184
  6.6979
  0.0100
  4.4871
  2.0517
  1.3312
  1.1539
  1.5211
  1.2898
  1.5986
  2.6652
  2.8476
  2.4206
  1.9707
  5.3339
  3.8041
  5.3030
  3.1178
  6.0514
  5.6466
  5.9606
  1.0143
  5.7067
  5.7103
  5.5700
  5.8490
  4.0117
  3.4505
  4.6418
  9.6935
  3.0464
  6.7240
  3.4174
  4.1374
  3.8796
  3.5499
  3.6004
  3.9284
  4.5514
  6.8277
  6.8793
  6.1635
  5.8395
  2.2157
  2.5396
  5.0083
  4.9061
  5.7208
  0.7944
  6.1033
  0.5270
  0.4775
  0.3192
  0.2611
  2.9481
  2.2240
  2.0659
  1.2041
  1.8805
  3.6237
  1.2039
  2.2101
  2.5020
  2.8305
  1.6014
  2.6344
  1.5191
  4.0379
  3.8913
  2.8841
  1.5064
  6.4865
  2.2013
  5.7990
  6.1843
  0.6749
  3.8922
  3.9057
  8.9581
  9.8790
  9.3082
  9.6546
  6.1106
  5.8096
  6.6121
  5.2681
  5.6134
  3.4466
  6.5852
  5.7047
  5.7939
  5.9019
  5.7260
  5.7113
  5.0283
  6.3012
  6.2398
  5.1208
  5.3139
  6.7593
  5.0907
  0.6454
  6.5053
  6.4026
  6.9166
  1.3695
  2.1549
  2.5547
  2.0394
  3.8813
  2.1796
  3.8236
  2.7157
  2.8205
  1.3273
  2.4683
  2.2345
  2.3586
  2.6799
  1.4345
  1.1855
  1.0602
  6.4894
  1.3499
  5.8021
  6.4536
  5.2506
  3.1452
  4.8519
  4.5362
  7.2272
  5.8185
  5.0290
  5.7472
  5.2065
  3.8108
  5.6844
  5.5850
  6.1866
  6.9383
  5.5784
  5.3745
  5.0953
  1.6560
  6.1556
  6.1376
  2.7485
  2.3191
  2.6540
  2.6820
  0.8839
  5.0853
  6.3549
  5.0452
  5.2943
  1.9896
  2.8094
  2.2776
  4.0638
  4.5588
  9.8988
  4.2269
  3.2699
  3.1391
  4.3091
  2.0084
  1.7974
  1.4859
  2.4971
  4.2716
  3.0579
  1.5624
  2.1070
  1.6028
  4.0976
  5.2637
  5.0141
  6.0909
  3.7096
  3.4331
  7.1452
  5.0628
  5.4952
  6.1328
  5.1302
  3.1559
  4.5009
  5.6505
  5.7504
  5.5408
  5.7789
  6.1688
  2.3053
  2.7208
  1.6249
  2.4501
  6.7142
  2.9282
  0.4556
  1.5964
  2.2822
  5.8451
  5.5066
  6.2134
  0.1646
  5.2494
  1.3065
  2.1028
  1.2475
  1.4664
  1.0436
  2.4122
  3.8910
  3.0718
  3.9788
  2.6807
  1.2956
  2.1817
  3.5770
  2.1051
  3.8667
  3.7443
  6.7287
  1.9296
  6.4439
  5.6836
  4.4166
  5.9137
  5.1352
  7.5525
  8.7475
  5.6588
  5.0144
  6.6111
  5.1478
  3.9244
  3.1430
  8.2135
  5.1477
  6.5352
  1.4576
  1.8004
  1.7962
  2.8004
  1.0083
  2.2610
  2.3783
  0.8626
  0.4356
  0.8955
  0.3524
  6.4648
  0.9836
  5.3745
  0.5550
  0.8444
  5.1254
  0.1170
  6.4173
  4.3636
  2.3156
  2.0288
  1.5743
  4.5209
  3.8581
  2.5309
  3.8292
  4.1979
  4.7562
  4.2395
  1.0550
  3.5798
  4.8579
  2.7212
  6.9302
  6.6261
  6.6891
  6.9237
  5.0550
  9.3431
  8.8060
  9.2251
  9.4642
  8.9541
  3.7108
  9.0505
  4.5069
  9.1635
  9.5746
  1.2014
  1.9893
  1.4852
  1.2895
  1.2580
  1.6436
  1.9623
  0.4087
  2.3781
  0.8161
  0.4593
  0.1267
  0.1791
  0.0059
  0.7388
  6.3253
  6.4165
  5.0505
  5.9313
  6.5080
  5.5088
  1.0599
  2.8486
  2.0927
  4.0665
  1.9738
  1.5694
  4.3090
  4.3918
  3.1007
  4.3437
  4.3326
  4.3057
  5.7431
  4.1082
  4.1144
  2.7504
  3.2871
  6.3457
  6.2998
  8.8253
  7.9794
  9.4533
  6.7004
  7.5965
  7.7318
  9.2322
  3.9592
  8.3872
  1.3774
  8.1409
  1.2376
  1.0541
  1.0500
  2.2732
  1.4527
  0.1033
  2.2421
  0.3403
  0.1853
  0.6969
  0.0362
  0.0895
  0.0588
  0.0088
  0.9354
  5.1657
  6.2625
  6.7133
  3.7613
  4.6127
  5.5699
  3.1850
  6.8422
  3.1910
  2.4342
  1.0453
  3.3598
  3.7377
  4.1697
  3.0205
  3.1118
  3.4194
  2.5925
  6.4684
  4.2229
  3.9540
  1.5374
  2.9716
  2.4499
  8.3914
  8.3192
  9.1673
  6.9789
  7.6737
  8.0001
  9.9949
  4.2941
  3.9188
  1.1660
  1.4748
  2.0604
  1.7857
  1.4868
  2.3863
  2.7673
  2.1534
  0.6950
  4.5201
  0.5325
  0.2089
  0.1145
  6.1844
  5.3542
  5.1962
  0.0992
  6.9168
  6.0342
  3.9500
  3.1642
  4.2088
  3.6335
  6.0401
  5.0887
  5.5152
  6.3583
  1.0012
  1.7706
  3.5115
  4.4114
  4.6456
  4.0865
  4.9411
  4.0180
  4.5906
  5.3777
  6.6479
  2.9386
  1.6575
  1.6443
  2.0522
  2.9700
  3.6757
  5.1062
  5.1229
  9.3400
  4.1744
  3.4356
  2.3828
  2.5286
  3.5471
  2.3998
  2.1822
  2.1348
  2.7086
  1.5798
  4.8640
  1.2735
  4.2359
  3.1047
  5.6343
  0.0076
  6.1646
  6.0345
  5.8225
  0.3221
  0.5009
  5.0815
  6.0489
  2.3897
  4.4129
  6.7137
  5.6214
  6.0097
  6.1050
  1.1997
  3.4493
  3.3255
  3.3333
  4.8840
  4.6936
  4.8896
  4.4508
  3.9831
  6.9333
  6.8255
  6.8001
  1.2994
  1.6219
  1.5823
  1.7927
  4.8782
  5.2690
  5.5945
  7.5992
  7.7900
  7.8876
  2.7476
  6.2749
  4.4786
  4.9744
  4.4137
  1.7191
  2.6430
  1.1686
  1.2299
  2.8950
  3.1577
  4.5056
  3.0329
  5.9924
  6.1253
  0.2122
  5.1783
  5.2898
  5.0744
  6.1076
  5.3475
  6.5501
  6.5957
  5.8727
  3.7356
  6.5069
  5.7347
  6.7856
  2.7207
  5.8935
  4.1131
 16.9923
 10.7311
  3.5856
  3.1645
  4.2418
  5.2247
  9.7909
  1.9250
  1.4271
  1.0745
  2.6706
  2.5720
  3.4828
  3.1215
  2.8670
  5.0020
  6.4403
  5.3423
  7.8061
  6.5533
  6.3344
  2.2655
  5.3569
  5.6672
  1.7303
  2.5637
  1.5466
  1.4930
  2.5779
  2.8752
  3.3922
  3.2044
  3.5710
  3.0129
  6.4863
  6.0292
  6.9439
  5.0893
  5.9933
  5.3534
  6.2416
  5.0618
  6.5824
  6.3599
  6.2680
  3.1828
  3.6227
  2.3399
  2.6677
  1.7408
 11.9315
 19.2751
  4.6667
  4.1718
  4.4343
  5.2546
  4.1212
  6.0184
  1.4322
  1.5654
  1.1682
  1.6348
  2.5264
  6.0108
  3.1271
  4.8542
  5.3534
  4.7759
  6.9699
  6.7924
  6.0727
  4.9614
  5.2250
  6.9739
  3.3416
  4.2764
  1.3682
  4.6031
  2.1463
  2.2684
  4.0687
  2.7133
  4.9723
  3.9745
  5.8524
  6.0991
  6.0563
  5.3224
  6.5495
  5.5216
  6.1301
  6.5198
  5.1193
  6.0076
  6.6581
  6.7671
  5.4957
  2.1123
  5.2438
  7.7941
 13.3737
  7.5720
  3.5843
  4.6792
  5.5655
  6.8357
  6.8088
  1.1901
  1.2881
  5.0305
  2.3212
  1.2303
  2.4955
  4.6621
  3.4909
  6.9777
  3.3691
  4.7471
  4.6972
  7.8370
  5.1178
  5.2832
  6.9231
  6.7548
  4.0214
  3.2741
  3.0807
  4.3103
  3.9661
  4.1026
  1.7585
  1.9789
  4.2574
  3.1365
  1.2061
  2.8455
  5.0975
  6.4835
  5.1900
  6.8853
  6.6963
  5.3565
  6.4671
  6.8044
  5.6598
  6.6241
  6.5314
  1.8086
  2.9711
 10.4368
  7.0727
  9.4783
  4.5279
  4.9572
  3.7741
  6.3783
  6.1242
  5.0046
  1.0139
  5.8641
  1.7752
  2.2893
  1.8939
  5.5747
  6.0323
  6.1253
  5.5160
  6.2007
  3.2993
  6.1104
  6.6456
  5.5605
  5.2384
  5.4729
  5.8985
  6.2846
  1.2443
  3.2371
  4.1651
  4.6844
  4.4249
  4.3590
  3.1884
  3.0567
  4.9074
  5.9409
  6.7408
  6.5869
  6.1641
  6.5076
  5.0069
  5.7580
  6.5607
  2.3993
  2.4326
  4.5467
  6.1733
  1.2704
 10.7705
 15.8437
  7.3794
  7.0098
  4.6571
  3.9063
  3.7954
  4.4943
  4.6569
  5.7261
  2.9961
  1.0201
  6.9151
  1.7637
  5.6519
  6.3221
  6.1665
  5.8295
  6.9704
  5.3605
  6.8161
  6.2646
  5.7194
  6.3462
  5.0678
  5.2151
  5.0631
  4.9434
  4.5572
  4.2775
  4.1180
  4.3516
  4.9460
  4.7994
  4.7951
  3.7210
  4.9517
  3.7460
  7.6389
  5.8779
  5.1643
  5.4959
  4.5979
  6.9214
  3.9634
  1.6698
  4.9954
  4.3449
  4.4981
  4.7095
  4.3175
  4.0642
  3.6092
  7.4414
  3.1345
  0.0100
  0.1932
  4.4392
  3.0428
  5.8996
  6.9975
  6.8285
  1.7316
  6.8250
  5.7024
  5.5473
  5.2252
  4.2696
  6.2566
  5.9541
  5.7096
  5.2875
  5.3428
  5.7592
  5.8159
  6.5784
  5.0684
  3.3801
  3.8927
  4.4426
  0.0100
  4.4419
  3.8775
  3.7655
  3.5731
  4.8627
  3.9398
  3.7382
  3.6268
  9.3031
  7.2877
  5.3024
  3.4500
  7.9920
  2.0960
  2.7492
  3.4707
  4.2898
  4.9204
  4.9505
  3.3518
  4.6533
  4.1150
  3.0150
  4.7294
  0.2497
  0.7371
  0.0977
  0.2281
  6.8351
  2.4779
  6.8922
  4.6865
  3.7105
  6.0269
  4.0315
  3.3145
  4.3441
  3.3082
  6.4038
  6.1116
  5.0134
  6.9852
  5.7290
  8.4304
  8.4534
  5.6469
  7.2814
  3.8121
  0.9434
  5.6656
  3.9370
  4.4228
  3.0497
  3.4241
  3.5648
  4.0414
  8.6580
  2.2199
  1.1894
  9.1331
  3.0210
  9.7718
  9.3566
  7.9843
  7.5157
  2.5275
  4.1733
  3.7323
  3.9238
  4.3816
  4.8325
  3.6886
  3.8104
  0.3245
  3.7717
  0.1041
  0.6833
  4.0031
  6.4901
  5.6432
  5.9060
  5.8595
  3.0001
  5.8211
  6.0454
  3.2776
  3.9431
  5.4009
  5.6836
  5.4429
  5.6546
  9.7017
  5.1488
  8.9217
  7.6522
  9.3672
  3.7776
  3.7966
  6.5844
  6.9436
  4.0517
  4.8760
  3.6911
  3.2613
  7.6589
  9.3648
  9.0128
  2.3781
  9.4979
  9.5524
  7.5498
  8.7274
  9.1398
  7.3623
  5.1992
  5.5581
  6.7465
  3.3596
  4.6841
  4.5761
  3.7330
  4.4040
  4.6105
  4.8131
  0.2566
  0.8141
  0.7311
  2.3507
  6.8154
  5.0315
  6.0901
  4.2245
  3.5095
  3.8225
  5.4131
  6.0333
  3.5045
  6.6842
  6.8162
  5.5027
  9.9993
  8.2942
  9.3672
  7.6136
  7.7830
  8.5173
  8.6222
  3.1954
  5.8876
  6.1681
  6.0775
  4.9290
  3.9219
  1.6808
  3.2740
  3.8873
  3.4667
  7.7028
  0.7628
  7.8866
  9.6875
  7.2603
  0.9891
  0.9185
  6.6002
  6.2921
  6.6597
  9.4561
  7.3650
  4.4279
  3.5053
  4.4066
  3.5470
  0.6606
  0.3055
  0.3688
  1.7287
  1.6483
  5.5276
  1.4655
  3.8623
  3.7426
  4.3983
  4.8095
  3.0640
  3.3760
  4.2772
  4.0300
  5.8531
  6.1272
  6.3575
  6.5085
  7.0880
  9.6378
  8.0509
  8.7090
  4.0461
  4.3218
  4.2196
  4.5367
  3.5640
  4.0345
  3.4366
  4.8667
  2.9880
  4.9019
  2.0021
  3.7663
  0.2401
  9.4384
  7.7931
  7.5946
  0.4858
  0.5751
  6.3589
  5.2178
  8.6662
  7.1317
  4.1408
  3.1973
  4.1596
  4.3530
  4.2728
  1.8644
  2.6618
  0.1582
  2.6273
  1.3910
  4.2188
  2.0751
  4.3381
  3.3588
  0.0478
 14.1880
  3.7226
  4.9351
  4.5318
  4.5544
  1.6723
  8.5229
  7.5928
  9.0423
  8.2711
  8.1425
  9.8678
  3.3178
  6.1879
  6.8457
  4.5004
  3.2445
  4.8129
  3.1716
  3.8849
  3.1536
  3.4117
  3.4922
  2.4478
  6.9450
  0.9707
  0.8938
  8.5730
  7.2266
  0.0427
  5.1820
  5.4241
  5.3752
  6.2635
  4.0632
  7.0428
  4.6847
  4.0146
  4.9296
  2.3237
  2.8846
  2.4196
  1.9581
  2.5427
  2.2390
  3.4189
  3.4512
  3.6685
  3.6465
  0.0100
 11.1442
  3.7941
  3.6890
  3.2150
  3.1758
  1.0078
  2.8171
  8.1472
  7.9689
  9.2275
  9.4657
  8.1752
  5.2980
  7.1997
  3.0174
  3.5808
  3.9571
  3.2295
  4.0587
  1.1513
  1.5003
  4.7740
  3.3976
  4.6488
  3.9024
  0.0100
  0.8731
  0.5781
  0.5836
  0.9624
  5.9672
  0.8253
  0.7985
  6.9686
  3.8710
  3.5640
  9.8967
  4.1490
  3.0464
  2.1595
  2.8242
  2.7971
  2.2357
  2.3027
  0.0356
  1.4264
  2.9924
  3.3845
  4.2586
  4.4457
 11.5739
  3.3046
  3.2508
  1.2754
  1.6663
  1.6153
  2.1614
  7.2346
  2.5525
  2.0787
  8.9281
  8.4939
  7.3456
  1.2844
  2.5594
  2.1221
  1.3124
  2.4336
  4.0059
  1.0273
  2.0359
  4.3639
  4.1586
  2.0594
  5.8446
  6.9376
  0.6276
  0.7802
  0.2377
  0.6020
  0.9618
  0.6997
  0.4313
  3.3065
  4.7406
  0.0100
  4.4814
  0.1106
  2.5312
  2.7055
  2.7508
  6.0802
  2.4067
  6.6363
  6.6675
  3.4937
  3.1007
  4.6329
  4.6260
  4.9232
  4.4229
  4.6719
  3.9663
  4.6117
  2.5002
  2.2245
  2.6709
  8.2128
  8.1765
  9.2217
  7.9827
  9.2801
  7.1433
  1.9156
  1.7192
  1.2357
  2.7281
  2.0563
  2.8122
  1.0427
  2.2322
  1.0282
  2.7507
  1.4787
  5.4129
  6.0844
  0.8498
  0.4762
  0.0829
  0.5827
  0.3847
  4.7408
  3.3909
  4.0690
  3.9501
  4.0021
  4.3312
  3.5017
  1.4555
  7.5944
  6.9464
  5.6372
  1.4084
  6.1730
  1.6641
  3.4771
  4.9328
  3.2986
  4.6428
 19.6554
  4.9589
  4.9956
  3.6718
  4.1944
  4.1287
  2.4224
  2.8754
  6.0299
  1.9787
  1.0414
  8.3359
  8.3908
  1.9491
  1.2397
  2.5018
  2.5745
  1.4638
  2.3617
  1.9563
  2.9411
  2.3123
  1.9750
  5.3463
  6.7987
  6.6895
  0.1248
  0.8259
  5.6727
  5.7015
  3.6882
  3.1044
  4.9237
  3.8474
  4.2598
  4.6467
  4.2669
  4.4197
  9.6715
  9.1781
  2.0124
  8.9076
  6.3225
  1.1630
  2.2278
  0.1638
  4.7887
  3.3088
  4.5072
  3.4987
 14.2320
 16.9690
  6.7571
  4.6965
  2.4283
  2.0335
  2.7838
  1.8247
  6.4295
  2.3280
  1.9101
  6.8951
  1.0717
  5.9944
  2.9314
  7.5916
  2.9884
  8.6466
  8.6797
  1.1053
  1.5938
  1.7378
  1.5335
  6.6921
  6.2567
  0.3600
  5.5551
  5.5899
  6.2353
  6.0119
  3.9549
  0.3816
  3.7924
  4.1246
  3.6146
  4.6608
  7.4202
  7.0227
  7.6221
  8.5798
  9.1298
  9.3792
  5.6136
  5.7229
  6.0313
  6.3838
  3.5058
  7.6908
 19.0021
  3.6372
 13.5218
 15.6035
  4.9993
  1.9557
  3.9529
  5.1269
  2.3472
  2.0276
  7.4095
  7.9739
  8.2493
  7.2561
  2.6698
  6.4205
  1.4859
  9.3392
  9.6976
  7.1946
  8.6295
  9.3161
  2.0366
  2.9625
  1.1214
  5.4238
  0.7628
  6.1428
  5.4039
  5.1172
  3.7089
  3.2765
  3.8798
  3.4265
  3.2116
  3.6634
  9.2042
  4.3654
  7.4168
  7.6658
  9.1844
  8.7562
  9.8456
  6.9682
  6.7289
  5.7013
  5.1309
  5.2855
  7.9295
  8.1934
  9.9450
 16.6462
 16.6156
 10.8802
  6.1123
 12.7744
 11.9229
  1.4895
  6.8692
  5.0867
  8.2247
  9.3946
  5.9547
  6.3940
  5.5501
  1.2230
  5.1460
  5.0635
  8.5108
  8.8786
  7.8614
  9.8545
  1.2201
  2.1275
  1.4557
  0.6121
  0.6833
  5.0699
  5.7936
  6.1171
  0.8755
  0.8851
  5.6978
  3.2915
  5.8907
  6.8408
  3.9313
  3.6643
  4.7233
  3.8182
  3.0503
  7.2205
  7.6342
  6.6096
  6.0886
  6.5766
  5.4922
  6.5908
  7.0191
 16.8967
 12.8022
 19.0618
 10.7349
 13.2313
  6.4718
  5.9335
  6.7231
  6.5110
  6.8615
  5.2168
  1.8369
  5.6205
  8.3553
  6.3242
  6.1757
  5.0165
  9.4406
  9.6291
  6.3550
  7.7562
  7.5560
  2.5671
  1.1571
  2.0038
  0.1529
  0.7053
  0.3589
  0.6715
  0.5064
  0.4850
  0.2377
  5.9229
  6.1323
  6.1059
  6.8287
  6.0874
  3.0294
  3.3815
  3.8892
  4.4774
  3.8072
  9.0362
  7.7487
  6.0660
  5.1424
  5.9611
  5.6885
  5.1184
  7.0796
 11.2459
 18.7323
 12.9867
  5.6288
  6.1321
  5.2315
  6.3927
  5.9271
  6.0126
  6.6118
  6.5437
  6.0781
  8.4670
  6.8427
  6.4505
  6.8267
  5.0001
  5.5165
  9.7418
  5.6289
  5.3183
  5.4855
  2.1402
  1.9817
  0.3236
  0.3560
  0.8839
  0.9583
  0.5449
  0.8090
  0.9470
  0.8383
  5.5733
  6.1605
  6.6168
  5.0280
  3.3779
  3.6445
  6.3762
  5.5749
  4.8098
  4.4348
  3.8005
  9.5737
  6.0519
  6.3759
  5.6612
  6.8375
  5.9034
 14.3001
  5.6630
  6.5981
  6.7063
  6.7413
  6.7344
  5.0958
  6.9376
  6.1234
  5.1953
  5.6932
  3.9908
  6.9815
  6.3094
  6.5106
  5.2608
  2.7961
  6.9422
  6.8261
  6.6446
  6.2285
  8.1651
  8.2333
  5.8360
  2.2322
  0.2209
  0.8613
  0.0047
  0.7026
  0.8458
  0.0791
  0.4286
  2.7155
  7.6838
  6.5251
  6.6477
  6.8438
  6.8296
  4.1018
  5.3660
  6.0240
  7.5717
  4.9039
  8.9506
  5.1765
  7.2914
  9.8396
  5.2137
  5.8834
  5.4599
  6.8310
  6.0442
  5.3681
  6.2121
  6.8291
  5.9047
  6.5828
  5.4861
  5.9901
  6.2087
  4.8536
  5.1368
  5.0944
  5.7492
  4.0658
  2.8600
  2.4571
  6.6623
  1.9609
  2.7247
  9.5693
  6.5830
  5.2158
  6.1836
  0.1857
  5.7937
  0.7732
  0.8513
  0.0175
  0.8213
  0.5886
  0.8679
  1.0092
  1.7720
  6.6252
  5.9194
  6.6862
  6.3727
  4.9104
  6.6940
  6.7733
  5.5690
  5.6412
  7.3349
  8.9726
  7.5522
  7.9440
  6.0515
  5.9273
  5.2903
  6.1499
  5.5077
  5.4759
  6.4009
  5.0250
  6.3107
  6.1203
  4.2468
  3.0160
  3.7657
  6.8599
  5.2089
  3.1938
  6.6600
  2.9570
  1.8915
  2.2800
  2.6727
  2.8328
  2.2383
  2.0074
  6.9246
  5.9816
  5.2442
  6.7661
  0.0677
  0.3560
  0.8068
  0.0830
  0.6252
  0.0286
  0.3957
  0.1688
  2.5855
  6.4734
  5.0218
  6.7528
  6.0779
  6.7480
  5.1097
  5.2170
  5.6681
  3.1915
  4.4913
  9.8644
  4.5038
  6.1178
  6.7257
  5.8520
  6.7813
  6.3645
  6.7656
  6.7768
  6.1282
  5.8140
  5.4205
  6.0037
  3.8780
  3.6708
  4.8606
  4.8277
  4.6604
  5.7197
  6.5324
  1.4598
  2.1571
  2.4389
  0.0375
  0.1104
  1.8304
  5.7156
  6.0284
  5.7733
  5.1641
  0.8462
  0.9094
  0.9515
  0.7144
  0.6025
  0.4788
  0.2541
  0.8777
  0.0624
  1.2139
  5.4558
  5.4034
  6.5500
  5.1905
  5.3371
  5.9660
  5.5324
  4.7321
  4.2180
  5.0815
  5.4627
  6.1298
  6.7677
  6.5604
  5.7502
  6.9278
  5.1645
  5.2196
  5.6885
  6.9007
  5.7035
  3.8074
  3.7225
  3.7522
  3.8231
  3.8246
  4.6838
  1.2396
  3.3727
  2.0083
  2.2791
  1.5564
  1.5941
  0.8741
  0.6632
  0.5120
  0.1425
  0.4316
  0.3002
  0.7028
  6.5845
  0.5754
  0.9974
  0.7646
  0.8463
  0.0881
  0.3635
  0.9370
  0.2347
  0.0100
  6.6955
  5.3013
  0.0651
  5.5269
  5.1505
  6.3413
  6.3973
  6.2380
  7.3084
  4.9071
  4.3550
  3.8984
  6.9072
  5.5120
  6.9685
  6.5432
  6.3954
  6.9418
  5.1640
  6.6396
  6.8199
  4.1173
  3.1069
  4.6837
  4.3559
  3.8782
  4.6220
  3.6925
  2.3703
  3.1360
  1.3855
  0.6280
  0.9483
  0.2749
  0.1157
  0.0100
  0.9953
  0.6542
  0.8322
  0.3005
  0.9628
  0.1035
  0.6502
  0.8459
  0.3703
  0.0871
  0.4072
  0.9266
  0.2189
  5.4224
  5.9479
  6.4653
  6.4014
  0.7284
  0.4169
  5.3974
  6.0319
  3.3393
  3.3203
  4.9583
  4.1040
  3.7963
  5.9372
  5.9672
  5.4035
  6.8358
