ANNEAL SIMULATIONS: Binary grid 10x10                                           
1
simulation
   0
   0
   1
   0
   0
   0
   0
   0
   1
   0
   0
   0
   0
   0
   0
   0
   1
   0
   1
   1
   0
   0
   1
   1
   1
   0
   0
   1
   0
   0
   1
   0
   1
   1
   1
   0
   1
   0
   1
   0
   1
   1
   0
   0
   0
   0
   1
   0
   0
   0
   1
   1
   1
   1
   0
   1
   1
   0
   1
   0
   0
   0
   0
   1
   1
   1
   0
   1
   0
   0
   0
   1
   1
   1
   0
   0
   1
   0
   1
   1
   1
   0
   1
   0
   0
   1
   1
   1
   1
   0
   0
   1
   0
   0
   0
   0
   0
   1
   0
   1
