Variogram Volume: nx  21 ny  21nz   1
6
variogram
number of pairs
head mean
tail mean
head variance
tail variance
  -999.00000         0.     -999.00000     -999.00000     -999.00000     -999.00000
  -999.00000         0.     -999.00000     -999.00000     -999.00000     -999.00000
  -999.00000         0.     -999.00000     -999.00000     -999.00000     -999.00000
  -999.00000         0.     -999.00000     -999.00000     -999.00000     -999.00000
  -999.00000         0.     -999.00000     -999.00000     -999.00000     -999.00000
  -999.00000         1.     -999.00000     -999.00000     -999.00000     -999.00000
  -999.00000         0.     -999.00000     -999.00000     -999.00000     -999.00000
  -999.00000         1.     -999.00000     -999.00000     -999.00000     -999.00000
  -999.00000         0.     -999.00000     -999.00000     -999.00000     -999.00000
  -999.00000         1.     -999.00000     -999.00000     -999.00000     -999.00000
  -999.00000         1.     -999.00000     -999.00000     -999.00000     -999.00000
  -999.00000         1.     -999.00000     -999.00000     -999.00000     -999.00000
  -999.00000         1.     -999.00000     -999.00000     -999.00000     -999.00000
  -999.00000         1.     -999.00000     -999.00000     -999.00000     -999.00000
  -999.00000         2.     -999.00000     -999.00000     -999.00000     -999.00000
  -999.00000         0.     -999.00000     -999.00000     -999.00000     -999.00000
  -999.00000         0.     -999.00000     -999.00000     -999.00000     -999.00000
  -999.00000         0.     -999.00000     -999.00000     -999.00000     -999.00000
  -999.00000         0.     -999.00000     -999.00000     -999.00000     -999.00000
  -999.00000         0.     -999.00000     -999.00000     -999.00000     -999.00000
  -999.00000         0.     -999.00000     -999.00000     -999.00000     -999.00000
  -999.00000         0.     -999.00000     -999.00000     -999.00000     -999.00000
  -999.00000         0.     -999.00000     -999.00000     -999.00000     -999.00000
  -999.00000         1.     -999.00000     -999.00000     -999.00000     -999.00000
     1.09680         7.        5.98394        3.56350        0.00000        0.00000
     0.88756         8.        5.90633        5.79332        0.00000        0.00000
     1.12830        19.        3.85206        6.69297        0.00000        0.00000
     1.79506        10.        3.93966        6.45319        0.00000        0.00000
     1.62656        15.        3.54115        5.58693        0.00000        0.00000
     0.84992        13.        3.60753        4.02644        0.00000        0.00000
     1.41551        10.        2.35845        4.72641        0.00000        0.00000
     0.88359        19.        2.77658        4.87180        0.00000        0.00000
     1.33090        10.        4.60549        7.80410        0.00000        0.00000
     1.28674        14.        3.80659        5.45040        0.00000        0.00000
     0.71633         9.        2.71971        4.64077        0.00000        0.00000
     1.72696         6.        4.32923        4.98433        0.00000        0.00000
  -999.00000         4.     -999.00000     -999.00000     -999.00000     -999.00000
  -999.00000         2.     -999.00000     -999.00000     -999.00000     -999.00000
  -999.00000         0.     -999.00000     -999.00000     -999.00000     -999.00000
  -999.00000         3.     -999.00000     -999.00000     -999.00000     -999.00000
  -999.00000         0.     -999.00000     -999.00000     -999.00000     -999.00000
  -999.00000         0.     -999.00000     -999.00000     -999.00000     -999.00000
  -999.00000         0.     -999.00000     -999.00000     -999.00000     -999.00000
  -999.00000         0.     -999.00000     -999.00000     -999.00000     -999.00000
     1.04275         6.        5.58023        1.82565        0.00000        0.00000
     0.62135        10.        5.24730        3.58486        0.00000        0.00000
     0.66902        23.        5.04608        4.96907        0.00000        0.00000
     1.07206        15.        5.69327        4.81996        0.00000        0.00000
     1.26093        18.        3.24489        5.48310        0.00000        0.00000
     0.92735        23.        4.70419        5.09319        0.00000        0.00000
     1.31626        33.        3.89241        5.31352        0.00000        0.00000
     1.09020        37.        4.59888        5.02420        0.00000        0.00000
     0.81694        38.        4.68132        5.16974        0.00000        0.00000
     0.63727        33.        3.72564        4.69239        0.00000        0.00000
     1.26402        16.        2.87727        5.16325        0.00000        0.00000
     0.87383        11.        3.79030        4.21268        0.00000        0.00000
     0.86604        19.        4.16927        5.63585        0.00000        0.00000
     0.86417        17.        3.89192        4.59049        0.00000        0.00000
     0.44191        10.        4.53562        6.10859        0.00000        0.00000
  -999.00000         4.     -999.00000     -999.00000     -999.00000     -999.00000
  -999.00000         0.     -999.00000     -999.00000     -999.00000     -999.00000
  -999.00000         1.     -999.00000     -999.00000     -999.00000     -999.00000
  -999.00000         0.     -999.00000     -999.00000     -999.00000     -999.00000
  -999.00000         0.     -999.00000     -999.00000     -999.00000     -999.00000
  -999.00000         4.     -999.00000     -999.00000     -999.00000     -999.00000
     0.80037        13.        5.74282        3.49535        0.00000        0.00000
     0.70964        18.        5.92943        4.55461        0.00000        0.00000
     1.29339        25.        3.54438        4.82061        0.00000        0.00000
     1.84243        18.        3.01294        5.74793        0.00000        0.00000
     0.87012        38.        4.14867        3.19083        0.00000        0.00000
     1.37924        50.        4.07574        4.78651        0.00000        0.00000
     0.96120        53.        4.26177        4.04758        0.00000        0.00000
     0.80030        62.        4.59983        4.49310        0.00000        0.00000
     0.65480        62.        4.50752        4.50906        0.00000        0.00000
     1.08509        46.        3.28916        5.06957        0.00000        0.00000
     0.81011        43.        3.87913        4.68881        0.00000        0.00000
     1.30113        35.        3.71031        4.52024        0.00000        0.00000
     0.62393        33.        3.82202        4.34225        0.00000        0.00000
     0.65029        26.        3.91887        4.56223        0.00000        0.00000
     0.23590        25.        4.66268        4.86589        0.00000        0.00000
     0.29993        12.        5.02029        4.94516        0.00000        0.00000
  -999.00000         2.     -999.00000     -999.00000     -999.00000     -999.00000
  -999.00000         0.     -999.00000     -999.00000     -999.00000     -999.00000
  -999.00000         1.     -999.00000     -999.00000     -999.00000     -999.00000
  -999.00000         0.     -999.00000     -999.00000     -999.00000     -999.00000
  -999.00000         2.     -999.00000     -999.00000     -999.00000     -999.00000
     0.99344        13.        4.50181        4.63960        0.00000        0.00000
     1.43324        24.        3.67815        5.54108        0.00000        0.00000
     0.68383        40.        4.16149        4.61783        0.00000        0.00000
     1.13925        44.        3.72843        4.57259        0.00000        0.00000
     1.01288        47.        4.39164        4.86822        0.00000        0.00000
     1.17337        51.        3.96579        4.79975        0.00000        0.00000
     0.81629        61.        4.28049        4.45232        0.00000        0.00000
     1.04038        70.        5.43732        4.90626        0.00000        0.00000
     0.94580        78.        4.14486        4.46080        0.00000        0.00000
     0.86972        55.        4.45157        4.29071        0.00000        0.00000
     1.22617        73.        3.69445        5.04570        0.00000        0.00000
     0.98751        53.        3.77586        4.73641        0.00000        0.00000
     0.71651        42.        4.70333        4.55433        0.00000        0.00000
     0.60370        38.        4.53892        4.50834        0.00000        0.00000
     0.61016        34.        3.95623        4.50441        0.00000        0.00000
     0.80906        14.        4.39031        4.81109        0.00000        0.00000
  -999.00000         5.     -999.00000     -999.00000     -999.00000     -999.00000
  -999.00000         3.     -999.00000     -999.00000     -999.00000     -999.00000
  -999.00000         1.     -999.00000     -999.00000     -999.00000     -999.00000
  -999.00000         0.     -999.00000     -999.00000     -999.00000     -999.00000
  -999.00000         4.     -999.00000     -999.00000     -999.00000     -999.00000
     0.60993        29.        3.07183        4.05548        0.00000        0.00000
     1.18029        50.        3.89704        4.89018        0.00000        0.00000
     1.83889        61.        3.85012        6.12026        0.00000        0.00000
     1.47310        54.        5.81364        4.58121        0.00000        0.00000
     1.24647        58.        4.55725        4.37876        0.00000        0.00000
     0.68130        84.        3.97150        4.20969        0.00000        0.00000
     1.22372        78.        4.62739        4.25544        0.00000        0.00000
     1.19177        81.        4.09648        5.31612        0.00000        0.00000
     0.80136        96.        4.23633        4.55144        0.00000        0.00000
     0.95437        84.        4.59750        4.37391        0.00000        0.00000
     0.97117        80.        3.84307        4.63382        0.00000        0.00000
     0.64819        49.        4.11558        4.54705        0.00000        0.00000
     0.86577        39.        4.82274        4.38395        0.00000        0.00000
     0.68678        54.        4.69408        4.71254        0.00000        0.00000
     0.52806        31.        3.90825        4.27919        0.00000        0.00000
     0.78606        27.        3.56485        4.60305        0.00000        0.00000
     0.65161        19.        3.14129        5.51503        0.00000        0.00000
     0.15687         6.        4.53030        4.35607        0.00000        0.00000
  -999.00000         0.     -999.00000     -999.00000     -999.00000     -999.00000
  -999.00000         1.     -999.00000     -999.00000     -999.00000     -999.00000
     0.69154        12.        2.14008        2.86059        0.00000        0.00000
     1.12402        31.        4.55811        3.64482        0.00000        0.00000
     1.61830        47.        4.69027        4.81332        0.00000        0.00000
     1.48954        57.        5.68689        4.30781        0.00000        0.00000
     0.93829        48.        4.68753        4.72124        0.00000        0.00000
     1.08746        70.        3.99338        4.85167        0.00000        0.00000
     0.78552        85.        4.30132        4.35306        0.00000        0.00000
     1.24961       122.        4.43437        4.76331        0.00000        0.00000
     1.10723       107.        4.45435        4.55885        0.00000        0.00000
     1.17579       114.        4.90310        4.73497        0.00000        0.00000
     0.97589       115.        5.05321        4.78317        0.00000        0.00000
     1.02364        93.        4.64925        4.83288        0.00000        0.00000
     0.90050        71.        3.82991        4.06224        0.00000        0.00000
     0.67936        64.        4.57515        4.27904        0.00000        0.00000
     1.64085        44.        4.53336        4.73705        0.00000        0.00000
     1.12604        45.        4.53117        4.75526        0.00000        0.00000
     0.68529        52.        4.32397        4.77977        0.00000        0.00000
     0.21790        28.        4.57889        4.11228        0.00000        0.00000
  -999.00000         2.     -999.00000     -999.00000     -999.00000     -999.00000
  -999.00000         2.     -999.00000     -999.00000     -999.00000     -999.00000
  -999.00000         1.     -999.00000     -999.00000     -999.00000     -999.00000
     0.94398        27.        3.76385        3.76088        0.00000        0.00000
     1.72430        46.        4.80201        4.67284        0.00000        0.00000
     0.98394        48.        4.56262        5.28056        0.00000        0.00000
     0.82601        48.        4.28166        4.66565        0.00000        0.00000
     1.18457        66.        4.91715        4.25311        0.00000        0.00000
     1.25887        90.        4.30848        4.39400        0.00000        0.00000
     1.19895        95.        4.49176        4.21466        0.00000        0.00000
     0.69303       102.        4.00255        4.56027        0.00000        0.00000
     0.98066       146.        4.40294        4.77829        0.00000        0.00000
     1.29518       131.        5.41135        5.05112        0.00000        0.00000
     0.85580       133.        4.70271        4.53486        0.00000        0.00000
     0.96834        71.        4.72317        4.23361        0.00000        0.00000
     1.01555        86.        4.16607        4.35568        0.00000        0.00000
     0.90126        74.        3.89346        4.63044        0.00000        0.00000
     0.94985        62.        5.26313        4.86248        0.00000        0.00000
     0.75525        57.        4.73946        4.65911        0.00000        0.00000
     0.90751        29.        5.03348        4.60536        0.00000        0.00000
     0.71409        17.        4.90023        3.07252        0.00000        0.00000
     0.45098        10.        4.23639        3.64767        0.00000        0.00000
  -999.00000         0.     -999.00000     -999.00000     -999.00000     -999.00000
  -999.00000         0.     -999.00000     -999.00000     -999.00000     -999.00000
     0.92575        15.        4.24726        4.13179        0.00000        0.00000
     0.83049        35.        4.42262        5.17423        0.00000        0.00000
     0.71843        56.        3.43310        4.12410        0.00000        0.00000
     1.06115        72.        4.77646        4.65063        0.00000        0.00000
     0.87080        84.        4.76268        5.27309        0.00000        0.00000
     1.16241       104.        4.30648        4.65057        0.00000        0.00000
     0.90556        96.        4.12497        4.72716        0.00000        0.00000
     1.04919       162.        4.21472        4.69281        0.00000        0.00000
     1.10049       145.        4.54660        4.51065        0.00000        0.00000
     1.12702       134.        4.92820        4.24165        0.00000        0.00000
     1.16853       139.        4.39681        4.91190        0.00000        0.00000
     1.11505       123.        4.18502        4.94539        0.00000        0.00000
     1.05352       101.        4.30835        4.79589        0.00000        0.00000
     0.84865        94.        4.46597        4.57757        0.00000        0.00000
     0.86599        79.        4.27719        4.32719        0.00000        0.00000
     0.83277        77.        4.84576        4.29303        0.00000        0.00000
     0.65727        32.        5.22266        4.71465        0.00000        0.00000
     2.73983        16.        4.47053        6.16110        0.00000        0.00000
     0.64891        20.        3.62133        4.24633        0.00000        0.00000
     0.47251         7.        2.97440        5.26011        0.00000        0.00000
  -999.00000         1.     -999.00000     -999.00000     -999.00000     -999.00000
     0.67047        11.        4.54945        5.83257        0.00000        0.00000
     0.76712        24.        3.14730        4.54543        0.00000        0.00000
     0.88788        67.        4.41631        4.07084        0.00000        0.00000
     1.22561        87.        4.59225        4.35133        0.00000        0.00000
     0.78389       111.        4.55942        4.48502        0.00000        0.00000
     0.96719        93.        4.19324        5.13437        0.00000        0.00000
     0.96814       128.        4.20581        4.78621        0.00000        0.00000
     1.18787       147.        4.54138        4.56943        0.00000        0.00000
     1.00710       160.        4.18629        4.71529        0.00000        0.00000
     1.09553       178.        4.43145        4.87128        0.00000        0.00000
     0.96874       183.        4.35902        4.98994        0.00000        0.00000
     1.13090       141.        4.35912        4.74058        0.00000        0.00000
     0.91952       124.        4.43112        3.97577        0.00000        0.00000
     0.93092        84.        4.45843        4.11043        0.00000        0.00000
     0.77385        76.        4.43689        4.68135        0.00000        0.00000
     1.08268        72.        5.04368        5.08818        0.00000        0.00000
     1.34843        58.        5.35607        4.96346        0.00000        0.00000
     1.08574        36.        4.18833        5.02504        0.00000        0.00000
     0.41017        23.        3.89997        3.41607        0.00000        0.00000
  -999.00000         4.     -999.00000     -999.00000     -999.00000     -999.00000
  -999.00000         0.     -999.00000     -999.00000     -999.00000     -999.00000
     0.92858        13.        2.43086        4.33449        0.00000        0.00000
     0.70584        47.        4.17329        4.07368        0.00000        0.00000
     0.83924        62.        4.63502        4.73670        0.00000        0.00000
     0.93428        90.        5.30870        4.89617        0.00000        0.00000
     0.76387       105.        4.04419        4.17107        0.00000        0.00000
     1.20071       105.        4.72518        4.34665        0.00000        0.00000
     1.19565       146.        4.41913        4.24230        0.00000        0.00000
     1.00218       143.        4.33799        4.32228        0.00000        0.00000
     1.17281       183.        4.60992        4.71983        0.00000        0.00000
     0.61046       374.        4.48888        4.48888        0.00000        0.00000
     1.17281       183.        4.71983        4.60992        0.00000        0.00000
     1.00218       143.        4.32228        4.33799        0.00000        0.00000
     1.19565       146.        4.24230        4.41913        0.00000        0.00000
     1.20071       105.        4.34665        4.72518        0.00000        0.00000
     0.76387       105.        4.17107        4.04419        0.00000        0.00000
     0.93428        90.        4.89617        5.30870        0.00000        0.00000
     0.83924        62.        4.73671        4.63502        0.00000        0.00000
     0.70584        47.        4.07368        4.17329        0.00000        0.00000
     0.92858        13.        4.33449        2.43086        0.00000        0.00000
  -999.00000         0.     -999.00000     -999.00000     -999.00000     -999.00000
  -999.00000         4.     -999.00000     -999.00000     -999.00000     -999.00000
     0.41017        23.        3.41607        3.89997        0.00000        0.00000
     1.08574        36.        5.02504        4.18833        0.00000        0.00000
     1.34843        58.        4.96346        5.35607        0.00000        0.00000
     1.08268        72.        5.08818        5.04368        0.00000        0.00000
     0.77385        76.        4.68135        4.43690        0.00000        0.00000
     0.93092        84.        4.11043        4.45844        0.00000        0.00000
     0.91952       124.        3.97577        4.43112        0.00000        0.00000
     1.13090       141.        4.74058        4.35912        0.00000        0.00000
     0.96874       183.        4.98994        4.35902        0.00000        0.00000
     1.09553       178.        4.87128        4.43145        0.00000        0.00000
     1.00710       160.        4.71529        4.18628        0.00000        0.00000
     1.18787       147.        4.56943        4.54138        0.00000        0.00000
     0.96814       128.        4.78621        4.20581        0.00000        0.00000
     0.96719        93.        5.13437        4.19325        0.00000        0.00000
     0.78389       111.        4.48502        4.55942        0.00000        0.00000
     1.22561        87.        4.35133        4.59225        0.00000        0.00000
     0.88788        67.        4.07084        4.41631        0.00000        0.00000
     0.76712        24.        4.54543        3.14730        0.00000        0.00000
     0.67047        11.        5.83257        4.54946        0.00000        0.00000
  -999.00000         1.     -999.00000     -999.00000     -999.00000     -999.00000
     0.47251         7.        5.26011        2.97440        0.00000        0.00000
     0.64891        20.        4.24633        3.62133        0.00000        0.00000
     2.73983        16.        6.16110        4.47053        0.00000        0.00000
     0.65727        32.        4.71465        5.22266        0.00000        0.00000
     0.83277        77.        4.29303        4.84576        0.00000        0.00000
     0.86599        79.        4.32719        4.27720        0.00000        0.00000
     0.84865        94.        4.57757        4.46597        0.00000        0.00000
     1.05352       101.        4.79589        4.30835        0.00000        0.00000
     1.11505       123.        4.94539        4.18502        0.00000        0.00000
     1.16853       139.        4.91190        4.39681        0.00000        0.00000
     1.12702       134.        4.24165        4.92819        0.00000        0.00000
     1.10049       145.        4.51065        4.54660        0.00000        0.00000
     1.04919       162.        4.69281        4.21472        0.00000        0.00000
     0.90556        96.        4.72716        4.12497        0.00000        0.00000
     1.16241       104.        4.65057        4.30648        0.00000        0.00000
     0.87080        84.        5.27309        4.76268        0.00000        0.00000
     1.06115        72.        4.65063        4.77647        0.00000        0.00000
     0.71843        56.        4.12411        3.43311        0.00000        0.00000
     0.83049        35.        5.17423        4.42262        0.00000        0.00000
     0.92575        15.        4.13179        4.24726        0.00000        0.00000
  -999.00000         0.     -999.00000     -999.00000     -999.00000     -999.00000
  -999.00000         0.     -999.00000     -999.00000     -999.00000     -999.00000
     0.45098        10.        3.64767        4.23639        0.00000        0.00000
     0.71409        17.        3.07252        4.90023        0.00000        0.00000
     0.90751        29.        4.60536        5.03348        0.00000        0.00000
     0.75525        57.        4.65911        4.73947        0.00000        0.00000
     0.94985        62.        4.86248        5.26313        0.00000        0.00000
     0.90126        74.        4.63044        3.89346        0.00000        0.00000
     1.01555        86.        4.35568        4.16607        0.00000        0.00000
     0.96834        71.        4.23361        4.72317        0.00000        0.00000
     0.85580       133.        4.53485        4.70271        0.00000        0.00000
     1.29518       131.        5.05112        5.41134        0.00000        0.00000
     0.98066       146.        4.77829        4.40294        0.00000        0.00000
     0.69303       102.        4.56027        4.00255        0.00000        0.00000
     1.19895        95.        4.21466        4.49176        0.00000        0.00000
     1.25887        90.        4.39400        4.30848        0.00000        0.00000
     1.18457        66.        4.25311        4.91715        0.00000        0.00000
     0.82601        48.        4.66565        4.28166        0.00000        0.00000
     0.98394        48.        5.28056        4.56262        0.00000        0.00000
     1.72430        46.        4.67284        4.80201        0.00000        0.00000
     0.94398        27.        3.76088        3.76385        0.00000        0.00000
  -999.00000         1.     -999.00000     -999.00000     -999.00000     -999.00000
  -999.00000         2.     -999.00000     -999.00000     -999.00000     -999.00000
  -999.00000         2.     -999.00000     -999.00000     -999.00000     -999.00000
     0.21790        28.        4.11228        4.57889        0.00000        0.00000
     0.68529        52.        4.77977        4.32397        0.00000        0.00000
     1.12604        45.        4.75526        4.53117        0.00000        0.00000
     1.64085        44.        4.73705        4.53336        0.00000        0.00000
     0.67936        64.        4.27904        4.57515        0.00000        0.00000
     0.90050        71.        4.06224        3.82991        0.00000        0.00000
     1.02364        93.        4.83288        4.64925        0.00000        0.00000
     0.97589       115.        4.78317        5.05321        0.00000        0.00000
     1.17579       114.        4.73497        4.90310        0.00000        0.00000
     1.10723       107.        4.55885        4.45435        0.00000        0.00000
     1.24961       122.        4.76331        4.43437        0.00000        0.00000
     0.78552        85.        4.35306        4.30132        0.00000        0.00000
     1.08746        70.        4.85167        3.99338        0.00000        0.00000
     0.93829        48.        4.72124        4.68753        0.00000        0.00000
     1.48954        57.        4.30781        5.68689        0.00000        0.00000
     1.61830        47.        4.81332        4.69027        0.00000        0.00000
     1.12402        31.        3.64482        4.55811        0.00000        0.00000
     0.69154        12.        2.86059        2.14008        0.00000        0.00000
  -999.00000         1.     -999.00000     -999.00000     -999.00000     -999.00000
  -999.00000         0.     -999.00000     -999.00000     -999.00000     -999.00000
     0.15687         6.        4.35607        4.53030        0.00000        0.00000
     0.65161        19.        5.51503        3.14129        0.00000        0.00000
     0.78606        27.        4.60305        3.56485        0.00000        0.00000
     0.52806        31.        4.27919        3.90825        0.00000        0.00000
     0.68678        54.        4.71254        4.69408        0.00000        0.00000
     0.86577        39.        4.38395        4.82274        0.00000        0.00000
     0.64819        49.        4.54705        4.11558        0.00000        0.00000
     0.97117        80.        4.63382        3.84307        0.00000        0.00000
     0.95437        84.        4.37391        4.59750        0.00000        0.00000
     0.80136        96.        4.55144        4.23633        0.00000        0.00000
     1.19177        81.        5.31612        4.09648        0.00000        0.00000
     1.22372        78.        4.25544        4.62739        0.00000        0.00000
     0.68130        84.        4.20969        3.97150        0.00000        0.00000
     1.24647        58.        4.37876        4.55725        0.00000        0.00000
     1.47310        54.        4.58122        5.81364        0.00000        0.00000
     1.83889        61.        6.12025        3.85012        0.00000        0.00000
     1.18029        50.        4.89018        3.89704        0.00000        0.00000
     0.60993        29.        4.05548        3.07183        0.00000        0.00000
  -999.00000         4.     -999.00000     -999.00000     -999.00000     -999.00000
  -999.00000         0.     -999.00000     -999.00000     -999.00000     -999.00000
  -999.00000         1.     -999.00000     -999.00000     -999.00000     -999.00000
  -999.00000         3.     -999.00000     -999.00000     -999.00000     -999.00000
  -999.00000         5.     -999.00000     -999.00000     -999.00000     -999.00000
     0.80906        14.        4.81109        4.39031        0.00000        0.00000
     0.61016        34.        4.50442        3.95623        0.00000        0.00000
     0.60370        38.        4.50834        4.53892        0.00000        0.00000
     0.71651        42.        4.55433        4.70333        0.00000        0.00000
     0.98751        53.        4.73641        3.77586        0.00000        0.00000
     1.22617        73.        5.04570        3.69445        0.00000        0.00000
     0.86972        55.        4.29071        4.45157        0.00000        0.00000
     0.94580        78.        4.46080        4.14486        0.00000        0.00000
     1.04038        70.        4.90626        5.43732        0.00000        0.00000
     0.81629        61.        4.45232        4.28049        0.00000        0.00000
     1.17337        51.        4.79975        3.96579        0.00000        0.00000
     1.01288        47.        4.86821        4.39164        0.00000        0.00000
     1.13925        44.        4.57259        3.72843        0.00000        0.00000
     0.68383        40.        4.61783        4.16149        0.00000        0.00000
     1.43324        24.        5.54108        3.67815        0.00000        0.00000
     0.99344        13.        4.63960        4.50181        0.00000        0.00000
  -999.00000         2.     -999.00000     -999.00000     -999.00000     -999.00000
  -999.00000         0.     -999.00000     -999.00000     -999.00000     -999.00000
  -999.00000         1.     -999.00000     -999.00000     -999.00000     -999.00000
  -999.00000         0.     -999.00000     -999.00000     -999.00000     -999.00000
  -999.00000         2.     -999.00000     -999.00000     -999.00000     -999.00000
     0.29993        12.        4.94516        5.02029        0.00000        0.00000
     0.23590        25.        4.86589        4.66268        0.00000        0.00000
     0.65029        26.        4.56223        3.91887        0.00000        0.00000
     0.62393        33.        4.34225        3.82202        0.00000        0.00000
     1.30113        35.        4.52024        3.71031        0.00000        0.00000
     0.81011        43.        4.68881        3.87913        0.00000        0.00000
     1.08509        46.        5.06957        3.28916        0.00000        0.00000
     0.65480        62.        4.50905        4.50752        0.00000        0.00000
     0.80030        62.        4.49310        4.59983        0.00000        0.00000
     0.96120        53.        4.04758        4.26177        0.00000        0.00000
     1.37924        50.        4.78651        4.07574        0.00000        0.00000
     0.87012        38.        3.19083        4.14867        0.00000        0.00000
     1.84243        18.        5.74793        3.01294        0.00000        0.00000
     1.29339        25.        4.82061        3.54438        0.00000        0.00000
     0.70964        18.        4.55461        5.92943        0.00000        0.00000
     0.80037        13.        3.49535        5.74282        0.00000        0.00000
  -999.00000         4.     -999.00000     -999.00000     -999.00000     -999.00000
  -999.00000         0.     -999.00000     -999.00000     -999.00000     -999.00000
  -999.00000         0.     -999.00000     -999.00000     -999.00000     -999.00000
  -999.00000         1.     -999.00000     -999.00000     -999.00000     -999.00000
  -999.00000         0.     -999.00000     -999.00000     -999.00000     -999.00000
  -999.00000         4.     -999.00000     -999.00000     -999.00000     -999.00000
     0.44191        10.        6.10859        4.53562        0.00000        0.00000
     0.86417        17.        4.59049        3.89192        0.00000        0.00000
     0.86604        19.        5.63585        4.16927        0.00000        0.00000
     0.87383        11.        4.21268        3.79030        0.00000        0.00000
     1.26402        16.        5.16325        2.87727        0.00000        0.00000
     0.63727        33.        4.69239        3.72564        0.00000        0.00000
     0.81694        38.        5.16974        4.68132        0.00000        0.00000
     1.09020        37.        5.02420        4.59888        0.00000        0.00000
     1.31626        33.        5.31352        3.89241        0.00000        0.00000
     0.92735        23.        5.09319        4.70419        0.00000        0.00000
     1.26093        18.        5.48309        3.24489        0.00000        0.00000
     1.07206        15.        4.81996        5.69327        0.00000        0.00000
     0.66902        23.        4.96907        5.04608        0.00000        0.00000
     0.62135        10.        3.58486        5.24730        0.00000        0.00000
     1.04275         6.        1.82565        5.58023        0.00000        0.00000
  -999.00000         0.     -999.00000     -999.00000     -999.00000     -999.00000
  -999.00000         0.     -999.00000     -999.00000     -999.00000     -999.00000
  -999.00000         0.     -999.00000     -999.00000     -999.00000     -999.00000
  -999.00000         0.     -999.00000     -999.00000     -999.00000     -999.00000
  -999.00000         3.     -999.00000     -999.00000     -999.00000     -999.00000
  -999.00000         0.     -999.00000     -999.00000     -999.00000     -999.00000
  -999.00000         2.     -999.00000     -999.00000     -999.00000     -999.00000
  -999.00000         4.     -999.00000     -999.00000     -999.00000     -999.00000
     1.72696         6.        4.98433        4.32923        0.00000        0.00000
     0.71633         9.        4.64077        2.71971        0.00000        0.00000
     1.28674        14.        5.45040        3.80659        0.00000        0.00000
     1.33090        10.        7.80410        4.60549        0.00000        0.00000
     0.88359        19.        4.87180        2.77658        0.00000        0.00000
     1.41551        10.        4.72641        2.35845        0.00000        0.00000
     0.84992        13.        4.02644        3.60753        0.00000        0.00000
     1.62656        15.        5.58693        3.54115        0.00000        0.00000
     1.79506        10.        6.45319        3.93966        0.00000        0.00000
     1.12830        19.        6.69297        3.85206        0.00000        0.00000
     0.88756         8.        5.79332        5.90632        0.00000        0.00000
     1.09680         7.        3.56350        5.98394        0.00000        0.00000
  -999.00000         1.     -999.00000     -999.00000     -999.00000     -999.00000
  -999.00000         0.     -999.00000     -999.00000     -999.00000     -999.00000
  -999.00000         0.     -999.00000     -999.00000     -999.00000     -999.00000
  -999.00000         0.     -999.00000     -999.00000     -999.00000     -999.00000
  -999.00000         0.     -999.00000     -999.00000     -999.00000     -999.00000
  -999.00000         0.     -999.00000     -999.00000     -999.00000     -999.00000
  -999.00000         0.     -999.00000     -999.00000     -999.00000     -999.00000
  -999.00000         0.     -999.00000     -999.00000     -999.00000     -999.00000
  -999.00000         0.     -999.00000     -999.00000     -999.00000     -999.00000
  -999.00000         2.     -999.00000     -999.00000     -999.00000     -999.00000
  -999.00000         1.     -999.00000     -999.00000     -999.00000     -999.00000
  -999.00000         1.     -999.00000     -999.00000     -999.00000     -999.00000
  -999.00000         1.     -999.00000     -999.00000     -999.00000     -999.00000
  -999.00000         1.     -999.00000     -999.00000     -999.00000     -999.00000
  -999.00000         1.     -999.00000     -999.00000     -999.00000     -999.00000
  -999.00000         0.     -999.00000     -999.00000     -999.00000     -999.00000
  -999.00000         1.     -999.00000     -999.00000     -999.00000     -999.00000
  -999.00000         0.     -999.00000     -999.00000     -999.00000     -999.00000
  -999.00000         1.     -999.00000     -999.00000     -999.00000     -999.00000
  -999.00000         0.     -999.00000     -999.00000     -999.00000     -999.00000
  -999.00000         0.     -999.00000     -999.00000     -999.00000     -999.00000
  -999.00000         0.     -999.00000     -999.00000     -999.00000     -999.00000
  -999.00000         0.     -999.00000     -999.00000     -999.00000     -999.00000
  -999.00000         0.     -999.00000     -999.00000     -999.00000     -999.00000
