IK3D Estimates with:Synthetic point data – 140 samples      
 5   10   10    1  .50000000      .50000000      .50000000      5.00000      5.00000      1.00000       1
Threshold:  1 =  1.0000000    
Threshold:  2 =  3.0000000    
Threshold:  3 =  5.0000000    
Threshold:  4 =  7.0000000    
Threshold:  5 =  10.000000    
   .1324   .3657   .5158   .7101   .8543
   .1985   .4012   .4426   .5482   .8952
   .1080   .1367   .2424   .2727   .7887
   .0037   .1618   .1618   .2049   .2766
   .0047   .6074   .7728   .9259   .9423
   .0698   .3926   .4611   .9170   .9867
   .0449   .5296   .8425   .9060   .9509
   .0647   .1537   .3666   .8988   .9768
   .1152   .1889   .2765   .5169   .8848
   .1095   .2285   .3381   .6661   .8905
   .1456   .6088   .6256   .7640   .8820
   .1189   .8974   .8974   .9163   .9717
   .1127   .5312   .7800   .8731  1.0000
   .3444   .3456   .4106   .5109   .7946
   .1118   .1141   .6996   .8539  1.0000
   .1619   .1797   .2512   .7813   .7946
   .0051   .3962   .5790   .5790   .5826
   .0053   .3335   .4368   .9895   .9947
   .0189   .1264   .1453   .2759   .9811
   .0400   .0400   .0400   .6674   .9500
   .4727   .7309   .7339   .9229   .9370
   .0000   .4692   .9563   .9948   .9970
   .0000   .0358   .6490   .6906   .9945
   .1861   .2146   .7252   .8023   .9787
   .4111   .4214   .8561   .9616   .9923
   .8141   .8350   .8954   .9189   .9346
   .1511   .1511   .8029   .9700   .9788
   .0016   .2202   .8014   .9689   .9984
   .0000   .0905   .0905   .9283  1.0000
   .0403   .0991   .2271   .9194   .9597
   .3806   .3966   .5874   .8227   .9249
   .0044   .0121   .4304   .4917   .9942
   .0042   .0098   .4115   .8607   .9958
   .0293   .2402   .7437   .9787   .9787
   .0194   .3197   .4037   .9538   .9769
   .2797   .4237   .4237  1.0000  1.0000
   .0526   .2899   .5282   .9745   .9873
   .0035   .5168   .8845   .8891   .9965
   .0070   .7186   .7292   .8829   .9930
   .0141   .5918   .9360   .9718   .9859
   .1426   .2967   .4433   .6067   .8845
   .0245   .0448   .1064   .1320   .9755
   .0000   .1338   .1959   .2835  1.0000
   .0308   .8113   .8955   .8997   .9692
   .0000   .6754   .8664   .9203   .9602
   .0128   .2971   .3629   .9413   .9707
   .0014   .0550   .0729   .9972   .9986
   .0106   .2052   .5655   .8340   .9894
   .0158   .2825   .8088   .8299   .9842
   .0099   .1198   .9588   .9620   .9901
   .1256   .2930   .3202   .6298   .8744
   .0527   .0916   .1714   .6079   .9473
   .0094   .0973   .4135   .9133   .9906
   .0343   .5079   .8586   .9843   .9843
   .0967   .2760   .9499   .9499   .9732
   .0128   .0479   .5892   .9473   .9737
   .0153   .0580   .0640   .9116   .9847
   .0027   .2976   .3914   .8795   .9973
   .0056   .4871   .5921   .7481   .8155
   .0493   .0825   .3355   .4420   .8391
   .0228   .1370   .3901   .8288   .9144
   .0000   .0130   .1691   .9620   .9790
   .0092   .0092   .3725   .5950   .9815
   .1390   .1837   .3146   .5552   .9665
   .2901   .3236   .4781   .9670   .9861
   .0176   .0442   .6803   .8476   .9801
   .0422   .0727   .1418   .3239   .9772
   .0032   .0305   .0544   .2765   .9968
   .0000   .1634   .6187   .8594   .8594
   .3157   .3229   .9819   .9891   .9943
   .0434   .0752   .9080   .9523   .9762
   .5640   .5843   .9523   .9612   .9847
   .1300   .4161   .6113   .6113   .9719
   .0012   .1953   .2176   .2491   .9776
   .0104   .5203   .5717   .8291   .9769
   .0688   .2695   .8678   .9606   .9813
   .5769   .5780   .6448   .8434   .9992
   .3793   .3900   .4538   .8905   .9920
   .3250   .3550   .9747   .9994   .9994
   .0570   .5790   .9499   .9699   .9850
   .0803   .1623   .7002   .8770   .9385
   .3110   .4096   .4512   .8990   .9495
   .1024   .4878   .4953   .9677   .9677
   .0038   .2627   .2666   .7789   .9962
   .0000   .3582   .3637   .5546   .9945
   .3395   .6769   .8026   .8690  1.0000
   .3512   .3568   .3568   .8355   .9898
   .3341   .3847   .5406   .6415   .9620
   .1436   .2433   .7094   .8201   .9667
   .0019   .2812   .3667   .4416   .9711
   .1041   .2688   .4454   .7530   .8765
   .0369   .1120   .3038   .8977   .9489
   .0084   .0084   .1972   .9812   .9906
   .1469   .2341   .2899   .9818   .9909
   .1044   .7729   .7880   .8386   .9849
   .1872   .7795   .8281   .8523   .9515
   .2880   .6094   .6401   .6401   .9644
   .0350   .2649   .2705   .6358   .9813
   .0061   .0061   .3392   .8981   .9879
   .0063   .0063   .4077   .7452   .9874
