SASIM Realizations
1
value
     10.1251
      7.9397
      3.0432
      5.0065
      8.4762
      8.1674
      5.1903
      3.7409
      0.3567
      0.0100
      1.2902
      1.2135
      6.2204
      5.0594
      5.3396
      8.2801
      5.5336
      0.6072
      0.0100
      1.3875
      3.1904
      4.6941
      4.1111
      8.1393
      5.5463
      4.2438
      8.2687
      5.6137
      0.2039
      0.0100
      2.7693
      2.2653
      4.6541
      4.7999
      1.7515
      4.2255
      6.9419
      4.9328
      5.5384
      2.7056
      4.0116
      8.0913
      2.0674
      7.7220
      4.6579
      3.6822
      5.2558
      3.4209
      1.9948
      4.4000
      7.0833
      6.9638
      1.9813
      1.9631
      4.8572
      6.0529
      6.2770
      5.3500
      0.1933
      5.6678
      2.7360
      6.6029
      3.7563
      2.1547
      6.7585
      6.5076
      5.7546
      4.7560
      5.5240
      7.6829
      4.0635
      4.2934
      3.2349
      7.2039
      6.9192
      7.5805
      4.3265
      1.9489
      5.8490
      8.2773
     10.2309
      6.3573
      3.8054
      1.1443
      3.1039
      1.1093
      0.0100
      6.4127
      2.7317
      2.3694
      8.3810
      5.0342
      0.7562
      1.4945
      4.9775
      3.4511
      0.6553
      3.9606
      0.2876
      4.4760
