SGSIM Realizations
1
value
      1.2500
      0.0888
      0.3352
      0.8979
     -0.9667
     -0.0572
     -2.8961
     -0.4934
     -0.8310
     -2.1320
      0.0720
     -0.4256
     -0.1519
     -1.3598
     -0.9707
     -0.1546
     -0.0195
      0.2032
     -1.1497
     -0.9462
     -1.4626
     -0.5600
     -1.1442
     -1.2252
     -0.3405
     -0.4188
     -0.7046
     -1.0614
      0.4572
     -0.2163
      0.4010
     -0.5699
     -0.1014
     -1.3745
     -0.8575
      0.7795
     -1.5179
     -1.6234
     -0.3217
      0.3547
     -0.8566
     -0.7192
     -2.1765
     -1.0263
     -0.2324
      0.5584
      0.2379
     -0.7166
      1.5184
      1.0251
     -0.8553
      0.9973
      0.6280
     -0.8840
     -1.2708
     -0.5100
     -1.1911
     -0.8213
     -1.8525
     -2.1473
     -0.3244
     -1.0464
     -0.7338
     -0.8325
     -0.3310
     -0.1355
      0.8722
     -0.0555
     -0.5293
     -0.0981
     -0.3248
     -0.2947
     -0.0171
     -1.3157
      0.4003
     -0.5022
     -0.2435
     -0.9615
      0.7954
     -0.4326
      0.1084
      1.0406
      0.3205
      0.9402
     -1.3881
     -0.6112
     -1.7940
      0.7491
     -0.6503
     -1.5078
      2.2178
     -0.2202
     -0.6562
     -1.6102
     -0.4119
     -0.2964
      1.3564
      0.5468
     -0.2615
      0.2537
      0.4935
      0.5835
     -0.5357
     -1.9235
     -0.6523
     -0.9452
      0.3500
     -1.1409
     -1.0104
     -0.1288
     -0.5268
     -0.6935
     -1.7372
     -1.2886
     -1.3639
     -0.9275
      1.0354
      0.0771
     -0.0959
     -0.3744
     -0.3094
     -0.5061
     -1.4045
     -0.4150
     -0.0494
     -0.1241
     -0.5498
     -1.4427
     -1.8274
     -0.1307
      0.1023
     -0.6917
     -0.0148
     -1.1551
      0.4215
     -1.5899
     -0.6985
     -1.2208
     -0.1874
     -1.4918
     -2.2187
     -0.7262
     -0.7556
      0.1971
     -0.1695
      0.6896
     -1.4778
     -0.0499
      0.9257
      0.4444
      0.5333
      0.0921
      1.8463
      0.3721
      0.7646
      0.6140
      0.5050
     -0.7274
     -1.5845
     -0.9501
     -0.9624
     -0.9806
     -1.1088
     -3.7027
     -0.3228
     -1.3165
     -1.5135
     -1.3862
     -0.8563
     -1.3361
     -0.5550
     -1.6674
     -1.7693
     -0.1020
      0.0141
     -0.6773
     -1.4337
     -0.5497
     -1.1648
      0.1050
      0.4925
      0.3190
     -0.4609
      0.4003
     -0.8470
     -1.3957
      0.1180
     -1.8635
     -1.3040
     -0.5770
      1.0963
     -1.4005
      0.1369
     -0.0794
     -0.3443
     -0.3237
      0.1951
      0.7070
      0.8286
      0.4690
      0.1711
      0.7122
      0.1940
      0.5328
     -0.3533
     -0.9345
      0.0531
      0.1857
      0.2148
      0.1999
     -0.4719
     -1.7307
     -0.4448
     -0.9337
     -0.7232
     -1.5717
     -1.5825
     -0.5284
     -1.3428
     -0.8811
     -1.7577
     -1.7460
     -1.8041
     -1.3121
     -0.0521
     -0.5423
      1.0658
      0.5029
      0.0146
      0.0100
      2.3347
      0.1995
      1.3800
      1.0442
     -1.1449
     -0.1366
      0.2645
     -0.2408
     -1.9127
      0.1272
     -0.4692
     -0.2446
      0.0137
     -0.8847
     -0.5986
      0.3359
      0.3390
     -0.2533
     -0.5052
      0.3919
      1.0169
      0.4694
      0.5884
      1.8746
      0.2678
     -0.8214
     -0.7423
     -0.9231
     -2.0181
     -1.6294
     -0.6052
     -1.1684
     -0.7173
     -0.6187
     -2.1391
     -0.7053
     -1.4517
     -1.4532
     -1.3827
     -1.0824
     -2.3720
     -0.5605
      0.0095
     -0.9900
     -1.3565
     -0.2806
      0.5987
      0.3047
     -0.2852
      0.9306
     -0.1119
     -0.6175
      0.7198
      1.2055
      0.2432
     -0.7199
      0.2550
     -0.8297
     -1.4849
     -1.1451
      0.3984
     -1.3717
      1.1960
     -0.4648
      0.1465
     -0.0084
      0.0596
      1.6678
      0.6202
      0.0984
      1.3790
      1.5013
      0.2275
     -0.1935
      0.5458
      0.1307
      0.0724
     -0.4277
     -0.4805
     -0.5127
     -0.6986
     -0.7022
      1.5743
     -3.0763
      0.1834
     -1.4499
     -1.0431
     -1.2487
     -1.2663
     -0.2289
     -2.0603
      0.5081
     -1.4083
     -0.5368
      1.0954
      1.0662
      0.5464
      0.2510
      0.0377
      0.7112
      0.4168
      1.3849
      0.9181
      0.6290
      0.9641
     -0.8630
     -0.9084
     -1.4273
     -0.5760
     -0.7789
      0.4265
     -0.2008
     -0.9381
      0.5403
      0.1997
      0.0067
      1.7302
     -0.2748
      1.6548
      0.4215
      2.1150
      0.1786
      1.8102
      0.8462
      2.2014
      1.9495
     -0.2858
      0.8137
     -1.0591
     -0.5333
     -2.5469
     -0.9892
     -0.5133
     -1.6987
     -1.6770
     -1.8664
     -0.5721
     -1.6285
     -0.7873
     -1.8235
      0.4117
     -0.6604
     -0.5567
      0.5527
      0.8474
      0.5850
     -1.1001
      0.3538
     -0.0023
      0.1525
      1.3925
     -0.4453
     -0.1325
     -0.4911
     -0.5656
     -2.1596
      0.3097
     -1.1266
      0.0835
      0.0450
      0.6712
     -0.6533
     -1.4883
     -0.6183
     -0.4719
      0.2542
     -1.4951
      0.0562
     -0.4059
      0.0428
      1.5277
      0.9899
      0.7171
      2.0873
      0.5661
      1.1380
      0.6606
     -0.7221
     -1.2059
     -0.5969
      0.2319
      0.2262
     -0.3249
      0.1466
     -0.8048
     -1.9976
     -0.1308
     -0.4598
     -1.1114
     -0.7601
     -0.0996
     -0.3541
     -0.0016
      1.4872
      1.0291
     -0.2575
     -0.5275
     -0.1791
      0.1328
     -0.0200
      0.6895
      0.2581
      1.1025
      0.2900
      0.6456
     -0.7863
     -0.6743
     -0.9489
      1.1671
      0.8954
      0.3559
      0.7032
      0.3718
     -1.7322
      0.1960
      1.5588
     -0.1326
     -0.4323
      1.7421
     -0.5255
      1.1513
      1.8115
      1.6351
      0.7847
      0.6779
      0.2718
      1.5022
      0.7958
      0.0653
     -1.0209
      0.4565
      0.6240
     -0.3645
      0.0380
      0.0105
      0.0399
      0.1122
     -1.2064
      0.2418
     -0.5606
      0.8745
      0.8074
      0.0087
      0.8938
      0.0913
     -0.2435
      0.3997
      0.5752
      1.5126
      0.1704
     -0.4215
      0.9044
      0.8780
      0.0278
     -0.9393
      0.4847
     -0.6372
     -1.1594
      0.3848
      0.0302
      0.4694
      0.4246
     -0.4893
      0.1671
      0.1094
      1.3694
      0.7257
      2.3221
      2.0426
      1.0252
      1.7261
      2.2147
      0.9115
      1.1459
      0.4696
      0.2793
      0.3923
      1.1539
      0.2235
     -0.2331
     -0.7507
      0.2729
      1.0649
     -0.1443
     -2.4203
     -1.5147
      0.1265
      0.6280
     -0.4111
      0.0408
      0.7392
     -0.4834
     -0.9803
     -0.3083
      0.1844
     -0.0025
     -0.9509
      0.1446
      0.3722
     -0.9817
     -0.7870
      0.0604
      1.3136
      1.1483
     -0.0351
      0.1708
      0.0195
     -0.1451
     -0.5496
      0.6501
     -0.5120
     -1.0290
     -0.1580
     -0.1090
      0.9413
     -0.0890
      0.7029
      0.6023
      1.3766
      1.7037
      1.3426
      1.6958
      2.6777
      1.9107
      0.6286
      1.0010
      1.5389
      0.8239
      0.1938
     -0.8908
     -0.0674
     -1.5592
     -0.5135
     -1.0799
     -2.3047
     -1.1315
     -0.3473
     -0.2340
     -0.0979
     -0.9629
     -0.5725
      1.1320
      0.6561
     -0.8719
     -0.9454
      0.4057
     -0.5490
     -0.7592
      0.8348
     -0.0703
      0.0238
      0.5322
      0.1969
     -0.1787
      0.2532
     -0.6985
     -0.5751
     -0.0358
     -1.2248
     -1.6233
     -0.8287
     -0.2890
      0.7044
     -0.3550
      0.7942
      0.6510
      2.0972
      0.5968
      1.2667
      0.2545
      1.9449
      1.1823
      0.0738
      0.9365
      0.8537
      0.7480
      1.6131
     -1.0439
     -1.2425
     -2.3208
     -0.9596
      0.0002
      0.5614
     -1.5092
      0.6218
     -0.7761
     -0.4001
      0.3596
      0.3138
     -2.1407
     -0.6365
     -0.4065
     -1.7444
      0.2878
     -2.2628
     -1.1203
     -0.7894
     -1.1721
     -1.3476
     -0.8671
     -1.0027
     -1.2520
      0.8056
      0.1147
     -0.1679
     -0.7799
      0.2390
      0.2629
     -1.5015
     -0.2342
      0.8596
     -1.4285
      0.4143
      0.5077
      0.4098
      0.6249
      1.4070
      0.6143
      0.6845
      0.2298
      2.5941
      1.8358
      1.3959
      1.1646
      1.9027
      0.2090
      0.3867
     -0.8397
      0.9859
     -0.6824
     -0.6681
     -0.7611
     -1.1277
      1.0599
     -0.5627
     -0.0461
      1.4021
      0.0908
     -0.1124
     -0.4825
     -0.6003
     -0.3079
      0.0743
      0.5133
     -0.1822
     -0.6266
     -1.0923
      0.2559
     -2.1219
     -1.2611
     -1.1674
      1.2720
     -0.1298
      0.1791
      0.1064
      0.3600
     -0.4863
      0.0390
      0.0392
      0.7210
     -0.0677
     -0.8121
      1.1610
     -0.6300
      0.3042
      1.0832
      1.2983
      1.4781
      0.1230
      1.4134
     -1.1176
      0.9141
      0.5520
      0.8412
     -0.8424
     -1.1442
     -0.2833
     -0.5883
     -0.6548
     -1.2391
     -1.3989
     -0.1319
      0.2050
     -0.5944
     -0.4161
     -0.3235
      0.3519
      1.8892
     -1.3770
     -0.3457
      0.0694
     -0.4013
     -0.1503
     -0.4002
     -0.6803
     -0.7820
      0.1384
     -0.1316
     -0.3114
     -0.3710
     -1.4767
     -0.9582
     -0.1399
     -1.1714
      0.8049
     -0.9023
     -0.9770
     -0.1128
      0.4086
     -0.8167
     -1.9117
     -0.3038
     -1.0976
      0.7017
      0.9671
     -0.6329
      0.7653
      0.7015
     -1.0130
     -0.5099
     -0.0047
      0.6519
      0.8489
      2.0133
      0.3098
      0.2690
     -0.0799
     -0.2565
     -0.7461
     -0.7374
     -0.1917
     -0.2842
     -0.4281
     -2.1370
     -0.0574
      0.1615
      1.0340
      0.2861
      1.8733
     -1.4359
     -0.0116
     -1.0089
     -0.9042
     -1.8314
     -1.7551
      0.9421
     -1.4278
      0.1957
     -0.7082
      0.0854
     -0.2856
     -0.2751
     -1.6254
     -0.9710
      1.0910
     -0.0777
     -0.6116
     -1.5368
     -1.3563
     -0.9307
     -1.5765
     -0.7998
     -0.1044
     -0.7322
     -0.8561
      0.9970
      0.7747
      0.3184
     -1.0120
      0.3541
     -0.1742
      0.0879
      1.9106
      0.1062
     -0.0284
     -0.7895
     -0.9881
     -0.2783
     -1.3611
     -0.2336
     -1.2704
     -1.3725
     -1.3889
     -0.3485
     -0.0967
      0.0066
     -0.0978
     -0.6157
      1.8645
      0.7700
     -0.6208
     -0.8514
     -0.8825
     -0.6608
     -1.9904
     -0.0397
     -2.6269
     -2.1284
     -1.2000
     -0.2899
     -0.3002
     -0.7475
      0.0534
     -0.9301
     -1.3804
     -1.6696
     -1.8066
     -2.4868
     -2.4801
     -1.6305
     -0.7115
     -2.4085
     -1.7783
     -1.1537
      0.6490
      0.6861
     -0.5675
      1.6683
      0.8724
      0.0756
      0.0578
     -0.0653
      1.9571
      2.7341
     -1.7038
      1.3188
     -0.5443
     -1.3963
      0.9311
     -0.0058
     -1.6604
     -1.5418
     -0.2223
      0.3432
      1.1360
     -0.0387
      2.2147
      0.8273
      0.9444
      0.1799
     -0.4387
     -0.5755
     -1.3040
     -0.9898
     -1.3231
     -0.1080
     -0.8318
     -1.8701
     -1.5622
     -0.4145
     -1.1567
     -0.2517
     -1.4500
     -2.1933
     -1.0279
     -0.8251
      0.2723
     -1.3112
     -0.6625
     -1.1430
     -2.2186
     -1.7394
     -0.1855
     -1.7048
     -0.4639
      1.0429
     -0.0987
     -0.2134
      1.0265
      1.5338
      1.4107
     -0.4101
      1.5634
      0.9874
      0.1058
      0.1052
     -0.5836
     -0.1727
      0.2708
     -0.0190
     -0.7903
     -1.8298
     -1.5242
     -0.6807
      0.6302
     -0.6651
      0.0222
      0.9036
      0.8140
     -0.6091
     -0.2527
     -0.9694
     -0.7427
     -0.7285
     -1.0510
     -0.6825
     -0.3543
     -1.4400
      1.7631
     -0.7749
      0.2576
     -0.3552
      0.2750
      0.2351
     -0.2143
      0.0460
     -1.5131
     -1.8432
     -1.1960
     -0.5508
     -1.8090
     -0.6269
     -0.2565
     -0.1279
      1.7460
     -0.5179
     -0.0565
     -0.6684
     -0.6133
      1.7701
      0.6802
     -1.2880
      0.1914
     -1.3738
     -0.3665
     -0.9766
     -0.0293
     -1.1380
     -0.8958
     -0.6751
     -0.1932
     -0.5166
     -0.5604
     -0.9300
     -1.1226
      0.8956
      0.5202
      0.8247
      0.1195
     -0.2999
     -0.7049
      0.0322
      0.3554
      0.2473
     -1.7708
      0.0741
      0.0196
     -2.0312
     -0.3268
     -0.4095
      0.0980
     -0.0651
     -0.8483
      0.8720
     -0.2510
     -1.4351
     -0.7475
     -0.0618
     -1.4286
     -1.9920
     -1.3183
      0.4124
      0.0458
      0.6922
      0.1216
      1.0239
      0.3510
     -0.2478
     -0.2069
      0.5538
      0.8993
     -0.3806
      0.3321
      0.1052
      0.9297
      0.1241
      0.7625
      0.5229
     -0.3452
     -1.4238
     -1.5238
     -1.5317
     -0.6309
     -0.1485
     -0.7534
     -1.2950
      0.3929
     -0.8737
     -0.4212
     -0.5832
     -1.0571
     -0.8788
     -1.6465
     -1.6926
     -1.5794
      0.0924
     -0.5319
     -0.1056
      1.1230
     -0.5119
     -0.6502
     -1.2102
      0.7773
     -1.1114
      0.4290
      0.4360
     -0.9155
     -0.6296
      0.7312
     -0.6360
     -0.3704
      0.1487
      0.3631
     -0.2487
      0.2229
     -0.2767
      0.4228
     -0.2931
     -1.1398
     -0.1601
      0.4210
     -0.1866
      0.2756
     -0.1496
     -2.0315
     -0.2432
     -0.1096
     -0.2547
     -0.3106
      0.5417
     -0.4278
     -2.0172
     -2.7087
     -1.4693
      0.4325
     -1.2445
     -0.2206
     -0.1786
     -0.5958
      0.8851
      0.0336
      0.9113
     -0.8484
     -0.6059
     -0.7394
      0.2200
     -0.5228
     -1.4079
      0.3523
     -0.0198
      0.4419
     -1.5020
      0.0131
      0.6115
      0.0588
     -0.6688
     -0.5643
     -0.8841
     -1.2617
      0.1837
     -0.7576
      0.4951
      0.5800
     -0.2877
      1.2963
      0.4682
      0.6252
      0.1467
      0.6555
     -0.2175
     -1.4597
      1.1753
      0.7778
      0.5357
      0.0911
      0.0862
     -0.4376
     -0.7839
     -0.6787
     -1.2662
     -2.2201
     -1.4407
     -1.7122
     -1.3042
     -0.0427
     -2.4549
      0.4076
     -0.7790
      0.0400
      0.2102
     -0.1786
      0.0633
      0.1574
      0.6467
      0.0774
      1.1482
      0.5457
     -0.3120
      0.5258
     -0.7289
     -1.2719
      0.1847
     -0.0934
     -0.0828
      0.3801
     -0.6863
     -0.4331
     -0.4475
     -1.9887
     -0.8315
     -0.0256
     -0.8779
      0.6963
     -0.0890
      0.7136
      0.0048
      1.4552
      0.1233
      0.4973
     -0.1431
      0.7165
     -1.0148
      1.2919
     -1.4730
      0.4113
     -0.3382
     -0.4632
     -0.0377
     -0.8554
     -1.9316
     -0.9389
     -0.5657
     -1.7694
     -2.6715
     -1.7086
     -0.9780
      0.4926
      0.0454
     -0.4803
     -0.0856
      0.1600
      0.4656
      1.2102
      0.0632
      0.5368
     -0.2786
     -0.0606
      0.0466
     -0.0871
     -0.1782
     -0.7424
     -1.0366
     -0.9419
      0.0453
     -0.2132
     -0.3709
     -1.1374
     -1.6115
     -1.8060
     -1.0120
     -0.2058
     -2.0632
     -0.3700
     -0.6383
      0.7039
     -0.4054
     -0.3127
      0.3713
      1.4429
     -0.6288
     -1.5792
     -0.5506
     -1.5176
     -0.8316
     -0.6934
      0.4543
     -1.0286
     -0.6441
      0.2018
      0.0325
     -0.1599
      0.6144
      0.0436
     -1.7390
     -1.5302
     -0.6095
      0.0346
      0.2376
     -0.4433
     -1.2142
     -0.2636
     -0.7503
      1.3291
     -2.1483
     -0.3967
     -0.7014
     -0.8644
      0.9404
     -0.4680
     -1.0534
     -1.4447
     -1.0482
      0.5157
      0.5202
     -1.3014
     -1.5489
      0.3281
     -2.3021
     -2.4705
     -0.5090
     -0.3849
     -0.4146
      0.1519
     -1.2917
     -0.6172
     -1.7583
     -0.2907
     -1.7730
     -0.0216
      0.3278
     -1.6245
      0.1991
     -1.0586
     -0.7472
     -0.4610
     -2.1586
     -0.5927
     -0.2836
      0.3799
      0.0813
      0.5202
      0.5615
     -2.0466
     -0.4157
     -0.9685
      0.1049
      0.0237
      0.0778
     -0.2153
     -1.1133
     -0.4695
     -0.3564
      0.4884
     -0.3496
     -0.6801
     -0.2409
      0.3931
      0.2993
      0.7247
     -0.3140
     -0.5707
      0.2280
     -0.8348
     -0.4387
     -1.0197
     -0.7449
      0.2879
     -0.4629
     -0.6529
     -1.1380
     -0.6595
     -0.7841
      1.0634
      1.8752
     -0.4170
     -1.6934
      0.5762
     -1.1509
     -0.4915
      0.8191
     -2.2512
     -1.9285
     -0.8488
     -2.0156
      0.1288
     -2.2987
      0.0384
      0.0118
     -0.2975
      0.8651
     -0.9394
      0.2239
      0.8364
     -1.0992
     -0.8069
     -0.6981
     -1.7717
     -0.5640
      0.3495
      0.0705
      0.2288
      0.3192
     -1.5521
      1.4923
     -0.2607
      2.1745
      1.4683
     -0.1105
     -0.1520
     -0.8753
     -0.1888
      0.2280
     -0.6285
     -1.0123
      0.7948
     -0.2410
      1.5179
      0.2490
     -0.4672
      0.2437
      0.4765
      1.0771
      0.3409
     -0.4907
     -0.3041
     -0.4229
     -0.8389
     -0.4067
      0.0876
      0.3608
     -1.9463
     -1.3780
     -1.8742
     -0.6651
     -3.0477
      0.4289
     -0.2956
     -0.0972
      0.6555
     -2.3003
      0.9456
      0.1769
      0.9599
     -0.5170
     -0.3857
      0.0142
     -0.7358
     -0.5763
     -0.3409
      0.4990
      0.3818
      1.0962
      0.1734
     -0.0868
      0.3788
      1.1917
      1.6042
      1.4644
      0.3320
     -0.2236
     -0.2113
     -0.4430
     -0.9586
      1.2300
      0.4183
      1.1684
      1.1173
      0.2345
     -0.5935
     -0.0215
     -0.5134
     -0.0831
      0.3110
      0.1126
      0.7306
     -0.9612
      0.1073
      0.6458
     -0.2132
     -0.2353
      0.0421
     -0.7595
     -0.9863
     -0.6177
      0.5155
     -0.9042
     -0.8653
      1.0511
     -1.4881
      0.4482
      1.5977
     -0.3808
     -0.0246
      0.2768
      0.1301
     -1.2635
     -0.8282
     -0.5467
     -0.5861
     -1.1607
     -0.9952
     -0.2134
      0.1075
      0.4486
      1.6514
      0.1078
      1.1869
      1.5346
      0.2696
     -0.6226
      0.1693
      0.1627
     -2.0886
      2.5646
      0.4799
      1.9177
      1.5353
      2.5539
      0.1075
     -0.8595
      0.8160
      1.8607
      1.1107
      0.2657
     -0.2119
     -0.1253
     -0.6980
     -0.4492
      0.8513
      0.6545
     -1.3629
      0.6029
     -0.7554
      0.1372
     -0.1948
     -0.5073
      0.8226
      0.6704
      0.3328
     -0.6436
      1.2303
      0.5756
     -0.1454
      0.1857
      0.0630
     -0.4949
      0.0515
      0.6614
     -0.7537
     -0.7673
     -0.6790
      0.7127
     -0.5377
      1.3453
     -0.0843
      0.8692
      0.1392
      0.4221
     -0.1631
     -0.1428
      1.1007
      0.4365
      0.4943
      0.4397
      0.8172
      0.8984
      1.7930
      0.6372
     -0.6720
      1.6460
      0.6770
      1.1867
      0.3342
     -0.8161
     -1.5005
      0.5213
     -1.5884
      0.5686
     -0.9044
      0.1840
     -0.0274
     -1.2515
     -0.2340
      0.0996
     -0.6214
      0.4884
     -0.4366
      0.4624
      0.8972
     -0.2763
      0.9652
      0.1652
      1.1974
     -2.4888
      0.9470
      1.3209
     -0.1795
     -1.5585
     -1.0437
     -0.3581
      0.0663
      0.7010
      0.9972
     -0.2706
      0.7020
     -0.1573
      1.6108
      2.6743
     -0.4200
     -0.8620
      0.0734
     -1.4631
      0.8477
      0.8540
      0.6372
      2.6114
      0.8870
      0.8695
      0.4232
      0.4151
      0.8116
     -0.1833
      0.5409
     -0.6479
      0.0605
      0.9510
      1.1644
      1.1149
     -0.3066
      0.1825
     -0.1519
      0.3169
     -1.1996
     -0.3668
      1.0425
      0.1617
      0.5818
      0.6379
      0.8899
      0.7273
      2.3531
      2.8245
      1.5275
      1.5390
      0.7032
      0.0172
      1.8548
     -0.0258
      0.3355
      0.3795
      0.2875
      0.5090
      0.0366
     -0.6681
      0.8123
      0.4859
      1.8980
      1.7705
     -0.2611
      0.2904
      1.0654
     -0.4502
      0.5551
      0.2347
      1.1031
      1.9124
      0.7188
      1.2262
      1.3035
     -0.1150
      0.6197
      1.2399
      0.3010
      0.1657
      1.0862
     -0.6989
      0.6697
     -1.1393
      1.7777
      1.1009
     -1.4907
     -1.0045
      0.6947
      0.4713
     -1.4345
      0.3764
      0.1217
      0.9676
     -1.3465
      1.4294
     -0.8622
      1.2363
      1.3912
      0.4157
      0.2881
     -0.5374
      1.0314
      1.8632
      1.3903
      0.5076
     -0.8048
      0.3545
     -0.0177
      1.5763
      0.3837
      2.3643
      0.1664
     -0.0621
     -0.7467
      0.3635
      0.5489
     -0.0814
      0.2128
      0.6467
      0.8107
      1.7443
      1.7679
      0.7816
      0.8934
     -0.3660
      1.1306
      0.9160
      1.6105
      0.7709
      0.9154
      0.2265
      0.5223
      0.1028
      0.2230
      0.3605
     -2.0787
     -1.0325
     -1.4084
     -1.1000
     -1.0247
     -0.4671
      0.1456
      1.6497
      0.6780
     -0.4445
      1.2100
      2.1798
      0.4183
      0.7523
     -0.3335
     -1.2252
      0.5485
      0.1073
      0.1033
      0.1386
      0.7109
      1.4475
      0.5875
      0.3004
      1.0284
     -0.2429
      0.7699
      0.2755
      1.1373
     -0.5629
      0.7635
      0.4278
      0.7908
      0.5025
      0.1506
      1.3333
      1.8214
      1.1895
      0.7313
      0.7523
      0.9116
      0.7981
     -0.3806
     -0.2673
      2.3938
      0.9328
      1.2366
      2.1487
      0.1069
     -0.6023
      0.3929
      0.4541
     -0.1060
     -0.0886
      0.3195
      0.0938
      0.5938
      0.7077
      0.2184
      0.8012
      1.3310
      1.0060
      1.0575
      0.2031
      0.0899
      0.7522
      0.1902
     -0.3995
     -1.1379
      0.0068
      0.6596
     -0.3122
      2.8740
     -0.2384
      0.1924
      1.1985
      0.7361
      0.7314
      0.4433
     -0.1775
      1.3204
      1.0461
      0.6214
     -0.4233
      1.3268
      0.5394
     -0.7470
      1.0470
      0.7009
      1.9519
      0.3634
      0.6453
     -1.4181
     -0.3184
     -0.1499
     -0.8244
      0.7002
     -0.4562
      0.7574
      1.0393
      0.6897
      0.4051
      0.1729
      0.0414
     -1.2813
     -0.1558
     -0.1160
      0.2588
     -0.8279
      1.5135
     -0.6882
      1.1288
     -1.4586
     -0.4054
      0.5825
      1.4299
     -0.9452
      1.1187
      1.4547
     -1.5258
      0.3132
      0.2502
      1.2392
      1.8020
      0.2954
      1.0539
      1.7910
      0.7375
      1.7787
      1.7949
      2.2774
     -0.7081
      1.8629
      0.4853
      0.0563
      2.9145
      2.8426
      1.2903
     -0.0151
      0.6853
     -1.0504
     -0.9103
      0.7946
      0.4294
      0.6611
      0.4351
      1.0295
     -0.1701
      0.9279
      2.1094
     -0.3143
     -0.4193
     -0.0284
     -1.1957
     -1.8126
     -0.3629
      0.0448
      1.8104
     -0.8171
      0.5580
      0.9311
     -0.0238
      1.1659
      0.2788
      0.4372
     -0.3948
      1.0175
      0.7874
     -0.4672
      2.0498
      0.6622
      0.7243
      1.6745
      0.4858
     -0.2964
      0.9134
      1.8761
      1.9490
      0.3686
     -0.4562
      0.7619
      1.6667
      0.5271
      0.1574
     -0.1815
      0.8423
      0.9858
     -0.2785
      1.3051
      1.8014
     -0.4001
     -0.5861
     -0.0195
     -0.7662
     -0.5890
      0.4455
      0.0507
      0.4240
      0.9302
      0.5937
      1.5380
     -2.1654
     -0.8146
     -1.0606
     -0.9485
      0.5297
     -0.1979
      0.4649
      0.1454
     -0.4753
      0.2036
      0.2885
     -1.0171
      0.5728
      0.1612
      0.2399
      0.1921
     -2.0044
     -0.2924
      0.6835
     -0.8886
      1.8386
      0.7026
      0.1278
      1.2320
      0.1191
      0.8101
      1.8244
     -0.7778
      0.5199
      1.6287
      1.6165
      1.0280
     -0.7869
     -0.8216
     -0.2747
      0.5977
      0.5892
     -0.3259
     -0.2904
     -0.7010
     -0.8170
      0.2240
      0.6322
     -1.5410
     -1.0756
     -0.7205
      1.1652
     -0.3308
     -0.1171
      0.3281
      0.3301
     -0.2941
      1.0111
     -0.3094
     -2.1298
     -1.4428
     -0.5053
      0.2845
      0.1478
     -1.3998
     -1.1256
      2.1365
     -0.5372
      1.9557
     -0.2904
      1.2129
      0.3157
     -0.1317
      0.3051
     -1.1270
      0.9285
      0.3857
     -0.0502
      1.4417
      1.3342
      0.2629
      1.5543
      1.0157
      0.9748
      0.3831
      1.2901
     -0.3276
      1.3214
      0.2568
     -0.7594
     -0.3068
      1.7862
     -1.2080
     -0.7167
     -1.2819
     -1.7275
      0.2489
     -0.7743
     -0.3844
     -0.4457
      0.3313
     -0.5879
     -1.0325
      0.7727
      0.1971
      0.4687
     -0.7631
      0.8563
     -0.3261
     -0.0211
     -0.0880
     -0.3271
     -0.4278
     -1.1736
     -0.2807
      0.2648
      0.5003
     -0.9803
     -1.3977
      0.6929
      1.4625
     -0.5666
      0.4955
      0.1814
     -0.2928
     -0.2669
     -0.2418
      0.2819
     -0.1261
     -0.0905
      0.0776
      0.1397
      0.7915
      2.9087
      0.5012
      0.5402
     -0.1299
      1.3848
     -0.9971
     -1.4491
      0.4394
     -2.3874
     -1.2608
     -0.1743
     -0.9765
      0.1587
     -1.1881
     -2.3147
     -0.2710
     -1.1249
     -0.0983
     -0.8348
     -0.9115
     -1.3239
      1.5596
      1.4536
     -0.6767
     -0.6545
      0.8131
      0.0352
     -1.1792
     -0.7755
      0.0932
     -0.2525
     -0.2068
     -0.3359
     -0.0366
     -0.5856
     -0.1122
     -0.3689
      0.9608
     -0.4744
      1.2466
     -0.2369
      0.4429
      0.6694
      1.1267
     -1.0381
      0.4514
      0.7814
      0.8761
      0.7518
      1.5431
      1.4042
      1.8358
     -0.2931
     -0.3983
     -0.7516
     -0.8536
     -0.1105
     -1.1470
     -0.5001
     -0.0575
     -1.1378
      0.4679
     -2.0612
     -0.8593
     -0.5402
     -2.1601
      0.0866
     -1.2590
     -0.1906
     -0.9338
      0.1814
      1.0323
      1.0924
     -0.6389
      0.2249
      1.2618
     -1.5468
     -0.3736
     -0.2897
     -0.3006
     -2.2263
     -0.2549
     -0.9695
      0.7216
     -0.1723
     -0.2223
     -0.8908
      0.2874
      1.3552
     -0.6162
     -1.3924
      0.1512
     -0.6019
     -0.3991
      0.3883
      0.3560
     -0.3976
     -0.4032
      0.9498
      1.3495
      2.1909
      1.8995
     -0.5173
      0.3772
      0.3780
      0.3220
     -1.2020
      0.6566
     -0.9958
     -1.0458
     -0.1213
     -0.0194
     -1.1783
      0.5687
     -0.3085
     -0.7593
      0.4333
      0.1658
      0.2417
     -0.8640
     -0.3032
      0.7278
      1.3080
     -0.0554
      0.3302
      0.4013
      0.3009
     -0.6675
      0.4846
      1.2619
      0.7031
     -1.1801
     -0.4525
      0.4139
     -0.7619
     -1.4422
      1.3744
      1.4003
      0.6233
     -0.1189
      1.2395
      0.6728
      1.7605
     -2.1665
      0.3077
      0.8464
     -0.1269
      0.5723
      1.0430
      0.0967
     -0.1005
      0.7121
     -0.0226
      1.6950
      0.1557
      0.2263
     -1.4394
     -2.5782
      0.6711
      0.5024
     -0.9452
     -0.2532
      0.2484
     -0.1256
      1.7467
     -0.0855
     -1.7243
     -0.6081
     -0.2396
      0.8497
     -0.2787
     -0.2135
     -1.1166
      0.2190
     -0.0577
     -0.4782
     -1.3555
     -0.6719
      0.5059
     -0.7757
     -2.2713
     -1.1479
     -0.9775
     -1.6129
     -0.4090
      0.7796
     -0.5667
     -0.7412
     -1.0255
     -0.1015
      0.0951
      0.1635
     -0.1828
      0.9448
     -0.3585
      0.1725
     -0.0761
      0.7431
      0.4291
      0.6194
      1.3504
      1.7069
      0.8804
      0.1924
      0.2715
      1.5833
     -0.1791
      0.5145
     -1.1382
     -1.0389
     -0.0395
     -0.3008
      0.7076
      1.0443
      0.2194
      0.6830
     -0.0564
      1.5652
      0.4640
      0.9504
      1.1932
      1.5323
      1.1433
      1.9700
      0.3253
      1.2543
     -1.1563
     -0.5387
      0.6781
     -1.0799
     -1.3001
     -0.0070
      0.0395
     -1.1941
      0.7547
      0.7836
      0.1909
      0.5476
      0.2399
     -0.1443
      0.3156
      1.8633
      0.4977
      0.5639
     -1.2099
      0.3378
     -0.5548
     -1.2214
     -0.4484
     -0.2505
      1.4904
      0.5124
      1.0040
      1.7973
      1.0687
      0.2423
      0.0982
      0.8452
      0.3221
     -0.3133
      0.6319
      0.3990
      0.9405
     -0.3102
     -0.9599
      0.3415
     -0.5476
      1.5040
      0.7995
      0.2353
      1.1991
      0.7028
      0.3469
      0.5066
     -0.1745
      0.2607
      0.4356
     -0.3767
     -0.7186
      0.1223
     -0.0970
     -1.9826
      0.4472
     -0.2581
     -0.2225
      0.8117
      0.8209
     -1.3424
     -0.0439
     -0.4092
     -0.1169
     -0.6441
     -1.1139
     -1.1972
      1.3380
      0.1974
      0.2608
     -0.5961
     -1.2840
      1.3595
     -0.2587
      0.9627
      0.9025
     -0.1384
      0.1215
      0.6957
      1.0398
      0.4115
      0.4743
      1.5770
     -0.0530
      0.5954
      0.2150
      0.2839
      1.8617
      1.8089
     -0.0216
      1.1702
      1.1104
     -0.3816
      0.4122
      1.2497
     -0.8210
     -0.5769
      2.6459
     -0.1167
      0.3244
      0.9899
      1.3272
     -0.1602
      0.2865
      0.3450
     -0.2426
     -0.3117
     -0.3844
     -1.2503
      1.3356
     -0.1992
      1.5088
      0.8093
      0.5717
     -0.3664
     -0.0449
     -0.5553
      0.2534
      0.7355
      0.7940
      0.1616
      0.5564
     -0.7518
     -0.2670
      1.3104
      1.7272
      1.5036
      1.6561
      0.1790
      1.1617
      0.9846
     -0.2500
      0.5152
      1.6388
     -1.4353
      1.3572
      0.9225
      0.8143
      2.4851
     -0.1685
     -1.4203
     -0.9136
     -0.9075
      1.4849
      1.5528
      2.0312
      0.5760
      1.0430
      0.6447
      0.6265
      1.6128
      0.0787
     -0.4262
      0.0626
     -0.8162
     -0.2634
      0.2620
      0.0370
      0.2335
     -0.4273
     -1.6437
     -0.1225
      0.8486
      0.5275
     -0.7579
     -1.2473
      0.1996
     -0.2848
      0.2381
     -0.9339
      0.4855
     -0.4575
     -1.6324
      0.9014
      1.4230
      2.3995
      0.1620
      1.1810
      0.5875
      0.0792
      0.6259
      1.4854
      1.6900
      0.7858
      0.4122
      1.0995
     -0.0735
      1.0249
      0.1771
     -0.1037
      0.1918
      0.9847
      0.6497
      0.5785
     -0.0819
      0.9183
     -0.1580
      1.2046
      1.3419
     -0.4844
     -0.1746
     -0.3755
      0.7996
      0.6147
     -0.2288
     -0.0660
     -0.4000
      0.6537
     -0.6719
      0.2284
      0.4382
     -0.1098
      0.6651
      0.1985
     -0.5790
     -0.5002
     -0.8371
      0.3079
     -0.0021
      0.0787
      1.8291
      0.6438
     -0.7929
      1.5854
      1.5158
      1.6557
      2.5628
      1.4456
      0.7012
      1.5108
      1.2940
      0.6238
      1.7400
      0.5788
      1.9397
      0.0612
      0.2718
      0.8080
      1.2423
      0.6910
      2.6091
      0.9379
     -0.1947
      2.4710
      0.6507
      1.0659
     -0.3992
      0.9304
      1.4648
      1.7548
      0.3947
      1.3626
     -1.6718
     -0.8938
      0.8944
     -0.2520
      0.4796
      0.9511
      0.0368
     -1.1279
      0.7289
      0.5503
     -1.3452
     -1.2605
     -2.0288
     -0.6417
     -0.0338
     -0.4976
     -1.3794
     -0.2094
      1.9060
      1.9953
      1.0225
      1.8606
     -0.4739
      1.9795
      1.2845
      2.3502
      3.0624
     -0.7313
      1.5519
      0.7806
      1.0729
     -0.3978
      1.3313
      1.4059
      0.2022
      0.0339
      1.5218
      1.6977
      0.2886
      1.4800
      1.1271
     -0.4995
