KT3D ESTIMATES WITH:  Clustered 140 primary and secondary data                  
7
X
Y
Z
True
Estimate
EstimationVariance
Error: est-true
      39.500       18.500        0.500        0.060        0.765        0.730        0.705
       5.500        1.500        0.500        0.060        2.268        0.785        2.208
      38.500        5.500        0.500        0.080        1.075        0.741        0.995
      20.500        1.500        0.500        0.090        1.220        0.837        1.130
      27.500       14.500        0.500        0.090        0.692        0.729        0.602
      40.500       21.500        0.500        0.100        0.454        0.588        0.354
      15.500        3.500        0.500        0.100        0.563        0.615        0.463
       6.500       25.500        0.500        0.110        4.354        0.673        4.244
      38.500       21.500        0.500        0.110        0.675        0.629        0.565
      23.500       18.500        0.500        0.160        1.756        0.831        1.596
       0.500       25.500        0.500        0.160        1.290        0.837        1.130
       9.500       19.500        0.500        0.170        1.188        0.637        1.018
      36.500       43.500        0.500        0.180        5.047        0.601        4.867
      21.500        5.500        0.500        0.190        1.066        0.671        0.876
      13.500        3.500        0.500        0.190        0.803        0.648        0.613
      40.500        7.500        0.500        0.190        1.374        0.672        1.184
      31.500       17.500        0.500        0.220        1.316        0.789        1.096
      46.500       40.500        0.500        0.240        2.687        0.853        2.447
      10.500        7.500        0.500        0.260        0.321        0.632        0.061
      28.500       11.500        0.500        0.280        1.206        0.644        0.926
       8.500        7.500        0.500        0.280        1.945        0.634        1.665
      47.500        0.500        0.500        0.310        2.264        0.977        1.954
       4.500       37.500        0.500        0.320        0.842        0.554        0.522
      14.500       21.500        0.500        0.330        2.042        0.728        1.712
      22.500       48.500        0.500        0.340        2.684        0.976        2.344
      18.500        6.500        0.500        0.340        0.770        0.728        0.430
       3.500       38.500        0.500        0.340        1.058        0.540        0.718
      11.500       46.500        0.500        0.400        0.884        0.646        0.484
      31.500       26.500        0.500        0.450        1.257        0.826        0.807
      14.500       29.500        0.500        0.460        1.718        0.626        1.258
      14.500       43.500        0.500        0.510        1.704        0.667        1.194
      38.500       28.500        0.500        0.570        7.419        0.618        6.849
      45.500       14.500        0.500        0.620        1.862        0.581        1.242
       4.500       30.500        0.500        0.650        3.066        0.705        2.416
       6.500       41.500        0.500        0.670        1.160        0.784        0.490
       7.500       12.500        0.500        0.710        2.793        0.780        2.083
      26.500       23.500        0.500        0.790        3.005        0.607        2.215
       8.500       45.500        0.500        0.810        1.211        0.710        0.401
      14.500       46.500        0.500        0.830        1.255        0.684        0.425
      13.500       24.500        0.500        0.840        1.651        0.686        0.811
      26.500        1.500        0.500        0.890        2.032        0.800        1.142
      33.500        7.500        0.500        0.920        1.596        0.728        0.676
      45.500       22.500        0.500        0.930        1.404        0.823        0.474
      48.500       25.500        0.500        0.940        1.600        0.840        0.660
      35.500       10.500        0.500        0.960        1.207        0.730        0.247
      34.500       14.500        0.500        0.990        0.996        0.773        0.006
      13.500       39.500        0.500        0.990        1.592        0.816        0.602
       7.500       18.500        0.500        1.010        1.149        0.639        0.139
      15.500       27.500        0.500        1.020        0.826        0.641       -0.194
       3.500       33.500        0.500        1.100        0.793        0.720       -0.307
      11.500       15.500        0.500        1.110        3.880        0.717        2.770
      22.500       30.500        0.500        1.210        2.894        0.816        1.684
      45.500       29.500        0.500        1.210        2.358        0.808        1.148
      13.500       12.500        0.500        1.270        3.329        0.691        2.059
      22.500       11.500        0.500        1.340        1.539        0.884        0.199
      17.500       34.500        0.500        1.360        1.983        0.793        0.623
      39.500       43.500        0.500        1.370        1.907        0.621        0.537
       3.500       23.500        0.500        1.380        1.097        0.602       -0.283
      30.500       22.500        0.500        1.380        0.880        0.757       -0.500
      46.500       13.500        0.500        1.660        1.488        0.579       -0.172
      30.500        9.500        0.500        1.700        0.938        0.661       -0.762
      27.500       32.500        0.500        1.710        1.625        0.652       -0.085
      12.500       34.500        0.500        1.780        1.211        0.811       -0.569
      25.500        4.500        0.500        1.810        1.092        0.724       -0.718
      27.500       34.500        0.500        1.820        2.208        0.634        0.388
      45.500        6.500        0.500        1.890        1.841        0.863       -0.049
       3.500       47.500        0.500        1.960        2.128        0.934        0.168
      33.500       31.500        0.500        1.980        7.341        0.543        5.361
      41.500       26.500        0.500        2.130        0.435        0.733       -1.695
      19.500       20.500        0.500        2.170        1.708        0.777       -0.462
       0.500       41.500        0.500        2.330        1.644        0.877       -0.686
       5.500       22.500        0.500        2.340        0.740        0.597       -1.600
      43.500       10.500        0.500        2.470        1.354        0.739       -1.116
      41.500       45.500        0.500        2.750        1.361        0.754       -1.389
      28.500       42.500        0.500        2.760       25.852        0.478       23.092
      21.500       34.500        0.500        2.840        1.797        0.774       -1.043
      16.500       13.500        0.500        2.990        6.102        0.501        3.112
      23.500       24.500        0.500        3.040        2.950        0.642       -0.090
       2.500        1.500        0.500        3.330        2.911        0.780       -0.419
      47.500       44.500        0.500        3.350        1.753        0.866       -1.597
      39.500       38.500        0.500        3.510        4.965        0.526        1.455
      46.500       34.500        0.500        3.810        1.225        0.904       -2.585
      35.500       45.500        0.500        4.600        4.422        0.606       -0.178
      25.500       25.500        0.500        4.890        1.834        0.576       -3.056
      28.500       44.500        0.500        5.050        8.050        0.552        3.000
      19.500       42.500        0.500        5.150        1.703        0.918       -3.447
      38.500       36.500        0.500        5.310        4.458        0.342       -0.852
       2.500        9.500        0.500        6.260        8.149        0.339        1.889
      32.500       36.500        0.500        6.410        4.472        0.344       -1.938
       0.500        8.500        0.500        6.490       13.843        0.366        7.353
      31.500       45.500        0.500        7.530        9.430        0.343        1.900
       9.500       29.500        0.500        8.030        5.822        0.344       -2.208
      39.500       31.500        0.500        8.340        7.293        0.343       -1.047
      17.500       15.500        0.500        9.080        7.121        0.343       -1.959
       2.500       14.500        0.500       10.270        4.994        0.344       -5.276
      30.500       41.500        0.500       17.190       25.484        0.342        8.294
      35.500       32.500        0.500       18.760        6.444        0.342      -12.316
      37.500       36.500        0.500        3.640        5.756        0.419        2.116
      38.500       35.500        0.500        3.590        3.915        0.409        0.325
      38.500       37.500        0.500        9.080        3.906        0.391       -5.174
      39.500       36.500        0.500        2.220        4.841        0.421        2.621
       1.500        9.500        0.500        7.560       10.722        0.347        3.162
       2.500        8.500        0.500        8.900       10.714        0.388        1.814
       2.500       10.500        0.500        2.550        8.285        0.412        5.735
       3.500        9.500        0.500        7.920        5.618        0.446       -2.302
      31.500       36.500        0.500        4.290        4.610        0.426        0.320
      32.500       35.500        0.500        2.330        5.667        0.420        3.337
      32.500       37.500        0.500        3.210        7.641        0.422        4.431
      33.500       36.500        0.500        7.710        4.206        0.419       -3.504
       0.500        7.500        0.500       12.740       10.341        0.472       -2.399
       0.500        9.500        0.500       15.770        7.844        0.411       -7.926
       1.500        8.500        0.500       20.350        9.118        0.347      -11.232
      30.500       45.500        0.500        5.540        8.860        0.404        3.320
      31.500       44.500        0.500        5.380       11.726        0.398        6.346
      31.500       46.500        0.500       15.770        5.532        0.442      -10.238
      32.500       45.500        0.500       10.200        8.930        0.414       -1.270
       8.500       29.500        0.500        9.010        5.525        0.422       -3.485
       9.500       28.500        0.500        9.270        5.233        0.428       -4.037
       9.500       30.500        0.500        3.560        5.926        0.433        2.366
      10.500       29.500        0.500        2.520        5.956        0.424        3.436
      38.500       31.500        0.500       18.640        6.305        0.395      -12.335
      39.500       30.500        0.500        7.940        6.760        0.402       -1.180
      39.500       32.500        0.500        2.280        7.721        0.413        5.441
      40.500       31.500        0.500        2.510        5.899        0.444        3.389
      16.500       15.500        0.500       19.440        4.451        0.416      -14.989
      17.500       14.500        0.500        2.960        7.353        0.390        4.393
      17.500       16.500        0.500        2.970        9.095        0.429        6.125
      18.500       15.500        0.500        4.920        4.921        0.433        0.001
       1.500       14.500        0.500        5.540        7.096        0.444        1.556
       2.500       13.500        0.500        8.710        6.050        0.413       -2.660
       2.500       15.500        0.500        2.740        6.059        0.441        3.319
       3.500       14.500        0.500        3.610        6.170        0.432        2.560
      29.500       41.500        0.500       58.320       11.632        0.391      -46.688
      30.500       40.500        0.500       11.080       24.781        0.421       13.701
      30.500       42.500        0.500       21.080       19.530        0.387       -1.550
      31.500       41.500        0.500       22.750       15.158        0.429       -7.592
      34.500       32.500        0.500        9.420        7.264        0.384       -2.156
      35.500       31.500        0.500        8.480       10.128        0.415        1.648
      35.500       33.500        0.500        2.820        9.743        0.411        6.923
      36.500       32.500        0.500        5.260       11.056        0.399        5.796
