COKB3D with:Synthetic 50x50 grid – 2 variables      
2
estimate
estimation variance
      3.8805       6.7500
      3.3983       6.7500
      2.6212       6.7500
      1.6347       6.7500
      0.6000       6.7500
     -0.2783       6.7500
     -0.8035       6.7499
     -0.8261       6.7459
     -0.3627       6.7227
      0.4407       6.6667
      1.3235       6.5644
      2.0323       6.4030
      2.1851       6.0455
      2.3713       5.8485
      2.4429       5.6641
      2.5254       5.5716
      2.7407       5.6321
      3.2743       5.8062
      4.2333       6.0023
      6.2893       5.5965
      7.0627       5.8787
      7.4148       5.9808
      7.0824       5.9495
      6.0845       5.8749
      4.7417       5.8397
      3.4790       5.8662
      2.7876       5.9079
      2.8797       5.8781
      3.7532       5.7044
      5.0572       5.4403
      6.1331       4.8537
      6.6275       4.3425
      6.6401       4.3181
      6.0636       4.5790
      4.8619       4.7978
      3.3935       5.0538
      2.0910       5.4183
      1.6036       5.8082
      2.3954       6.1431
      4.5214       6.4024
      7.5708       6.5827
     10.8351       6.6844
     13.5142       6.7165
     15.0050       6.6891
     15.0688       6.6090
     14.1197       6.7500
     12.1192       6.7500
      9.7118       6.7500
      7.3888       6.7500
      5.5182       6.7500
      3.4775       6.7500
      2.7173       6.7500
      2.1853       6.7500
      1.8848       6.7500
      1.7631       6.7500
      1.7531       6.7500
      1.8216       6.7497
      1.9793       6.7419
      2.2181       6.7091
      2.5244       6.6356
      2.8514       6.4989
      3.1669       6.2757
      3.1484       5.6409
      3.5882       5.3529
      4.1413       5.0366
      4.6810       4.8530
      5.0626       4.9780
      5.4957       5.2915
      6.1961       5.6050
      7.7668       5.3326
      8.3024       5.6114
      8.5220       5.6608
      8.2830       5.5272
      7.6281       5.3389
      6.8331       5.2660
      6.2400       5.3700
      6.0962       5.5350
      6.4086       5.5995
      7.0068       5.4596
      7.5898       5.2088
      7.5280       4.4083
      6.8150       3.3681
      6.4430       3.5173
      5.6863       3.9658
      4.5341       4.0646
      3.4151       4.3239
      2.5633       4.9232
      2.7349       5.5151
      4.3432       5.9773
      7.2018       6.3105
     10.6320       6.5325
     13.7376       6.6586
     15.7094       6.6938
     16.0956       6.6476
     14.9401       6.5247
     13.1114       6.7500
     10.5581       6.7500
      8.1744       6.7500
      6.4505       6.7500
      5.6114       6.7500
      1.8117       6.7500
      1.3705       6.7500
      1.6148       6.7500
      2.3464       6.7500
      3.2455       6.7500
      3.9956       6.7500
      4.4151       6.7494
      4.4890       6.7386
      4.3345       6.7007
      4.1372       6.6155
      4.0759       6.4535
      4.2758       6.1806
      4.3041       5.1423
      5.1395       4.7950
      6.1870       4.2901
      7.1261       3.8518
      7.3534       4.1584
      7.4190       4.6939
      7.5283       5.1580
      8.2909       5.1364
      8.4235       5.3812
      8.5452       5.3486
      8.4462       5.0567
      8.1406       4.6427
      8.0159       4.4778
      8.1285       4.7743
      8.4415       5.1587
      8.8143       5.3633
      9.0028       5.2964
      8.7091       4.9502
      7.9634       4.3362
      6.8509       3.6565
      6.0769       3.5893
      5.2588       3.7151
      4.5494       3.3606
      4.0715       3.5411
      3.7356       4.5801
      4.4701       5.3485
      6.4145       5.8969
      9.2158       6.2697
     12.0632       6.5096
     14.2372       6.6429
     15.1014       6.6743
     14.4836       6.6078
     12.6763       6.4435
     10.3196       6.1731
      8.1380       5.7869
      6.6879       5.3023
      6.2371       6.7500
      6.5812       6.7500
      0.0884       6.7500
      0.2274       6.7500
      1.2672       6.7500
      2.8062       6.7500
      4.3338       6.7500
      5.4102       6.7500
      5.8351       6.7493
      5.6775       6.7381
      5.2177       6.7003
      4.8109       6.6132
      4.7602       6.4436
      5.2052       6.1524
      5.3276       4.5669
      6.4827       4.3224
      7.7182       3.8040
      8.8446       2.9240
      8.7960       3.5096
      8.4507       4.1233
      7.9419       4.7318
      7.9375       5.0027
      7.7544       5.2352
      7.9006       5.1456
      8.0709       4.7152
      7.9636       3.9572
      7.8169       3.4508
      8.4860       4.2616
      9.0430       4.8969
      9.1868       5.2045
      8.7663       5.1995
      7.8367       4.9513
      6.8339       4.4890
      5.8484       4.0779
      5.2236       3.9128
      4.8200       3.8707
      4.6723       3.6700
      4.7964       3.8859
      5.2915       4.6888
      6.3811       5.3922
      7.9990       5.9245
      9.8715       6.2835
     11.3301       6.5193
     12.1330       6.6434
     11.9194       6.6653
     10.7747       6.5829
      9.0897       6.3905
      7.4218       6.0703
      6.2710       5.5925
      5.8873       4.9291
      6.3570       6.7500
      7.5998       6.7500
     -0.4539       6.7500
      0.1214       6.7500
      1.5026       6.7500
      3.1981       6.7500
      4.6709       6.7500
      5.5244       6.7500
      5.6522       6.7495
      5.2543       6.7402
      4.7253       6.7078
      4.4794       6.6295
      4.7992       6.4729
      5.7126       6.2013
      5.7867       3.9094
      7.1539       4.0517
      8.3359       3.8942
      9.0376       3.5210
      9.1296       3.2473
      8.6188       3.5743
      7.6144       4.4357
      7.0231       4.9636
      6.7805       5.2265
      7.0523       5.1551
      7.5507       4.7532
      7.7682       4.0650
      7.6681       3.6695
      8.0165       4.3048
      7.9934       4.8766
      7.3644       5.1451
      6.2738       5.1248
      4.9978       4.9452
      4.1330       4.4727
      3.6988       4.0296
      3.8386       3.9178
      4.3883       4.0850
      5.1612       4.2591
      6.0148       4.5587
      6.9775       5.0526
      7.8342       5.5636
      8.4368       6.0066
      8.8322       6.3137
      8.5986       6.5475
      8.1571       6.6559
      7.3501       6.6686
      6.3723       6.5803
      5.4882       6.3846
      4.9772       6.0604
      4.9966       5.5740
      5.5076       4.8906
      6.5331       6.7500
      8.1050       6.7500
      0.8072       6.7500
      1.4102       6.7500
      2.4850       6.7500
      3.6158       6.7500
      4.4109       6.7500
      4.6420       6.7500
      4.3378       6.7498
      3.7894       6.7439
      3.3996       6.7203
      3.5121       6.6587
      4.2826       6.5308
      5.5933       6.3061
      5.5911       3.4879
      7.0415       4.0894
      8.0960       4.2168
      8.5339       3.9935
      8.4655       3.5186
      7.8727       3.6785
      6.7155       4.5234
      5.9389       5.0990
      5.7630       5.3758
      6.2989       5.3667
      6.8550       5.1232
      7.2214       4.7503
      7.1176       4.5809
      6.5807       4.7749
      5.4719       5.0462
      4.0870       5.1504
      2.5527       5.0406
      1.0848       4.9302
      0.9830       4.3314
      1.5717       3.5263
      2.5854       3.5661
      4.1181       4.1725
      5.7668       4.5940
      7.1160       4.9475
      7.9902       5.3197
      8.0812       5.6902
      7.4960       6.0401
      6.4109       6.2935
      5.1716       6.4720
      4.0731       6.5796
      3.3175       6.6113
      2.7597       6.5857
      3.0487       6.4141
      3.7124       6.1374
      4.6140       5.7371
      5.5896       5.2211
      6.7461       6.7499
      8.0747       6.7500
      3.5768       6.7500
      3.7838       6.7500
      4.0625       6.7500
      4.2117       6.7500
      4.0803       6.7499
      3.6348       6.7497
      2.9808       6.7495
      2.3965       6.7469
      2.1868       6.7331
      2.5472       6.6916
      3.4953       6.5992
      4.8344       6.4321
      5.0621       4.2033
      6.1733       4.5450
      6.9044       4.7092
      7.0957       4.6336
      6.8336       4.4764
      6.2545       4.5830
      5.4354       5.0003
      4.9016       5.4013
      4.9870       5.6287
      5.4966       5.6571
      5.9712       5.5294
      6.0328       5.3241
      5.3666       5.1923
      4.0208       5.1856
      2.1264       5.2112
      0.4100       5.1273
     -0.8934       4.9004
     -2.2581       4.9842
     -1.4074       4.4198
      0.2596       3.6619
      1.9990       3.7181
      4.1334       4.3285
      6.1480       4.7555
      7.5244       5.0650
      7.5828       5.3669
      6.6962       5.6603
      5.0175       5.9519
      3.0550       6.1697
      1.4019       6.3378
      0.4935       6.4561
      0.4887       6.5148
      0.8524       6.5722
      2.3363       6.4433
      3.8863       6.2448
      5.2257       5.9736
      6.2345       5.6568
      7.1654       6.7456
      7.9399       6.7496
      6.8396       6.7500
      6.4357       6.7500
      5.8450       6.7496
      5.1010       6.7482
      4.2579       6.7457
      3.4206       6.7428
      2.6460       6.7412
      2.1007       6.7411
      1.9365       6.7372
      2.2028       6.7168
      2.8448       6.6606
      3.7088       6.5496
      3.8781       5.0350
      4.5583       5.1743
      4.9720       5.2820
      5.0626       5.2840
      4.8988       5.2556
      4.6544       5.3213
      4.3403       5.5195
      4.1248       5.7347
      4.2696       5.8785
      4.5117       5.9065
      4.5205       5.8299
      4.0146       5.6821
      2.8575       5.5388
      1.1181       5.3826
     -0.6395       5.2214
     -1.9838       5.0015
     -2.3933       4.6585
     -3.7079       5.0807
     -2.2374       4.7502
     -0.0927       4.4169
      2.2061       4.3790
      4.4081       4.5878
      6.0451       4.7845
      6.5802       4.9596
      5.8400       5.1826
      4.2124       5.4432
      2.0282       5.7034
      0.0051       5.9073
     -1.2548       6.0822
     -1.4150       6.2316
     -0.4617       6.3384
      1.3400       6.3866
      3.4400       6.3748
      5.1283       6.3180
      6.5692       6.1741
      7.3708       6.0186
      7.7457       5.8976
      7.9784       5.8732
      9.4321       6.7499
      8.5169       6.7487
      7.3778       6.7441
      6.2162       6.7353
      5.1794       6.7236
      4.3931       6.7112
      3.7383       6.7054
      3.2182       6.7081
      2.8443       6.7161
      2.6285       6.7180
      2.5697       6.6965
      2.6562       6.6361
      2.4120       5.6734
      2.7282       5.7365
      3.0752       5.7995
      3.3923       5.8157
      3.6267       5.8079
      3.8426       5.8230
      3.8637       5.8950
      3.6470       5.9700
      3.4132       6.0318
      3.0085       6.0360
      2.3486       5.9671
      1.3782       5.8226
      0.0609       5.6592
     -1.2446       5.3611
     -2.0484       5.0516
     -2.3037       4.7471
     -1.6823       4.3450
     -2.5441       5.0881
     -0.8082       4.9933
      1.3533       4.8680
      3.4554       4.7907
      5.0092       4.7331
      5.6677       4.6355
      5.0813       4.5893
      3.9356       4.7613
      2.0867       5.0399
      0.0523       5.2900
     -1.4780       5.4874
     -2.0815       5.6853
     -1.5226       5.8857
      0.1462       6.0555
      2.4733       6.1770
      4.8885       6.2501
      6.6131       6.3051
      8.0022       6.2768
      8.6669       6.2469
      8.8667       6.2311
      8.9643       6.2481
     10.6366       6.7482
      9.5034       6.7405
      8.3348       6.7230
      7.3552       6.6954
      6.6515       6.6627
      6.2617       6.6294
      5.8069       6.6171
      5.2206       6.6246
      4.4417       6.6464
      3.5579       6.6707
      2.7201       6.6813
      2.1013       6.6650
      1.4779       6.1037
      1.7061       6.1438
      2.2766       6.1823
      3.0593       6.1875
      3.7592       6.1569
      4.2417       6.1090
      4.1318       6.0797
      3.3723       6.0439
      2.3354       6.0293
      1.0698       5.9995
     -0.1835       5.9252
     -1.2356       5.7676
     -2.1556       5.6094
     -2.2358       5.1428
     -1.7549       4.6514
     -0.8621       4.3119
      0.4680       4.0692
      0.7422       4.9298
      2.3114       5.0395
      4.0616       5.0601
      5.2896       4.9740
      5.7253       4.7352
      5.2847       4.3131
      4.3176       3.8996
      2.9249       4.1381
      1.3342       4.5231
     -0.0638       4.7372
     -0.8716       4.8922
     -1.0113       5.1335
     -0.2558       5.4176
      1.4538       5.6557
      3.7278       5.8435
      5.9645       6.0040
      7.5335       6.1698
      8.9045       6.2587
      9.6668       6.3399
     10.0448       6.4094
     10.3109       6.4704
      9.6932       6.4978
      8.4341       6.3276
      7.4315       6.0995
      6.7785       5.8128
      6.3833       5.4609
      6.2019       5.0170
      5.7139       4.5732
      5.1589       4.4440
      4.5328       4.8444
      3.6347       5.3870
      2.5298       5.8315
      1.7905       6.1569
      1.6266       6.3288
      2.1643       6.3703
      3.2230       6.3983
      4.4196       6.3869
      5.3725       6.3202
      5.6804       6.2026
      4.9626       6.0689
      3.3248       5.9331
      1.4088       5.8369
     -0.9652       5.7642
     -2.2697       5.7050
     -2.9167       5.5606
     -3.1316       5.4831
     -1.9058       4.8243
     -0.3505       4.0255
      1.1679       3.6176
      2.8792       3.7757
      4.3040       4.6057
      5.5626       4.9218
      6.2940       5.0918
      6.4945       5.0348
      5.9447       4.7149
      4.8843       4.0698
      3.9235       3.0092
      2.9559       3.6311
      1.9553       4.0928
      1.4224       4.1204
      1.3257       4.0874
      1.1004       4.4436
      1.4717       4.8654
      2.6760       5.1450
      4.3469       5.3639
      6.1335       5.6093
      7.7371       5.8791
      9.0210       6.1237
      9.9731       6.3172
     10.8372       6.4690
     11.4052       6.5759
      8.5000       6.3582
      7.5774       6.1107
      7.1020       5.7906
      6.9692       5.4180
      6.9404       5.0067
      6.8466       4.4944
      6.1161       3.7957
      5.3054       3.3811
      4.9716       4.3100
      4.0898       5.0809
      2.9953       5.6189
      2.4361       5.9994
      2.6862       6.3675
      3.6038       6.4275
      4.9676       6.4640
      6.2315       6.4500
      6.9752       6.3581
      6.7606       6.1773
      5.2051       5.9282
      2.9500       5.6525
      0.6221       5.4331
     -1.6550       5.3261
     -2.8664       5.3229
     -3.0667       5.2681
     -2.7183       5.4078
     -0.6312       4.6419
      1.1759       3.6055
      2.5459       2.9817
      4.6558       3.4459
      6.0770       4.1581
      7.1387       4.6861
      7.2045       5.0208
      6.7656       5.0544
      5.8956       4.7924
      5.1421       4.2678
      4.3584       3.7431
      3.5968       3.8468
      3.2278       3.9592
      3.3177       3.6749
      3.9298       2.9882
      2.9699       3.8322
      2.7576       4.3379
      3.2429       4.5448
      4.1774       4.7134
      5.4268       5.0601
      6.8902       5.5081
      8.3522       5.9104
      9.6498       6.2197
     10.8710       6.4527
     11.5602       6.6027
      7.2224       6.2070
      6.6631       5.8634
      6.5690       5.4140
      6.7026       4.9171
      6.8560       4.4916
      6.8429       4.1178
      6.3341       3.6655
      5.7493       3.5066
      5.1554       4.2224
      4.3069       4.9192
      3.5603       5.4339
      3.3585       5.8056
      3.9028       6.0833
      5.0604       6.2844
      6.2399       6.3764
      7.1808       6.3965
      7.4364       6.2937
      6.5627       6.0607
      4.7845       5.6920
      2.1246       5.2043
      0.4205       4.7969
     -0.8474       4.6576
     -1.7596       4.8235
     -1.6729       4.9732
     -0.9703       5.4550
      1.2420       4.7342
      2.3718       3.7517
      3.6577       3.1597
      5.1841       2.9532
      6.3384       3.6600
      6.5079       4.4923
      6.2007       4.9486
      5.5817       5.0601
      5.0289       4.8708
      4.9320       4.4825
      4.7979       4.1225
      4.5586       4.0934
      4.6103       4.0279
      4.6359       3.7329
      4.5860       3.3256
      4.3002       3.1705
      4.0325       3.0545
      3.5967       3.4792
      3.6855       3.7041
      4.3284       4.3563
      5.4925       5.0626
      6.9252       5.5894
      8.2111       5.9397
      9.2729       6.1777
      9.6514       6.3281
      6.2533       6.0818
      5.9050       5.6429
      5.9228       5.0300
      6.0329       4.2896
      6.2281       3.8034
      6.5373       3.7870
      6.4844       3.7733
      6.1161       3.9127
      5.4217       4.3511
      4.7103       4.8368
      4.2364       5.2243
      4.2163       5.5318
      4.6932       5.8099
      5.4728       6.0556
      6.0958       6.2237
      6.2819       6.2818
      5.9442       6.1930
      4.8437       5.9338
      3.4063       5.4816
      1.8642       4.8194
      1.3434       4.0251
      0.9548       3.7570
      0.3464       4.3586
      0.7214       4.7944
      1.6254       5.6058
      3.3226       4.9791
      3.7564       4.1040
      3.8623       3.2249
      4.4502       2.9004
      5.1246       3.6848
      4.4228       4.5168
      3.6837       4.9786
      3.2477       5.0634
      3.3784       4.8520
      4.0736       4.4283
      4.7143       4.0416
      5.0260       3.9867
      5.3208       4.0166
      5.1300       3.9062
      4.5219       3.6249
      3.7892       3.2557
      3.2383       3.0547
      2.7016       3.1101
      2.6556       2.7909
      3.0121       3.9004
      4.0096       4.7557
      5.3099       5.3331
      6.3887       5.6838
      7.1131       5.9076
      6.9904       6.0470
      5.5525       6.0288
      5.1999       5.5451
      5.1761       4.8375
      5.2849       3.8382
      5.5290       2.9786
      6.4312       3.4394
      6.7084       3.5379
      6.4759       3.8338
      5.9548       4.3149
      5.4360       4.6828
      5.0220       4.9107
      4.7574       5.1138
      4.6249       5.4009
      4.4677       5.7344
      4.0223       6.0068
      3.2905       6.1454
      2.5191       6.1120
      1.6248       5.8445
      1.1253       5.4226
      1.1897       4.7491
      1.9172       3.8363
      2.3961       3.4953
      2.4714       4.3261
      3.2788       4.8668
      2.9035       5.2245
      3.8800       4.9927
      4.0552       4.5850
      3.6679       4.0849
      3.4683       3.9605
      2.4326       4.3358
      1.3082       4.8268
      0.3877       5.1012
      0.4214       5.0785
      1.4401       4.7464
      2.8382       4.1516
      3.8971       3.4742
      4.5999       3.4808
      5.1027       3.8200
      4.7577       3.8953
      3.6956       3.6136
      2.5062       3.1606
      1.7768       3.2241
      1.4354       3.1136
      1.4457       3.0999
      1.6296       3.8769
      2.3802       4.6336
      3.3315       5.1352
      4.0371       5.3995
      4.1214       5.5224
      3.6620       5.6240
      4.8711       6.0729
      4.3260       5.6298
      4.2793       4.9944
      4.5717       4.2418
      5.2122       3.7234
      6.2450       3.5456
      7.2865       3.0047
      7.1974       3.5615
      6.8860       4.2016
      6.4732       4.4537
      5.7786       4.4486
      4.8882       4.4757
      3.8950       4.8332
      2.5773       5.3460
      0.8785       5.7743
     -0.7460       6.0288
     -1.6860       6.0886
     -1.9090       5.9325
     -1.0900       5.5954
      0.2371       5.0933
      1.8118       4.5901
      3.0880       4.4708
      4.2265       4.8179
      5.2730       5.1763
      4.4673       5.3931
      4.4828       5.2865
      3.6376       5.0858
      2.6548       4.8659
      1.2199       4.7997
     -0.4977       4.9562
     -2.0044       5.1645
     -2.5503       5.2586
     -1.8916       5.1236
      0.0380       4.6781
      2.0006       3.9457
      3.2880       2.9026
      3.9488       2.8435
      4.4594       3.5439
      3.8803       3.8704
      2.6224       3.6700
      1.3433       3.0850
      0.5445       3.3963
      0.2496       3.3008
      0.2587       3.2780
      0.1387       4.0546
      0.4719       4.6476
      0.9250       4.9869
      1.1817       5.0824
      1.1335       5.0326
      0.6949       5.0362
      4.1089       6.1955
      3.2679       5.8478
      3.2094       5.3165
      3.6267       4.8004
      4.6123       4.3794
      6.0049       4.0400
      7.2618       3.7278
      7.8856       3.9127
      8.0364       4.2470
      7.5822       4.2648
      6.3247       3.9154
      4.6731       3.5253
      3.1393       4.1959
      0.8638       4.9965
     -1.8618       5.5886
     -4.0586       5.9609
     -5.0985       6.1284
     -4.5418       6.0858
     -2.7229       5.8783
     -0.4311       5.5732
      1.8937       5.3167
      3.7325       5.2515
      5.1914       5.3884
      5.8823       5.5537
      4.3369       5.4023
      3.6265       5.4198
      2.3079       5.3831
      0.6210       5.2856
     -1.2040       5.2849
     -2.8087       5.3423
     -3.8430       5.3897
     -4.0524       5.3530
     -3.0251       5.1297
     -0.9653       4.6895
      1.1773       4.0455
      2.9948       3.2574
      4.6609       2.6909
      4.0585       3.4711
      2.9337       4.0420
      1.7099       4.1189
      0.4815       3.9973
     -0.3726       3.9897
     -0.9365       3.9600
     -1.2794       4.0345
     -1.6365       4.3771
     -1.8095       4.7212
     -1.8113       4.8757
     -1.5895       4.7645
     -1.3207       4.4278
     -1.1190       4.2123
      3.7754       6.2944
      2.8307       5.9800
      2.8207       5.5470
      3.3469       5.1567
      4.5865       4.8036
      6.2774       4.5160
      7.8105       4.3495
      8.8805       4.3606
      9.2289       4.3916
      8.5680       4.2088
      6.8787       3.7296
      4.7833       3.2273
      2.8128       3.9777
      0.0320       4.8389
     -2.9222       5.4898
     -5.0163       5.9469
     -5.7244       6.1962
     -4.9181       6.2544
     -2.5942       6.1647
     -0.1321       4.8934
      1.7567       4.2547
      2.8836       3.9238
      3.6362       4.2661
      3.8895       4.8051
      2.9147       5.2850
      1.9347       5.4038
      0.6743       5.4351
     -0.6838       5.4076
     -2.1352       5.4186
     -3.0702       5.4444
     -3.6479       5.4416
     -3.4690       5.3194
     -2.4852       5.0490
     -0.9038       4.6399
      0.6848       4.1730
      2.3474       3.7071
      3.6806       3.4223
      3.1921       3.8812
      2.2232       4.3917
      1.2644       4.5967
      0.2730       4.5940
     -0.6423       4.5082
     -1.4468       4.4087
     -2.2917       4.4016
     -3.2266       4.5468
     -3.9996       4.7486
     -4.3191       4.8080
     -3.8965       4.5778
     -2.8340       3.9638
     -1.3255       3.0819
      4.2778       6.3840
      3.4292       6.0982
      3.4777       5.7237
      4.2460       5.3287
      5.6719       4.9538
      7.3930       4.6782
      8.8259       4.5671
      9.7574       4.5563
      9.8638       4.4790
      8.9627       4.2009
      7.2902       3.7977
      5.3276       3.6839
      3.1288       4.1470
      0.6154       4.8437
     -1.5363       5.4724
     -2.7935       5.9497
     -2.8093       6.2541
     -1.6816       6.3901
      0.0620       6.3888
      1.3216       4.8898
      2.2722       4.0177
      2.4893       3.0509
      2.5887       3.9757
      2.2491       4.6946
      1.3344       5.1287
      0.5329       5.2560
      0.0051       5.2542
     -0.4386       5.2363
     -1.0275       5.2830
     -1.3712       5.3453
     -1.6602       5.3337
     -1.5465       5.1495
     -1.1148       4.7944
      0.0690       4.3564
      0.9798       4.0969
      1.7414       4.0148
      2.3639       4.1214
      2.5398       4.4491
      2.3755       4.8076
      2.0854       4.9958
      1.2813       4.9637
      0.2843       4.7783
     -0.8179       4.5164
     -2.2031       4.3354
     -3.6899       4.4267
     -5.1664       4.6745
     -5.7761       4.8087
     -5.4114       4.6626
     -4.0945       4.2331
     -2.5533       3.9034
      6.3218       6.4330
      5.8815       6.1484
      6.1248       5.7615
      6.9392       5.2916
      8.0744       4.7980
      9.1792       4.4512
     10.0388       4.4206
     10.1867       4.5133
      9.7657       4.4626
      8.6735       4.1077
      7.3145       3.5096
      5.8446       3.5018
      4.1429       4.1563
      2.8253       4.8342
      2.1722       5.4392
      2.3395       5.9284
      3.1895       6.2768
      3.5313       5.9373
      3.9092       5.6189
      3.1188       4.8813
      2.8998       4.2989
      2.6188       3.8743
      1.8262       4.2682
      0.9866       4.7774
      0.3734       5.0282
      0.3134       5.0221
      0.8147       4.8658
      1.3577       4.7680
      1.5996       4.8761
      1.1271       5.0471
      0.8939       5.0663
      0.6867       4.8417
      0.9341       4.3108
      1.6461       3.6749
      1.9606       3.6530
      2.0603       4.0030
      2.6636       4.3923
      3.3017       4.7986
      3.8503       5.1292
      3.9750       5.2756
      3.4105       5.1974
      2.1855       4.8829
      0.8079       4.3747
     -0.5348       3.8577
     -2.3728       4.0039
     -4.2974       4.5339
     -5.5218       4.8660
     -5.5095       4.9283
     -4.3512       4.8128
     -2.9067       4.7752
      9.9244       6.4483
     10.0552       6.1588
     10.3492       5.7364
     10.6711       5.1637
     10.7958       4.4513
     10.6949       3.8158
     10.6563       3.9681
     10.1303       4.3664
      9.1298       4.4498
      7.9560       4.1200
      7.0446       3.4015
      6.2280       3.3852
      5.6151       4.0964
      5.9340       4.7492
      7.0985       5.3551
      8.7050       5.8654
     10.1867       6.2323
      9.6333       5.9762
      8.6634       5.7583
      6.1559       5.1442
      4.4732       4.8764
      3.0749       4.7154
      1.8373       4.8175
      0.9143       5.0024
      0.7345       5.0159
      1.4455       4.7970
      2.8059       4.3381
      3.9265       3.9806
      4.4891       4.2793
      4.3753       4.6797
      3.9499       4.8123
      3.4112       4.6825
      3.1595       4.1007
      3.6986       3.1264
      3.4589       3.2514
      3.4191       3.7528
      3.9894       4.3636
      4.9173       4.9183
      5.8222       5.2919
      6.1662       5.4389
      5.6174       5.3362
      4.2549       4.9658
      2.5678       4.2927
      1.5212       3.2976
      0.0568       3.6757
     -1.9087       4.5037
     -3.1777       4.9862
     -3.4465       5.2062
     -2.8784       5.2802
     -1.8940       5.3559
     14.2212       6.4572
     14.8608       6.1713
     14.9872       5.7444
     14.4410       5.1431
     13.1810       4.3215
     11.4563       3.2508
     10.9416       3.7404
      9.9126       4.3692
      8.4648       4.5538
      7.2775       4.3522
      6.6617       3.9465
      6.5223       3.7655
      7.1224       4.0031
      8.8829       4.5567
     11.2758       5.1758
     13.6847       5.6685
     14.8712       5.9418
     14.4775       5.9979
     12.5240       5.8823
      8.8116       5.3900
      6.2765       5.2999
      4.3900       5.2492
      2.8013       5.2448
      2.2196       5.2275
      2.4574       5.0798
      3.6091       4.7000
      4.9698       4.0004
      6.1417       2.9109
      6.8564       3.8155
      6.9220       4.3633
      6.5750       4.5696
      5.8200       4.4353
      5.1343       4.0628
      4.7474       3.5780
      4.5653       3.1962
      4.7131       3.2675
      5.4375       4.2169
      6.4626       4.9022
      7.3494       5.3109
      7.5374       5.4801
      7.0365       5.4178
      5.9379       5.1131
      4.6453       4.6108
      3.5161       4.1277
      2.6639       4.2398
      1.6641       4.7425
      0.8170       5.1618
      0.4235       5.4127
      0.1781       5.5553
      0.1698       5.6812
     17.8205       6.4860
     18.7210       6.2279
     18.5634       5.8499
     17.3249       5.3459
     15.2811       4.7429
     13.1421       4.2612
     11.4857       4.3431
      9.8835       4.6535
      8.3018       4.7583
      7.3088       4.5847
      7.0162       4.2081
      7.1994       3.7514
      7.9675       3.5517
     10.5392       4.2190
     13.7607       5.0023
     16.3342       5.5657
     17.3300       5.8807
     16.5306       5.9744
     14.1989       5.9017
     10.3097       5.5187
      7.7759       5.4976
      5.8169       5.4936
      4.6447       5.4537
      4.2872       5.3639
      4.8084       5.1646
      5.8363       4.7936
      6.8067       4.2452
      7.7539       3.7956
      8.4739       3.9169
      8.6471       4.1873
      8.3490       4.2937
      7.7548       4.2117
      7.1033       4.0250
      6.5460       3.8219
      6.1308       3.5389
      6.0841       3.5854
      6.6303       4.3084
      7.2251       4.8836
      7.3877       5.2505
      7.4480       5.4109
      7.2451       5.4045
      6.8847       5.2299
      6.3367       4.9563
      6.2276       4.7378
      6.0086       4.7788
      5.7972       5.0016
      5.4745       5.2625
      4.8688       5.4581
      3.8999       5.6054
      2.5766       5.7540
     19.2274       6.5427
     20.0099       6.3355
     19.5665       6.0427
     18.0233       5.6821
     15.8941       5.3113
     13.6845       5.0501
     11.7272       4.9975
     10.1382       5.0332
      8.9392       4.9718
      8.3882       4.7280
      8.2913       4.3039
      8.2527       3.7000
      8.1277       3.0837
     11.0958       4.0755
     14.0267       4.9341
     15.9433       5.5067
     16.4100       5.8143
     15.4288       5.8953
     13.3477       5.8108
     10.1537       5.4779
      8.3979       5.4488
      7.1308       5.4505
      6.4329       5.4150
      6.2003       5.3348
      6.6347       5.1749
      7.3126       4.9047
      7.8969       4.5270
      8.4694       4.1591
      8.9035       3.9449
      9.1892       3.9291
      9.2847       3.9582
      8.8052       3.7839
      8.4983       3.7005
      8.2747       3.9076
      7.8754       4.0416
      7.6500       4.2066
      7.3468       4.5784
      6.7393       4.8352
      6.3275       5.0523
      5.9690       5.1673
      6.2332       5.2257
      6.5715       5.1857
      7.3228       5.0759
      8.1904       4.9803
      8.8555       4.9881
      9.2265       5.0918
      9.1864       5.2022
      8.2527       5.3093
      6.6087       5.4164
      4.4397       5.5740
     17.3933       6.6119
     17.5875       6.4670
     16.8122       6.2640
     15.4318       6.0269
     13.8289       5.7948
     12.4063       5.6085
     11.2793       5.4823
     10.5412       5.3491
     10.1082       5.1193
      9.9016       4.7559
      9.8652       4.3184
      9.7017       3.9580
      9.9727       3.9157
     11.1196       4.4181
     12.3935       5.0528
     13.0351       5.5196
     12.8556       5.7491
     12.0033       5.7573
     10.6301       5.5848
      8.7516       5.2367
      8.0779       5.1330
      7.5259       5.1191
      7.1894       5.1157
      7.0566       5.0795
      6.9702       5.0200
      7.2022       4.8875
      7.5143       4.6087
      7.9692       4.1972
      8.3586       3.6293
      8.8045       3.4262
      9.3251       3.6535
      9.2705       3.3474
      9.1005       3.1722
      9.7572       3.9539
      9.4863       4.3267
      8.5748       4.4844
      7.3667       4.5711
      5.9572       4.6154
      4.9388       4.6655
      4.4843       4.7333
      4.8751       4.8386
      5.8084       4.9376
      7.3263       4.9501
      8.7447       4.8869
      9.8208       4.8051
     10.2989       4.7538
      9.8464       4.6700
      8.6258       4.5244
      7.4093       4.9534
      5.2846       5.1294
     12.4915       6.6664
     11.7022       6.5727
     10.6887       6.4405
      9.7533       6.2845
      9.2681       6.1242
      9.3650       5.9657
      9.9483       5.7882
     10.7100       5.5380
     11.2191       5.1530
     11.1051       4.6206
     10.5925       4.0909
     10.0689       3.9608
      9.8227       4.2624
      9.5548       4.7593
      9.1587       5.2476
      8.6494       5.5841
      8.1273       5.6984
      7.7265       5.5775
      7.3372       5.2461
      6.6828       4.7472
      6.6773       4.4931
      6.7918       4.5169
      6.7370       4.5776
      6.5666       4.5735
      6.3004       4.6316
      6.2046       4.7116
      6.3010       4.6178
      6.7576       4.2776
      7.4162       3.6173
      8.1730       3.3642
      9.3512       3.7876
     10.0475       3.7771
     10.4512       3.8263
     10.8076       4.2372
     10.3545       4.5090
      8.9690       4.5482
      7.2754       4.3663
      5.6535       4.1274
      4.4075       4.0460
      3.6970       4.0630
      3.8156       4.1938
      5.0923       4.4997
      6.5851       4.6407
      7.9559       4.5516
      8.7974       4.3670
      8.9214       4.2688
      8.3922       4.1435
      7.2597       3.7706
      6.6219       4.1558
      5.2872       4.4171
      6.0096       6.6787
      4.3187       6.6099
      3.0700       6.5169
      2.8461       6.4054
      3.7545       6.2798
      5.6533       6.1320
      8.0553       5.9289
     10.2308       5.6167
     11.4120       5.1302
     11.1174       4.4109
      9.5543       3.5072
      8.7560       3.6249
      8.1015       4.3808
      6.6797       4.9980
      5.1433       5.4403
      4.0950       5.6821
      3.7329       5.6836
      4.0260       5.4322
      4.6018       4.9166
      4.8003       4.1312
      5.0524       3.5035
      5.4572       3.7886
      5.5430       3.9357
      5.3512       3.8091
      5.1746       4.0547
      4.8882       4.5016
      4.9459       5.4356
      5.5061       5.0071
      6.4506       4.5169
      7.5964       4.2970
      8.7686       4.3609
      9.7792       4.4020
     10.3240       4.4495
     10.1202       4.5381
      9.4532       4.5659
      8.2697       4.4273
      6.8669       4.0385
      5.5503       3.3615
      4.5792       3.3286
      3.7190       3.3125
      3.5474       3.3935
      4.5944       4.0790
      5.5398       4.3178
      6.3328       4.1043
      6.6471       3.6180
      6.2639       3.5943
      5.5311       3.6297
      5.0791       3.2197
      4.9976       2.5911
      4.4319       3.6367
     -0.1639       6.6349
     -2.2636       6.5640
     -3.2638       6.4801
     -2.7198       6.3839
     -0.6776       6.2705
      2.4568       6.1300
      5.9500       5.9319
      8.8821       5.6279
     10.4346       5.1627
     10.2438       4.4938
      8.7130       3.7203
      7.4406       3.8837
      5.8135       4.6543
      3.5677       5.2561
      1.5730       5.6401
      0.5478       5.8046
      0.6321       5.7302
      1.5904       5.3983
      2.7989       4.7861
      3.5449       3.8900
      3.7851       3.0619
      4.1293       3.3896
      4.3441       3.5442
      4.3578       3.0764
      4.5443       3.6855
      4.2464       4.4935
      4.0905       5.7591
      4.6578       5.5152
      5.4765       5.2392
      6.3533       5.0431
      7.2366       4.9421
      7.9505       4.8790
      8.4556       4.7914
      8.3607       4.7149
      8.0555       4.5931
      7.5402       4.3985
      6.8802       4.0266
      6.2270       3.4572
      5.4517       3.4202
      4.7224       3.4532
      4.4170       3.5566
      4.4257       4.0800
      4.5207       4.2208
      4.4833       3.8895
      4.4967       3.1108
      3.4749       3.1200
      2.4699       3.2087
      2.5517       3.1030
      3.1416       3.0795
      3.5498       3.7818
     -4.0937       6.5315
     -5.7525       6.4297
     -6.1063       6.3174
     -4.9638       6.2106
     -2.4850       6.1006
      0.8174       5.9767
      4.2435       5.8151
      7.0330       5.5870
      8.5243       5.2686
      8.5466       4.8754
      7.4818       4.5806
      5.8519       4.6962
      3.6791       5.1448
      1.3723       5.5857
     -0.3862       5.8699
     -1.0522       5.9648
     -0.6247       5.8467
      0.5444       5.4929
      1.7818       4.8928
      2.5537       4.0897
      2.6707       3.3046
      2.9279       3.2437
      3.5840       3.6495
      3.9633       3.7944
      4.6976       4.2923
      4.5284       4.8294
      4.6500       6.0033
      4.7252       5.9001
      4.8773       5.7372
      5.2783       5.5248
      5.3685       5.3555
      5.3968       5.1491
      5.8368       4.9196
      6.2616       4.6311
      6.4224       4.3545
      6.7294       4.2220
      6.9757       4.1495
      6.9372       4.0762
      6.6625       4.1085
      6.2466       4.1887
      5.6296       4.2893
      4.5271       4.4344
      3.4654       4.3624
      2.6206       4.0044
      1.8872       3.5269
      0.9179       3.1506
      0.1824       2.6895
      0.6365       2.8984
      1.5786       3.2332
      2.9253       4.1042
     -4.8832       6.3883
     -5.4009       6.2120
     -4.9204       6.0157
     -3.6084       5.8768
     -1.6173       5.8016
      0.9241       5.6561
      3.3101       5.5626
      5.2046       5.4560
      6.2742       5.3346
      6.4021       5.2205
      5.6997       5.1871
      4.4112       5.3315
      2.7919       5.6269
      1.0226       5.9216
     -0.1550       6.1037
     -0.5360       6.1341
     -0.1437       5.9934
      0.6966       5.6636
      1.5905       5.1389
      2.1510       4.4351
      2.1809       3.6012
      5.0345       5.0288
      5.4215       4.9363
      5.7410       4.8892
      6.3705       6.1489
      6.5899       6.2263
      6.7394       6.1327
      6.3253       6.1050
      5.5705       5.9983
      4.5891       5.7711
      3.8031       5.5992
      4.3711       4.9119
      4.3603       4.6011
      5.2294       4.1723
      6.1031       3.7435
      6.4575       3.7559
      6.9411       4.1093
      7.3114       4.3904
      7.6785       4.6243
      7.1782       4.7788
      6.0081       4.8644
      4.2407       4.8111
      2.6141       4.5558
      1.3921       4.0737
      0.7063       3.5490
      0.0843       3.3510
     -0.2273       3.3369
      0.3165       3.3450
      1.5614       3.7030
      3.2159       4.5158
     -2.8124       6.2065
     -2.0582       5.9205
     -1.0260       5.5697
     -0.0154       5.3357
      0.9823       5.2239
      2.0693       5.1475
      3.0752       5.1369
      3.9406       5.1809
      4.5674       5.2792
      4.8750       5.4083
      4.8207       5.5611
      4.4120       5.7514
      3.7398       5.9781
      2.9081       6.1847
      2.1225       6.2829
      1.7239       6.2648
      1.6480       6.1228
      1.8288       5.8504
      2.1395       5.4537
      2.4475       4.9710
      2.7806       4.5362
      5.6037       5.6405
      6.5704       5.5462
      7.4539       5.4895
      8.6560       6.2298
      9.2103       6.2618
      9.4457       6.1267
      8.7760       6.1256
      7.3196       6.0519
      5.4471       5.8473
      3.8214       5.6288
      4.1653       4.6044
      4.1955       4.2420
      5.2201       3.6446
      6.5099       2.9177
      6.8022       3.1768
      6.9612       3.9818
      6.9287       4.5168
      7.1631       4.8904
      6.6452       5.1609
      5.2793       5.2400
      3.7240       5.1104
      2.0095       4.7383
      1.2173       4.0872
      1.3848       3.0984
      0.9205       3.4140
      0.9770       3.8804
      1.8097       4.1651
      3.0684       4.5356
      4.2626       5.0609
      0.8546       6.0201
      2.3690       5.5966
      3.2502       5.0806
      3.5384       4.6152
      3.4352       4.4529
      3.2169       4.4958
      3.1216       4.6052
      3.2737       4.9138
      3.7346       5.3820
      4.5052       5.8267
      5.4723       5.7557
      6.2010       5.9885
      6.5139       6.1744
      6.3261       6.3055
      5.7146       6.3619
      4.8820       6.3102
      4.1307       6.1871
      3.5738       5.9941
      3.3214       5.7440
      4.8873       6.2176
      5.6377       6.2065
      6.8361       6.2185
      8.1883       6.2345
      9.4753       6.2389
     10.2652       6.1899
     10.8727       6.1894
     10.7214       5.6294
      9.9041       5.7775
      8.3856       5.8076
      7.5169       4.8603
      6.3135       4.3848
      5.5291       4.0778
      5.2640       3.9080
      5.6709       3.4443
      6.4713       2.8655
      6.2973       3.3550
      6.1771       3.9512
      5.9288       4.5343
      5.6032       5.0116
      4.8641       5.3107
      3.9845       5.4267
      2.8761       5.3048
      2.0065       4.9491
      1.9631       4.3829
      2.3136       3.8200
      2.6808       3.9647
      3.3831       4.4202
      4.3202       4.8010
      7.5027       5.7886
      7.4612       6.1116
      4.6412       5.8779
      6.0755       5.3316
      6.1747       4.5831
      5.3804       3.6977
      4.5287       3.5492
      3.6974       3.7447
      3.1810       3.6878
      3.1784       4.1991
      3.8664       4.9842
      5.3148       5.6099
      7.1755       5.8453
      8.8380       6.0960
      9.8580       6.2391
      9.9646       6.3015
      9.0612       6.2868
      7.8957       6.2258
      6.6560       6.1346
      5.6643       6.0313
      5.1248       5.9227
      6.4176       6.3485
      7.0866       6.3721
      8.2262       6.3607
      9.3125       6.3015
     10.1601       6.1890
     10.1964       5.9360
     10.4587       5.8496
     10.4500       5.3789
      9.7728       5.4675
      8.7803       5.4730
      8.2199       4.4099
      7.4782       3.6543
      7.0489       3.3382
      6.4099       3.7785
      6.0828       3.7389
      6.0624       3.5455
      5.7924       3.4634
      5.3265       3.6620
      4.5945       4.3181
      3.6542       4.9068
      3.0482       5.2725
      2.7999       5.4359
      2.7362       5.3706
      3.1003       5.1340
      3.6914       4.7817
      4.4959       4.5397
      5.3428       4.6106
      6.1736       4.9140
      6.6736       5.2655
      8.4333       5.9962
      7.3031       6.2939
      7.4110       5.8229
      8.1658       5.2337
      7.3360       4.4245
      5.6595       3.4498
      4.3837       3.2588
      3.3875       3.4112
      2.8969       3.0305
      3.1170       3.8556
      4.2319       4.8326
      6.2781       5.5228
      8.7428       5.9626
     10.8928       6.1943
     12.1278       6.2643
     12.2305       6.2229
     11.3802       6.1191
     10.0367       6.0055
      8.6924       5.9404
      8.3513       6.0989
      7.9872       6.2256
      8.3176       6.3317
      8.7433       6.3984
      7.8764       5.7334
      8.1838       5.7039
      8.3839       5.6513
      8.2524       5.1154
      8.1838       5.0234
      8.7974       4.8087
      8.5641       4.6976
      8.4008       4.4935
      8.0990       4.0854
      7.7909       3.4955
      7.5819       3.3760
      7.2324       3.9342
      6.6474       4.3491
      5.6399       4.6597
      4.3977       4.9978
      3.1920       5.3293
      2.1556       5.5716
      1.5802       5.6806
      1.6088       5.6777
      2.5174       5.5693
      3.5761       5.4112
      4.8507       5.1841
      6.2184       4.9435
      7.5314       4.8499
      8.6571       4.9951
      9.3536       5.3381
      9.2466       5.7450
      8.1277       6.1114
      6.2209       6.3883
      8.5281       5.8575
      8.4665       5.3013
      7.0755       4.5839
      5.1265       3.8447
      3.5155       3.4480
      2.6248       3.5196
      2.4040       3.7546
      2.9361       4.3043
      4.3740       5.0208
      6.6123       5.5995
      9.0951       5.9685
     11.1198       6.1291
     12.1832       6.1113
     12.2286       5.9620
     11.4973       5.7454
     10.4748       5.5610
      9.5678       5.5222
      9.6019       5.7404
      9.5868       5.9928
      9.9310       6.2067
     10.0058       6.3320
      7.7688       5.2420
      7.2271       5.2491
      6.5671       5.2371
      6.0611       4.8859
      5.6853       4.5932
      6.1877       4.1961
      6.4235       4.0841
      6.8921       4.0636
      7.1023       3.7951
      7.0765       3.4921
      7.2381       3.6588
      7.1256       4.1608
      6.3194       4.6729
      4.7425       5.0678
      3.0027       5.3649
      1.4234       5.5587
      0.5864       5.6316
      0.7450       5.5734
      1.7209       5.4240
      3.4808       5.2462
      5.3268       5.0883
      6.8231       4.9342
      8.0172       4.7740
      8.9183       4.7359
      9.4378       4.9417
      9.3826       5.3335
      8.5007       5.7648
      6.8279       6.1404
      4.7725       6.4176
      7.8069       5.9532
      7.1454       5.4542
      5.6314       4.7977
      3.7487       3.9956
      2.0755       3.1120
      1.7233       3.5558
      1.8508       4.2290
      2.5402       4.8102
      3.9130       5.3493
      5.7965       5.7735
      7.7503       6.0264
      9.2856       6.0845
     10.0894       5.9535
     10.2388       5.6599
      9.9282       5.2609
      9.4483       4.9184
      9.2747       4.9022
      9.7690       5.2631
     10.1571       5.6910
     10.5098       6.0268
     10.2225       6.2176
      6.7559       4.5283
      5.8034       4.6816
      4.7340       4.8344
      4.0475       4.6762
      3.7374       4.2394
      4.3207       3.3940
      4.7853       3.4304
      5.4832       3.7197
      5.7517       3.4164
      4.9932       2.8349
      5.8074       3.4921
      5.7309       4.1835
      4.6847       4.8003
      2.9275       5.2567
      1.1147       5.5407
     -0.0431       5.6499
     -0.0563       5.5786
      1.2372       5.3237
      3.0549       4.9634
      4.8277       4.6629
      6.7198       4.5638
      7.9187       4.5025
      8.3342       4.3262
      8.3948       4.2522
      8.3781       4.6084
      7.9324       5.1757
      6.8260       5.7014
      5.2883       6.1182
      3.7586       6.4116
      5.5276       6.0853
      4.7377       5.6619
      3.6566       5.0986
      2.4811       4.4022
      1.5394       3.7767
      1.2717       4.0691
      1.3920       4.7087
      1.8648       5.2496
      2.7216       5.6769
      3.8560       5.9693
      5.0579       6.0927
      6.0939       6.0446
      6.8522       5.8050
      7.3113       5.3696
      7.6403       4.7429
      7.9346       4.0683
      8.3209       4.0806
      8.8709       4.7709
      9.3661       5.4115
      9.1021       6.6395
      8.5788       6.5438
      4.9355       3.5632
      4.4367       4.1334
      3.6197       4.5766
      2.7397       4.6346
      2.6413       4.3156
      3.3575       3.7370
      4.0415       3.6446
      4.6922       3.6986
      4.8932       3.3088
      4.8752       2.6881
      4.2343       3.3108
      3.5216       4.0416
      2.2546       4.7560
      0.6537       5.2954
     -0.5262       5.6005
     -0.7498       5.6674
      0.3024       5.4890
      2.2551       5.0637
      4.3283       4.4106
      5.8585       3.8104
      6.9503       3.9390
      7.5822       4.0832
      7.1761       3.7935
      6.2331       3.3752
      6.2343       4.1806
      5.7947       5.0203
      5.0055       5.6496
      4.2318       6.0977
      3.6873       6.4018
      2.3972       6.2368
      1.9708       5.9098
      1.6920       5.4969
      1.4462       5.0576
      1.2219       4.7814
      1.0787       4.8935
      0.9922       5.2620
      0.9876       5.6467
      1.1386       5.9454
      1.5195       6.1168
      2.1545       6.1312
      2.9730       5.9898
      3.8565       5.6735
      4.7987       5.1727
      5.7149       4.4622
      6.6223       3.5061
      7.0864       3.5502
      7.2664       4.5536
      7.4307       5.2739
      6.6650       6.5326
      6.3502       6.4291
      3.9708       3.4270
      3.6925       4.0892
      3.2226       4.6021
      2.6219       4.7642
      2.6597       4.6530
      3.1656       4.3965
      3.6427       4.1937
      4.1426       3.9313
      3.7894       3.7135
      3.4996       3.1900
      2.3116       3.0744
      1.3147       3.7492
      0.1627       4.6684
     -0.8170       5.2972
     -1.0774       5.6321
     -0.2111       5.6958
      1.5700       5.4868
      3.6934       4.9970
      5.3337       4.1976
      5.8936       3.1440
      6.5653       3.6862
      6.5383       4.0095
      5.7025       3.8471
      4.6305       3.5441
      4.1283       4.2775
      3.7015       5.0867
      3.5939       5.6941
      3.9255       6.1227
      4.5123       6.4119
     -0.6106       6.3879
     -0.4143       6.1591
      0.1302       5.8901
      0.6529       5.6381
      0.9210       5.5028
      0.8743       5.5583
      0.5419       5.7566
      0.0504       5.9833
     -0.3643       6.1567
     -0.4627       6.2409
     -0.1340       6.2324
      0.5476       6.1557
      1.3721       6.0614
      2.1031       6.0110
      2.6360       6.0526
      2.9998       6.1682
      3.2470       6.2951
      3.4133       6.3834
      3.5771       6.4050
      3.7758       6.3502
      3.9895       6.2245
      3.2941       4.2475
      3.3808       4.4454
      3.4835       4.7635
      3.5972       4.9253
      3.7435       4.9325
      3.8105       4.8047
      3.8594       4.5626
      3.9171       4.1483
      2.3344       4.3455
      1.6138       3.8762
      0.7860       3.3946
      0.0256       3.9131
     -0.6112       4.7853
     -0.6643       5.3906
      0.0740       5.7156
      1.6485       5.7948
      3.5420       5.6228
      5.2106       5.2266
      6.1503       4.6724
      6.3033       4.2406
      5.8263       4.3107
      4.8923       4.4923
      3.5779       4.4973
      2.4555       4.5316
      1.7823       4.8870
      1.7813       5.3996
      2.6236       5.8593
      4.1045       6.2098
      5.6796       6.4563
     -2.5357       6.5202
     -1.8105       6.3726
     -0.7510       6.2093
      0.1565       6.0685
      0.5990       5.9993
      0.5022       6.0281
     -0.0103       6.1269
     -0.6486       6.2318
     -1.0392       6.2829
     -0.8910       6.2425
     -0.1535       6.0995
      0.9477       5.8751
      2.0206       5.6359
      2.7231       5.5047
      2.9272       5.5735
      2.7000       5.7832
      2.1668       6.0044
      1.6342       6.1485
      1.4523       6.1763
      1.8159       6.0856
      2.6699       5.9025
      3.1546       4.6329
      3.9855       4.6495
      4.6884       4.8199
      5.1806       4.9666
      5.1690       5.0427
      4.7948       5.0016
      4.2288       4.8011
      3.6647       4.3690
      1.2847       4.9390
      0.4874       4.6418
      0.1946       4.4520
      0.1106       4.6664
      0.5018       5.1654
      1.5010       5.6063
      2.9614       5.8724
      4.6114       5.9621
      5.9079       5.8619
      6.5981       5.6149
      6.4385       5.3099
      5.6403       5.0889
      4.1865       5.0647
      2.4910       5.1320
      0.8407       5.1886
     -0.2287       5.2801
     -0.4685       5.4917
      0.2893       5.7916
      2.0373       6.0926
      4.3484       6.3433
      6.5331       6.5301
     -2.7908       6.6241
     -1.9416       6.5361
     -0.9130       6.4403
     -0.1203       6.3629
      0.1678       6.3249
     -0.0459       6.3335
     -0.5307       6.3667
     -0.9068       6.3823
     -0.7948       6.3349
     -0.0045       6.1868
      1.3400       5.9141
      2.8319       5.5165
      3.9772       5.0659
      4.5030       4.7921
      4.3806       4.9328
      3.6576       5.3214
      2.5177       5.6856
      1.4912       5.8989
      1.1417       5.9238
      1.7329       5.7656
      3.0811       5.4648
      4.1083       4.5974
      5.2704       4.4926
      6.0180       4.6008
      6.4834       4.7728
      6.1688       4.9362
      5.3512       5.0312
      4.3017       4.9761
      3.4246       4.7293
      2.6999       4.3559
      2.4203       4.2001
      1.1445       5.2092
      2.1715       5.3175
      3.6355       5.5809
      5.2817       5.8727
      6.8734       6.0672
      7.8966       6.1480
      8.1935       6.1066
      7.5659       5.9755
      6.2546       5.8162
      4.5289       5.6946
      2.4917       5.6639
      0.5014       5.6955
     -1.0406       5.7515
     -1.7566       5.8319
     -1.5338       5.9663
     -0.3099       6.1431
      1.7946       6.3272
      4.3502       6.4881
      6.6954       6.6114
     -1.4808       6.6975
     -1.0216       6.6507
     -0.5261       6.5944
     -0.2249       6.5495
     -0.2518       6.5199
     -0.5094       6.5046
     -0.7293       6.4858
     -0.5755       6.4337
      0.1995       6.3136
      1.6037       6.0888
      3.3400       5.7198
      4.9029       5.1737
      5.8266       4.4521
      6.0734       3.8277
      5.9303       4.2080
      5.1983       4.9175
      4.0036       5.4366
      2.9658       5.7070
      2.7010       5.7172
      3.4425       5.4696
      4.8779       4.9870
      5.8991       4.1844
      6.6869       3.9262
      6.8760       4.0856
      6.8165       4.2989
      6.2368       4.6103
      5.3109       4.9314
      4.2457       5.1068
      3.5180       5.1070
      3.1814       5.0047
      3.6543       4.9814
      4.0363       5.6972
      5.9431       5.7455
      7.9209       5.8812
      9.4993       6.0617
     10.4381       6.2072
     10.4143       6.2828
      9.3959       6.2779
      7.7521       6.2146
      5.8345       6.1278
      3.8692       6.0587
      2.0452       6.0331
      0.5245       6.0558
     -0.5452       6.1128
     -0.9148       6.1787
     -0.5619       6.2739
      0.5046       6.3887
      2.2126       6.5037
      4.3598       6.6048
      6.4427       6.6781
      0.6260       6.7354
      0.3687       6.7175
      0.1258       6.6867
     -0.1191       6.6528
     -0.3693       6.6130
     -0.5036       6.5643
     -0.3350       6.4938
      0.3127       6.3835
      1.5012       6.2115
      3.1022       5.9515
      4.7912       5.5671
      6.1324       5.0098
      6.7657       4.2259
      6.7640       3.2852
      6.9449       3.9656
      6.6817       4.8203
      5.9942       5.3775
      5.4015       5.6485
      5.3617       5.6361
      5.9915       5.3267
      6.9659       4.7005
      7.4948       3.6910
      7.5173       3.1014
      6.8723       3.5080
      6.0057       3.5525
      5.5597       4.1376
      5.0041       4.7982
      4.4237       5.2138
      4.3708       5.4070
      4.9104       5.4563
      6.3015       5.4796
      7.8051       5.9437
      9.9304       5.9413
     11.5971       5.9984
     12.3878       6.1115
     12.1953       6.2301
     10.9657       6.3060
      9.1329       6.3250
      7.1907       6.2908
      5.5438       6.2270
      4.2813       6.1724
      3.4125       6.1521
      2.8588       6.1744
      2.4642       6.2484
      2.3005       6.3134
      2.3294       6.4052
      2.6538       6.5062
      3.4246       6.5985
      4.7849       6.6775
      6.3921       6.7208
      2.4203       6.7482
      1.4906       6.7427
      0.7267       6.7263
      0.2170       6.6895
      0.0172       6.6250
      0.1404       6.5263
      0.6349       6.3922
      1.4671       6.2176
      2.5754       6.0056
      3.8421       5.7564
      5.0936       5.4520
      6.1189       5.0610
      6.7775       4.5979
      7.1768       4.3032
      7.5690       4.5742
      7.8405       5.1107
      7.8867       5.5387
      7.8795       5.7510
      7.9911       5.7188
      8.2326       5.4228
      8.4173       4.8575
      8.2510       4.0973
      7.6531       3.6317
      6.4677       3.5255
      4.8868       3.0861
      4.7963       4.0053
      4.9731       4.8362
      5.2503       5.3571
      6.1671       5.6324
      7.7632       5.7395
      9.7737       5.7561
     11.0876       5.9731
     12.4895       5.9019
     13.1087       5.8941
     12.7024       5.9686
     11.4517       6.0897
      9.5701       6.1922
      7.6417       6.2279
      6.2209       6.1915
      5.5154       6.1133
      5.5077       6.0419
      5.9055       6.0138
      6.3739       6.0423
      6.8451       6.6500
      6.7205       6.6613
      6.2318       6.6747
      5.6841       6.6913
      5.4698       6.7105
      5.9053       6.7297
      7.0845       6.7432
      2.9893       6.7498
      1.7563       6.7451
      0.9058       6.7232
      0.5561       6.6674
      0.6763       6.5632
      1.1245       6.4037
      1.7428       6.1871
      2.3943       5.9270
      3.0181       5.6644
      3.6182       5.4507
      4.2488       5.2954
      4.9587       5.1594
      5.7248       5.0380
      6.5645       5.0314
      7.4948       5.2333
      8.4000       5.5519
      9.0749       5.8292
      9.4141       5.9680
      9.3943       5.9285
      9.0559       5.6995
      8.4673       5.3032
      7.7653       4.8332
      6.8404       4.4772
      5.8180       4.2603
      5.0324       4.1981
      4.9307       4.5890
      5.6376       5.1533
      6.8874       5.5829
      8.6023       5.8175
     10.4866       5.8748
     12.0968       5.8022
     12.5539       5.7990
     12.6025       5.6237
     11.8884       5.5409
     10.4982       5.6085
      8.6852       5.7766
      6.8170       5.9277
      5.4452       5.9798
      4.9697       5.9177
      5.4448       5.7884
      6.6282       5.6673
      8.0517       5.6161
      9.2688       5.6576
     10.9057       6.7232
     10.7978       6.7266
      9.9508       6.7300
      8.8169       6.7348
      7.9606       6.7412
      7.8441       6.7468
      8.6507       6.7494
      2.0924       6.7500
      1.0142       6.7500
      0.5158       6.7068
      0.6209       6.6256
      1.1465       6.4749
      1.8048       6.2409
      2.3358       5.9176
      2.6299       5.5253
      2.7337       5.1529
      2.7571       4.9626
      2.8597       5.0121
      3.2634       5.1690
      4.0873       5.3320
      5.2984       5.5083
      6.7486       5.7253
      8.1175       5.9527
      9.0051       6.1338
      9.1769       6.2194
      8.6193       6.1845
      7.5469       6.0284
      6.3067       5.7739
      5.3375       5.4661
      4.5715       5.2193
      4.2400       5.0680
      4.4589       5.0688
      5.3325       5.2750
      6.8718       5.5897
      8.8159       5.8524
     10.7169       5.9719
     12.2486       5.9203
     12.7004       5.7153
     12.1625       5.5063
     10.7348       5.1533
      8.6446       4.9142
      6.9629       5.0250
      5.3744       5.3221
      4.0440       5.5642
      3.4555       5.6340
      3.9129       5.5241
      5.2952       5.3169
      7.3956       6.6979
      9.9311       6.7330
     11.9784       6.7445
     13.0753       6.7467
     13.1203       6.7471
     12.3209       6.7474
     11.1500       6.7484
     10.1769       6.7494
      9.8571       6.7499
     10.3732       6.7500
      0.3293       6.7500
     -0.3050       6.7500
     -0.3073       6.6917
      0.2138       6.5890
      0.9711       6.3986
      1.6331       6.0947
      1.9932       5.6575
      2.0818       5.0820
      2.0800       4.4616
      1.9610       4.2218
      1.7022       4.6004
      1.8656       5.0969
      2.7221       5.4994
      4.1302       5.8090
      5.7401       6.0583
      7.0352       6.2530
      7.5044       6.3841
      6.9479       6.4402
      5.5305       6.4155
      3.7135       6.3163
      2.0799       6.1600
      1.2513       5.9617
      1.1712       5.8077
      2.0047       5.7149
      3.6066       5.7181
      5.7712       5.8259
      8.2080       5.9813
     10.4292       6.0926
     11.8796       6.0840
     12.2028       5.9116
     11.2669       5.5586
      9.3477       5.0721
      7.0353       4.4452
      4.9527       3.9722
      3.7762       4.2444
      2.7991       4.8202
      2.1165       5.2048
      2.1878       5.2980
      3.1862       5.1000
      4.8204       4.6886
      6.8777       6.6936
      9.4490       6.7359
     11.5580       6.7483
     12.8300       6.7500
     13.1950       6.7500
     12.8109       6.7500
     12.0282       6.7500
     11.2787       6.7500
     10.9227       6.7500
     11.1243       6.7500
     -1.1989       6.7500
     -1.3979       6.7500
     -1.1110       6.6846
     -0.5212       6.5719
      0.1124       6.3628
      0.5656       6.0226
      0.7874       5.5183
      0.9648       4.8088
      1.4327       3.8478
      1.8225       3.2772
      1.0820       4.3079
      1.1792       5.0817
      2.1057       5.6286
      3.4803       6.0099
      4.7555       6.2755
      5.3750       6.4540
      4.9238       6.5580
      3.3708       6.5987
      1.1228       6.5846
     -1.1523       6.5262
     -2.7487       6.4359
     -3.0473       6.3216
     -2.1202       6.2329
     -0.0144       6.1788
      2.8335       6.1748
      5.8988       6.2180
      8.6213       6.2719
     10.4464       6.2749
     10.9764       6.1645
     10.1473       5.8894
      8.2779       5.4113
      5.8979       4.7177
      3.6713       3.8411
      2.1424       2.8998
      1.6946       3.6393
      1.2910       4.5072
      1.1806       4.9989
      1.6544       5.1082
      2.7503       4.8385
      4.2227       4.1910
      5.3907       6.6893
      7.4870       6.7354
      9.3636       6.7484
     10.7319       6.7500
     11.4792       6.7500
     11.6171       6.7500
     11.2870       6.7500
     10.7351       6.7500
     10.2283       6.7500
      9.9642       6.7500
     -1.4031       6.7500
     -1.4458       6.7500
     -1.3515       6.7500
     -1.2536       6.7500
     -1.2905       6.7500
     -1.5364       6.7500
     -1.9495       6.7500
     -2.3610       6.7485
     -2.5253       6.7419
     -2.2094       6.7266
     -1.3040       6.7029
      0.0986       6.6752
      1.6953       6.6518
      3.0446       6.6409
      3.6943       6.6469
      3.3582       6.6664
      1.9549       6.6863
     -0.3156       6.6954
     -2.8927       6.6860
     -5.0516       6.6556
     -6.1321       6.6091
     -5.6765       6.5510
     -3.8593       6.5041
     -0.9679       6.4737
      2.3460       6.4666
      5.3850       6.4752
      7.5447       6.4702
      8.4260       6.4070
      7.9556       6.2345
      6.4397       5.9022
      4.4507       5.3622
      2.5528       4.5743
      1.1638       3.5593
      0.5386       3.0130
      0.5100       3.7612
      0.6332       4.5514
      0.9611       5.0333
      1.5250       5.1538
      2.3533       4.9178
      3.4184       4.3671
      3.4935       6.6931
      4.9854       6.7373
      6.5778       6.7488
      8.0000       6.7500
      9.0273       6.7500
      9.4814       6.7500
      9.3002       6.7500
      8.5982       6.7500
      7.6344       6.7500
      6.7336       6.7500
      0.2269       6.7500
     -0.0019       6.7500
     -0.4190       6.7500
     -1.0174       6.7500
     -1.7307       6.7500
     -2.4352       6.7500
     -2.9668       6.7500
     -3.1542       6.7500
     -2.8655       6.7490
     -2.0652       6.7454
     -0.8522       6.7382
      0.5320       6.7288
      1.7426       6.7203
      2.4125       6.7164
      2.2559       6.7185
      1.1761       6.7260
     -0.6546       6.7344
     -2.8718       6.7374
     -4.9625       6.7330
     -6.3455       6.7204
     -6.5841       6.7013
     -5.4857       6.6770
     -3.3370       6.6552
     -0.5727       6.6395
      2.1325       6.6324
      4.1582       6.6254
      5.0968       6.5950
      4.8481       6.5057
      3.6602       6.3166
      2.0631       5.9863
      0.6290       5.4748
     -0.2551       4.7651
     -0.5224       3.9216
     -0.4057       3.5890
     -0.0486       4.2396
      0.4953       4.8745
      1.0215       5.2790
      1.4319       5.4071
      1.8256       5.2765
      2.3657       4.9846
      1.8305       6.7041
      2.9211       6.7409
      4.3481       6.7494
      5.7812       6.7500
      6.8621       6.7500
      7.2523       6.7500
      6.7763       6.7500
      5.5301       6.7500
      3.8674       6.7500
      2.2977       6.7500
