Trans output
1
transformed variable
       5.243
       8.532
       8.005
       .6757
       4.499
       9.869
          .0
       .8370
       6.253
       4.733
       4.679
       5.415
        .968
       8.362
       7.733
       3.145
          .0
       3.938
       6.905
          .0
       3.841
       2.314
       3.542
       2.911
       6.789
      11.399
      10.886
       6.183
       4.905
       5.343
       1.991
       3.597
       6.981
       4.353
          .0
       2.695
       7.393
       5.851
       5.790
      12.213
       7.060
       8.602
       2.388
       5.176
       .5086
       7.125
       1.669
       5.897
       .2718
       1.916
       8.795
       6.564
       4.139
       9.621
       1.787
       3.289
       3.767
       8.432
       3.869
       7.213
       8.099
       9.457
       5.740
       4.019
       8.182
      10.055
       6.119
       7.335
       7.941
       4.629
       7.469
       5.513
       2.768
       5.680
       5.477
       4.071
       4.299
          .0
       4.231
       1.456
          .0
       1.073
       4.427
          .0
       7.593
      10.289
       8.951
       7.810
       .4054
          .0
       3.064
       1.222
       5.091
       3.696
       3.657
       3.409
       2.563
       5.614
       4.859
       7.661
       2.211
       4.556
       6.050
       6.384
       2.127
       5.978
       3.472
       1.341
       6.460
       1.538
       9.310
      10.523
       2.839
       9.179
       4.597
       2.064
       6.712
       3.341
       7.302
       5.564
       .1103
       6.333
       2.620
       3.190
       6.518
       6.853
       5.281
       9.058
       5.038
       2.473
       8.858
       4.778
       7.526
       6.664
       8.280
       7.884
       6.612
       4.973
       2.981
       8.745
