IK3D Estimates with:Clustered 140 primary and secondary data
  5
Threshold:  1 =      0.50000
Threshold:  2 =      1.00000
Threshold:  3 =      2.50000
Threshold:  4 =      5.00000
Threshold:  5 =     10.00000
  0.5997  0.5997  0.5997  0.7122  0.8814
  0.8813  0.8813  0.8813  0.9369  1.0000
  1.0000  1.0000  1.0000  1.0000  1.0000
  0.9193  0.9597  1.0000  1.0000  1.0000
  0.8031  0.8681  1.0000  1.0000  1.0000
  0.5796  0.7334  1.0000  1.0000  1.0000
  0.4163  0.7200  1.0000  1.0000  1.0000
  0.4850  0.7058  1.0000  1.0000  1.0000
  0.4139  0.6899  1.0000  1.0000  1.0000
  0.4148  0.6892  1.0000  1.0000  1.0000
  0.0000  0.0000  0.0000  0.0000  0.7007
  0.3537  0.4936  0.4936  0.5798  0.8216
  0.6657  0.7470  0.8729  1.0000  1.0000
  0.7675  0.7675  0.8957  1.0000  1.0000
  0.8592  0.9057  1.0000  1.0000  1.0000
  0.4509  0.6027  1.0000  1.0000  1.0000
  0.3953  0.7312  1.0000  1.0000  1.0000
  0.2793  0.6280  1.0000  1.0000  1.0000
  0.4225  0.6933  1.0000  1.0000  1.0000
  0.4148  0.6892  1.0000  1.0000  1.0000
  0.0000  0.0000  0.0000  0.3505  0.8665
  0.1043  0.2005  0.3532  0.5990  0.8449
  0.1613  0.2900  0.5506  0.7753  0.8962
  0.0000  0.0000  0.2083  0.7045  0.8576
  0.3872  0.3872  0.5140  0.8838  1.0000
  0.4533  0.7250  1.0000  1.0000  1.0000
  0.4928  0.8541  1.0000  1.0000  1.0000
  0.4063  0.7672  1.0000  1.0000  1.0000
  0.4070  0.6850  1.0000  1.0000  1.0000
  0.4017  0.6720  1.0000  1.0000  1.0000
  0.0000  0.0000  0.3722  0.5908  0.8562
  0.1320  0.2611  0.6442  0.8680  0.8680
  0.1763  0.1763  0.7435  0.8277  0.9158
  0.1484  0.1484  0.2967  0.7375  0.8735
  0.2762  0.2762  0.5524  0.8619  1.0000
  0.2005  0.8294  1.0000  1.0000  1.0000
  0.6193  0.8463  1.0000  1.0000  1.0000
  0.5290  0.8523  1.0000  1.0000  1.0000
  0.4144  0.8079  1.0000  1.0000  1.0000
  0.4098  0.8105  1.0000  1.0000  1.0000
  0.3173  0.3173  0.7024  0.8512  0.8512
  0.2625  0.3937  0.7375  0.7375  1.0000
  0.3135  0.3977  0.8853  0.8853  1.0000
  0.0821  0.1642  0.5677  0.8882  1.0000
  0.0524  0.0979  0.8441  1.0000  1.0000
  0.2622  0.4003  0.8246  1.0000  1.0000
  0.5597  0.7066  0.8573  1.0000  1.0000
  0.5681  0.7041  1.0000  1.0000  1.0000
  0.2660  0.5215  1.0000  1.0000  1.0000
  0.2572  0.5997  1.0000  1.0000  1.0000
  0.2984  0.3932  0.7016  0.7016  1.0000
  0.1495  0.2989  0.4988  0.6185  1.0000
  0.1574  0.3148  0.4722  0.5983  1.0000
  0.1077  0.1533  0.9379  1.0000  1.0000
  0.0000  0.0979  0.5706  1.0000  1.0000
  0.0949  0.1703  0.8022  1.0000  1.0000
  0.1000  0.1999  0.4034  0.4034  0.6188
  0.0000  0.1266  0.2531  0.2749  0.9664
  0.0000  0.3019  0.6073  0.6576  0.9343
  0.0000  0.2548  0.5407  0.7601  1.0000
  0.3715  0.4599  0.5484  0.6985  1.0000
  0.0000  0.1059  0.3928  0.5379  1.0000
  0.1499  0.1499  0.4972  0.6173  1.0000
  0.1473  0.2253  0.7368  1.0000  1.0000
  0.0534  0.0534  0.2546  1.0000  1.0000
  0.0000  0.0000  0.4211  0.7903  1.0000
  0.0000  0.0000  0.2362  0.2476  0.9431
  0.0000  0.0000  0.0082  0.0309  0.8431
  0.0000  0.0000  0.3737  0.5452  0.9520
  0.1603  0.3206  0.5623  0.7583  1.0000
  0.2961  0.4893  0.7062  0.8531  1.0000
  0.3377  0.6358  0.8311  1.0000  1.0000
  0.1427  0.5418  0.8253  1.0000  1.0000
  0.1186  0.3728  0.7542  0.8624  1.0000
  0.0000  0.0000  0.4802  0.6382  0.8713
  0.0000  0.0000  0.2461  0.7920  0.7920
  0.0000  0.0000  0.5450  0.8952  0.8952
  0.0000  0.0000  0.0290  0.1698  1.0000
  0.0944  0.0944  0.1551  0.8580  1.0000
  0.1611  0.1611  0.4322  0.7751  1.0000
  0.3361  0.6183  1.0000  1.0000  1.0000
  0.3276  0.7520  1.0000  1.0000  1.0000
  0.1108  0.7046  0.8519  0.8519  1.0000
  0.2341  0.6002  0.7322  0.8661  1.0000
  0.1368  0.2736  0.2736  0.3821  0.5981
  0.0000  0.0000  0.0000  0.0742  0.2397
  0.0000  0.0000  0.0000  0.0000  0.1387
  0.1263  0.1263  0.2526  0.7508  0.8741
  0.2940  0.2940  0.5490  0.9326  1.0000
  0.1611  0.1611  0.4322  0.9362  1.0000
  0.3424  0.7276  1.0000  1.0000  1.0000
  0.1587  0.7137  1.0000  1.0000  1.0000
  0.1107  0.7042  0.8521  0.8521  1.0000
  0.2665  0.7548  0.7548  0.7548  1.0000
  0.1349  0.4048  0.4048  0.5264  0.8651
  0.1539  0.1539  0.1539  0.2690  0.7274
  0.0000  0.0000  0.0000  0.0598  0.2797
  0.1315  0.1315  0.2629  0.5249  0.7675
  0.2566  0.2566  0.3910  0.8661  0.8661
  0.2833  0.2833  0.4316  1.0000  1.0000
