COKB3D with:Synthetic point data – 140 samples      
 2   50   50    1  .50000000      .50000000      .50000000      1.00000      1.00000      1.00000       0
estimate
estimation variance
 5.0152690      .99547950    
 5.0534890      .98805760    
 5.1097150      .97512540    
 5.1909480      .95458150    
 5.2785460      .92579000    
 5.3217810      .88888340    
 5.3985160      .84490810    
 5.6209390      .79790110    
 6.0446380      .75779750    
 6.7889340      .73725420    
 7.2657670      .74105010    
 7.7034460      .75295210    
 8.3389910      .75189140    
 8.6395910      .71659200    
 8.8193450      .64352700    
 8.7485340      .55211650    
 8.1085160      .48731730    
 6.5560360      .48303680    
 4.7530180      .43762960    
 3.5689660      .43020660    
 3.4775550      .56473120    
 3.3698120      .66379620    
 3.2471110      .72849750    
 3.3180990      .76846100    
 3.6414010      .79512770    
 4.0054260      .81315390    
 4.4548330      .81102520    
 4.3770740      .78532150    
 4.1370590      .73004780    
 3.8615000      .64696960    
 3.6780580      .55603790    
 3.8001350      .51163700    
 4.0220410      .54193930    
 4.3491050      .59917600    
 4.6893640      .64196630    
 5.0541400      .68706390    
 5.4235480      .74691520    
 5.8180300      .80815310    
 6.1665480      .85540680    
 6.3309090      .88921190    
 6.3681860      .91301200    
 6.2871600      .93103430    
 6.2540250      .94399420    
 6.1174980      .95117370    
 5.9244350      .94976970    
 5.6817810      .93655480    
 5.4630580      .91157510    
 5.3048940      .88112550    
 5.2029800      .85655830    
 5.1728060      .84973440    
 4.9617900      .98928400    
 4.9395460      .97572340    
 4.9259150      .95402850    
 4.8984190      .92206690    
 4.9170320      .88053800    
 4.9116370      .83020140    
 4.9525770      .77149240    
 5.2657550      .70543870    
 5.8455850      .64092090    
 6.5652240      .60417630    
 7.2260800      .62698500    
 7.6214850      .66479190    
 8.3270060      .67801230    
 8.7688970      .64520200    
 9.1733430      .56544130    
 9.3960520      .45611840    
 9.1431610      .34821880    
 7.2482240      .43443010    
 5.3826950      .43334330    
 4.1682980      .44117400    
 3.8298540      .53052000    
 4.0082270      .60861450    
 3.5991220      .65729740    
 3.6364370      .68130510    
 3.9536910      .70134820    
 4.4906450      .72991970    
 4.7394140      .74317730    
 4.6421090      .72925000    
 4.3044880      .67424430    
 3.9127440      .57408520    
 3.4862070      .42997400    
 3.7179590      .35169830    
 4.2096490      .42693420    
 4.3991640      .50687370    
 4.7669660      .52831760    
 5.0765950      .56883030    
 5.4302530      .65758360    
 5.8255910      .74148800    
 6.3053230      .79692270    
 6.5413910      .83223970    
 6.6680240      .85647720    
 6.5927210      .87797710    
 6.5661910      .89716390    
 6.4853690      .91026150    
 6.2562450      .91159480    
 5.9518240      .89516680    
 5.6913020      .85858570    
 5.4735310      .80954050    
 5.3143840      .76668490    
 5.2278050      .75405690    
 4.8412450      .98014940    
 4.7449480      .95835530    
 4.6571140      .92492380    
 4.5590420      .87870620    
 4.4280060      .82153740    
 4.4127150      .75802400    
 4.4077560      .68903130    
 4.7648030      .61000250    
 5.4051770      .51565500    
 6.4439330      .43530200    
 6.7153050      .50555250    
 7.1761670      .57947190    
 7.2660570      .60635540    
 8.4949010      .58227270    
 9.0983150      .50349860    
 9.4859890      .41307030    
 9.0562740      .40641600    
 7.6707660      .44979490    
 6.1823440      .46889810    
 4.9612320      .47363890    
 4.4201760      .50664590    
 4.0889080      .55799620    
 4.1918400      .58456850    
 4.1494080      .57654120    
 4.4752240      .58020010    
 4.9164090      .63203080    
 5.1309800      .67717110    
 4.9432560      .68362720    
 4.6787410      .64367230    
 4.3942140      .56054090    
 3.9265790      .44717190    
 3.8304470      .39625300    
 4.1745510      .43729970    
 4.3696800      .47131470    
 4.7861080      .42467960    
 5.0944720      .44817180    
 5.3950690      .59088500    
 6.0943360      .68933650    
 6.4124970      .74011670    
 6.7420610      .76547660    
 6.7633650      .78226830    
 6.8531050      .80566690    
 6.8419090      .83390870    
 6.7223490      .85844620    
 6.4919770      .86681400    
 6.2284860      .84962310    
 5.9086810      .80194770    
 5.6414170      .72856970    
 5.4378120      .65318800    
 5.3057320      .62785090    
 4.5935580      .96732040    
 4.4259890      .93551710    
 4.2796560      .88846190    
 4.1630680      .82584300    
 3.8917220      .74974740    
 3.8085760      .67164390    
 3.8152420      .60102860    
 3.8674000      .52591730    
 4.3734150      .43267800    
 5.3025070      .36895740    
 5.7158060      .44018090    
 5.9848160      .50803230    
 6.5267840      .53815130    
 7.2206490      .52890280    
 8.4509090      .46424130    
 9.1526860      .34892380    
 8.8311460      .40614930    
 7.8804750      .45096150    
 6.5849940      .46866190    
 5.3724000      .43845660    
 4.6355640      .43922530    
 4.3070790      .51329650    
 4.3776650      .53394210    
 4.5103780      .48000340    
 5.1636750      .43168110    
 5.5829500      .55120400    
 5.7468000      .63464930    
 5.4305460      .65326850    
 5.3356820      .62990780    
 5.0342130      .57098720    
 4.6063900      .50835610    
 4.1515410      .47842600    
 4.1028670      .48670170    
 4.2196400      .49366070    
 4.5742480      .46576100    
 4.8784650      .48960660    
 5.5644880      .58966230    
 6.0308090      .66187410    
 6.3379970      .68970360    
 6.7237350      .68698790    
 7.0239460      .68432400    
 7.1408200      .70820000    
 7.0713320      .75561460    
 6.8837780      .80005870    
 6.6462170      .82134990    
 6.4321470      .80925390    
 6.1223310      .75594840    
 5.7831990      .66124210    
 5.5394220      .53605960    
 5.3822850      .47320620    
 4.2793660      .95090010    
 4.0616370      .90881420    
 3.8560550      .84937890    
 3.6849060      .77057260    
 3.5438460      .67317830    
 3.2398510      .56903670    
 3.1262560      .50356570    
 3.0057020      .46115010    
 2.7006210      .36277650    
 3.3853530      .35442050    
 4.2558950      .40131670    
 4.9690940      .43067950    
 5.6195500      .45583170    
 6.1914950      .47982880    
 6.8566590      .46087050    
 7.7495470      .42091860    
 8.2643110      .39134390    
 7.8242430      .41439310    
 6.6558090      .46438590    
 5.4160330      .43397970    
 4.6599680      .42500640    
 4.3794660      .51687310    
 4.4565210      .54138450    
 4.6752000      .49503190    
 5.2700660      .46077770    
 5.6058060      .55473470    
 5.8198020      .62472450    
 5.9896880      .63996820    
 5.9400000      .60613600    
 5.7849910      .55022050    
 5.2267510      .50261120    
 4.3590760      .47681100    
 3.9486010      .48727030    
 3.9307540      .51879150    
 4.0749540      .54288110    
 4.5628360      .57329560    
 5.3147830      .62019030    
 5.6535640      .64823990    
 6.1446140      .64238660    
 6.7123940      .59998980    
 7.3411930      .55565070    
 7.4644330      .58755060    
 7.2710960      .67155230    
 7.0393510      .74247880    
 6.8378260      .78108510    
 6.5353660      .77925060    
 6.2378050      .73432990    
 5.8942750      .64515310    
 5.5995810      .51712670    
 5.4013980      .44341860    
 3.9653500      .92934990    
 3.6927540      .87847010    
 3.4470680      .81092240    
 3.2124530      .72256600    
 3.0357040      .61025420    
 2.7971330      .46825330    
 2.6779940      .39860150    
 2.5216360      .44638040    
 2.3837370      .41438240    
 2.7528080      .36131210    
 3.6444440      .38349500    
 4.3700040      .36042330    
 4.9355030      .36872730    
 5.1438530      .42196840    
 5.1987300      .43466770    
 5.8557860      .42551570    
 6.8315310      .40169750    
 6.9509530      .42756020    
 6.0785290      .50141640    
 5.2167930      .52172960    
 4.5998400      .53899740    
 4.3934760      .58022090    
 4.0937450      .60008870    
 4.3352690      .59001330    
 5.1039190      .58674720    
 5.4122370      .62096890    
 5.8792150      .64674820    
 6.2247210      .63055820    
 6.4845590      .56718040    
 6.6807880      .47927550    
 5.9205040      .43375890    
 4.4766250      .39496730    
 3.6582410      .42357360    
 3.6974710      .50842180    
 3.7382700      .57125480    
 4.1802640      .60842390    
 4.6539030      .62992090    
 5.1367960      .63009070    
 5.8005080      .60084790    
 6.6436460      .52978860    
 7.6439120      .40983900    
 7.6833120      .47801220    
 7.3611390      .60667840    
 7.1716080      .69596770    
 6.8467830      .74745330    
 6.5234870      .76082070    
 6.2116530      .73731010    
 5.9030020      .68259640    
 5.5929200      .61687180    
 5.3587610      .59761350    
 3.6624250      .90082010    
 3.3408730      .84246800    
 3.0526560      .76939090    
 2.8079500      .68295750    
 2.5939250      .58641690    
 2.4250520      .48695020    
 2.4593590      .45377620    
 2.4834160      .49419110    
 2.6666480      .49723970    
 3.3977880      .47238210    
 3.9161730      .45188900    
 4.5129330      .41440850    
 4.8475720      .35081000    
 4.4530080      .38594710    
 3.5121080      .38252080    
 3.8237280      .39817220    
 5.1222090      .46786080    
 5.5089860      .51458440    
 5.2188710      .56270020    
 4.7243840      .59370360    
 4.2435410      .61476810    
 4.0369830      .64199520    
 4.0251980      .65898730    
 3.9271660      .66144950    
 4.4097500      .66966590    
 4.9069530      .67433940    
 5.4377960      .66725350    
 6.0127990      .62721560    
 6.6107640      .53923050    
 7.3506570      .40127870    
 6.5549600      .37118360    
 4.6990550      .35177730    
 3.8251460      .37584760    
 3.7538240      .47730370    
 3.7264650      .55684960    
 3.9981520      .59811130    
 4.3984550      .60646180    
 4.6982220      .58997470    
 5.2936140      .55943730    
 6.1783080      .51316330    
 7.0567740      .45776900    
 7.3416500      .48992350    
 7.2140880      .58365030    
 7.0197290      .65879850    
 6.7121170      .71501550    
 6.3940850      .74443760    
 6.0849500      .74824070    
 5.8584780      .73276110    
 5.5226200      .71512720    
 5.2820250      .71932490    
 3.3948740      .86355470    
 3.0381400      .79762520    
 2.7198480      .71873160    
 2.4512110      .63455470    
 2.2644940      .56502130    
 2.2589200      .53055190    
 2.3773880      .53335950    
 2.6217360      .55522370    
 3.0551310      .55991410    
 3.7312940      .53802850    
 4.7074100      .49945700    
 5.0199850      .45661850    
 4.9415130      .43224410    
 4.3052360      .44495490    
 3.4089880      .44130130    
 3.5115150      .46508650    
 4.0489070      .52846970    
 4.3375710      .57014190    
 4.4098420      .59970210    
 4.1340910      .62378850    
 3.7677690      .64291660    
 3.5623990      .66171960    
 3.5263300      .67798040    
 3.1577050      .69298320    
 3.3646060      .69914790    
 4.3174850      .69577250    
 4.7854400      .67121000    
 5.4251110      .62220780    
 6.1622290      .54145900    
 6.4821100      .44759260    
 6.0157890      .39667330    
 5.0176430      .36180350    
 4.4603040      .35269300    
 4.1745440      .43401550    
 3.8512360      .52317210    
 3.6780450      .56284470    
 3.9820770      .55064230    
 4.2018250      .51066320    
 4.6889520      .49708860    
 5.5118680      .50314160    
 6.3618950      .50097470    
 6.7543950      .51035570    
 6.8384890      .55148460    
 6.6390060      .61982860    
 6.4575940      .67005150    
 6.1614750      .71599430    
 6.0240680      .74702140    
 5.4373160      .76905010    
 5.2883270      .78422580    
 5.1963740      .80555470    
 3.0095520      .81494160    
 2.7206810      .74078830    
 2.4567320      .65353690    
 2.2077470      .55770320    
 2.1850450      .49648900    
 2.4215750      .51509810    
 2.5740590      .55507170    
 3.0795540      .58259660    
 3.4032680      .58430360    
 4.2203980      .55505140    
 5.3924850      .49311770    
 6.0170060      .42752440    
 5.6364620      .45120500    
 4.7985940      .50186470    
 4.1275190      .53316800    
 3.8934090      .55686910    
 3.9290850      .58031870    
 3.9772570      .58657040    
 3.7711100      .58991050    
 3.2935380      .60299160    
 3.4483030      .62110540    
 2.9840550      .63332550    
 2.3888230      .65182840    
 2.3380750      .67370410    
 2.5765500      .68789910    
 3.4504090      .67989400    
 3.8703440      .64953320    
 4.4620780      .60341310    
 5.0462190      .53715400    
 5.5038820      .44481680    
 5.2546900      .37005320    
 4.9397290      .40258570    
 4.7564810      .37552580    
 4.3221460      .42223510    
 3.6473250      .49612050    
 3.5416290      .51344930    
 3.6647990      .48265500    
 3.6181460      .40109030    
 3.9769980      .38745020    
 5.1644470      .46862960    
 5.9545290      .49071970    
 6.3589680      .46816640    
 6.4754690      .46999070    
 6.3091360      .53975510    
 6.1912300      .60149710    
 5.7014470      .66537270    
 5.4234740      .72785540    
 5.2252480      .78116720    
 5.1045910      .82420160    
 5.0607970      .86072180    
 2.6884770      .75383530    
 2.4896030      .67344000    
 2.3477660      .58486990    
 2.1658430      .47585910    
 1.9345000      .35931980    
 2.3455690      .47182450    
 2.7624160      .53458360    
 3.2002220      .56407520    
 3.9074840      .57190230    
 4.6955560      .54190250    
 5.8064640      .46581480    
 6.6020040      .36116970    
 6.0752080      .44483470    
 5.1039460      .53834550    
 4.5074620      .59361860    
 4.2925920      .61280560    
 3.9980460      .60376770    
 3.7986960      .56325130    
 3.5860720      .52394440    
 3.1115950      .53743050    
 2.6860740      .56023140    
 2.3176070      .55896570    
 1.6906590      .56976310    
 1.6633700      .61387950    
 1.7056240      .64341790    
 2.1655040      .63118570    
 2.7501030      .59165880    
 3.2730610      .55659850    
 3.9279370      .51934530    
 4.4331060      .46292060    
 4.5724840      .42160170    
 4.5286320      .46492950    
 4.4032510      .47740400    
 3.9603280      .48385200    
 3.7498110      .47563490    
 3.6025470      .44143730    
 3.8090590      .41933160    
 4.2520310      .34684270    
 4.7418510      .36915600    
 5.4272020      .44557170    
 5.9318710      .46509770    
 6.1892920      .41180090    
 6.2050390      .36840910    
 6.0090070      .45678790    
 5.6074470      .51153330    
 5.3460580      .59066770    
 5.1104050      .69085190    
 4.9635380      .77683680    
 4.8728910      .84339360    
 4.8604410      .89204650    
 2.4307640      .67930840    
 2.3630270      .59166250    
 2.4946400      .51803010    
 2.5947980      .44956140    
 2.5651620      .41738770    
 2.8943560      .46163740    
 3.3107610      .49142620    
 3.4655620      .50548690    
 4.0829570      .53074570    
 4.7317300      .51864890    
 5.4310850      .44867420    
 5.8060630      .39997430    
 5.7395280      .47810490    
 5.2402220      .57604220    
 4.6744570      .64039500    
 4.2766930      .65560760    
 4.1018380      .61898090    
 3.9314800      .52913430    
 3.7684870      .39969270    
 3.2393710      .45884480    
 2.9342970      .49701730    
 1.8742160      .45643710    
 1.0776430      .44419300    
 1.1063060      .54492870    
 1.2537880      .59513460    
 1.3905960      .57622080    
 1.6985330      .50355390    
 2.2974260      .45786100    
 3.1748720      .48418720    
 3.8504820      .50071180    
 4.0581780      .51674880    
 4.0935630      .54400560    
 3.8979000      .54789040    
 3.6959590      .52958930    
 3.4072370      .46152910    
 3.4362890      .34480430    
 3.9839550      .38912130    
 4.7882280      .38995040    
 5.5195590      .38638590    
 5.8728120      .41457100    
 5.9328260      .43937420    
 5.9694080      .41599360    
 6.0213430      .38367240    
 5.6342040      .40026880    
 5.1904040      .38048110    
 4.9989810      .51910910    
 4.7532460      .65994550    
 4.6337330      .76824650    
 4.5415730      .84840930    
 4.5921060      .90479430    
 2.2473840      .59731440    
 2.2306080      .48374230    
 2.8887130      .43056700    
 3.2871820      .39473610    
 3.4315950      .40673950    
 3.5743840      .45127840    
 3.7402020      .43302740    
 4.0092150      .40017030    
 4.3478640      .49018790    
 4.8738560      .50976010    
 5.0205830      .44888900    
 5.0601210      .39121480    
 5.2921290      .51605620    
 5.2193450      .61778840    
 4.4212390      .68522150    
 4.4395740      .69811330    
 4.2664910      .65744920    
 4.1888290      .56552790    
 3.9935320      .46691110    
 3.6167490      .47281370    
 2.9895230      .48246500    
 1.9528640      .43914680    
 1.3780690      .43277190    
 1.2780220      .52814670    
 1.2126990      .57463180    
 1.1989380      .54568920    
 1.2722710      .44310000    
 1.5846490      .37070580    
 2.8239100      .43833040    
 3.4848030      .49613440    
 3.6591280      .55698870    
 3.6457390      .58909620    
 3.4910230      .59055200    
 3.1967880      .54712160    
 2.9954320      .46597660    
 3.0022380      .37850900    
 3.7845340      .40057400    
 5.0255840      .40332690    
 6.2369110      .33086420    
 6.4702690      .32396050    
 6.1904200      .39686970    
 6.1114320      .39465540    
 5.8204690      .32547070    
 5.2135650      .38677500    
 4.8026440      .41393040    
 4.6213350      .52447650    
 4.4025380      .65655470    
 4.4359060      .76555540    
 4.4146800      .84535060    
 4.4192780      .90193630    
 2.3501430      .55115040    
 2.0205850      .36815980    
 3.6383140      .34700290    
 4.4853330      .33664430    
 4.3858100      .38388310    
 4.4456680      .44729540    
 4.5082290      .44211800    
 4.6631630      .43196110    
 4.7160040      .50088910    
 4.8564420      .53273930    
 5.0125680      .51773680    
 4.9472840      .51955520    
 4.8356490      .58540620    
 4.6940390      .66505250    
 4.8147020      .72249450    
 4.5017710      .74096730    
 4.3651330      .71188010    
 4.1988920      .64664350    
 3.9983690      .57614050    
 3.8914020      .52786300    
 3.3642440      .49169080    
 2.8466710      .47235070    
 2.1369480      .49963560    
 1.7887320      .55727890    
 1.5510270      .58589510    
 1.4620180      .55541600    
 1.5336270      .47460380    
 1.7822570      .39477590    
 2.8636500      .36733450    
 3.4053220      .45004760    
 3.6177320      .55315600    
 3.5495800      .60693570    
 3.3584960      .60697200    
 2.8989410      .55790930    
 2.3819290      .47833520    
 2.5344690      .37016230    
 3.5914200      .41790840    
 4.8340070      .43423100    
 5.7060720      .39316900    
 5.9625600      .37095540    
 5.8343760      .36317890    
 5.4304150      .35008300    
 4.9000760      .37716370    
 4.4303930      .39339750    
 4.2192450      .46437910    
 3.9997690      .56370500    
 3.9358950      .67023270    
 3.9269560      .76121630    
 4.0313650      .83156530    
 3.9141810      .87809130    
 2.8927650      .59582230    
 3.1407220      .47836770    
 4.1603990      .41327870    
 4.8476700      .38647400    
 5.0447950      .40056990    
 5.3275160      .44862140    
 5.5528870      .47248800    
 5.5840440      .49354120    
 5.2925420      .53314180    
 5.1475150      .55860280    
 4.9256500      .56351080    
 4.7731610      .58111230    
 4.5230640      .63126420    
 4.3629290      .69743570    
 4.5485130      .75380180    
 4.8848720      .78095320    
 4.7493600      .76593980    
 4.3079630      .71552470    
 4.1544840      .64477470    
 4.4099500      .56009750    
 3.9573900      .46534750    
 3.6464420      .43568150    
 2.8775230      .51602480    
 2.4446850      .58445380    
 2.2282790      .60947780    
 2.1563900      .57929620    
 2.0813280      .50018120    
 2.2466900      .38239920    
 3.0248460      .34279630    
 3.8003670      .44603410    
 3.7944620      .55736740    
 3.5932280      .61298510    
 2.9266490      .60621660    
 2.3341010      .55209670    
 2.4043290      .48675050    
 2.7997700      .43706530    
 3.7179380      .44959120    
 4.3943690      .46822800    
 4.9563650      .45034900    
 5.0189050      .39010320    
 4.8849040      .32862740    
 4.3759010      .36408770    
 3.8903420      .37886070    
 3.4913440      .33516310    
 3.5976240      .47547120    
 3.4395800      .58615640    
 3.4556930      .67932580    
 3.5280490      .75036080    
 3.5756860      .79984750    
 3.7108570      .83817360    
 3.5825610      .68015450    
 3.9650570      .59220910    
 4.6092720      .51492770    
 5.1226270      .42926980    
 5.4527530      .35494730    
 6.1492550      .43365660    
 6.6359310      .44787450    
 6.5807290      .48323230    
 5.7999230      .53283190    
 5.3212570      .55163580    
 4.8993640      .55107970    
 4.7243050      .57127870    
 4.3721840      .62701360    
 4.0816760      .70345630    
 4.4405100      .76948600    
 4.3990540      .80500200    
 4.2820980      .80232690    
 4.5885290      .76411480    
 4.4868140      .69214430    
 4.4055090      .59164450    
 4.3393230      .46878700    
 4.0650870      .42334480    
 3.4151490      .53277070    
 3.0411410      .60839640    
 2.9040270      .63404080    
 2.9650870      .60419100    
 3.3739190      .52308060    
 3.7197460      .42108570    
 4.1764120      .40176450    
 4.2676880      .48961750    
 3.9423090      .57846870    
 3.6283100      .61780010    
 3.1347090      .59329360    
 2.5821150      .51165170    
 2.5484320      .43456780    
 3.0899120      .39299210    
 3.7304580      .41874750    
 4.3319350      .46831850    
 4.5274170      .47374470    
 4.2939450      .42024610    
 3.5771850      .36310890    
 3.2147050      .39444620    
 3.0347340      .38831040    
 2.9581900      .38879770    
 2.9025790      .49494610    
 3.0467050      .60316590    
 3.1302610      .68349080    
 3.1809520      .72957070    
 3.2933350      .75273980    
 3.3836560      .77544640    
 4.2072560      .76193020    
 4.6269040      .68871400    
 5.1870690      .61123470    
 5.7252750      .52791120    
 6.2990820      .47137500    
 7.0404560      .45225240    
 7.8034750      .37378710    
 7.2416060      .44537820    
 6.4511730      .51693780    
 5.7331970      .51600470    
 5.2343340      .47441880    
 4.6410040      .48890190    
 4.1505430      .57503560    
 3.8201550      .67813830    
 3.4446800      .76246950    
 4.0846110      .81304450    
 3.9918360      .82140910    
 3.9235300      .79026740    
 3.9119290      .72499620    
 4.2331970      .63530090    
 4.1967310      .55052110    
 3.9953600      .52572540    
 3.7425180      .57591030    
 3.4726100      .63297670    
 3.4998350      .65665470    
 3.7313990      .63046690    
 4.3393540      .55275600    
 4.9640100      .43132520    
 5.2885800      .40620020    
 5.0340450      .52651710    
 4.5096070      .60603360    
 4.1562310      .62740950    
 3.6273320      .58585570    
 3.2696790      .47608140    
 2.9482360      .33296940    
 3.6058930      .32851910    
 4.1786180      .34857710    
 4.7912360      .44595470    
 4.6153030      .49013770    
 3.8585980      .45943890    
 2.8357800      .38246440    
 2.7179810      .43263630    
 2.5259080      .41657300    
 2.6504410      .41664000    
 2.6966150      .53043470    
 2.8002610      .62082450    
 2.8662910      .67320950    
 2.9034300      .68832560    
 2.9474400      .68106400    
 3.0610950      .68356930    
 4.7384920      .83056430    
 5.2003970      .76861940    
 5.7616910      .70019340    
 6.3389700      .63165800    
 6.9370140      .57500240    
 7.4405790      .52749260    
 7.9317660      .47778760    
 7.5552220      .49693070    
 6.8581110      .52625610    
 6.3099290      .48897340    
 5.3815090      .37604250    
 4.3910790      .37031550    
 3.8930180      .50511210    
 3.6824590      .64036910    
 3.6442750      .74557430    
 3.4877140      .80553440    
 3.9071160      .81831470    
 3.8410080      .79595240    
 3.7920690      .73875650    
 3.7173490      .65906750    
 3.8781110      .58528320    
 3.7946710      .55817710    
 3.7839200      .59052260    
 3.7402050      .64371770    
 3.9475310      .67280340    
 4.5570580      .65983200    
 4.9959960      .60752630    
 5.4976870      .53856890    
 5.6422900      .52835050    
 5.3932930      .58771720    
 5.1122380      .63842670    
 4.6067410      .64883440    
 4.3839790      .60521880    
 4.2079570      .51874720    
 4.1827090      .43767060    
 4.8576740      .38401330    
 6.1074970      .33062610    
 5.8492110      .44240040    
 5.0417400      .52595300    
 4.1033810      .54280730    
 3.3252240      .51864430    
 2.8740230      .51836350    
 2.6787050      .51451120    
 2.5602970      .52764950    
 2.6471410      .58020550    
 2.7287340      .63229760    
 2.7708510      .65404520    
 2.7653270      .63530920    
 2.7381930      .58388760    
 2.8033650      .55311850    
 5.1037110      .88212250    
 5.5617570      .82714810    
 6.0952350      .76471360    
 6.6846060      .70183160    
 7.1516470      .64879740    
 7.6804780      .60279780    
 7.9611150      .57365790    
 7.6304670      .56758770    
 7.2888460      .55801890    
 6.6061350      .50910090    
 5.6049170      .42540820    
 4.4287550      .37800410    
 3.8888860      .48904450    
 3.4348510      .61542070    
 3.2184530      .71176480    
 3.1726050      .77728650    
 3.5776400      .80014090    
 3.5182870      .78620360    
 3.4694750      .73468230    
 3.2155040      .65109310    
 3.4973740      .55880320    
 3.4797470      .50908420    
 3.6901280      .55681790    
 3.8790820      .63194610    
 4.2586160      .67684890    
 4.6834450      .68017530    
 5.2082250      .65169640    
 5.6393570      .62066760    
 5.8530090      .61773980    
 5.7457250      .64507230    
 5.3658230      .67220040    
 5.1740430      .66514060    
 5.0609510      .62654160    
 5.0707550      .56149280    
 5.4825710      .50600480    
 5.9449490      .46248210    
 6.6865670      .43469020    
 6.3329940      .50597480    
 5.3656200      .59047280    
 4.7095640      .61921660    
 3.7950900      .61598960    
 3.3323460      .60110330    
 3.0952740      .58636280    
 2.7261190      .58304950    
 2.7889360      .60239480    
 2.8501850      .62577890    
 2.8732320      .62643310    
 2.8327520      .58809340    
 2.7748170      .50108590    
 2.6158020      .38278240    
 5.3519500      .91618110    
 5.8339570      .86361980    
 6.3829140      .80044930    
 6.8442180      .73603760    
 7.4058080      .67385800    
 7.8363530      .62915090    
 7.9803100      .60846420    
 7.8028990      .60252080    
 7.5284410      .58347980    
 6.8980580      .53343010    
 6.0356290      .47073360    
 5.0607070      .45551570    
 4.1639740      .51333360    
 3.3425890      .59622590    
 2.8923190      .67013600    
 2.8681520      .73178260    
 2.7206090      .76587170    
 3.1755820      .76607170    
 3.1512160      .72477750    
 3.0740930      .63976750    
 3.1325260      .51827080    
 3.0325010      .38167310    
 3.5841360      .51487890    
 3.9799480      .62159760    
 4.4685480      .67526160    
 4.9174210      .68104390    
 5.3459690      .66165840    
 5.8356070      .64449890    
 6.0951160      .64938630    
 5.9716150      .67223580    
 5.7995570      .68244140    
 5.5858280      .66206280    
 5.5126230      .60920850    
 5.6184590      .55069830    
 5.8701970      .51975300    
 6.1267810      .51853780    
 6.3506010      .54070020    
 6.1733990      .59784990    
 5.4552330      .65149560    
 4.7936800      .68015440    
 4.1425570      .67766590    
 3.8385890      .64900050    
 3.5336040      .60540090    
 3.0761910      .57187040    
 3.0773580      .57342100    
 3.1432610      .58978990    
 3.2402430      .58560590    
 3.2218880      .55733950    
 3.1752680      .50757490    
 3.0530030      .47926740    
 5.4646290      .93398590    
 5.8376150      .88137910    
 6.4201180      .81181200    
 7.0118400      .73058890    
 7.5491090      .64896430    
 7.9431410      .59190480    
 7.9140230      .58507930    
 8.0031850      .59871470    
 7.6818530      .58818780    
 7.1692020      .53212140    
 6.6037910      .44265420    
 5.5910680      .43457180    
 4.3572540      .50362720    
 3.3302890      .55893120    
 2.7019600      .60594080    
 2.5985520      .66458920    
 2.4158360      .71806340    
 2.3971430      .74222420    
 2.5423050      .72414510    
 2.8457230      .66077340    
 2.9787480      .56755710    
 3.1562040      .50363640    
 3.6415860      .56254580    
 4.0446000      .64031510    
 4.4930640      .67667100    
 4.8831170      .66454690    
 5.4898220      .62904720    
 5.8518360      .60803000    
 6.0906350      .62475190    
 6.1480050      .65722410    
 5.8440860      .66848500    
 5.7619600      .63832430    
 5.7695670      .56177280    
 5.8667500      .47053870    
 5.9304450      .46823790    
 5.9837240      .51847680    
 5.7325990      .58035460    
 5.6117980      .64708260    
 5.2929370      .70216970    
 4.7021270      .73029090    
 4.2741390      .71607430    
 3.9951330      .66384150    
 3.8987570      .58081890    
 3.4897450      .49499710    
 3.4995000      .49627830    
 3.6141750      .53131720    
 3.7862010      .52862640    
 3.7417440      .51691420    
 3.5808100      .53110520    
 3.5324880      .56965010    
 5.4894740      .94006560    
 5.8820060      .88531290    
 6.4372100      .80828230    
 6.8792920      .70902410    
 7.4657650      .59257860    
 7.7903580      .49510400    
 8.0471730      .51693580    
 7.9190740      .57694180    
 7.6259000      .58847060    
 7.2233800      .53675170    
 6.7542440      .42993110    
 5.7047650      .41755720    
 4.3117320      .48158650    
 3.1441270      .49854300    
 2.5119090      .50502820    
 2.2475730      .57779240    
 2.1791800      .66834280    
 2.2065630      .72375430    
 2.2762860      .73376580    
 2.7720320      .70610260    
 3.0062930      .66016950    
 3.2630330      .63409810    
 3.8619330      .65183200    
 4.3930280      .68127050    
 4.5361290      .68266340    
 5.0058240      .64055720    
 5.4919770      .56419280    
 5.9919670      .50649900    
 6.2654480      .55140840    
 6.2422410      .61645700    
 5.8916410      .64046580    
 5.7927480      .61139830    
 5.6615480      .52704660    
 5.8131980      .38756770    
 5.5832760      .40535750    
 5.4127970      .47717040    
 5.4009060      .57125300    
 5.3988220      .66242040    
 5.2667800      .72814240    
 4.5280480      .75452830    
 4.2112960      .73738010    
 3.9759230      .67645960    
 4.0405130      .56937960    
 4.0184010      .41242550    
 4.1506360      .43920780    
 4.1826280      .49143980    
 4.2805760      .45637420    
 4.3654610      .43339020    
 4.2743900      .52853930    
 4.2253670      .61800940    
 5.4957630      .94266000    
 5.8230310      .88823520    
 6.2595300      .80964510    
 6.7796770      .70520070    
 7.3222770      .57120110    
 7.8711240      .41031010    
 7.9449760      .48034540    
 7.7728400      .57394310    
 7.4574040      .60082700    
 6.9880520      .56828090    
 6.2955900      .50585490    
 5.2327280      .47019360    
 4.0197840      .46502960    
 3.0192690      .44437250    
 2.0226630      .35796230    
 2.0107270      .51359830    
 2.0603490      .64249390    
 2.3212260      .71785190    
 2.4828770      .74838630    
 2.6427500      .74630620    
 3.1504350      .73190590    
 3.4092490      .71879520    
 3.8411120      .71906080    
 4.3274070      .71932680    
 4.7212280      .69369390    
 5.1148090      .63153240    
 5.6979640      .52028570    
 6.1082020      .36136710    
 6.3298690      .49058210    
 6.3222330      .57646180    
 5.8373390      .60838890    
 5.6661860      .58821820    
 5.4256790      .52539340    
 5.1832470      .44330010    
 4.7838870      .38131960    
 4.6615420      .39306660    
 4.8232850      .53503240    
 4.7090940      .64774060    
 4.5623570      .72719650    
 4.4314940      .76153270    
 4.3840730      .74944520    
 4.1969980      .70251660    
 4.4638890      .61588650    
 4.7339990      .52794550    
 4.8458820      .51148660    
 5.0131050      .51411750    
 4.8624620      .46177190    
 4.8956720      .43637390    
 4.8124710      .54952630    
 4.7596730      .65266530    
 5.4888270      .94843480    
 5.7438810      .89920130    
 6.1027380      .82952360    
 6.6098000      .74013540    
 7.0868350      .63832140    
 7.4131290      .56030940    
 7.6002730      .56944230    
 7.4797850      .61411480    
 7.1760210      .62534070    
 6.6076660      .59319840    
 5.8714750      .53278020    
 4.8512390      .46465790    
 3.6945900      .41735450    
 2.9348190      .43986750    
 2.3177700      .46530650    
 2.3269830      .55507430    
 2.3709780      .65987870    
 2.4494190      .72980110    
 2.3163250      .75966660    
 2.8306550      .77085280    
 3.0024320      .76302820    
 3.3212960      .75617410    
 3.7482940      .75080290    
 4.3602750      .73805870    
 4.7897780      .70736800    
 5.2008970      .64693840    
 5.5425410      .55937330    
 5.9137900      .49083520    
 6.2139720      .50900100    
 6.1725160      .55135850    
 5.6736500      .56832530    
 5.3203560      .55031880    
 5.1032880      .51151880    
 4.6389930      .45670350    
 3.9992460      .36581720    
 3.8939190      .37857960    
 4.2786500      .52302210    
 4.0045610      .63556160    
 4.2210500      .70838420    
 4.4087650      .74759440    
 4.6608390      .74624620    
 5.1552140      .71601740    
 5.5517230      .66661430    
 5.6086830      .62018390    
 5.6260220      .59488510    
 5.6547060      .57576450    
 5.3286170      .54806340    
 5.1906100      .54526720    
 5.1548230      .59883980    
 5.1243160      .67602900    
 5.5283900      .95862200    
 5.7656290      .91785290    
 6.0479200      .86229320    
 6.4343480      .79648670    
 6.7135110      .73173950    
 6.9312520      .68562300    
 7.1399320      .67110930    
 7.0663200      .66985210    
 6.8216930      .64840300    
 6.4077910      .59433290    
 5.7716650      .51752820    
 4.7060490      .43492720    
 3.6212200      .36196590    
 3.0477110      .46753190    
 2.9080110      .55248760    
 2.6791040      .63015740    
 2.5498980      .69853320    
 2.3219300      .74388140    
 2.2154690      .76039580    
 2.7240980      .76478250    
 3.0726770      .75730100    
 3.4167620      .75207220    
 3.7631460      .74356480    
 4.2787270      .73344440    
 4.5917710      .70682050    
 5.1996180      .66425370    
 5.5731080      .60384790    
 5.8571880      .54707710    
 5.9867350      .51356390    
 5.7539270      .51147890    
 5.6158170      .51486420    
 5.1814480      .48528330    
 4.8360650      .46272550    
 4.4287620      .46460770    
 3.8606720      .43628690    
 3.7904050      .45895700    
 3.3683500      .54674080    
 3.4566780      .62323670    
 3.9984910      .67598710    
 4.3055390      .70444940    
 5.1145530      .71174980    
 5.8539960      .70317590    
 6.2174470      .68331390    
 6.3311850      .65725350    
 6.2529550      .63693140    
 6.2368370      .61689540    
 5.7904900      .59526710    
 5.3832450      .58769340    
 5.3674210      .61173870    
 5.3588180      .66791500    
 5.5660240      .96919550    
 5.7702200      .93669480    
 6.0238690      .89398340    
 6.3395310      .84640770    
 6.5861310      .80159250    
 6.7285970      .76684780    
 6.8548140      .74127670    
 6.9308920      .71440080    
 6.7392430      .66044970    
 6.2287910      .57384850    
 5.8752770      .46832340    
 5.2382850      .40858090    
 4.2848730      .44822210    
 3.5687800      .53435710    
 3.3133550      .62367470    
 2.8674880      .69161420    
 2.5076810      .73308440    
 2.7260710      .75773040    
 2.7341300      .74651120    
 2.8159770      .72052020    
 3.0963330      .70059480    
 3.4189000      .69620760    
 3.8134370      .69558350    
 4.2509340      .69020510    
 4.5585470      .67865800    
 4.9741540      .65804090    
 5.6754620      .61939760    
 5.9195330      .55329480    
 5.9892310      .46623110    
 5.7927360      .43641810    
 5.6759110      .46931650    
 5.4846580      .42333510    
 5.2578330      .39281330    
 4.8854600      .48765640    
 4.4798060      .52096140    
 3.6878170      .54092720    
 3.6046180      .56862210    
 3.6090460      .59470310    
 3.8457170      .61511330    
 4.7076730      .63023810    
 5.6524310      .64196750    
 6.4244560      .65031180    
 7.0092770      .64751410    
 7.1269770      .63599560    
 6.8534540      .62286390    
 6.6138890      .60710530    
 5.9570480      .58354360    
 5.3926840      .55720380    
 5.4752560      .55780880    
 5.4317200      .61151610    
 5.7079770      .97140300    
 5.9362290      .94481340    
 6.1341570      .91233530    
 6.5135890      .87684930    
 6.4212390      .84173570    
 6.7776960      .81365400    
 6.8540610      .77994080    
 6.7784690      .73258790    
 6.3124610      .65866770    
 6.1126870      .55083320    
 6.0156860      .42142110    
 5.6484980      .37052710    
 4.7850310      .48690100    
 4.2095470      .59434530    
 3.6956340      .68268920    
 3.0791810      .73741180    
 2.6701770      .75735950    
 2.9518700      .75335190    
 2.8857840      .70545580    
 2.9178520      .63997980    
 3.1002250      .59660190    
 3.3839740      .59965830    
 3.7684700      .60891030    
 4.2037210      .60810510    
 4.5579770      .61784380    
 4.9661970      .63195580    
 5.3407170      .62116940    
 5.8399480      .56553240    
 5.7779360      .46422140    
 5.8850000      .42511150    
 5.8377280      .48979600    
 5.7169690      .48844540    
 5.5312220      .49262480    
 5.3765380      .54514630    
 5.0900730      .57689870    
 4.2549160      .57930080    
 4.1372540      .55835560    
 4.2507030      .52959380    
 4.2027220      .52508270    
 4.6432040      .52467890    
 5.7313660      .53635850    
 7.0581070      .55957000    
 8.0243140      .56524950    
 8.0610570      .56212720    
 7.4947420      .55820450    
 6.9811440      .55440040    
 5.9979330      .52947570    
 5.4896470      .47160540    
 5.3111700      .43388240    
 5.4874180      .51399510    
 5.7468450      .96067300    
 5.9874990      .93341090    
 6.3266940      .90336220    
 6.6062340      .87210640    
 6.6556940      .84202710    
 6.2251670      .81624540    
 6.1922380      .78380550    
 6.1165580      .73518070    
 6.1197930      .65657530    
 5.9291760      .54018300    
 5.6332470      .40344910    
 5.4119850      .41143400    
 5.0566400      .53021260    
 4.6044700      .64321980    
 4.0364590      .72574270    
 3.5946150      .77221790    
 3.6230900      .78258930    
 3.3305130      .74356620    
 3.0232350      .66100750    
 2.9702180      .54261510    
 3.0619710      .44696760    
 3.2754110      .48810380    
 3.6754060      .50878640    
 4.1233370      .48952420    
 4.5540200      .52616960    
 4.9672200      .59643860    
 5.2471940      .62971680    
 5.5643230      .61586700    
 6.1454610      .57313820    
 5.9697570      .55650370    
 6.0531770      .57523480    
 6.0638160      .58497110    
 5.9973400      .59203370    
 6.0202670      .60978400    
 5.8644790      .61058260    
 5.6008500      .58840160    
 4.8962490      .52710370    
 4.8486600      .42712070    
 4.8408770      .42086540    
 4.5295710      .41552190    
 5.3795480      .41149020    
 7.7591900      .46601440    
 9.6574120      .46242590    
 9.3351700      .46245870    
 7.8512920      .44261600    
 6.4149180      .45687180    
 5.2585230      .46250690    
 4.9318980      .39776440    
 5.2429730      .30741500    
 5.2640370      .42375900    
 5.7806820      .93713890    
 6.0092080      .90259020    
 6.2324570      .86538980    
 6.4646330      .83029210    
 6.6241230      .80088090    
 6.4586660      .77700720    
 6.4340420      .75361370    
 5.9714000      .72172720    
 5.9011810      .65961080    
 5.8730190      .56450890    
 5.6497200      .45545510    
 5.5561590      .47384950    
 5.5525780      .58373310    
 5.1473050      .68430170    
 4.6435980      .75744780    
 4.5493390      .79832510    
 4.1096800      .79201420    
 3.6911400      .73888420    
 3.3072090      .63966760    
 2.9946570      .50258750    
 2.8524480      .38220170    
 3.0569440      .42394720    
 3.5322100      .43921790    
 4.1154300      .37526510    
 4.5878200      .46028280    
 4.9831490      .58508630    
 5.3410680      .65429560    
 5.6244490      .67544480    
 6.2923550      .66903050    
 6.2398130      .66208450    
 6.4533310      .66019070    
 6.4748430      .65442640    
 6.6638170      .64491610    
 6.9314100      .63560000    
 6.7503920      .61757790    
 6.4357890      .58569860    
 5.7080850      .52662950    
 5.7139430      .44029680    
 5.3934330      .43323880    
 5.1129740      .43275940    
 6.0556500      .42686960    
 8.4048300      .44105370    
 11.004940      .35744760    
 9.5438130      .38967620    
 7.1761020      .35699160    
 5.0731650      .37956580    
 3.7069230      .39578800    
 3.6070950      .36252280    
 4.3036740      .30576050    
 4.5491290      .35813620    
 5.7368100      .90223130    
 5.9198880      .85372190    
 6.0659580      .80133420    
 6.0489570      .75388220    
 6.0663320      .72060370    
 6.0819520      .70340510    
 6.3103100      .69530430    
 6.3113420      .68710130    
 6.2990640      .66082540    
 5.9201270      .61444480    
 6.0977790      .56802840    
 6.1436570      .57715830    
 6.0914340      .63851200    
 6.2016700      .71759170    
 5.6151460      .77792200    
 5.1631000      .80559750    
 4.6646470      .79536320    
 4.1550180      .73988190    
 3.6311270      .64250400    
 3.1405580      .51841800    
 2.5350590      .40643410    
 2.6552940      .38303260    
 3.4772540      .40472950    
 4.1728290      .43085530    
 4.6371710      .51090610    
 5.0444560      .61620970    
 5.4057400      .69057330    
 5.7244760      .72539480    
 6.2532320      .73522290    
 6.6596430      .72543790    
 7.2927350      .70484100    
 7.5571390      .68168110    
 7.7497810      .65134640    
 7.6050430      .61491910    
 7.4834100      .57851670    
 7.1302890      .55751510    
 6.4392870      .54485630    
 6.1799250      .53256210    
 5.9399480      .53241660    
 5.8789820      .53589320    
 6.7605080      .52935170    
 8.0061450      .50655120    
 8.9431820      .45787240    
 7.9220450      .42079380    
 5.6801520      .37005040    
 3.4506890      .35722790    
 1.7477450      .32491310    
 1.9247660      .34755030    
 2.5540650      .34900410    
 3.3112620      .41666700    
 5.6199730      .85924950    
 5.7547550      .79170530    
 5.8726150      .71522150    
 5.9754440      .64594530    
 5.8695460      .60375450    
 5.8971740      .59076620    
 5.9195700      .60675370    
 6.2001100      .63624880    
 6.3213960      .65189470    
 6.4882330      .64387640    
 6.8864020      .62701860    
 6.8198810      .62805260    
 6.9836570      .66284550    
 6.8716490      .71647240    
 6.3076610      .77009790    
 5.8487630      .80425560    
 5.2703060      .79166550    
 4.7329310      .74085100    
 4.2588860      .64878450    
 3.6102610      .53021440    
 2.8771720      .40620640    
 2.9138210      .36214130    
 3.9096600      .33394910    
 4.4134700      .45711920    
 4.8287250      .56980590    
 5.4666230      .66174680    
 5.8192520      .72638730    
 6.1736420      .76281160    
 6.6722840      .76573740    
 6.4868860      .74704990    
 7.0416020      .70821890    
 7.6008070      .66713920    
 7.9415240      .61625080    
 8.4918710      .54832430    
 8.4665040      .48289220    
 7.5779000      .48481460    
 7.0675530      .53775310    
 6.7907380      .57758930    
 6.3315070      .60719390    
 6.2210200      .61976520    
 6.7759020      .61283160    
 7.1224220      .58488700    
 7.2820420      .53036260    
 6.2673080      .45794020    
 4.6048430      .36504840    
 2.6428200      .37220280    
 1.5524160      .40157140    
 1.2480130      .39442030    
 1.6730390      .40813720    
 2.4495780      .47792090    
 5.4263310      .81361280    
 5.5046810      .72729300    
 5.6024270      .62109320    
 5.5814360      .51217960    
 5.6182630      .46478110    
 5.6465100      .44995470    
 5.6774390      .49057000    
 5.9702900      .57157280    
 6.2681400      .62604880    
 6.8077840      .64431590    
 7.0076450      .63318410    
 7.3910270      .61761920    
 7.6821640      .62713710    
 7.4450280      .67628130    
 7.0934590      .73548830    
 6.7285580      .78112690    
 5.9655330      .78128170    
 5.4154290      .73959570    
 4.9040460      .65406340    
 4.5011510      .53504490    
 4.2513570      .42233090    
 4.1523250      .40338560    
 4.3635340      .43662820    
 4.9398950      .52346520    
 5.2870090      .62367900    
 5.6190090      .70065980    
 5.5169750      .74612800    
 5.7986090      .76870270    
 5.9282060      .75918470    
 6.4582610      .72148730    
 7.0716770      .66629950    
 7.6003160      .61677520    
 8.1590890      .55919500    
 8.5391780      .46828470    
 8.7590070      .36330610    
 8.4442780      .39972980    
 7.4495840      .51609720    
 6.8138740      .59092740    
 6.4612510      .64140610    
 6.1834190      .66403590    
 6.2020240      .65934500    
 6.2599150      .63503970    
 6.1668610      .57309540    
 5.2825750      .48296770    
 4.2308420      .36243310    
 2.5892620      .40821310    
 1.7001150      .45975940    
 1.2678870      .45726780    
 1.4449830      .44223620    
 1.9178740      .47561540    
 5.1575580      .76815470    
 5.1127300      .67251340    
 5.0998770      .55001690    
 5.2019470      .40200690    
 5.1992380      .36763440    
 5.1827100      .36536310    
 5.2092090      .41581870    
 5.4705980      .52224940    
 5.9279300      .59847590    
 6.3945090      .63035760    
 7.0870830      .61172010    
 7.7934300      .55993210    
 8.2702860      .53439810    
 8.1892620      .59974060    
 7.8491890      .68651910    
 7.3349910      .75183080    
 6.8222420      .77112560    
 6.2592910      .73555800    
 5.7966670      .66123160    
 5.4654300      .54602750    
 5.4501150      .39943390    
 5.0079970      .43212520    
 4.9846600      .52012150    
 5.1640230      .59792130    
 5.3635810      .66908130    
 5.2609730      .71950080    
 5.4901510      .74485920    
 5.6847760      .74970980    
 6.0782530      .71696260    
 6.6220480      .65492300    
 7.1936510      .58050860    
 7.6329250      .53343510    
 7.9323730      .50902610    
 8.2943730      .43878420    
 8.5035090      .35613950    
 8.0500130      .42338430    
 7.2776800      .50167840    
 6.6335360      .57529660    
 6.3677690      .63299980    
 5.9598440      .65867680    
 5.7271310      .66107280    
 5.6757960      .64071640    
 5.4033480      .59371620    
 5.2357950      .52471500    
 3.9957560      .45881480    
 2.7720550      .47292060    
 2.0624570      .50298680    
 1.4486930      .48195480    
 1.3707200      .39433760    
 1.6508830      .39681800    
 4.7743820      .71959440    
 4.6087740      .62867800    
 4.4681310      .51707000    
 4.3675340      .39456280    
 4.2796240      .37510690    
 4.2355200      .39870140    
 4.3278380      .40293970    
 4.7878070      .48228790    
 5.4393140      .57670610    
 6.0756810      .61954430    
 6.9504500      .59424390    
 7.9094900      .50321770    
 8.8246630      .38398440    
 8.5354340      .53205540    
 8.3460430      .65074180    
 7.6652040      .72454710    
 7.1564150      .74956130    
 6.6550460      .73429550    
 6.1735540      .67928530    
 5.8269240      .59825750    
 5.5661850      .52593920    
 5.2647350      .53177320    
 5.1069300      .58889230    
 4.9484020      .64551380    
 5.0306740      .68855020    
 5.1762940      .71182420    
 5.7302330      .71772060    
 5.3247750      .70170260    
 5.5899630      .66200780    
 6.1299550      .58522610    
 6.7352760      .46863120    
 7.1937280      .42245250    
 7.2923650      .48068550    
 7.5399660      .48039610    
 7.5925130      .45411590    
 7.3416210      .44039600    
 6.7635110      .45997890    
 5.9045480      .53299730    
 5.2148920      .58840810    
 4.6302860      .60934900    
 5.0271540      .61460350    
 4.8123720      .60932760    
 5.2975920      .58388480    
 4.7344800      .54593020    
 3.6525310      .52704110    
 2.9075900      .53764960    
 2.3667910      .54654960    
 1.9049330      .50798910    
 1.7055990      .41023640    
 1.8405470      .36997270    
 4.3636680      .65691800    
 4.0577820      .58230880    
 3.7130930      .50366910    
 3.4127080      .40691750    
 3.2565520      .39507430    
 3.2755520      .41660960    
 3.4141700      .36836650    
 4.0653770      .47192300    
 4.7368540      .58210110    
 5.5539230      .63318600    
 6.4830380      .61593100    
 7.4286960      .54602310    
 8.1699700      .49195380    
 8.4005620      .55393880    
 8.2283000      .63764480    
 7.9378770      .69754270    
 7.2464920      .72771730    
 6.7577900      .72316550    
 6.2886870      .69334670    
 5.8380460      .64581480    
 5.4374170      .60745010    
 4.7599770      .60348420    
 4.7800740      .63151210    
 4.8027740      .66428690    
 4.8871160      .68064150    
 5.0187670      .67617340    
 5.0997510      .65389690    
 5.1871270      .63164960    
 5.1353570      .59824190    
 5.5423210      .53423370    
 5.9133310      .44539060    
 6.1615380      .42590420    
 6.2861900      .49629750    
 6.4168320      .52662550    
 6.4165690      .50878020    
 6.3389000      .43677370    
 6.0564660      .38408750    
 5.4167210      .49378100    
 4.8002630      .53034720    
 4.3675030      .51696060    
 4.9229720      .52339930    
 4.3297940      .54444540    
 4.7339540      .53215370    
 4.1733570      .50560950    
 3.8875150      .51986020    
 3.5402980      .56015430    
 2.6380950      .58361950    
 2.2743840      .57071750    
 2.1265350      .53011350    
 2.2646230      .53028100    
 3.9944010      .56615720    
 3.5654560      .51248220    
 3.0578190      .49136360    
 2.5556750      .45422140    
 2.2616350      .42949940    
 2.3843380      .44707650    
 2.7979310      .47937030    
 3.4557780      .54836320    
 4.0961120      .62682440    
 4.9512770      .66856530    
 5.7445410      .66391540    
 6.5621690      .62468180    
 7.2196900      .59402210    
 7.6643930      .60215360    
 7.8768910      .63081770    
 7.5529730      .66009450    
 7.1583640      .68408010    
 6.6897050      .69510790    
 6.2125330      .68414860    
 5.6537940      .65380520    
 5.1595950      .62318330    
 4.6565450      .61332860    
 4.5838100      .63093560    
 4.7128320      .65687470    
 4.8129580      .65401130    
 4.8623170      .61184870    
 4.9752170      .55323330    
 4.9913020      .53566040    
 4.7981560      .53221910    
 4.5943330      .49043600    
 4.5256780      .44504070    
 4.8645640      .46461830    
 5.0498890      .52550950    
 5.3029430      .56636430    
 5.2639850      .56621520    
 5.2717920      .52256910    
 5.0186820      .49455310    
 4.6408160      .51205790    
 4.3218170      .49064550    
 3.9273970      .40695200    
 3.6808500      .40772070    
 3.8807930      .47766540    
 4.0942860      .46695010    
 4.2756570      .39414130    
 3.9832270      .46326090    
 3.6116880      .55022980    
 3.2094670      .60749330    
 2.6364990      .63613050    
 2.5670440      .64394520    
 2.6932780      .66438950    
 3.7273100      .45361150    
 3.2213620      .41317100    
 2.6064900      .47079700    
 1.9369880      .45682140    
 1.3565720      .38067620    
 1.6444690      .45394190    
 2.2425070      .55214980    
 2.7389610      .62807340    
 3.4553450      .68746610    
 4.1418400      .71613220    
 4.9679070      .71070610    
 5.6765480      .67763390    
 6.3407580      .63756920    
 6.8193520      .61588420    
 7.3141080      .60167520    
 7.3343080      .59614840    
 6.9534450      .61180310    
 6.4707890      .64157830    
 5.8684520      .65112110    
 5.3080270      .62602840    
 4.7158920      .57955950    
 4.3494500      .56247260    
 4.2555950      .59411110    
 4.3188900      .62891720    
 4.3378650      .62281160    
 4.5028210      .55637550    
 4.6434500      .43080930    
 4.6389130      .43650270    
 4.3827750      .47768200    
 3.9005780      .43422870    
 3.0477440      .35181820    
 3.7065910      .43999130    
 4.2307440      .52807180    
 4.1239300      .59605000    
 4.2003850      .62357850    
 4.2860390      .61724800    
 4.1012830      .59649180    
 3.7843120      .56186670    
 3.3966330      .49453490    
 2.9418020      .39497780    
 2.8156640      .38077950    
 3.1835210      .44407540    
 3.6931880      .44821280    
 3.9408060      .40000410    
 3.7600980      .43910210    
 3.5601600      .53253330    
 3.4350990      .62161720    
 3.3418300      .68500020    
 3.0623370      .72884730    
 3.1703850      .76365960    
 3.5676940      .44148570    
 3.0513450      .42439880    
 2.4542710      .48472630    
 1.8224230      .49379920    
 1.3640880      .46220880    
 1.5196360      .52400270    
 2.0146970      .62306130    
 2.5777830      .69792990    
 2.9256120      .74359430    
 3.5705770      .76103470    
 4.1883440      .74244750    
 4.7913600      .69165890    
 5.4566130      .63529550    
 5.9477020      .58711600    
 6.4812600      .54396090    
 6.9686070      .49210090    
 6.8278990      .50556710    
 6.3063840      .57994030    
 5.6673160      .61407230    
 5.0584960      .58689550    
 4.5377690      .50535890    
 3.9238170      .44787680    
 3.7540200      .53700520    
 3.9004350      .60724560    
 3.9747580      .61753060    
 4.0607120      .56364800    
 4.2196280      .47581910    
 4.2810570      .46293830    
 4.2088070      .47260830    
 4.1214760      .41068570    
 4.0180820      .32988770    
 3.4085290      .41489510    
 3.4989690      .50969120    
 3.2859770      .60018530    
 3.3615670      .66532550    
 3.5092610      .68546200    
 3.4095490      .67094550    
 3.3159260      .61509310    
 2.9597220      .52767340    
 2.4227360      .40019370    
 2.4347450      .35164310    
 3.1210640      .42894300    
 3.4607270      .46287960    
 3.6720970      .43062440    
 3.5389190      .39205940    
 3.6979050      .50939830    
 3.7442450      .63125720    
 3.9010330      .71950440    
 3.8156810      .78378950    
 3.6460690      .83368310    
 3.5374800      .43050580    
 3.0679480      .45310050    
 2.5726940      .52632150    
 2.1053890      .56898040    
 1.7972280      .59104410    
 1.8089000      .63629410    
 2.0814240      .70122300    
 2.4690870      .75639060    
 2.6920880      .78671840    
 3.1769590      .78720400    
 3.7343130      .74661030    
 4.1127510      .67707470    
 4.5693410      .58986530    
 4.9976290      .52034030    
 5.6465590      .48276750    
 6.4266610      .41255870    
 6.6008500      .43390590    
 6.1384210      .55139600    
 5.5775930      .60038390    
 5.0547430      .57928930    
 4.4695820      .49824800    
 3.7790630      .43333990    
 3.5494760      .53373360    
 3.6134720      .60837410    
 3.9670870      .63083740    
 3.7612260      .60444290    
 3.8141250      .56044230    
 3.9157850      .52982680    
 4.0786500      .49732400    
 4.1996010      .43150740    
 3.9933450      .37525700    
 3.0371660      .37631880    
 3.0261170      .47068220    
 2.9351320      .59898760    
 3.0132800      .69499980    
 3.0715950      .73608540    
 3.0217650      .73155720    
 2.9876940      .67545250    
 2.8219100      .59124910    
 2.7720870      .47772620    
 3.2519370      .36446180    
 3.4018700      .44641030    
 3.6241540      .49402920    
 3.7959670      .47045140    
 3.7771120      .43142000    
 4.0314950      .53269480    
 4.2397320      .65217820    
 4.3392380      .74866360    
 4.4181320      .82264740    
 4.4420610      .87411950    
 3.6336770      .39963920    
 3.2543940      .47684290    
 2.8922670      .57815450    
 2.5402820      .64155310    
 2.3018420      .68124180    
 2.2975290      .71962590    
 2.3756780      .76193360    
 2.6687350      .79965590    
 2.7527960      .81296350    
 3.0433220      .79926380    
 3.4656260      .74342890    
 3.6274360      .65285470    
 3.8525810      .52579030    
 3.8791120      .40721060    
 4.7378550      .44839360    
 5.4564290      .47092630    
 5.9277730      .50766680    
 5.7850530      .57445990    
 5.4217800      .61430830    
 5.1381830      .60843730    
 4.7305050      .57179880    
 4.2617060      .55304150    
 3.7932220      .58655610    
 3.6118940      .62813200    
 3.7782030      .64443970    
 3.4531340      .62751890    
 3.3839780      .59180970    
 3.4747690      .55209030    
 3.7521920      .50439440    
 4.1155950      .43277460    
 3.9535060      .38416560    
 3.0551600      .38425980    
 3.0620970      .48067070    
 3.2835740      .61267310    
 3.2758330      .71479460    
 3.3438930      .76711620    
 3.3220770      .77584660    
 3.2601200      .73568760    
 3.3148980      .67387770    
 3.3292450      .59202770    
 3.4910770      .53092660    
 3.6567510      .53607830    
 3.9314820      .55210130    
 4.2438880      .54303370    
 4.4155750      .53982320    
 4.6009180      .59318890    
 4.7773590      .68125210    
 4.9331050      .76882770    
 4.9253930      .84337440    
 4.8441470      .90105820    
 3.8756530      .56567930    
 3.5417220      .58701550    
 3.2826780      .64979590    
 3.0684360      .69913280    
 2.9311520      .73158820    
 2.8259950      .76290970    
 2.8652850      .78944280    
 3.1702830      .81344700    
 2.9942500      .81881510    
 3.4075640      .79649660    
 3.5842160      .73893800    
 3.6655240      .64339040    
 3.6174900      .51856230    
 3.7133670      .41952230    
 4.3069380      .46455710    
 4.8835340      .51661240    
 5.4175220      .55735260    
 5.4630410      .59904960    
 5.3133910      .62877200    
 5.3792180      .63423790    
 5.0791390      .62103700    
 4.6528130      .60814300    
 4.0757420      .61578110    
 3.7224300      .63292100    
 3.9343070      .63529620    
 3.5900030      .61360340    
 2.8992440      .56874650    
 2.8974850      .52145060    
 3.2637670      .48727160    
 3.8682840      .42562160    
 4.2224100      .38441450    
 3.7941400      .46975850    
 3.9122730      .55266300    
 3.8474430      .65173530    
 4.1675970      .73291890    
 3.8813590      .79020150    
 3.8301270      .81127650    
 3.7885540      .79379090    
 3.6894020      .75161820    
 3.8556220      .69825490    
 3.7428070      .65144520    
 3.9405410      .62384020    
 4.2366430      .60286740    
 4.5480810      .58034670    
 4.9927910      .57306810    
 5.2454800      .61179200    
 5.3682930      .68600720    
 5.3969310      .77124700    
 5.3837790      .84618600    
 5.2470830      .90651750    
 4.1775730      .69984600    
 3.9127390      .69989040    
 3.6754700      .72145320    
 3.4936920      .74011430    
 3.4375300      .75062640    
 3.5043810      .76139500    
 3.5676470      .77635340    
 3.6770990      .79435110    
 3.4593470      .79824740    
 3.6850210      .77903650    
 3.8189810      .72723170    
 3.9160640      .64197260    
 4.1404660      .54100320    
 4.2259630      .47833280    
 4.4735990      .48972790    
 4.9038530      .52760820    
 5.1749040      .55609660    
 5.7118540      .58512860    
 5.8965410      .61546470    
 5.5333130      .63005410    
 5.3729960      .61970450    
 5.1158110      .59936540    
 4.5168180      .59155550    
 3.8949540      .59732620    
 3.8104390      .59580560    
 3.2543600      .57044170    
 2.4915280      .50800690    
 2.3096400      .43451880    
 2.8900190      .46456210    
 3.4305970      .48659580    
 4.1204990      .50313140    
 4.3004370      .54972460    
 4.4483500      .60676020    
 4.9354240      .67459460    
 4.9425800      .73669510    
 4.7735170      .79060290    
 4.4762450      .82142180    
 4.0239210      .82973520    
 4.2000960      .80661060    
 4.2254860      .76683440    
 4.1512490      .72235250    
 4.3423610      .67472390    
 4.5812280      .61932550    
 5.0102740      .56674240    
 5.4153240      .53352770    
 5.7027300      .56456740    
 5.8474200      .65110000    
 5.9050020      .74516060    
 5.7687480      .82654090    
 5.5160030      .89108840    
 4.4729840      .79841290    
 4.2870610      .78393290    
 4.1053970      .77450960    
 3.9676870      .75981260    
 3.9666180      .73796190    
 3.9985510      .71931050    
 4.0788640      .71938500    
 4.3322730      .74080660    
 4.1327770      .75582960    
 4.2793010      .74590990    
 4.3992640      .70649420    
 4.4352460      .63063190    
 4.6255740      .52688430    
 4.8453640      .43842600    
 4.9929630      .46428320    
 5.1721230      .50489750    
 5.4240240      .50446070    
 5.4990090      .51784410    
 5.7288310      .56683730    
 5.7772500      .59258840    
 5.7926370      .57537960    
 5.6330520      .52745680    
 5.1561720      .50360320    
 4.0855650      .52147840    
 3.4877930      .52807750    
 2.9751850      .52114740    
 2.4112390      .47767470    
 1.9717680      .40203030    
 2.5972950      .48478660    
 3.3745600      .55239190    
 4.3241640      .58604470    
 4.8410200      .60606170    
 5.2025000      .62406620    
 5.6108700      .65835740    
 5.8416730      .70487220    
 5.5208450      .76098060    
 5.0463490      .80838260    
 4.9320330      .82867600    
 4.6637230      .82514650    
 4.6896960      .79711340    
 4.3535030      .75146740    
 4.5055360      .68438890    
 4.7908420      .60140730    
 5.3061510      .51384010    
 6.0244750      .42737360    
 6.2573520      .47363280    
 6.1248760      .60128020    
 5.9882080      .70749890    
 5.8243430      .79188790    
 5.7226290      .85953020    
 4.7166430      .86657460    
 4.5186680      .84055680    
 4.3722180      .80785350    
 4.3391910      .76167800    
 4.3948230      .70045210    
 4.5312440      .64025760    
 4.6535330      .61743750    
 4.7993510      .65211530    
 4.6750800      .68934810    
 4.7596030      .70396700    
 4.9140130      .68133630    
 5.0400490      .62058410    
 5.1448390      .52206390    
 5.2196460      .39583300    
 5.1662350      .45354660    
 5.1189070      .48922180    
 5.2070420      .43331600    
 5.1796090      .41261640    
 5.2155790      .51299600    
 5.4931370      .54883170    
 5.6617890      .52627550    
 5.8179950      .44242190    
 5.5790530      .38374180    
 4.2854780      .44161650    
 3.2202940      .43475610    
 2.6213360      .48046410    
 2.3762960      .51583420    
 2.3200520      .53240110    
 2.7001570      .57681300    
 3.3305910      .62160380    
 4.3117030      .64031710    
 4.9540720      .62865720    
 5.5788390      .60340400    
 6.0329790      .59437320    
 6.2417760      .63444930    
 5.7937360      .70570520    
 5.7933960      .76656820    
 5.4865800      .80387190    
 5.3412540      .81015980    
 4.9420350      .79228740    
 4.8274580      .74549470    
 4.7159240      .66317430    
 4.8771880      .55883700    
 5.2416500      .45377760    
 5.9252700      .39672180    
 6.2540910      .45572350    
 6.1742250      .57390300    
 6.0363540      .66784890    
 5.9227870      .74479010    
 5.8183860      .81366750    
 4.8426350      .91121070    
 4.7215710      .87821170    
 4.6612550      .83038620    
 4.6751450      .76042410    
 4.7490990      .66287270    
 4.8637020      .54227260    
 4.9971290      .47044470    
 5.1613230      .55171230    
 5.1007970      .62457790    
 5.1765590      .65521190    
 5.3019530      .64893970    
 5.3426160      .61628230    
 5.3640530      .56608150    
 5.3169950      .52465770    
 5.0348450      .52989300    
 4.8574620      .53117870    
 4.8491800      .48236150    
 4.7775500      .46066020    
 4.7121090      .50030480    
 4.9075740      .50995440    
 5.0793770      .49651350    
 5.2537340      .46103790    
 4.9313790      .43981140    
 3.9811710      .44130220    
 2.8992070      .38012620    
 2.6882450      .49021720    
 2.5011160      .57956610    
 2.5473290      .63160590    
 2.6724160      .66887170    
 3.3599420      .69013300    
 4.1971560      .67574640    
 4.8945370      .62874800    
 5.6530970      .54880230    
 6.3153700      .47393470    
 6.2619800      .53243630    
 6.2931400      .63337240    
 5.9734170      .70549630    
 5.7752260      .74594070    
 5.4395270      .76493470    
 5.3101790      .75431560    
 4.9692080      .71478710    
 4.7943520      .63526330    
 4.7896040      .52086850    
 4.7449070      .36655690    
 5.4176510      .42371350    
 5.8439050      .49860200    
 6.0130910      .56542550    
 5.9710310      .62002720    
 5.9044660      .67958230    
 5.8616210      .75223320    
 4.9199640      .94128080    
 4.8684660      .90575090    
 4.8619590      .85205260    
 4.8867540      .77310340    
 4.9423690      .66331880    
 5.0584270      .52327800    
 5.1988560      .41967390    
 5.3646820      .51128830    
 5.4070710      .57713080    
 5.4922160      .59960430    
 5.5688470      .59716590    
 5.5825130      .59389020    
 5.4622860      .59673270    
 5.2528070      .60321610    
 4.7959680      .61008160    
 4.5049750      .60492300    
 4.2527520      .57535060    
 4.1848510      .54142180    
 4.0714420      .50540010    
 4.0680670      .45194010    
 4.1858700      .45785640    
 4.3223400      .50166240    
 4.1495280      .52648700    
 3.6666300      .53388770    
 3.1292100      .53901950    
 2.8850730      .59535220    
 2.6602160      .67001550    
 2.6650030      .72085920    
 2.8153950      .74660470    
 2.9311170      .73594050    
 3.4132670      .70003760    
 4.5348460      .63067360    
 5.0921530      .52226120    
 5.9822420      .39582430    
 6.0434050      .47318700    
 5.7983760      .57469980    
 5.7152170      .63581020    
 5.5902720      .66907290    
 5.5199940      .68902160    
 5.4277410      .69018070    
 5.1023570      .66274900    
 4.8607680      .60913280    
 4.8724590      .53145300    
 4.9234350      .46430480    
 5.2752820      .48434250    
 5.6665200      .52874780    
 5.9043960      .54615240    
 5.9927690      .54639240    
 5.9631940      .58612780    
 5.8464560      .67881850    
 4.9404240      .96274600    
 4.9161750      .93002930    
 4.9400690      .87943770    
 4.9732210      .80689700    
 5.0106980      .71233430    
 5.0947730      .60991390    
 5.2266020      .54473630    
 5.3736310      .54058530    
 5.5060640      .54370070    
 5.6588420      .52909640    
 5.8374200      .50810010    
 5.7641960      .53133430    
 5.4778680      .59023950    
 5.1206250      .63968100    
 4.7639160      .66614540    
 4.1116670      .66703360    
 3.7502250      .64102910    
 3.5721890      .59298180    
 3.2955780      .51947390    
 3.1309490      .40806400    
 3.3175020      .43772730    
 3.5403780      .54030660    
 3.6250440      .60265640    
 3.4499880      .63915940    
 3.2121510      .66943820    
 2.8746300      .71579130    
 2.9327810      .76571080    
 2.9754620      .79882260    
 2.8495100      .80584910    
 2.8091980      .77361080    
 3.0973120      .71899850    
 3.7674160      .63756500    
 4.2309600      .53802140    
 4.7193340      .47023150    
 5.0687200      .48646850    
 5.1321320      .53519510    
 5.2958090      .55682080    
 5.3229150      .56586110    
 5.3799660      .59199110    
 5.3751770      .60740630    
 5.2952340      .59330360    
 5.0839760      .56700060    
 4.9733850      .53396200    
 5.0950280      .51846100    
 5.2914620      .53416170    
 5.5418970      .54978040    
 5.8386780      .52504450    
 5.9443150      .44667810    
 5.9137770      .47344230    
 5.7716920      .62095280    
 4.9553860      .97737820    
 4.9311820      .95105590    
 4.9414580      .90942520    
 4.9559090      .85085620    
 4.9706480      .77682780    
 5.0121440      .69747620    
 5.0965200      .62810300    
 5.2270520      .56799260    
 5.3979210      .50155630    
 5.6424530      .44461050    
 6.0112020      .38385340    
 5.8391470      .44674720    
 5.3750130      .56722130    
 4.9170540      .65108600    
 4.4332070      .69571540    
 3.7276220      .70570530    
 3.6256660      .67935000    
 3.1928950      .62404940    
 2.8054390      .55410750    
 2.6171300      .49894090    
 2.7669410      .51909760    
 3.0426380      .59742980    
 3.2005360      .67172660    
 3.2577690      .72684210    
 3.0733540      .77199420    
 2.9795510      .81103400    
 2.9576370      .84522210    
 2.9794890      .85991390    
 2.8596990      .84062170    
 2.8349040      .79909160    
 2.7411010      .72755370    
 3.0791260      .63156820    
 3.1768500      .52253580    
 3.4048590      .44561710    
 3.8035350      .46303900    
 4.2552640      .49984950    
 4.6672030      .47861830    
 5.0434610      .43000810    
 5.2131960      .49262860    
 5.2709040      .51690510    
 5.3114450      .49849050    
 5.2763250      .48879470    
 5.1803680      .47974660    
 5.3131400      .49600750    
 5.4100490      .54173380    
 5.5523830      .56898130    
 5.7574930      .54704030    
 5.8163720      .47895740    
 5.7690070      .50173590    
 5.6379540      .63195440    
 4.9670300      .98681990    
 4.9390480      .96797840    
 4.9302230      .93709860    
 4.9185890      .89297320    
 4.9105700      .83569360    
 4.9072880      .76680890    
 4.9398850      .68794550    
 5.0013070      .59135030    
 5.0732600      .46108920    
 5.2694820      .36075760    
 5.5418210      .39279760    
 5.4321450      .44827870    
 5.0685610      .55662440    
 4.5799020      .65143260    
 4.0621820      .70940570    
 3.5277760      .72364830    
 3.1271110      .69428200    
 2.6276400      .62980340    
 2.1834270      .55875680    
 1.9624460      .52854480    
 2.2478790      .56609380    
 2.6089270      .64543970    
 2.9117910      .72700510    
 3.1402650      .79282290    
 3.1371090      .84340630    
 3.1027310      .87983660    
 3.0340670      .90185320    
 2.8449830      .89826340    
 2.6747070      .87001840    
 2.5934560      .81410600    
 2.4338710      .72818830    
 2.3077420      .61291100    
 2.1358560      .48026030    
 1.9602810      .35015680    
 2.6195200      .42699150    
 3.4223750      .49213990    
 4.1283760      .47367260    
 4.6775630      .41554990    
 4.9670590      .47007000    
 5.1865610      .46569280    
 5.3729390      .37785120    
 5.4254390      .40314860    
 5.3460480      .37272020    
 5.3982670      .42043010    
 5.4910870      .53092480    
 5.5212450      .59670130    
 5.5605190      .61289710    
 5.6576440      .60623590    
 5.6037610      .63167770    
 5.5026640      .70481510    
 4.9748290      .99347670    
 4.9406060      .98152410    
 4.9124630      .96038760    
 4.8796930      .92850780    
 4.8462750      .88380910    
 4.8106710      .82370250    
 4.7952420      .74475490    
 4.7746750      .64324640    
 4.7831130      .52210870    
 4.8503220      .43827140    
 4.8724260      .41871530    
 4.7582650      .43775140    
 4.5361780      .54512040    
 4.1893450      .65286210    
 3.7104840      .71923620    
 3.1677310      .73484860    
 2.6887350      .69819630    
 2.1360370      .61470140    
 1.5998440      .50867280    
 1.3963740      .47329370    
 1.7794380      .56288770    
 2.3236130      .67144980    
 2.7154870      .76563500    
 3.0823140      .83884720    
 3.2691510      .89163550    
 3.2854820      .92581710    
 3.2204330      .94007890    
 3.0013160      .92769160    
 2.7605160      .89072780    
 2.4504020      .82723280    
 2.1723510      .73330010    
 1.8323300      .60603580    
 1.4020350      .45333850    
 1.2605350      .37396480    
 1.9770310      .46172760    
 2.8444820      .53536520    
 3.6898780      .55339720    
 4.3016820      .54599300    
 4.7406160      .54459900    
 5.0879510      .51134940    
 5.3818100      .44358240    
 5.6065790      .42514110    
 5.8829650      .36115720    
 5.8143380      .41770180    
 5.5802270      .55453920    
 5.5216390      .64364260    
 5.4875240      .68956170    
 5.4780550      .71394190    
 5.4754270      .74305490    
 5.3889560      .78922370    
 4.9820340      .99766580    
 4.9451960      .99112380    
 4.8989800      .97755860    
 4.8488610      .95536640    
 4.7937210      .92143540    
 4.7444360      .87219430    
 4.6898040      .80439790    
 4.6239660      .71810530    
 4.5752900      .62301870    
 4.5323710      .53583380    
 4.3727920      .44525730    
 4.1518310      .39641960    
 4.1082010      .55189280    
 3.8628080      .66892460    
 3.4579810      .73748360    
 2.9436160      .75186030    
 2.4289780      .71131580    
 1.9056560      .61880680    
 1.3409480      .48249300    
 1.1088920      .42078120    
 1.6677000      .57118820    
 2.2307430      .69830820    
 2.7230660      .79788140    
 3.1662430      .87216000    
 3.4480970      .92389420    
 3.5200600      .95402740    
 3.4281050      .96226600    
 3.2494200      .94768840    
 2.9714380      .90892670    
 2.6150390      .84615620    
 2.2313140      .75663690    
 1.8190250      .63949700    
 1.3465180      .50914350    
 1.2415670      .45715120    
 1.8324630      .54125260    
 2.6013990      .61400050    
 3.4507830      .64920520    
 4.1076220      .65779180    
 4.6095310      .64909090    
 5.0159540      .61953750    
 5.3664320      .57873970    
 5.6678850      .54460730    
 5.9019920      .51823040    
 5.8661340      .55041790    
 5.6955430      .63515630    
 5.4795750      .71243910    
 5.4104370      .76549580    
 5.3986710      .80076210    
 5.3611940      .82998630    
 5.3080820      .86247390    
