E-type mean values
1
mean
      5.7097
      5.8244
      8.2717
     12.0426
      3.7937
      4.4777
      3.7424
      5.2642
      6.8519
      6.2490
      4.6705
      2.6196
      3.5258
      6.5282
      4.5760
      6.7787
      7.8101
      4.4996
      7.3616
      6.9365
      2.9677
      3.1572
      5.4218
      4.4735
      2.9711
      1.9457
      4.0802
      4.0354
      5.8182
      5.7506
      4.3918
      6.4020
      5.5048
      4.1756
      4.7875
      3.8931
      4.4269
      3.4724
      3.4263
      3.0811
      6.0393
      7.9860
      7.1319
      2.9865
      3.3741
      4.9981
      5.7451
      4.9264
      4.3167
      3.9879
      6.3261
      6.7170
      5.2419
      3.3642
      3.7012
      5.0073
      6.0490
      4.9246
      5.6637
      7.5309
      5.8953
      5.8674
      6.3534
      6.1231
      4.1296
      5.0355
      7.3446
      7.6409
      5.6994
      2.9683
      4.2405
      2.2710
      4.9065
      7.1938
      4.3759
      3.8418
      3.0768
      4.0669
      2.8529
      3.0237
      4.8615
      4.3926
      4.1655
      5.4972
      5.6890
      2.8592
      4.5185
      4.7910
      4.5439
      6.2859
      5.8353
      5.7008
      5.6809
      4.8353
      3.2153
      3.1884
      4.1977
      5.9044
      5.6252
      5.8724
