Smooth Results
2
Z-value
P-value
    0.0100  0.019012
    0.2119  0.018948
    0.4138  0.018978
    0.6158  0.018993
    0.8177  0.019067
    1.0196  0.019118
    1.2215  0.019286
    1.4234  0.019643
    1.6254  0.019990
    1.8273  0.020507
    2.0292  0.021046
    2.2311  0.021725
    2.4330  0.022479
    2.6349  0.023252
    2.8369  0.024118
    3.0388  0.024896
    3.2407  0.025829
    3.4426  0.026808
    3.6445  0.027673
    3.8465  0.028211
    4.0484  0.028708
    4.2503  0.029135
    4.4522  0.029277
    4.6541  0.029608
    4.8561  0.029387
    5.0580  0.028961
    5.2599  0.028590
    5.4618  0.027769
    5.6637  0.026885
    5.8657  0.025914
    6.0676  0.024684
    6.2695  0.023428
    6.4714  0.021972
    6.6733  0.020405
    6.8753  0.018962
    7.0772  0.017349
    7.2791  0.015768
    7.4810  0.014232
    7.6829  0.012719
    7.8848  0.011269
    8.0868  0.009946
    8.2887  0.008736
    8.4906  0.007663
    8.6925  0.006644
    8.8944  0.005728
    9.0964  0.005051
    9.2983  0.004397
    9.5002  0.003885
    9.7021  0.003484
    9.9040  0.003056
   10.1060  0.002783
   10.3079  0.002522
   10.5098  0.002355
   10.7117  0.002144
   10.9136  0.002029
   11.1156  0.001773
   11.3175  0.001680
   11.5194  0.001671
   11.7213  0.001405
   11.9232  0.001300
   12.1252  0.000941
   12.3271  0.001315
   12.5290  0.001223
   12.7309  0.001086
   12.9328  0.000570
   13.1347  0.001105
   13.3367  0.000819
   13.5386  0.000447
   13.7405  0.000523
   13.9424  0.000796
   14.1443  0.000570
   14.3463  0.000682
   14.5482  0.000641
   14.7501  0.000486
   14.9520  0.000478
   15.1539  0.000422
   15.3559  0.000656
   15.5578  0.000376
   15.7597  0.000379
   15.9616  0.000247
   16.1635  0.000269
   16.3655  0.000204
   16.5674  0.000521
   16.7693  0.000226
   16.9712  0.000224
   17.1731  0.000226
   17.3750  0.000117
   17.5770  0.000137
   17.7789  0.000103
   17.9808  0.000250
   18.1827  0.000141
   18.3846  0.000086
   18.5866  0.000158
   18.7885  0.000214
   18.9904  0.000082
   19.1923  0.000131
   19.3942  0.000047
   19.5962  0.000105
   19.7981  0.000055
   20.0000  0.000086
