IK3D Estimates with:Synthetic point data – 140 samples      
  5
Threshold:  1 =      1.00000
Threshold:  2 =      3.00000
Threshold:  3 =      5.00000
Threshold:  4 =      7.00000
Threshold:  5 =     10.00000
  0.1324  0.3657  0.5158  0.7101  0.8543
  0.1985  0.4012  0.4426  0.5482  0.8952
  0.1080  0.1367  0.2424  0.2727  0.7887
  0.0037  0.1618  0.1618  0.2049  0.2766
  0.0047  0.6074  0.7728  0.9259  0.9423
  0.0698  0.3926  0.4611  0.9170  0.9867
  0.0449  0.5296  0.8425  0.9060  0.9509
  0.0647  0.1537  0.3666  0.8988  0.9768
  0.1152  0.1889  0.2765  0.5169  0.8848
  0.1095  0.2285  0.3381  0.6661  0.8905
  0.1456  0.6088  0.6256  0.7640  0.8820
  0.1189  0.8974  0.8974  0.9163  0.9717
  0.1127  0.5312  0.7800  0.8731  1.0000
  0.3444  0.3456  0.4106  0.5109  0.7946
  0.1118  0.1141  0.6996  0.8539  1.0000
  0.1619  0.1797  0.2512  0.7813  0.7946
  0.0051  0.3962  0.5790  0.5790  0.5826
  0.0053  0.3335  0.4368  0.9895  0.9947
  0.0189  0.1264  0.1453  0.2759  0.9811
  0.0400  0.0400  0.0400  0.6674  0.9500
  0.4727  0.7309  0.7339  0.9229  0.9370
  0.0000  0.4692  0.9563  0.9948  0.9970
  0.0000  0.0358  0.6490  0.6906  0.9945
  0.1861  0.2146  0.7252  0.8023  0.9787
  0.4111  0.4214  0.8561  0.9616  0.9923
  0.8141  0.8350  0.8954  0.9189  0.9346
  0.1511  0.1511  0.8029  0.9700  0.9788
  0.0016  0.2202  0.8014  0.9689  0.9984
  0.0000  0.0905  0.0905  0.9283  1.0000
  0.0403  0.0991  0.2271  0.9194  0.9597
  0.3806  0.3966  0.5874  0.8227  0.9249
  0.0044  0.0121  0.4304  0.4917  0.9942
  0.0042  0.0098  0.4115  0.8607  0.9958
  0.0293  0.2402  0.7437  0.9787  0.9787
  0.0194  0.3197  0.4037  0.9538  0.9769
  0.2797  0.4237  0.4237  1.0000  1.0000
  0.0526  0.2899  0.5282  0.9745  0.9873
  0.0035  0.5168  0.8845  0.8891  0.9965
  0.0070  0.7186  0.7292  0.8829  0.9930
  0.0141  0.5918  0.9360  0.9718  0.9859
  0.1426  0.2967  0.4433  0.6067  0.8845
  0.0245  0.0448  0.1064  0.1320  0.9755
  0.0000  0.1338  0.1959  0.2835  1.0000
  0.0308  0.8113  0.8955  0.8997  0.9692
  0.0000  0.6754  0.8664  0.9203  0.9602
  0.0128  0.2971  0.3629  0.9413  0.9707
  0.0014  0.0550  0.0729  0.9972  0.9986
  0.0106  0.2052  0.5655  0.8340  0.9894
  0.0158  0.2825  0.8088  0.8299  0.9842
  0.0099  0.1198  0.9588  0.9620  0.9901
  0.1256  0.2930  0.3202  0.6298  0.8744
  0.0527  0.0916  0.1714  0.6079  0.9473
  0.0094  0.0973  0.4135  0.9133  0.9906
  0.0343  0.5079  0.8586  0.9843  0.9843
  0.0967  0.2760  0.9499  0.9499  0.9732
  0.0128  0.0479  0.5892  0.9473  0.9737
  0.0153  0.0580  0.0640  0.9116  0.9847
  0.0027  0.2976  0.3914  0.8795  0.9973
  0.0056  0.4871  0.5921  0.7481  0.8155
  0.0493  0.0825  0.3355  0.4420  0.8391
  0.0228  0.1370  0.3901  0.8288  0.9144
  0.0000  0.0130  0.1691  0.9620  0.9790
  0.0092  0.0092  0.3725  0.5950  0.9815
  0.1390  0.1837  0.3146  0.5552  0.9665
  0.2901  0.3236  0.4781  0.9670  0.9861
  0.0176  0.0442  0.6803  0.8476  0.9801
  0.0422  0.0727  0.1418  0.3239  0.9772
  0.0032  0.0305  0.0544  0.2765  0.9968
  0.0000  0.1634  0.6187  0.8594  0.8594
  0.3157  0.3229  0.9819  0.9891  0.9943
  0.0434  0.0752  0.9080  0.9523  0.9762
  0.5640  0.5843  0.9523  0.9612  0.9847
  0.1300  0.4161  0.6113  0.6113  0.9719
  0.0012  0.1953  0.2176  0.2491  0.9776
  0.0104  0.5203  0.5717  0.8291  0.9769
  0.0688  0.2695  0.8678  0.9606  0.9813
  0.5769  0.5780  0.6448  0.8434  0.9992
  0.3793  0.3900  0.4538  0.8905  0.9920
  0.3250  0.3550  0.9747  0.9994  0.9994
  0.0570  0.5790  0.9499  0.9699  0.9850
  0.0803  0.1623  0.7002  0.8770  0.9385
  0.3110  0.4096  0.4512  0.8990  0.9495
  0.1024  0.4878  0.4953  0.9677  0.9677
  0.0038  0.2627  0.2666  0.7789  0.9962
  0.0000  0.3582  0.3637  0.5546  0.9945
  0.3395  0.6769  0.8026  0.8690  1.0000
  0.3512  0.3568  0.3568  0.8355  0.9898
  0.3341  0.3847  0.5406  0.6415  0.9620
  0.1436  0.2433  0.7094  0.8201  0.9667
  0.0019  0.2812  0.3667  0.4416  0.9711
  0.1041  0.2688  0.4454  0.7530  0.8765
  0.0369  0.1120  0.3038  0.8977  0.9489
  0.0084  0.0084  0.1972  0.9812  0.9906
  0.1469  0.2341  0.2899  0.9818  0.9909
  0.1044  0.7729  0.7880  0.8386  0.9849
  0.1872  0.7795  0.8281  0.8523  0.9515
  0.2880  0.6094  0.6401  0.6401  0.9644
  0.0350  0.2649  0.2705  0.6358  0.9813
  0.0061  0.0061  0.3392  0.8981  0.9879
  0.0063  0.0063  0.4077  0.7452  0.9874
