PFSIM outputGaussian realization                    
1
value
      6.2026
      5.3748
      4.7911
      5.9390
      5.7269
      7.6872
      6.3502
      3.6801
      7.1510
      6.1152
      6.2863
      6.5054
      7.9044
      6.4455
      7.7075
      6.4090
      1.4108
      3.9358
      7.5633
      8.0115
      5.3481
      6.4894
      7.0367
      7.4879
      4.5412
      4.2947
      6.5910
      4.2680
      6.6452
      7.1341
      8.7709
      3.3201
      7.3367
      6.3782
      4.7179
      8.9814
      7.2974
      5.0701
      7.8171
      5.4508
      4.8733
      2.2536
      4.1117
      7.6992
      6.4296
      8.0636
      6.1918
      8.3041
      7.8261
      9.5628
      9.2227
      4.0961
      5.4748
      7.5159
      1.0888
      6.8970
      5.6332
      9.6578
      5.4622
      5.0409
      5.7447
      5.7739
      7.4523
     11.4737
      8.4158
      5.7650
      8.8408
      7.9253
      9.3693
      5.4016
      4.1884
      6.5893
      4.5881
      2.4543
      5.7616
      9.6401
      4.4359
      6.1949
      3.7551
      6.5968
      9.1932
      7.8375
      6.2635
      7.0420
      6.6404
      8.3115
      3.3314
      6.1960
      7.3559
      5.0463
      4.9826
      5.9405
      4.8901
      6.6991
      7.0448
      5.4068
      5.9675
      3.3279
      5.4532
     10.7664
      9.7618
      7.3846
      5.4575
      4.9675
      2.1507
      6.3964
      5.1017
     12.0363
      2.6257
      7.1266
      8.5598
      2.1543
      7.4915
      2.7913
     10.5380
      6.4864
      3.8925
      6.7603
      6.3432
      2.9543
      4.9532
      1.4484
      7.2543
      6.4128
      4.4937
      3.8800
      8.0266
     12.3290
      7.4491
      7.1815
      8.1205
      4.5451
      7.6240
      0.7280
      5.9900
      6.9664
      2.7868
      7.4742
      8.1245
      6.9986
      5.4730
      5.1166
      1.3842
      6.8931
      3.9717
     10.4507
      4.0627
      5.0293
      4.8248
      8.7218
      7.2742
      7.0320
      6.6383
      5.6412
      6.5015
      6.5812
      5.2133
      5.7900
      3.3147
      8.8673
      8.7082
      6.5565
     10.0017
      3.6737
      6.6877
      6.9550
      6.1486
      8.1611
      7.7409
      3.4275
      6.8547
      7.7706
      5.3855
      8.0635
      4.9962
      9.0601
      6.7140
      7.9266
      6.7247
      6.9226
      5.2059
      3.9965
      3.7643
      7.0946
     10.2756
      3.1925
      5.6805
      5.4820
      5.2956
      4.8666
      5.5836
      4.3920
      4.4741
      7.6789
      8.0163
      8.7743
      5.7493
      7.9114
      3.5702
      4.5090
      5.7068
      1.1120
      6.8103
      9.2567
      5.3438
      6.7916
      5.2109
      5.7887
      6.4151
      7.0551
      4.3650
      8.5792
      3.7743
      6.4846
      5.0339
      8.8300
      7.7989
      6.2680
      7.3720
      1.8810
      2.3689
      1.9065
      8.0110
      5.3726
      7.0967
      8.0729
      5.4799
      6.7707
      6.2404
      4.4440
      6.7912
      6.9080
      4.8128
      5.9179
      6.0520
      4.2412
      4.8831
      2.6227
      3.0363
      7.3074
      5.3064
      4.1222
      8.0399
      4.1454
      4.0327
      5.4839
      4.6104
      4.5778
      4.7393
      5.8421
      5.2754
      5.2914
      8.7083
      7.8215
      7.9989
      6.1103
      6.3852
      5.0794
      6.2958
      8.3127
      7.7680
      3.6177
      4.0187
      7.3858
      6.9754
      8.1750
      4.3387
      4.1053
      8.4099
      6.4842
      7.2432
      6.7026
      6.1903
      7.6018
      5.1744
      4.9378
      9.5063
      7.1455
      9.6420
      5.3929
      4.1682
      3.8440
      7.8048
      9.3358
      3.3127
      5.7207
      4.7496
      4.8951
      4.0852
      3.0212
      7.2916
      6.3060
      6.4869
      4.1173
      6.3252
      5.8825
      6.5424
      4.1043
      4.5318
     10.8865
      9.4054
      2.2470
      4.9146
      2.7514
      6.2565
      4.5002
      4.4898
      3.4048
      5.5060
      6.0456
      5.7618
      6.3170
      1.8679
      7.0619
      2.0663
      8.8087
      6.2357
      5.5292
      5.7853
      4.2190
      9.3291
      5.3387
      6.7561
      7.6573
      4.2026
      6.2614
      7.5381
      6.1519
      9.1981
      7.0811
      4.7325
      6.7666
      5.3671
      6.8725
      3.4036
      2.8115
      7.4642
      4.2521
      5.0066
      7.5510
      4.6943
      6.4771
      8.0195
      3.7947
      6.1447
      5.7337
      3.3637
      5.9039
      2.8310
      3.7740
      2.8169
      7.1291
      6.3989
      5.5534
      6.7700
      4.8172
      8.6557
      5.9932
      7.5958
      5.5434
     10.3564
      7.0096
     13.0150
      5.0949
      9.1809
      3.3094
      7.5420
      2.6672
      6.0558
      6.2193
      3.5389
      4.2562
      4.1339
      6.7552
      4.7628
      3.6873
      4.4242
      8.2264
      4.4444
      7.2923
      6.0097
      6.6675
      1.6444
      2.9582
     11.5235
      4.4668
      7.9248
      4.2355
     11.0559
      4.0778
      6.1700
      4.9962
      7.1666
      7.1042
      3.6439
      8.7557
      8.0801
      5.4993
      2.6533
      2.0200
      5.2318
     -1.0808
      5.8584
      3.2480
      3.4643
      3.4326
      6.7368
      4.1437
      5.2255
      5.3204
      6.7180
      3.4447
      7.9042
      8.3465
      2.3640
      8.0401
      3.6523
      5.0994
      5.0750
      0.6459
      5.8785
      3.3127
      7.6006
      4.0982
      5.0974
      6.1576
      8.1290
     11.2528
      5.0366
      7.3920
      7.2611
      3.5221
     10.6470
      5.5376
      7.9395
      3.3063
      7.3994
      7.5874
      8.0626
      8.4774
      6.2285
     10.5823
      8.7241
      7.9850
      5.6531
      3.9683
      6.9706
      7.8777
      4.3232
      2.6861
      8.0941
      9.7816
      5.9923
      4.0030
      8.7602
      1.7141
      5.3256
      3.8949
      3.2742
      4.4220
      3.1906
      2.6637
      4.4612
      4.3607
      5.6659
      4.4079
      5.5724
      1.4013
      1.0368
      6.8689
      6.5985
      6.3089
      4.5879
      6.0832
     10.0996
      4.4055
      8.9254
      3.2982
      9.1919
      4.2350
      3.7910
      7.3602
      7.4820
      9.9254
      1.3462
      5.5240
      7.0815
      5.4469
      9.5068
      5.5387
     10.7551
      8.4507
      3.7721
      8.4137
      6.0064
      4.7973
      4.2466
      6.4254
      5.7239
      9.8027
      7.7568
      0.6086
      4.1231
      7.5709
      6.8455
      4.0684
      4.9142
      5.4372
      9.2055
      8.8158
      7.5540
      6.5625
     10.1882
     10.2083
      6.1973
      6.6560
      6.2674
     10.0683
      6.0435
      6.9152
      5.7410
      5.1456
      5.9343
      7.5930
      5.8437
      5.8644
      3.5937
      7.0189
      4.7879
      4.9109
      6.5093
      8.8354
      7.0099
      3.3988
      2.9533
      3.5401
      5.1510
      4.2617
      3.9104
      6.1033
      3.6507
      4.7007
      5.2614
      2.7432
      5.6422
      6.1571
      5.8720
      8.5498
      6.5171
      2.8171
      5.4977
      3.7958
      5.2611
      4.3554
      4.5779
      5.1966
      4.7701
      9.6082
      3.8505
      2.4986
      8.2402
      7.3195
      4.8667
      8.4949
      5.9494
      5.4711
      5.3669
      7.4087
      5.8221
      6.0407
      6.2048
      4.9126
      4.7273
      6.2583
      5.6872
      8.8951
      4.3828
      4.2933
      4.8417
      6.7649
      4.7413
      4.3543
      6.0261
      4.0921
      6.9451
      7.1995
      6.1545
      9.5707
      7.6628
      5.3850
      7.4829
      8.8033
      5.4651
      8.5556
      3.0280
      5.1084
      6.0579
      4.5973
      3.3771
      6.9484
      7.4045
      3.1169
      4.0629
      5.4337
      7.2627
      9.0496
      7.5036
      4.8153
      7.0040
      7.5177
      2.8916
      4.5931
      5.9466
      5.8551
      2.0023
      2.7212
      2.2400
      4.8387
      7.9535
      5.7972
      8.5203
      5.7818
     10.1901
     10.8424
      7.9805
      3.7038
      2.5644
      6.9607
      6.4461
      6.4077
      6.5669
      8.4142
      4.1043
      4.2839
      7.3295
      4.0490
      6.4984
      5.0955
      5.0272
      5.8874
      5.9364
      5.2605
      4.7881
      8.6206
      5.3602
      7.8999
      8.7253
      4.2339
      6.7434
      4.0407
      6.2985
      7.2075
      5.0586
      3.9929
      3.9554
      5.9058
      8.0494
      5.2983
      9.1431
      8.3852
      7.5239
      7.2704
      5.1668
      6.1963
      6.7142
      5.8090
      3.6338
      5.2850
      4.5573
      5.1761
      4.1859
      6.2680
      6.8822
     10.5083
      4.9143
      5.0829
      9.0958
      5.6925
      6.5151
      7.7278
      9.3998
      7.1046
      5.2092
      7.7468
      2.3682
      5.9048
      6.1759
      7.4581
      6.8190
      5.1692
      9.6026
      3.9535
      6.7670
      6.8772
      8.1001
      5.4654
      7.6696
      6.6925
      5.5767
      7.9412
      5.0307
      4.0073
      5.2879
      8.6482
      8.7927
      6.0176
      3.1014
      5.9918
      5.4123
      7.6264
      3.6363
      8.4493
      5.1672
      1.4552
      5.9660
      5.5641
      4.7201
      5.6307
      6.6619
      1.9476
      8.9042
      3.1322
      3.5736
      8.9813
      4.5583
      6.8560
     11.3461
     -0.5944
      3.7872
      6.6487
      4.3567
      6.7469
      6.6913
      8.6491
      6.6412
      9.1420
      2.1032
      3.2835
      6.2457
      3.3536
      4.9004
      9.4602
      4.4636
      3.9591
      6.0997
      6.9389
      7.8120
     10.8216
      7.7137
      3.9398
      2.9689
      7.3879
      6.7492
     10.4924
      5.6609
      2.8107
      3.0566
      4.4499
      3.1596
      3.8097
      6.4484
      6.0712
      4.2508
      5.1671
      0.7491
      5.8201
      4.2188
      7.5901
      7.4954
      8.7720
      6.8478
      6.4705
      2.3116
      7.6283
      7.8285
      6.4218
      7.0232
      9.5469
      7.9726
      3.8272
      3.4698
      8.1547
     10.0827
      2.4255
      6.3305
      8.3975
      3.4719
      3.5506
      6.3112
      9.1901
      2.3155
      5.9768
      5.8262
      5.1393
      4.0969
      9.3030
      6.7299
      4.0833
      5.2234
      5.0448
      7.2188
      4.1930
      2.6964
      2.7906
      6.1949
      3.5269
      3.1754
      2.8294
      2.8864
      6.3766
      1.5479
      5.1322
      5.8959
      4.7300
      6.7139
      6.1953
      4.7028
      7.0751
      5.1925
      5.3615
      5.5021
      8.5149
      3.8004
      7.8636
      7.9283
      4.0285
      5.5880
      2.7509
      6.4408
      8.0732
      7.1356
      5.2904
      2.4584
      4.1329
      2.7210
      2.5433
      4.5999
      3.7791
      5.0287
      4.7062
      1.9067
      6.0085
      6.3103
      7.5698
      6.8321
      8.6152
      7.1395
      5.3820
      6.7693
      4.6707
      4.1397
      4.9490
     11.0401
      5.5200
      3.6980
      2.8093
      4.9578
      3.4739
      7.7491
      6.2374
      5.4882
      1.8853
      5.7648
      3.2392
      4.6951
      3.4600
      6.5115
      5.3412
      6.8075
      7.5295
      8.4477
      4.4407
      8.6842
      5.4716
      7.2582
      5.8540
      3.5874
      9.3746
      5.6366
      5.7395
      3.7899
      4.3290
      7.0940
      7.5992
      6.7604
      8.1239
      6.4405
      8.5045
      6.1224
      4.7121
      9.8034
      9.4810
      5.9069
      5.6578
      4.6869
      4.4153
      0.6454
      6.1875
      3.0931
      7.7644
      3.6834
      8.7637
      5.2772
      6.0213
      0.9016
      3.3260
      7.4594
      8.9756
      5.9482
      5.7677
      3.8014
      4.2891
      6.8536
      7.2434
     11.1170
      3.9618
     10.2309
     10.0650
      8.3881
      9.7739
      4.3568
      2.8595
      8.9300
      4.8839
      7.2697
      4.7724
      6.5742
      5.9595
      5.4437
      7.9105
      6.8861
      7.6117
      6.8484
      5.1152
      6.5667
      5.3518
      5.8416
      8.7311
      4.8435
      7.6699
      3.7827
      7.5650
      5.5228
      7.1997
      4.4782
      7.0535
      5.0124
      3.5685
      2.7873
      5.5673
      6.7440
      7.0885
      3.3306
      9.3403
      8.4500
      2.9835
      7.2976
      5.8963
      7.6247
      8.7818
      6.6112
      4.3310
      8.2925
      7.0947
      3.8270
      5.1159
      7.7028
     12.7165
      6.5866
      6.8355
      2.8522
      5.8155
      4.6647
      8.3734
      8.2654
      4.7959
      3.7713
      3.9878
      8.3164
      2.5028
      6.9448
      8.3474
      4.9836
      2.2710
      6.0330
      6.1079
      5.0966
      6.8045
      5.5525
      7.1462
      6.5439
      3.5888
      8.8718
      3.8658
      6.5249
      7.9890
      5.2856
      4.9363
      3.9090
      6.4380
      7.0347
      6.3118
     11.0256
      8.4671
      3.9018
      1.5452
      8.0978
      6.8928
      4.0854
      4.8274
      1.6206
      5.3720
      6.7596
      0.9123
      5.4098
      5.6654
      2.8850
      5.9831
      5.9862
      7.1237
      2.7966
      8.8170
      5.2524
      2.0340
      5.2546
     11.1313
      6.0042
      7.4628
      6.4297
      9.1019
      2.9560
      4.2203
      4.1358
      2.8610
     10.0284
      1.8761
      6.9543
      3.6995
      7.1652
      5.2305
      4.1483
      6.1421
      2.5654
      3.5878
      4.9939
      7.3331
      4.8001
      8.6180
      7.6869
      2.5117
      2.6087
      5.8842
      7.7962
      3.5086
      2.9555
      5.7212
      8.1782
      3.2475
      4.3119
      3.3921
      8.2370
      9.3680
      6.0947
     10.3253
      3.4349
      6.5173
      8.0666
      7.5623
      6.8773
      5.3141
      4.1888
      6.7871
      3.6309
      2.9868
      5.5489
      4.4135
      5.6347
      8.1260
      2.8632
      2.6821
      8.7494
      7.6714
      8.6460
      6.3138
     10.7590
      7.3451
     11.6791
      3.2193
      3.2633
      5.5938
      7.9102
      7.3565
      1.7871
      4.8737
     10.0104
      5.3199
      5.9607
      2.7633
      3.4779
      7.2239
      6.3280
      4.7977
      4.7448
      7.6206
      4.5679
      7.4422
      6.2082
      6.0089
      5.0366
      6.2145
      5.7603
      4.9832
      5.6846
      8.1141
      4.4047
      7.5528
      8.3834
      5.3945
      4.8861
     10.9547
      9.6993
      3.9754
      4.9984
      5.8762
      7.7050
      4.1232
      7.5887
      5.7788
      4.5499
      6.9736
      8.0241
      2.4846
      5.9955
      6.8773
      6.8660
      4.0402
      6.9900
     10.8426
      6.0664
      2.7984
      6.0614
      6.3290
      7.0320
      3.8993
      5.0911
      8.3161
      5.3704
      6.7389
      7.0718
      5.3163
      4.3596
      4.3671
      5.8490
      7.9471
      3.9214
      8.7500
      3.0329
      4.0095
      3.6724
      8.6582
      4.9598
      4.8913
      8.9894
      3.9062
      8.5870
      7.0577
      2.7989
      3.6172
      5.0426
      5.9413
      4.1774
      7.8869
      0.9732
     10.7452
      6.4650
      5.6669
      2.9632
      2.9657
      5.2257
      6.1290
      7.6692
      5.1785
      8.0048
      6.9551
      1.5509
      6.4033
      7.0963
      5.9708
      4.3313
      3.9529
      5.2406
      5.5268
      7.6007
      6.3958
      4.1879
      4.6956
      2.5800
      3.4040
      4.0819
      7.8475
      7.2141
      5.6869
      6.2715
      7.6801
      6.8512
      3.8901
      7.7919
      8.4854
      4.4399
      8.1798
      4.9442
      6.0763
      8.6401
      7.7656
      7.2689
      4.0612
      5.5901
      6.4172
      7.2977
      6.3946
      6.1671
      6.3537
      5.0276
      5.4232
      7.8648
      6.7068
      6.2940
      4.6619
      7.9003
      6.9570
      5.3916
      4.1326
      6.7460
      8.6922
      7.4202
      4.4330
      4.4009
      6.3379
      6.4233
      7.2796
      4.6830
      3.8283
      5.7689
      8.8733
      5.6286
      9.4477
     10.7131
      7.1742
      6.4665
      4.2297
      6.1649
      3.4818
      5.8313
      2.5699
      5.9764
      3.7124
      6.7760
      7.9414
      9.6647
      4.7725
      4.2243
      4.7957
      4.8623
      5.0879
      5.8236
      5.5239
      4.4615
      5.1034
      6.8662
      5.7379
      9.1638
      6.9315
      6.4548
      6.1727
      4.7775
      7.0717
      4.6403
      3.8470
      7.4016
      4.2692
      5.2951
      5.5836
      5.4959
      7.6709
      9.5341
      7.5802
      5.6031
      8.1405
      5.2567
      5.2766
      8.0378
      6.5895
      6.8858
      4.7925
      5.1660
      5.3045
      6.8107
      3.9121
      7.8155
      5.7753
      2.2124
      6.2072
      6.9636
      3.1936
      3.5024
      3.5934
      4.1058
      4.3318
      6.2789
     10.8132
      7.8162
      8.7008
      3.4160
     12.1962
      5.9938
      7.6587
      5.2254
      5.6508
      5.4564
      8.3049
      7.3760
      6.7920
      3.8767
      4.4422
      9.1959
      5.4869
      6.5141
      8.1976
      3.8869
      3.3208
      5.7711
      4.8615
      7.1010
      9.0086
      3.7828
      4.8110
      6.3938
      4.8910
      7.5641
      2.9401
      6.2337
      9.0506
      6.8601
      6.8881
      5.6874
      9.6497
      5.7079
      3.7152
      3.7857
      5.2258
      7.5804
      6.1718
      5.7888
      6.6689
      3.4678
     10.4569
      6.9041
      9.0150
      5.4825
      4.4085
      6.2904
      5.2244
      6.8452
      7.0464
      7.0755
      4.2238
      6.4085
      5.9997
      7.2709
      6.3507
      3.4901
      3.4848
      6.6470
      6.4237
      8.9981
      5.5961
      7.5757
      5.7832
      3.3992
      6.5175
      4.3699
      5.0922
      8.8300
      9.6117
      8.0317
      5.1682
      7.7558
      7.9438
      6.5257
      3.7209
      6.8522
      6.0304
      6.6827
      5.6036
      5.8348
      7.7216
      5.0604
      7.0009
      5.1815
      7.0591
      5.3025
      6.3170
      4.2203
      4.9372
      6.0589
      8.2334
      4.0692
      4.4897
      6.6722
      4.4003
      5.6719
      2.9423
      5.7070
      7.8597
      9.7201
      3.1044
      4.4938
      7.1381
      7.3129
      7.4898
      9.6694
      6.1842
      7.9315
      7.3694
      7.0151
      8.8962
      6.3040
      7.7781
      6.3124
      4.8899
      5.6127
      4.6663
      6.4735
      8.3291
      2.7701
      6.4978
      9.0649
      4.5376
      2.5565
      3.5921
      6.3143
      8.5055
      5.5419
      8.2678
      6.1194
      6.4753
      4.6689
      6.9209
     11.7413
      6.4691
      6.4153
      7.3738
      7.4754
      6.9991
      5.9642
      3.5883
      2.9123
      8.6291
      7.7098
      5.2801
      6.4458
      7.6730
     10.4520
      6.6332
      4.2291
      6.5465
      9.5841
      8.9550
      7.4470
      7.6945
      8.6493
      6.3870
      7.6870
      9.3065
      9.2045
      9.8945
      3.5642
      5.5433
      4.1921
      5.4944
      9.0873
      9.7082
      2.6465
      6.1368
      1.4081
      7.6037
      1.5829
      9.1570
      7.7854
      7.4755
      9.9952
      3.1466
      4.4823
      5.4593
      5.4669
      7.8868
      4.7085
      7.2673
      3.3024
      7.0306
      7.9139
      5.5134
      9.8743
      5.4623
      7.2969
      6.6186
      5.7276
      6.6476
      3.7057
      6.1345
      7.8307
      6.1817
      8.1977
      6.5499
      4.4967
      6.7394
      6.8048
      2.9413
      8.2533
      3.9404
      4.7407
      6.2799
      6.3452
      8.4653
      4.3262
      2.5399
      8.4979
      7.5996
      5.3333
      5.5022
      6.4729
      8.7327
      5.1413
      5.7411
      8.6371
      2.2995
      6.1960
      2.3481
      1.3243
      5.1233
      7.9862
      1.6646
      6.5648
      5.1178
      5.4012
     11.6110
      6.3739
      0.0203
      0.7558
      2.8822
      5.4893
      5.8343
      5.4551
      4.5033
      3.2241
      6.5543
      3.5730
      4.2916
      3.4567
     10.5540
      5.0802
      5.1598
      5.1335
      4.9242
      4.7124
      6.6153
      3.9853
     10.5104
      5.5369
      5.0625
      7.0471
      6.0463
      6.4540
      5.8888
      7.0731
      8.2261
      6.7313
      4.5498
      5.6693
      6.7892
      5.4790
      6.6857
      7.9637
      5.0671
      7.8914
      7.7688
      7.1535
      7.0905
      8.5065
      5.0113
      3.3720
      7.2607
      4.5073
      9.0171
      4.0925
      8.4715
      5.6124
      6.4707
      7.0903
      9.5382
      3.6502
      5.5223
      9.6843
      6.5618
      8.1231
      6.1023
      5.9594
      5.5654
      4.0381
      5.8131
      6.0269
      3.6273
      5.6800
      3.7750
      7.0663
      3.8149
      6.2593
     12.1377
      2.7912
      7.2085
      7.3838
      8.7789
      8.9493
      6.9275
      3.4750
      4.7359
      8.0508
      4.2891
      9.2612
      4.0684
      4.9404
      2.0610
      7.5606
      2.6778
      7.4362
      6.8248
      6.7722
      6.2535
      8.7090
      4.7973
      3.3832
      6.2275
      6.3539
      4.7127
      1.7429
      1.2708
     10.3631
      1.2731
      5.9708
     10.7440
      7.1188
      3.7865
      7.7305
      5.1404
      6.0419
      5.4550
      4.9118
      5.9919
      7.3244
      2.1582
      8.9432
      4.3533
      7.0926
      8.3606
      5.3009
      3.6585
      6.5503
      5.3898
      4.9366
      7.9823
      4.7984
      5.7676
      6.6130
      5.0976
     10.1800
      3.3033
      4.7297
     10.0825
      5.9422
      5.2784
      5.6163
      5.9770
      5.6167
      7.1062
      5.5501
      9.6604
      5.0607
      5.2185
      3.9531
      5.6336
      4.6333
      5.8327
      4.3100
      5.6887
      6.0093
      6.3994
      7.3091
      6.8318
      6.9501
      7.9615
      5.7268
      4.7784
      8.0784
      9.8295
      8.2974
      5.1245
      8.0135
      4.9520
      6.7973
      7.6057
      4.7616
      5.3832
      5.5858
      5.9980
      7.9094
     10.3323
      4.4618
      4.8905
      3.1112
      8.9303
      6.9049
      7.9929
      2.1056
      6.5806
      6.0172
      5.6596
      7.5628
      2.8041
      6.3179
      6.0507
      6.6866
      3.7009
      6.6352
      6.9167
      6.5473
      5.5880
      5.1369
      6.3680
      0.5836
      5.1410
      3.5079
      8.1972
      7.4149
      4.2828
      6.5564
      5.7023
      5.3322
      7.5914
      5.7726
      3.7833
      5.9031
      6.5813
      4.3265
      1.5583
      2.3282
      5.4496
      3.1845
      7.1748
      5.6613
      7.8283
      5.1341
      4.4032
      2.9515
      5.2931
      6.9176
      3.0621
      2.5429
      5.4133
      5.9384
      3.9278
      7.9470
      3.7645
      7.9369
      9.3284
      5.6188
      5.1406
      7.4385
      2.0073
      5.1149
      1.8603
      7.3066
      6.5965
      2.3719
      7.9063
      4.8905
      9.7858
      3.5648
      6.9354
      2.7037
      7.3223
      1.8593
      3.8491
     10.9279
      6.5572
     10.6065
      6.0471
      4.6607
      5.9170
      3.9582
      4.0996
      4.7603
      3.9107
      5.3700
      9.4224
      8.8681
      4.4431
      6.9289
      3.8612
      4.3990
      5.2582
      4.6346
      6.9049
      7.5553
      4.6237
      5.0686
      5.0967
      7.7303
      6.4865
     10.1423
      8.8809
      4.9153
      5.2426
      6.1825
      6.0302
      2.7613
      1.6859
      6.8882
      4.8159
      5.1499
      5.9304
      7.4482
      4.6465
      5.9000
      3.0804
      7.6413
      7.4187
      7.0241
      4.0420
      3.0521
      7.9763
      7.0864
      4.7242
      6.1281
     11.0953
      2.8488
      3.5184
      3.9581
      5.6833
      6.6749
      3.1930
      4.3846
      5.8814
      6.3451
      8.3215
     -0.2803
      7.8026
      8.2793
      2.1249
      3.8384
      8.0506
      4.1847
      7.3912
      4.7983
      8.3978
      3.8164
      5.2617
      6.7756
      0.8721
      9.4852
      5.3873
      9.4785
      5.7804
      4.7841
      2.8454
     10.2590
      2.3221
      6.2036
      4.0312
      6.3563
      6.2375
      4.0257
      6.0563
      3.9635
      8.3763
      3.7021
      3.3919
      3.4933
     10.5650
      8.5816
      5.4297
      5.8256
      5.0616
      3.6928
      7.8157
      6.8206
      7.5418
      3.3023
      6.7218
      3.5910
      2.6052
      6.0790
      3.3057
      8.3780
      4.9877
      4.2068
      4.0485
      7.0496
      6.4040
      8.4359
      8.1365
     10.9552
      3.2241
      6.6881
      9.4940
      4.7557
      8.1543
      7.6881
      7.1735
      2.9211
      5.7100
      4.8669
      5.3357
      6.8674
      7.2963
      2.0492
      9.1645
      6.6744
      5.9187
      3.8435
      1.9931
      6.1545
      4.3499
      6.1249
      5.9029
      5.3999
      3.2518
      1.6318
      3.2515
      7.6129
      6.0056
      7.5695
      5.7946
      2.6959
      3.5078
      3.0375
      6.0095
      8.0711
      4.0323
      9.1792
      9.1684
      4.1423
      7.3403
      8.6817
      6.9539
      6.9336
      3.7012
     11.2668
      5.9377
      1.5162
      6.0737
      5.4387
      4.9841
      3.5865
      4.7290
      7.6400
      5.1150
      4.7390
      3.8464
      5.8815
      9.7983
      6.6673
      4.6822
      8.0839
      6.2679
      4.4913
      6.9333
      6.3562
      7.5165
      8.7973
      8.6403
      7.4300
      9.0411
      3.8725
      8.2132
      5.1304
      7.9148
     10.6781
      8.3550
      2.8929
      5.9973
      4.7045
      4.9276
      4.5804
      7.6166
      6.6998
      7.1324
      5.0219
      9.1401
      5.8489
      6.4535
      7.5948
      7.7325
      7.2806
      5.7083
      4.5627
      9.0669
      7.8838
      5.8074
      3.1050
      5.3520
      7.0594
      4.6454
      7.5895
      7.1324
      8.1264
      6.5681
      6.1592
      4.1268
      5.4574
      8.6815
      5.9817
      4.9345
      5.6067
      5.7746
      6.6440
      5.2667
      5.5549
      4.1601
      4.7336
      4.2356
      2.6106
      6.5481
      3.9570
      2.4381
      5.7942
      5.2434
      7.9736
      7.0409
      6.4587
      7.3341
      1.0330
      3.5703
      4.7252
      8.8099
      4.2359
      7.9518
      6.5066
      8.8848
      4.5196
      7.1933
      6.3398
      9.6766
      5.8619
      5.2461
      1.9698
      7.0678
      6.3939
      6.7995
      7.4459
      5.3830
      8.4501
      6.3386
      7.2226
      6.6071
      6.9364
      8.0811
      2.3108
      9.0970
      5.8838
      8.5800
      4.2324
      7.8221
      8.4729
      8.9823
      7.4826
      8.4498
      9.4367
      6.7925
      3.8452
     10.7219
      5.0176
      7.5262
      9.5855
      8.2397
      7.7619
      6.6145
      6.0994
      5.3376
     10.2514
      4.2708
      3.6277
      5.0253
      3.3508
      0.3697
      9.1247
     -0.2895
      6.7857
      7.8418
      9.2529
      3.1040
      3.1701
      5.0174
      8.9525
      4.1628
      7.2354
      3.9088
      5.3105
      5.1126
      2.9339
      4.2827
      6.9629
      3.6795
      5.9937
      8.0054
      7.2601
      6.7507
      5.3833
      9.3570
      8.9333
      8.2515
      9.3409
      2.8799
      5.4351
      3.0057
      4.5496
      8.5309
      2.4300
      3.4317
      4.2565
      7.6332
      6.3061
      8.8765
      6.1908
      4.7472
      6.1723
      4.6400
      4.6850
      5.5760
      5.2208
      7.5985
      3.6157
      2.7688
      7.0864
      6.3491
      6.1940
      5.1853
      2.9447
      5.1161
      7.4597
      7.2056
      5.4752
      9.3728
      6.8957
      5.7027
      7.9349
      7.2339
      6.3726
      5.1000
      2.9748
      5.8859
      5.3620
      8.6102
      8.7835
      6.6436
      0.9409
      5.2362
      0.8449
      5.3568
      2.7721
      4.0545
      3.6432
      5.1306
      3.1956
      3.5526
      6.3234
      9.3443
      7.1857
      4.8889
      9.3017
      5.8032
      3.6033
      6.4276
      5.7784
      3.2262
      7.6564
      3.8610
      5.6336
      7.0105
      8.8681
      5.3419
      5.1264
      2.4514
      6.9512
      3.5330
      5.5463
      6.2822
      8.6199
      6.3460
      4.7718
      5.0885
      6.7243
      5.8043
      7.1799
      2.9619
      3.5714
      7.2152
      6.7546
      5.2856
      7.2858
      7.0487
      5.5244
      5.9575
      5.4738
      2.9694
      1.1383
      2.8813
      6.5236
      5.5656
      7.5745
      6.6211
      6.8918
      6.8803
      7.3567
      4.7805
      5.5828
      6.3237
      8.7560
      2.7720
      5.0162
      6.3585
      1.7205
      8.4728
      8.4106
      4.2120
      7.6825
     10.0778
      5.1734
      4.5629
      5.1861
     10.0459
      4.4061
      4.8072
      5.8837
      5.1956
      7.1552
      7.4348
      6.5581
      5.2994
      6.1422
      4.4091
      6.5843
      7.8803
      7.0234
      3.6768
      4.7236
      4.2655
      5.2667
      5.8277
      5.5503
      6.8610
      6.5141
      4.6241
      2.2851
      4.5444
      5.6816
      3.3849
      9.7256
      6.1901
      6.5909
      6.5665
      2.0340
      3.9263
      4.4092
      7.0666
      7.6639
      9.8073
      8.9772
      5.3603
      4.3290
      4.2041
      5.9957
      7.2679
      5.8813
      3.2052
      6.3099
      5.3240
     11.1583
      5.0484
      2.6881
      5.5192
      6.2057
      4.8741
      4.9822
      5.7434
      7.8727
      4.7911
      4.4664
      3.4163
      8.3675
      6.2786
      5.6788
      7.3001
      6.7801
      1.7116
      5.4424
      5.0177
      3.7246
      5.4464
      8.4080
      8.8639
      4.5829
      6.9943
      4.1734
      8.6484
      5.5594
      4.6218
      8.3550
      3.0817
      3.0532
      6.7540
      4.0430
      8.7489
      4.3839
      9.0377
      8.3220
      6.5603
      4.9987
      3.6773
      5.5001
      5.1518
      6.6006
      5.5912
      6.2242
      3.3978
      7.3985
      3.0971
      5.3822
      3.6098
      7.0644
      6.4632
      6.7712
      4.5299
      4.4396
      5.8828
      3.7721
      0.5360
      4.7703
      9.4797
      5.8322
      5.2047
      6.7779
      9.9055
      8.1355
      9.6489
      8.7473
      6.5419
      4.3503
      4.5047
      2.1495
      8.3313
      7.8388
      5.9456
      7.9541
      5.7474
      9.8231
      7.8068
      5.0161
      2.9580
     10.3926
      4.7062
      2.7515
      6.9310
      6.9490
      8.1636
      1.4640
      6.6222
      3.8819
      4.4733
      5.8974
      4.5624
      9.1960
      6.3351
      8.0635
      5.5336
      4.3483
     10.0197
      4.6978
      3.3199
      3.2991
      5.7527
      9.4382
      6.6730
      5.1425
      7.2432
      6.5662
      5.3696
      4.8095
     10.6037
      8.4916
      6.6801
      1.3116
      6.8078
      8.4210
      5.5179
      5.3090
      1.0853
      9.6575
      5.8650
      6.9091
      5.9749
      5.6607
      5.9515
      4.6496
      4.6557
      4.0286
      5.7422
      6.9132
      5.8834
      9.5866
      7.9489
      4.2246
      9.1212
     11.4095
      9.9388
      3.2887
      5.4973
      6.1318
      5.7170
      5.3917
      5.5093
      1.2167
      6.8229
      2.8841
     12.5224
      3.4214
      5.0590
      3.7176
      6.9527
      5.3205
      7.1823
      4.7845
      9.1889
      7.4246
      2.7911
      8.9427
      8.1536
      6.6126
      5.6297
      3.1065
      7.8219
      6.1480
      8.4338
      5.0307
      7.2888
      5.5756
      4.0059
      1.2574
      4.2475
      5.7641
      3.6336
      7.3692
      7.7986
      3.5217
      5.5201
      5.3368
      8.1014
      5.0914
      1.9147
      5.7497
      6.5079
      4.1836
      5.7444
      4.8493
      3.9291
      2.2929
      6.9039
      5.3922
      7.2363
      7.2050
      5.6020
      4.6520
      4.6198
      4.3249
      6.5331
      4.1455
      6.7689
      5.1775
      4.7073
      2.9321
      5.4676
      5.9159
      3.2301
      4.2918
      8.4434
      1.1120
      2.2950
     11.5538
      5.3716
      5.9620
      8.5456
