SISIM_GS SIMULATIONSSynthetic point data – 140 samples                          
1
Simulated Value
 10.3592
  5.5045
  6.1572
  6.6364
  1.8529
  6.5070
  0.3409
  5.5667
  4.0965
  0.1623
  6.6791
  6.0649
  6.5399
  1.9338
  5.1133
 10.2084
 15.7012
 14.8038
  1.4191
  1.8889
  1.7667
  7.1379
  3.8338
  3.7169
  5.1894
  5.2494
  4.5090
  0.5596
  6.0672
  4.1822
  4.1629
  2.0269
  2.4180
  0.5060
  0.5422
  9.4532
  0.4284
  0.1982
  3.6943
  6.3905
  2.9262
  2.8070
  1.1784
  7.3916
  8.9708
 11.2781
 11.1225
  1.6646
 15.0509
 11.4869
  0.4386
  7.9006
  6.7289
  0.5922
  1.1567
  5.0358
  4.9413
  3.7456
  0.3233
  0.2403
  6.9237
  5.3998
  5.5349
  4.6946
 13.9455
 15.6281
 19.5734
 12.1114
  7.4366
  8.7861
  8.7956
  7.4936
  8.9173
  3.7922
  7.6273
  5.4481
  4.5263
  0.9094
  6.7932
  3.3521
  3.6026
  6.2720
  4.6937
  9.0350
  0.3122
  1.4262
  0.1398
  6.6781
  2.2173
  0.3407
 19.5539
  7.9252
  7.4893
  5.2327
  8.3746
  8.4486
 17.1035
  6.3926
  2.1731
  2.9234
  5.3524
  6.2684
  0.7089
  0.1512
  1.4832
  3.1801
  9.5329
  2.2368
  1.8797
  8.3432
  6.7249
  5.8789
  3.2792
  3.9446
  4.1523
 10.2414
 19.7519
 15.7403
  9.1455
  7.7784
  8.8872
  8.1980
  2.6929
  7.1558
  7.5577
  6.5831
  4.9044
  0.1635
  0.3762
  4.3266
  4.7463
  2.0686
  3.8599
  1.0414
  6.8982
  0.6348
  1.9465
  0.9225
  3.9349
  0.5870
  0.0408
  3.3356
  5.6133
  9.7191
  8.6357
 10.9564
  1.1452
  4.2929
  6.2900
  5.3676
  5.6930
  3.0327
  7.7214
  2.9917
  6.9307
  8.7630
  9.6198
  5.0206
  0.6833
  3.7814
  4.3984
  5.3547
  5.3797
  0.0392
 18.5701
 11.6029
  7.4054
  7.0625
  8.2720
  4.2114
  7.7518
  2.0333
  1.3018
  7.2137
  6.5261
  4.0968
  2.2863
  1.5029
  0.4744
  4.5748
  6.4579
  5.6290
  3.6717
  9.4620
  1.4798
  0.6635
 13.4800
  0.1680
  0.9133
  3.9029
 16.4025
  1.7398
  8.5560
  7.4639
  5.4021
  5.3576
  6.3680
  6.2690
  6.3619
  5.9692
  5.0780
  5.0625
  2.4828
  2.8485
  2.1593
  1.2578
  7.5794
  7.4075
  8.8258
  8.0454
  5.1242
  3.2722
  9.2458
 12.8647
 11.6892
 10.0146
  4.5807
  9.4952
  4.3068
  4.7586
  1.4307
  1.4668
  1.1667
  1.7581
  6.1784
  4.4876
 15.2160
 10.4265
  3.9916
  4.9651
 19.0017
  5.2920
 18.0622
 12.9412
  1.8688
  9.6660
 11.4851
 10.1142
  0.5080
  7.4536
  7.3406
  7.8167
  7.0964
  3.1506
  3.2809
  6.1365
  6.1278
  5.1922
  4.5935
  5.9823
  7.1790
  2.4275
  2.6969
  8.2313
  2.1530
  0.7924
  1.2842
  1.4165
  0.1060
  0.7904
  4.2626
  3.8885
  6.6900
 14.0708
  1.5878
 10.8657
  4.1715
  3.2280
  4.3661
  4.0117
  0.1938
  3.3692
  5.0376
  1.2376
  1.1421
  3.9878
 12.5206
  5.9938
  3.5052
  8.2548
  3.5242
  1.7001
 15.3479
 18.6269
  7.3432
  6.4844
 15.4132
  4.2176
  0.8411
  1.4766
  9.2336
  0.5504
 14.7438
  3.3465
  5.4895
  5.5282
  5.5224
 17.3501
  6.5052
  5.3643
  8.6522
  8.1448
  1.1888
  1.1873
  3.5886
  2.0038
  2.4905
  1.8487
  1.8189
  2.4955
  3.1798
  4.8681
 19.6402
  0.0193
 18.1981
  1.0432
  4.5461
  3.9136
  3.1252
  6.2404
  0.3960
  7.2826
  0.4415
  1.5195
 12.4738
 15.9543
  7.8516
  4.7404
  3.8655
  9.5742
  4.8152
 16.0308
 11.8994
 15.4916
 15.9898
  4.0868
  4.5540
  1.9905
  4.3783
  3.4041
  8.8764
  5.4608
  0.6364
  6.0604
  5.0784
  5.5247
 13.4022
  2.6398
 14.7734
  5.6331
 11.4355
  1.3073
  8.1036
  3.6103
 16.0462
 18.2339
  2.2313
  6.3075
  0.6790
  2.4694
  0.0771
  3.1653
  5.3808
  0.6792
  0.5196
  0.3493
  5.4675
  1.3975
  3.2523
  0.3945
  7.5684
  1.6803
  1.1973
  8.6037
  9.1384
  8.1410
  0.1742
  3.3734
  3.3964
  3.4591
 13.7380
  2.9375
  4.2246
  4.6383
  4.5693
  0.5637
  8.8487
  2.6751
  8.9552
  8.1888
  9.1962
  0.9785
  0.0787
  0.9110
  2.9201
  5.8521
  0.5457
  2.1394
  2.2812
  2.2903
  8.7703
  4.1438
  3.0128
 14.2470
  2.4455
  6.7022
  5.3346
  0.7115
  0.7094
  1.9943
  8.3158
  8.6962
  7.9498
  9.2002
  5.5975
  0.1940
  5.6801
  4.0985
  2.9050
  3.1663
  3.9476
  1.9952
  2.3036
  9.6378
  7.3135
  1.1216
  0.6901
  1.1281
  3.2065
  3.3606
  4.6842
  5.1451
 12.7131
  7.5948
  9.6836
  3.3608
  4.1695
  2.8715
  9.6031
  9.5574
  8.4840
  8.2448
  5.6576
  0.0492
  5.0612
  9.3029
  2.4052
  1.5690
 17.3716
  1.3950
  4.5163
  5.8339
  4.8728
  2.8229
  1.9567
  2.8785
  9.3698
  7.9089
  5.3570
  1.0038
  9.1324
  9.8873
  8.3085
  7.9136
  8.4516
  8.6405
  8.5533
  2.8481
  7.3573
  3.6981
  5.9159
  4.7918
  1.7009
  7.1571
  2.1879
  0.9852
  2.1526
  4.8893
  9.5549
  4.5197
  3.3142
 16.7155
 17.4550
  6.9289
  3.1721
  7.8989
  4.7238
  2.3741
  7.5930
  7.6119
  6.9141
  6.0777
  3.6145
  5.4726
  5.0982
  8.3571
  7.0168
 19.2209
 18.5946
 12.6640
  7.9944
  8.5148
  3.6352
  4.0458
  2.6173
  3.0418
  5.7272
  8.7550
  7.2254
  4.7831
  3.2451
  9.5740
 17.8166
  8.4788
  0.1341
  0.5774
  8.1040
  8.0070
  3.9298
  4.0791
  4.8517
  0.5216
  0.1686
  0.7911
  4.2466
  1.2429
  0.4225
  4.3451
  7.3027
  3.5466
  3.7283
 10.1215
 17.9599
 18.4609
  6.1154
  6.0562
  6.5401
  6.0405
  5.3346
  8.0432
  3.3617
  0.8093
  4.4772
  4.8146
  6.4394
  5.1035
  6.6049
  6.0528
 12.0333
 16.4856
  7.2175
  8.3176
 10.7314
  7.6742
  4.0911
  7.6278
 13.5770
  8.6329
  5.9028
  2.2114
  4.6074
  1.4324
  7.4866
  2.3696
  0.0765
  1.3958
  3.4523
  4.1499
  3.8392
  0.3575
  0.5309
  4.7182
  2.6616
  0.2271
  0.3428
  5.1836
  0.8341
  0.8900
  9.9564
  6.2933
  9.5546
 15.7339
 13.6819
  6.6233
  6.3650
  3.5714
  3.3253
  7.0184
  2.6466
  0.8874
  1.4995
  3.2514
  6.7101
  4.2959
  5.9884
  6.0245
  9.9292
  5.5326
  6.7933
  4.0442
  8.4628
  4.4782
  0.3727
  5.1521
  5.9243
  7.0352
 15.4892
  1.2085
  1.5627
  0.1788
  2.4672
  9.4852
 13.9087
  1.1578
 12.8552
  1.9183
  3.5109
  4.6778
  4.3790
  0.0061
  0.5546
  0.8749
  0.0355
  4.6154
  0.0118
  0.6214
  0.9563
  0.7203
  0.8682
  3.7424
  3.2943
  1.9777
 15.8533
  6.5657
  6.2126
  2.8595
  9.4057
  8.6289
  1.4779
  7.1201
  9.2058
  0.7003
  6.7788
  6.1428
  5.4302
  5.8970
  8.1112
  5.7489
  4.5526
  3.2390
  9.9243
  6.9842
  5.9801
  5.7313
  9.2559
  4.3224
  4.5025
  1.8391
 12.7537
  3.0930
  3.0464
  2.7928
  2.0665
 15.7405
  1.7522
  2.9984
 11.5409
  4.0833
  4.2371
  0.5744
  0.9151
  1.8207
  4.8497
  6.6670
  5.7873
  5.0058
  1.5079
 16.8169
  0.2741
  2.8201
  2.4337
 19.2451
  6.2064
  5.9081
  7.0676
  8.0566
  7.9299
 15.1587
 15.5327
 17.1756
  6.1854
  3.8652
  9.8274
  3.1322
  5.4178
  6.8685
  7.3240
  8.5568
  3.4965
  6.4079
  0.0440
  5.5770
  5.4836
  5.9144
  0.4289
  0.3295
  4.5751
  3.3432
  4.3760
  3.3974
  2.8523
  6.2526
  6.8466
  1.9150
  1.4405
  1.7989
  2.9114
 15.5356
  0.0692
  0.7968
  5.1232
  4.4783
  5.2668
  5.5795
  5.5845
  5.0532
 15.4907
 15.8006
  8.1269
  6.6503
  1.5392
  2.3229
  5.4867
  1.2977
  9.8860
  3.7828
  3.6819
 14.6130
 15.4325
  6.3775
  0.4098
  4.9412
  1.5124
  6.4601
  6.7978
  0.8500
  6.7119
  5.6560
  0.0900
  0.7131
  0.8585
  5.8941
  6.4116
 11.8777
  4.5532
  4.9721
  6.5671
  5.3849
  4.2729
  4.8610
  6.7912
  6.2548
  3.8015
  0.0606
  2.0610
  1.8533
  2.8889
  2.5386
  6.9438
  0.1460
  4.9806
  3.7125
  3.8686
  2.0761
  1.0550
 19.8663
  6.0905
 18.6285
  6.0873
  6.9520
  5.8907
  5.6989
  0.6758
  1.4975
  9.7568
  7.3937
  4.1462
  2.4257
  4.7889
  4.6133
  0.9393
  1.7288
  2.9943
  1.0605
  0.6895
  6.5964
  6.7864
  4.5567
  0.1288
  0.9762
  2.6255
  4.2947
  9.9867
  3.9830
  3.5740
  0.9483
  0.9318
  7.2307
  2.5403
  6.6829
  4.1235
  3.3835
  0.7120
  2.1959
  2.0865
  1.3143
  1.0384
  0.5560
  6.9713
  5.6441
  3.4367
  3.7776
  4.7165
  5.6278
  1.4518
 11.2393
  0.8362
  1.2428
  2.7782
  6.1786
  6.4722
  2.8818
  5.6056
  0.9662
  0.7107
  0.6527
  0.6610
  0.4316
  0.7062
  1.5230
  2.8498
  0.0749
  0.1737
  0.5000
  6.1462
  5.8530
  0.8795
  6.8805
  5.5937
  1.0085
  4.0083
  3.0665
  9.8753
 19.7190
  0.0692
 15.2285
  3.1196
  1.6239
 16.9198
 13.1130
  3.3985
  3.2700
  4.5706
  5.2845
  6.7268
  1.2444
  8.3396
  6.1817
  6.2540
  3.4064
  3.0937
  3.5323
  3.9660
  4.9648
  4.1474
 15.8484
  6.9844
  1.2480
  1.1796
  6.4359
  2.6212
  5.2952
  0.3973
  0.0896
  1.0684
  2.1027
  9.3230
  3.9417
  6.3482
  3.9870
  0.1979
  0.4143
  3.0320
  0.1395
  2.6841
  6.6439
  1.2210
  0.6886
  6.5058
  8.0468
  9.7257
  2.8640
  9.8224
  9.3443
  7.4384
  7.4567
  4.9857
  7.5674
 15.1850
  9.6518
  6.6114
  3.2153
  1.4334
  2.0312
  6.9683
  0.7063
  1.8162
  6.1950
  6.3008
  1.5679
  2.9941
  1.9403
  4.1008
  4.9678
  4.3311
  5.6448
  6.1297
  1.2384
  8.9346
  5.4258
  7.2931
  2.6984
  5.8246
  5.8707
  5.6524
  6.0608
  1.7557
  2.4156
  3.7323
  4.3642
  0.4426
  2.7989
  3.7221
  3.1731
  8.3075
  1.7464
  1.5391
  0.2707
  0.3793
  8.2630
  9.9453
  0.2458
  7.3254
  0.6702
  6.7105
  3.3183
  7.9669
  3.9629
  7.8577
  8.9953
  9.6556
  9.0554
  8.0818
  2.1940
  0.9950
  8.9413
  7.7514
  8.6562
  5.4934
  2.4268
  1.7339
  5.5098
  7.7442
  8.2735
  0.3802
  6.7432
  6.5675
  0.3832
  6.3540
  5.7585
  6.0047
  4.1703
  0.9613
  6.8470
  5.2306
  0.8202
  5.7158
  9.7232
  2.2876
  0.6096
  0.9135
  9.1747
  4.5537
  5.3173
  4.4366
  5.5763
  3.3508
  1.0728
  0.7235
  2.5720
  9.7104
  6.5846
  8.8195
  7.6518
  9.6798
  9.4423
 13.7695
 17.7156
 12.7281
  7.3696
  6.3150
  8.5542
  7.2596
  8.0614
  2.3682
  1.1144
  7.0571
  3.0212
  3.4111
  2.9099
  1.5806
  1.7664
  0.6516
  0.2595
  0.3999
  6.4813
  5.5402
  6.2157
 12.8050
  4.0209
  1.5323
  0.4037
  6.8218
  0.5581
  6.4389
  6.6095
  5.1895
  8.0502
 18.7797
  8.3655
  7.5648
  8.9432
  7.8669
  3.7596
  4.2321
  3.4831
  4.6974
  1.8568
  0.1950
  1.5396
  9.9288
  7.7961
 11.4402
  7.1693
  1.1306
  7.9533
  9.2020
 13.1424
 14.2964
 19.3273
 11.8356
  5.5001
  1.3912
  2.0718
 11.4210
  1.7970
  5.7772
  6.6530
  4.4953
  9.5317
  6.2405
 13.9523
  1.3263
  2.3269
  1.9306
  6.4617
  5.6965
  2.4174
  8.4969
  5.9025
  6.1986
  0.1917
  5.5983
  6.6890
  5.2637
  3.5543
  4.9352
  7.4371
  6.4650
 13.6990
  7.5561
  9.6571
  9.9476
  3.9741
  9.3332
  6.4263
  6.0050
  4.9953
  5.5469
  1.6932
  2.6670
 18.3381
 17.7445
 12.8681
  9.8416
  9.1059
  8.7285
 10.3603
 13.8097
  6.0791
  1.5957
  3.1594
  1.9519
  2.4711
 13.4208
  1.0329
 12.5833
  5.9496
  9.1582
  8.7402
  8.4613
 12.1784
 14.1769
 14.8096
  5.4992
 10.0077
  7.2229
  6.1069
  8.3340
  3.8544
  0.7639
  6.7407
  5.9486
  6.1294
  6.5181
  3.9444
  7.1092
  8.8712
  2.0597
  7.9336
  9.4776
  4.7844
  9.5181
  7.4594
  8.9165
  5.9796
  9.7321
  5.7445
  6.4476
  3.5810
 16.8893
  2.3925
 19.3175
  2.7036
 12.6609
  7.6283
  8.4471
 12.1669
 12.3226
  1.6439
  5.7442
  6.7847
  1.5484
  1.0302
  1.3380
  2.8324
 18.1995
 13.7161
  8.3685
  8.5464
  9.6804
 15.9486
 18.9163
 10.1453
  6.7082
  4.9881
  5.6799
  6.3304
  5.9741
  5.4825
  4.0976
  3.6510
  4.2520
  6.8002
  5.6193
  6.0852
  4.5397
  2.0763
  1.7771
  6.3380
  7.8291
  0.5916
  3.0811
  3.9900
  9.3364
  4.7625
  4.6678
  6.6646
  9.9342
  3.3812
  1.4957
  7.9773
  1.8670
  3.6360
  7.1166
 12.4495
  8.2436
 12.5965
 13.1487
 16.3700
 13.2489
 13.3976
 13.5704
  1.3778
  1.6355
  6.3055
 14.3520
 10.9418
  8.5719
  3.5158
  5.8819
  5.3406
 16.2904
  0.0613
  3.5364
  3.3091
  3.1363
  8.9024
  4.9459
  3.7858
  3.0663
  4.5517
 13.7223
 11.7228
  1.5789
  1.4653
 13.4874
  0.2644
  0.4923
  5.3913
  3.2687
  2.9396
  8.8033
  2.6138
  4.1210
  0.2581
  4.4429
  0.6149
  5.6759
  6.5373
  0.7254
  8.1620
  5.3979
  7.2444
  9.3464
  0.2665
  9.1738
 10.9566
 15.2690
 13.2562
 13.5979
 15.7097
  1.0552
  2.7985
  2.2377
  9.6631
 10.6498
  8.5959
  8.2164
  3.1762
  4.7941
  5.5414
  7.6067
  3.2375
  3.0702
  3.9165
  5.8696
  6.3106
  9.1708
  5.7850
  5.1676
  7.2062
  5.3771
  5.6061
  2.3265
  2.6245
 15.4096
  3.7844
  2.7479
  1.3282
  2.5885
  2.1005
 18.3575
 19.8592
  3.8618
  0.5892
  8.7366
  0.8894
  4.2941
  6.9733
  0.2495
  0.6760
  6.5282
  0.4639
  9.4544
  0.1733
  7.8271
  6.5623
  5.9348
 15.0092
  3.1715
  7.5836
 10.2983
  1.3825
  1.7407
  2.7944
  0.6461
  4.3496
  8.5410
  7.4229
  6.1355
  7.6051
  0.4162
  9.8428
  3.4650
 19.6684
 18.1664
  5.4065
  5.9075
  5.1943
  6.9502
  8.2531
  5.0854
  2.3245
 12.2162
  5.4546
 18.6270
  6.6394
  2.6064
  5.2790
  6.1463
 17.1666
 10.4925
  5.1209
  4.9792
  3.1200
  1.0829
  3.3230
  5.5070
  6.2697
  0.6010
  0.9732
  0.4747
  5.0487
  0.0074
  8.1340
  5.4057
  5.6276
  6.7498
  0.0040
  7.6550
  4.9176
 12.4310
  1.8284
  1.8793
  2.9628
  1.9732
  3.8116
  4.5571
  8.6377
  7.3092
  9.6789
  4.5425
  4.2291
  4.5577
 10.7915
 17.7064
 17.8216
  6.5452
  5.6034
  6.4136
  5.5100
  0.7327
 12.6841
  6.5506
 14.8016
 14.1576
  5.1787
  0.4797
  5.1356
  1.7323
  6.2537
 12.5251
  6.9698
  8.7858
  0.8641
  4.7564
  6.3398
  4.7885
  5.1069
  6.9156
  5.1725
  1.9368
  4.4786
  6.9849
  1.8006
  2.6951
  8.6989
  0.4064
  5.3454
  9.5186
  1.6166
  2.1440
  3.0157
  3.0654
  0.6713
  2.2806
  3.6036
  3.2143
  0.6222
  0.4092
  3.3571
  4.0551
  4.5192
 11.1827
  4.3050
 15.8888
 17.9687
  5.8727
  5.1709
  7.1560
  6.3667
  0.0175
 19.7545
  6.4768
 14.0440
 11.1072
 19.2711
  0.8858
  0.4225
  6.9175
 19.1826
 15.6560
  6.8572
  3.2583
  2.9001
  0.4562
  0.8632
  6.8653
  6.8062
  2.6417
  8.0419
  1.6503
  5.7033
  4.5344
  2.6761
  7.7006
  8.0131
  5.2865
  1.2060
  6.4319
  2.6831
  1.3154
  3.4706
  3.5025
  2.1708
  4.7549
  6.2944
  0.7859
  0.5553
  0.5380
  6.6649
  3.1892
 12.3081
  4.5847
  8.9910
  4.6587
  6.2309
  4.9922
  5.8127
  9.8310
  6.7457
  6.0401
  6.2343
  6.6219
  7.0996
  9.4755
  4.3867
  0.5665
  6.7481
  5.7543
 11.8356
  4.3563
  0.3077
  0.0564
  4.2913
  0.0574
  4.5599
  0.3248
  5.4303
  6.8620
  1.2380
  5.2047
  5.6961
  2.6748
  6.0523
  2.6150
  7.0092
  7.5804
  1.4979
  5.0504
  2.5272
 10.4527
  0.0005
  8.5662
  9.7903
  3.9928
  0.1269
  0.7256
  0.9688
  5.3318
  6.4258
  6.6535
  2.3127
  7.5119
  4.0133
 15.5823
 19.9250
  3.7485
  3.1269
  5.9441
  0.2375
  6.9069
  7.1249
  7.2395
  9.9050
  4.1483
  3.3024
  0.9986
  3.9218
  5.3076
  2.8032
  2.5665
  0.5619
  4.0529
  4.9812
  5.9114
  5.9534
  0.8000
  2.5059
  7.2807
  7.3814
  2.2197
  5.2983
  6.9160
  5.4360
  6.3735
  7.2807
  7.9540
  6.0896
 19.0208
 19.6516
 13.8520
 10.1981
  7.6512
  3.2886
 14.0817
  5.6458
  6.7486
  6.2730
  5.9062
  6.1381
  2.6315
  1.5150
  4.6958
  4.6463
 18.8648
 18.3266
  3.9579
  6.0591
  9.1530
  2.4764
  6.1594
  5.4173
  7.5297
  9.5143
  4.4718
  5.8075
  4.7573
  0.3862
  3.7656
  6.2761
  2.6552
  2.6882
  5.3085
  0.4172
  4.4909
  0.0929
  8.1903
  5.5634
  0.5829
  2.0676
  9.4869
  6.8321
  0.2772
  5.2233
  4.7093
  7.3435
  0.0502
  9.6454
  0.3312
 11.0422
  9.9143
  6.0737
  5.7449
  2.2264
 12.7083
 19.2860
 17.8190
  6.6144
  2.1578
  6.7974
  2.4368
  6.9275
  2.7117
 17.4448
  2.8847
  4.6880
  3.0972
  7.0505
  8.9811
  6.0586
  5.3928
  6.0987
  5.9121
  7.7876
  6.6971
  2.8536
  1.9385
  0.4131
  4.8714
  5.8997
  6.7418
  5.5488
  6.4600
  3.7362
  3.7999
  2.3743
  1.4840
  1.5261
  0.5263
  2.3989
  1.3498
  1.1185
  0.9998
  1.2510
  4.3761
  9.6169
  6.9786
  0.7450
  9.5093
 16.1462
  5.0935
  5.6961
  0.7841
  0.3246
  6.6694
  6.2488
  4.9338
  4.1986
  8.1963
 12.4047
  5.0593
  2.2980
  4.3017
  1.6970
  4.1625
  4.2054
 13.0922
  3.1837
 10.9603
  7.4360
  8.3166
  5.7654
  2.5510
  5.9312
  6.8530
  3.9734
  1.8448
  2.7005
  4.8217
  4.9948
  0.7345
  0.9034
 18.9039
  8.9504
  9.6464
 16.3729
  1.5235
  0.6192
  8.8072
  8.0989
  5.5094
  5.4398
  5.8889
  4.8242
  6.2641
  6.4849
  6.6178
  7.7037
  9.6579
  8.8799
  7.4255
  4.4061
  3.5986
  6.1433
  5.2964
  2.0136
  0.3204
  2.6985
  7.5417
  5.1056
 19.7110
  1.8116
  1.6239
  4.8459
  4.0896
  6.4695
  5.8476
  4.7446
 16.0364
 15.3512
  8.6933
  1.7812
  6.8242
  2.4659
  0.0964
  3.6558
  2.3306
  6.1141
  3.3411
  4.5992
  0.3544
  0.8306
  3.1018
  1.8888
  7.4346
  1.3753
  7.0283
  8.3249
  9.3249
  8.2417
  6.4816
  6.0192
  0.2663
  4.5580
  5.2634
  5.9614
  2.0171
  9.6929
  1.4234
  9.6330
  0.0726
  0.8405
  5.3799
  8.3489
  1.3995
 13.6993
 16.7345
  0.2786
  5.3624
  5.9715
  9.9596
  8.9455
  2.2718
  4.7131
  7.4509
  5.0463
 16.5391
 16.6882
 19.5451
  0.5989
 16.9448
  5.3334
  1.4334
  9.8900
  9.8873
  4.4457
  0.9191
  2.8134
  0.1655
  0.3251
  8.1551
  6.3486
  8.0860
  7.6552
  8.9271
  4.3509
 12.0191
 18.7798
  4.8527
  4.0405
  5.3801
  0.6744
  0.1614
  4.0118
 14.3927
 19.8602
  2.4536
  6.2897
  7.4835
  3.1124
  7.6759
  3.8240
  4.9053
  2.2965
  8.9963
  9.6737
  2.8954
 18.9536
  6.4752
  6.9152
  9.7571
  3.8337
  1.1989
  6.8667
  9.8145
  9.8013
  2.4902
  0.4199
  6.6114
 15.7430
  5.1818
  1.3473
  0.8861
  3.5206
  4.7876
  0.5601
  5.3518
  9.3613
  0.7900
  2.3776
  7.2541
  2.2055
  2.2428
  7.7722
  6.0484
  7.7653
 14.7384
 11.9829
 16.4067
  0.0290
  0.8641
  0.9531
  1.8177
 11.2207
 16.0387
 16.7835
 11.0325
  3.3113
  4.1517
  4.0419
  0.4681
  4.1327
  3.1672
  3.8568
  6.4249
  0.0573
  2.7544
  6.4516
  1.1264
 12.6945
  6.1625
  3.3630
  7.6161
  2.8200
  5.6087
  9.0733
  0.1327
  1.4801
  8.7169
  9.7714
  7.9646
  0.3410
  0.1625
  0.6691
  4.1960
  4.8056
  0.9411
  2.0715
  2.8560
  2.0130
  8.5156
  9.6486
  1.0784
  1.5205
  2.3547
 14.8027
  1.7970
  2.5653
  6.3808
  6.2289
  5.0794
  8.9988
  5.8067
  0.6349
  5.2470
  6.7195
 14.6921
  6.4440
  0.2823
  0.4203
  9.8221
  1.0269
 13.4544
  2.6005
  9.3093
  5.5224
  3.0199
  4.6389
  0.6905
  6.5217
  5.5618
  3.4527
  7.7500
  7.7883
  1.9690
  6.4630
  4.8310
  4.6977
  4.2662
  7.3993
  0.4312
  9.0327
  2.7694
  0.4376
  2.0112
 19.0128
  0.7119
  1.4519
  1.5220
  1.1920
  9.3050
  2.5433
  2.7793
  2.8444
  8.1259
  1.8024
  0.6743
  6.5532
  6.2902
  6.5632
  0.7621
  8.9720
  6.2118
  6.5855
  6.7511
  6.6494
  5.7347
  2.4318
  5.3738
  5.6667
  6.2169
  0.4255
  0.2945
  7.5503
  9.1133
  1.5229
  4.4733
  3.2918
  2.1441
  3.4286
  4.3846
  4.3036
  2.7284
  1.7915
  1.8230
  1.3011
  3.4839
 18.8990
  6.1777
  0.8248
  0.7837
  8.6423
  0.7580
  0.2031
 11.7979
  0.0128
  0.5272
  6.0285
  3.3164
  9.2654
  2.7289
  0.2177
  4.1088
  1.6587
  7.3000
  0.9555
  0.7439
  0.7423
  9.6762
  9.5940
  0.8746
  0.8561
  6.6982
  6.4476
  5.0062
  5.3569
  6.8862
  5.9463
  5.7554
  5.4054
  5.9677
  2.3336
  3.0111
  3.1148
  8.0890
  0.8592
  8.6944
  1.1116
  7.0304
  9.4104
 11.0393
  1.3766
  5.7572
  6.2250
  5.1216
  2.2612
  5.9658
  7.5398
  7.4197
  0.5625
  0.2367
  0.5033
  1.0570
  8.2764
  1.4935
  2.8044
  6.3470
  2.9600
  9.8994
  1.0255
  4.0983
  3.9227
  0.2154
  8.0325
  0.7678
  5.5415
  0.8513
  6.2388
  8.8260
  7.7569
  0.6196
  6.0071
  7.9446
  0.3893
  5.9209
  5.7058
  6.8359
  0.2690
  6.5600
  2.8600
  9.3297
  5.0842
  3.7068
  0.8783
  6.0233
 10.1763
  0.7776
  0.0707
  7.3637
  3.7526
  3.8570
  6.4582
  6.4563
  3.6417
  0.9223
  3.4106
  4.1816
  9.5415
  8.1978
  0.1811
  3.4133
  5.8828
  7.4253
  2.0988
 17.1629
  2.8875
  2.5173
  8.1734
  7.6658
  3.1475
  8.0393
  5.7003
  3.3307
  8.3473
  7.0638
  6.4690
  3.0201
  5.1279
  8.4026
  9.2612
  2.7393
  5.7463
  6.0615
  5.8782
  2.3561
 15.3017
 15.8843
 18.5590
  3.8344
  6.8716
  8.4323
  4.4861
  0.7432
 17.0532
 10.2118
  6.7704
  1.8159
  9.2729
  9.4508
 19.0255
  0.1348
  6.2893
  6.9723
  4.2680
  5.2242
  4.8022
  0.7358
  0.9686
  2.2505
  2.1261
  8.1628
  5.7129
  7.2720
  0.3303
  0.5122
 16.0270
 14.9938
  2.6264
  3.9124
  9.3787
  7.4095
 18.1676
  5.5862
  0.2516
  1.2055
  5.1367
  8.6280
  5.2589
  1.9726
  0.2530
  2.9942
  3.1633
  2.3147
  0.3179
  2.0575
 14.2581
  2.5796
  0.1737
  4.2691
  5.4040
  1.6443
  5.5432
  9.8165
  5.0039
  2.0997
  1.4930
  4.4332
  5.5616
  8.2169
  9.7231
 15.8259
  5.2373
  5.3976
  4.9813
  8.4400
  3.2805
  3.2022
  7.9057
  8.0471
  5.8691
  5.9675
  6.4373
 10.7256
  7.2961
  9.2785
  2.1301
  1.7228
  4.0942
  3.9336
 10.1492
 16.7447
  6.0437
  6.5904
  4.4013
 17.6832
  8.6775
  9.0656
  9.5359
  9.3590
  7.9826
  9.7236
  6.0383
  6.9866
  0.4012
  1.9600
  8.2149
  1.2304
  1.0049
  8.6213
  8.9360
  5.0140
  9.6786
  9.6300
  7.0090
  8.8229
  5.5476
  4.1592
  5.6770
 19.0116
 11.8075
 14.7697
  0.3615
 11.4142
  2.3950
  0.7632
  0.9929
  2.0024
  8.1772
  5.0687
  6.6246
  9.0162
  8.6042
  7.4282
  7.2996
  8.5335
  6.4234
  3.1893
  5.2687
  7.8994
 15.8719
  5.8398
  2.5221
  4.8082
  3.4343
 11.6387
  8.9281
  7.2932
  9.4541
  6.0284
  5.2970
  5.6242
  5.1594
  5.2528
  6.6073
  2.9585
  2.3010
  6.2571
  5.8528
  0.4134
  9.3577
  6.4550
  6.8416
  9.8076
  9.6279
  2.1641
  6.5939
  3.4586
  3.1547
  1.1295
  0.4865
  0.4668
 18.5812
 13.7629
 14.1263
  0.9975
  0.0905
  8.9926
  1.7645
  5.8243
  5.5948
  2.7016
  2.2043
  7.0542
  8.7906
  6.5250
  5.4198
  8.2184
  4.6514
  7.0380
  8.0854
  8.3791
 18.1483
 17.5540
  3.8814
  9.3899
  8.7699
  0.8743
  5.8338
  6.9170
  0.3962
  0.3433
  9.8857
  5.0127
  5.9435
  8.1167
  8.9271
  3.5869
  5.4239
  6.4187
  6.3126
  5.7922
  5.2380
  1.1961
 11.4588
  6.3630
 18.4953
 13.7573
  7.9674
  1.5150
  2.5312
  1.4263
 11.4511
 16.0600
 11.6979
 10.3297
  9.3684
  1.0098
  1.5373
  7.6268
  8.5146
  9.6027
  8.4412
  1.7573
  6.5961
  6.2735
  2.2717
  5.2688
  8.5670
  0.0963
  9.5361
  8.3964
  8.8067
 19.5119
  1.3550
  0.0992
  0.0641
  0.2652
 12.3542
  6.9778
  6.9811
  2.2033
  6.4194
  5.1387
  5.8150
  9.0145
  1.5104
  1.6335
  4.1596
  2.7420
  5.6824
  6.4378
  6.4976
  5.9128
  5.1107
  0.4525
  5.8516
 14.9773
  5.7980
  0.9215
  0.5134
  4.5107
  4.4307
  7.4761
  4.8368
 10.9418
  0.8456
  0.0136
  7.1887
  8.6008
  9.8687
  0.5521
  2.5617
  1.4913
  1.3585
  5.0638
  6.8141
  7.6235
  6.1421
  5.5437
  8.3970
  3.9161
  7.9001
  4.6728
  1.2552
  1.9320
  5.4818
  5.5586
  6.5535
  1.0666
  5.6333
  0.6952
  6.3590
  6.5767
  0.2190
  0.7948
  0.4374
  4.3820
  4.5468
  3.5410
  5.2075
  5.2415
  8.9772
  2.2572
  5.9581
  6.4189
  5.6869
  6.7081
  2.8409
  0.9913
  1.6931
  2.6822
  8.2692
  8.3735
  8.9894
 19.1267
  8.9791
  0.6427
  9.0707
  8.9190
  7.7395
  8.9506
  1.9648
  1.1632
  5.9200
  5.9566
  5.4505
  9.1110
  5.5381
 12.6043
  3.4663
  4.0969
  7.0107
  8.8546
  7.0779
 18.4546
  7.7893
  1.2876
 19.0699
  5.0866
  6.3046
  0.5241
  5.8111
  6.6009
  6.7453
  0.8923
  5.4754
  0.0112
  0.3771
  5.3955
  4.1295
  8.2624
  9.8522
  6.6763
  0.7582
  6.6714
  6.3777
  0.2122
  0.2284
  0.0521
  1.6624
  5.5215
  4.9946
  3.2185
  7.4790
 19.4860
 18.8342
  8.6084
  9.5134
  0.0693
  8.2064
  0.9872
  6.7849
  7.5679
  0.0526
  6.7799
  5.1771
  5.9871
  0.2680
  6.4504
  6.3646
  3.4192
  3.1511
  8.7991
  9.3977
  3.3908
  9.9838
  8.5885
  0.6260
