SISIM SIMULATIONS:  Clustered 140 primary and secondary data                    
1
Simulated Value
  3.9983
  2.7776
  3.1242
  0.3801
  0.1259
  0.4941
  0.0033
  0.1972
  0.0234
 12.1735
  0.2851
  0.1616
 26.3544
 20.9057
  0.4628
  0.0681
  0.2038
  0.0008
  0.0822
  0.4457
  0.1156
  0.8562
  0.9140
  0.6699
  0.7673
  0.7513
  0.9699
  0.7664
  0.6762
  0.8402
  0.8400
  0.9543
  0.8164
  0.2376
  0.2527
  0.2994
  0.0328
  0.0392
  0.4060
  0.2167
  0.1647
  0.3493
  0.2268
  1.1171
  0.0839
  2.4065
  1.2739
  0.3100
  0.4433
  0.1115
  6.3796
  6.8421
  3.3300
  3.0893
  0.4699
  0.0600
  0.3049
  0.2867
 25.7969
 25.1041
 18.7511
 19.6941
 15.6460
 10.4742
  0.2995
  0.4177
  0.0047
  0.0438
  0.4962
  0.1115
  0.0900
  0.5241
  0.6856
  1.8437
  0.8527
  0.9312
  0.8900
  0.9962
  0.6248
  0.5178
  0.8448
  0.7854
  0.2658
  0.4589
  0.3759
  0.4625
  0.3135
  0.2055
  0.1830
  0.1182
  0.3489
  0.3004
  0.0522
  1.7327
  0.1163
  1.1693
  0.0211
  0.1103
  0.2825
  0.2400
  5.7199
  5.0566
  4.9381
  0.0385
  0.0884
  0.0506
  0.0734
  0.2072
  0.3945
 21.9029
  0.1488
 17.8304
 12.9306
 22.5414
 16.2497
  0.2617
  0.3260
  0.2911
  0.3716
  0.3446
  0.7436
  0.9093
  0.9843
  0.9300
  1.3342
  0.5328
  0.7703
  0.6245
  0.6353
  0.6816
  0.9398
  0.4970
  0.0445
  0.3907
  0.4785
  0.2786
  0.3803
  0.0355
  0.1735
  0.0728
  0.0688
  0.1516
  0.0320
  0.3879
  0.4237
  2.1579
  1.9367
  0.2123
  0.1991
  0.2973
  6.6895
  5.6017
  4.7406
  4.6820
  0.1240
  0.3316
  0.2459
 24.0912
 14.7320
 19.6509
 11.2543
 19.2230
 29.7476
  0.1900
 24.3934
  0.1000
  0.0530
  0.1313
  0.0025
  0.0592
  0.4689
  0.6697
  0.3086
  0.7871
  1.2351
  2.0362
  2.2447
  2.4158
  2.4540
  0.4730
  0.0772
  0.0834
  0.3695
  0.4854
  0.4349
  0.1319
  0.2518
  0.3282
  0.1112
  0.2774
  0.0128
  0.4928
  0.3603
  0.3655
  2.1169
  1.1422
  1.6154
  1.5144
  0.4754
  0.1703
 14.3253
  8.1802
  6.1154
  6.4006
  7.0946
  0.2703
  0.0631
  0.3326
 28.8856
 29.7274
 19.9200
 22.1299
 11.2033
 10.4603
 19.0920
  0.2015
  0.4450
  0.4391
  0.3106
  0.2037
  0.3407
  0.4474
  0.9796
  0.4018
  1.2913
  1.8100
  1.9509
  1.0420
  2.1717
  1.5551
  0.2980
  0.2520
  0.0865
  0.4195
  0.2880
  0.2345
  0.2205
  0.3516
  0.2442
  0.0989
  0.1639
  0.4022
  0.2730
  2.0514
  0.3064
  2.3940
  1.9283
  0.0869
  0.1675
  0.0971
 16.6947
 23.9687
  7.1543
  8.3550
  8.5622
  8.5052
  9.5487
  9.8854
  5.2240
  8.2441
 28.5658
 23.9857
 20.4958
 23.5132
  0.2685
  0.6266
  0.1498
  0.3903
  0.0333
  0.3268
  0.1016
  0.1900
  0.8208
  0.0521
  2.2372
  1.5414
  2.0730
  0.5938
  0.6817
  1.3211
  1.5357
  0.0958
  0.4125
  0.4577
  0.3839
  0.0574
  0.0048
  0.3661
  0.0800
  0.4512
  0.2189
  0.3168
  0.1769
 19.7456
  0.1488
  1.2348
  1.0705
  1.2773
  1.7496
  0.2568
 28.1137
 16.5820
 29.0985
 23.9005
  9.6331
  9.6492
  8.0123
  0.0549
  0.4203
  0.1425
 24.8153
 16.3649
 10.9713
  5.1604
  0.2769
  0.8766
  0.3954
  0.3707
  0.3400
  0.3940
  0.0013
  0.1216
  0.0639
  1.9908
  1.9512
  2.3975
  1.9036
  1.8650
  2.3407
  2.1578
  1.7108
  1.2799
  0.2892
  0.4851
  0.0527
  0.1201
  0.1552
  0.2186
  0.3403
  0.4264
  0.4586
  0.0162
 20.3834
 13.6001
  0.0842
  1.8900
  1.0550
  1.7362
  1.5296
  4.2519
 12.7400
 16.3514
  5.7469
  9.1075
  8.0480
  8.3314
  8.9672
  0.3273
  0.2800
  0.4766
  0.2600
 13.7290
  1.3698
  5.9222
  7.3804
  0.0093
  4.8072
  0.4650
  0.3060
  0.2125
  0.0648
  1.5308
  0.4873
  1.9037
  2.1715
  2.2408
  2.2644
  1.9519
  1.8084
  1.5811
  1.9286
  1.8326
  1.6233
  0.9200
  0.6888
  0.4147
  0.1665
  0.2959
  0.2647
  0.1707
  0.1900
  1.8464
  1.8075
  1.1915
 19.2891
  1.9062
  1.7061
  2.1816
  2.2356
  3.3112
  6.4900
 20.3500
  8.9000
  6.2801
  7.1200
  6.7598
  0.4411
  0.9017
  0.1395
  0.1944
  0.0189
  0.1386
  0.3320
  1.3228
  0.2264
  2.6006
  4.7813
  3.6645
  4.6609
  3.0388
  2.4052
  2.0838
  2.0192
  2.0672
  1.7602
  2.1004
  1.4566
  2.2325
  2.4573
  1.3150
  1.7077
  0.9661
  0.8045
  0.9034
  0.8958
  0.3167
  0.0204
  0.4390
  0.1052
  0.2440
  1.3365
  1.2634
  1.7377
 12.5009
 10.2923
 15.5629
  1.4523
 16.1127
  8.1740
  4.6707
 15.7700
  7.5600
  6.2600
  7.9200
  6.8814
  8.8614
  0.5881
  0.8986
  0.1124
  0.0167
  0.1097
  0.1629
  0.1238
  1.8570
  1.1516
  1.8446
  3.3137
  4.5443
  4.0858
  4.4412
  2.6363
  4.4542
  1.5087
  2.1780
  1.4319
  1.6759
  1.4204
  1.7944
  1.2563
  2.3677
  1.7000
  0.8835
  0.9380
  2.1834
  0.7446
  0.9282
  0.5911
  0.0126
  0.0810
  0.0778
  1.9319
  0.0030
  1.0091
 18.9558
 29.2192
  6.4438
  8.0235
  6.4934
  9.5272
  0.1606
  6.7342
  6.5524
  2.5500
  2.8369
  0.7318
  0.5254
  0.7232
  0.6225
  0.8496
  0.7891
  0.7957
  0.2579
  0.4370
  2.2851
  1.2612
  4.6243
  4.6934
  4.0332
  3.6305
  2.7371
  3.6600
  1.9081
  1.9930
  2.2354
  1.6639
  1.6224
  1.6093
  1.1846
  1.6168
  2.1720
  0.8994
  2.0890
  2.4446
  0.6474
  0.8746
  0.9600
  0.7255
  0.9436
  0.9525
  0.4132
  0.1273
  0.4730
  0.0417
  2.4700
 16.1436
  8.6027
  8.0521
  6.4501
  5.9666
  0.0072
  8.1872
  3.8212
 29.6332
 15.1424
  0.6761
  0.6662
  0.8667
  0.8533
  0.9511
  0.7487
  0.8681
  0.6528
  2.3403
  1.8203
  1.2284
  2.4420
  3.5746
  2.6909
  4.3050
  2.8633
  3.9012
  1.4078
  1.3400
  2.3581
  2.0097
  2.1186
  0.1016
  0.1349
  0.2800
  0.6717
  0.5755
  0.9084
  1.6751
  1.5841
  0.7391
  0.5086
  0.6492
  0.5241
  0.8409
  0.9115
  0.2510
  0.1830
  0.0545
  2.1095
 13.9091
  1.2568
  9.8673
  7.4457
  9.3222
  3.1695
 18.2764
 15.5390
  3.4243
  0.5840
  0.8142
  0.7641
  0.7836
  0.7100
  0.5418
  0.9132
  0.9229
  2.4253
  1.5523
  1.2700
  1.8150
  3.6470
  3.8772
  3.9921
  3.3159
  2.7198
  4.6275
  2.7879
  1.6405
  1.7697
  1.9743
  2.4649
  0.2603
  0.2991
  0.0054
  0.5060
  0.5033
  0.9438
  0.6879
  0.9780
  0.8017
  0.8537
  0.7538
  0.8450
  0.9791
  0.5343
  0.0792
  0.3222
  0.1776
  0.3868
 20.0489
  2.4398
  2.2307
  2.8471
  4.9710
  4.1320
 12.9481
 20.1232
  8.7100
  0.8335
  4.5149
  0.7949
  0.5173
  0.5229
  0.8263
  0.8411
  0.9027
  0.6438
  1.7187
  1.9300
  2.4464
  4.6999
  2.9900
  3.9870
  2.6779
  4.0932
  3.9140
  4.4872
  3.7253
  1.5578
  1.9664
  2.1285
  1.0420
  2.3497
  0.3781
  0.8245
  0.7261
  0.7348
  0.6773
  0.8766
  0.7683
  0.9489
  0.8810
  0.9095
  0.5616
  0.1192
  0.2868
  0.1057
  0.2629
  0.2333
  0.1694
  1.3829
  1.6600
  4.6700
  4.2480
  3.4880
 20.6535
  5.5400
 10.2700
  3.6100
  3.2057
  4.3783
  0.5461
  0.8656
  1.2360
  0.8231
  0.7154
  0.8472
  2.1104
  1.9764
  1.9563
  2.6968
 23.5185
  2.9600
  2.8901
  2.8705
  3.6892
  2.8184
  2.1472
  1.2907
  1.5054
  2.2432
  1.2074
  0.0900
  0.1117
  0.8380
  0.8128
  0.7953
  0.7107
  0.5025
  0.9900
  0.7933
  0.8891
  0.7845
  0.1659
  0.6884
  0.7891
  0.9661
  0.1609
  0.6372
  2.2071
  0.6200
  2.5128
  0.6651
  0.5056
  2.9292
 13.5721
 25.9834
  2.7400
  3.1329
  2.6471
  0.9949
  2.0079
  1.7117
  2.0352
  1.6181
  2.3713
  1.1100
  0.6634
  0.9269
  4.3014
 21.5254
 19.4400
  9.0800
  4.9200
  4.9869
  4.4414
  3.2912
  4.3606
  1.0702
  2.7345
  2.9035
  4.2624
  0.4185
  1.1797
  1.3247
  0.3226
  0.1155
  0.9073
  0.8459
  0.7811
  0.9462
  0.5502
  0.7199
  0.3704
  0.6232
  0.5198
  0.3977
  0.4709
  2.4858
  1.7387
  0.9020
  0.5890
  0.5190
  2.8059
  4.9364
 28.1461
 27.6210
  1.4958
  2.5791
  2.3490
  3.2122
  2.2883
  2.2511
  1.2397
  2.2134
  2.4864
  1.4733
  0.8733
  2.3960
  3.3931
  1.5655
  3.7102
  2.9700
  4.5039
  4.9519
  3.9052
  3.9676
  1.2573
  1.1346
  1.3997
  2.5075
  3.3122
  1.0910
  2.2245
  0.2783
  0.3134
  0.2412
  0.4936
  0.9768
  0.7613
  0.6844
  0.7272
  0.3647
  0.3037
  0.4537
  0.2962
  1.0435
  0.2736
  1.4591
  2.4086
  0.6229
  0.9879
  0.8824
  0.7947
  3.2572
  0.4650
 14.5132
  1.5379
  2.4092
  1.5154
  2.3283
  1.9627
  0.4169
  0.4900
  0.3248
  1.4832
  0.4853
  3.9631
  3.5653
  3.5502
  4.9477
  2.6964
  2.7643
  4.1160
  3.4739
  2.9088
  2.7833
  1.9345
  1.6128
  0.0682
  0.4264
  2.9389
  1.9738
  1.2997
  0.1000
  0.1447
  0.2200
  0.1649
  0.4291
  0.4929
  0.5924
  0.8934
  0.2818
  0.2880
  0.1025
  1.2428
  1.2567
  0.2327
  0.2081
  1.6096
  0.9418
  0.7733
  0.7165
  0.6587
  4.2624
  0.4686
  0.4687
  0.1006
  1.6591
  1.4155
  2.0215
  1.9361
  1.0100
  0.2438
  0.4599
  0.4829
  1.3575
  3.5631
  4.9173
  4.4560
  2.8295
  4.5400
  4.1383
  1.0416
  3.6770
  3.3108
  0.3608
  0.3269
  0.1600
  0.2456
  0.1647
  0.4423
  0.7151
  2.2747
  0.0039
  0.0589
  0.2465
  0.4884
  0.3135
  0.9919
  0.7406
  0.4991
  0.3471
  0.4322
  0.0600
  0.4997
  0.3798
  2.3867
  1.3637
  1.8833
  0.8718
  0.5739
  0.7700
  3.2432
  3.9809
  0.3039
  0.2695
  1.1140
  2.4063
  1.3382
  1.0075
  1.3221
  2.0177
  0.3384
  0.1700
  0.6444
  0.0818
  2.6037
  3.1484
  3.8760
  4.1999
  2.1519
  2.0065
  0.1182
  2.0851
  0.2169
  0.1008
  0.1139
  0.0768
  0.3300
  0.4148
  0.8980
  0.5581
  0.8988
  0.0280
  0.0824
  0.4128
  0.2537
  0.4898
  0.1420
  0.8351
  0.0059
  0.4288
  0.3325
  0.4228
  0.3355
  0.1362
  0.4073
  0.1591
  2.2251
  0.8805
  0.6673
  0.6734
  0.5398
  0.9953
  0.4485
  0.3054
  1.1176
  2.2019
  1.2738
  1.2378
  2.1662
  1.0916
  0.9082
  0.5922
  0.3693
  0.3902
  0.3229
  4.5378
  2.6486
  4.4772
  1.0789
  1.8617
  4.4305
  2.1700
  0.3328
  0.4206
  0.3631
  0.0395
  0.0918
  0.7000
  0.6968
  0.7923
  0.5079
  0.0038
  0.4411
  0.4686
  0.3637
  0.4534
  0.5773
  0.3704
  0.5663
  0.0517
  0.3914
  0.2500
  0.3077
  0.0722
  0.3213
  0.7004
  0.5642
  0.8747
  0.8307
  0.7022
  0.9644
  0.6803
  0.1076
  0.2383
  1.7243
  1.8983
  1.5682
  1.1407
  1.8411
  2.0456
  0.5528
  0.6645
  0.9286
  0.6963
  0.0695
  4.4877
  0.3300
  1.9736
  3.0617
  2.4742
  1.6019
  3.7125
  0.0672
  0.2381
  0.0728
  0.4917
  0.1373
  0.0329
  0.7307
  0.7272
  0.6613
  0.0358
  0.2168
  0.0217
  0.5452
  0.9542
  0.6134
  0.5965
  0.0598
  0.0309
  0.1100
  0.0570
  0.1000
  0.0087
  0.2468
  0.3027
  0.0128
  0.1422
  0.9045
  0.6532
  0.7238
  0.7422
  0.4306
  0.1832
  0.2817
  2.4004
  1.2778
  2.3400
  2.4878
  0.5306
  0.9767
  0.7647
  0.8018
  0.6525
  0.6979
  4.8219
  1.5234
  1.8318
  1.2916
  1.1056
  1.4348
  0.0823
  0.1390
  0.4368
  0.3272
  0.2896
  0.0526
  0.0198
  0.8673
  0.8934
  0.5177
  0.5791
  1.3800
  0.3092
  0.6043
  0.7594
  0.7897
  0.4778
  0.8616
  0.2615
  0.0380
  0.0691
  0.0163
  0.3980
  0.1370
  0.4059
  0.2167
  0.9300
  0.7104
  0.8351
  0.8209
  0.9904
  0.3892
  0.4969
  1.0340
  1.3800
  0.1646
  0.3083
  0.9997
  0.8022
  0.6608
  0.6924
  0.8830
  0.9898
  0.9252
  4.4387
  1.7854
  1.5612
  2.0507
  1.8472
  2.1985
  0.3374
  0.2833
  1.9287
  0.4655
  4.4995
  0.2790
  0.7933
  0.7900
  0.5108
  0.7523
  0.6257
  0.2374
  0.5438
  0.4553
  0.2314
  0.2910
  0.6225
  0.0049
  0.4323
  0.3743
  0.4724
  0.3371
  0.2501
  0.1675
  0.0866
  0.3166
  0.4878
  0.0372
  0.6584
  0.8073
  0.7795
  0.3595
  0.1361
  0.2578
  2.0486
  1.3493
  0.0203
  0.0559
  0.1513
  0.9777
  0.8297
  0.8012
  0.7259
  0.8237
  0.8400
  2.3740
  1.1125
  2.2999
  1.1407
  1.0819
  2.4580
  2.2014
  1.8068
  0.2575
  3.0400
  3.8669
  3.9885
  0.5782
  0.5921
  0.7458
  2.2123
  0.8033
  0.3973
  0.1496
  0.1919
  0.1448
  0.2263
  0.0207
  0.3497
  0.1695
  0.1623
  0.2092
  0.1784
  2.3440
  1.6639
  0.1834
  0.1692
  0.4789
  0.8288
  0.8123
  0.5210
  0.1600
  0.3270
  0.3480
  0.4550
  0.3429
  2.4566
  0.1100
  0.7605
  0.5800
  0.7983
  0.6562
  0.9996
  1.4904
  1.8697
  0.0903
  1.3501
  1.3644
  2.3785
  2.1545
  2.3241
  1.4559
  1.9238
  1.1200
  1.7098
  1.4935
  4.8900
  3.3080
  1.6920
  0.7109
  0.6298
  0.9340
  0.0431
  0.1304
  0.4009
  0.4882
  0.4947
  0.4881
  0.4658
  0.1064
  1.2742
  0.1894
  0.0896
  1.8952
  1.6071
  2.2448
  0.1566
  0.4890
  0.8451
  0.9400
  0.9196
  0.3470
  0.1038
  0.1996
  0.2696
  0.1510
  0.3870
  0.9595
  0.7769
  0.8004
  0.5008
  0.6684
  0.1937
  6.8658
  0.2898
  0.0910
  0.3255
  1.0275
  1.4838
  1.4245
  2.2687
  1.5350
  1.7450
  1.5630
  1.3624
  2.1059
  2.1599
  1.0536
  0.9922
  0.6634
  0.7995
  0.3214
  0.4500
  0.0290
  0.4282
  0.4365
  0.3232
  0.4221
  0.2411
  2.2892
  1.9149
  2.2378
  2.1300
  2.0503
  1.1478
  2.1088
  0.7861
  0.6186
  0.8053
  0.7439
  0.5512
  0.4978
  0.1017
  0.2122
  0.3494
  0.1054
  0.7890
  0.5588
  9.2948
  7.3721
  0.8283
  0.5753
  0.8008
  0.3688
  0.1864
  0.0927
  1.0200
  2.2715
  1.8550
  1.7149
  1.8422
  1.9573
  2.4542
  1.3886
  1.2589
  2.3023
  1.9072
  1.9701
  1.9886
  1.3307
  0.1928
  0.1741
  0.0030
  0.0267
  0.2885
  0.3173
  0.2007
  9.6287
  0.7796
  0.6658
  9.0191
  2.4115
  5.2354
  7.0666
  1.3541
  1.1999
  0.8347
  0.5401
  0.6225
  0.5060
  0.9237
  1.6045
  0.3779
  0.0432
  0.3429
  0.9181
  0.9421
  0.7698
  8.0591
  7.6416
  9.2700
  2.6305
  4.8173
  4.3883
  6.7113
  5.6147
  1.8595
  2.2878
  1.8814
  1.6559
  1.7218
  2.2040
  2.0354
  1.4141
  1.9574
  1.8002
  1.0982
  1.5044
  1.7237
  0.3537
  0.4983
  0.0305
  0.0387
  0.2621
  0.1356
  5.5158
  7.1264
  0.1319
  7.8804
  0.5700
  8.3906
  6.3811
  8.8072
  1.5627
  1.0557
  1.0179
  0.8832
  0.6387
  0.9743
  0.6882
  0.6987
  2.3269
  0.8009
  0.9677
  0.0392
  0.7557
  0.4477
  0.8130
  7.7264
  9.0100
  8.0300
  2.5200
  4.2328
  2.8385
  0.1680
  0.4600
  1.4443
  1.3219
  1.3143
  2.4141
  2.0458
  1.6962
  1.6512
  1.1245
  2.2705
  1.8897
  2.4935
  1.1949
  1.0980
  1.7848
  0.0175
  0.0846
  0.1452
  0.0364
  9.2637
  7.3066
  7.0888
  9.5565
  8.3102
  0.9888
  9.1134
  5.7559
  1.1710
  2.1481
  2.2615
  1.5359
  1.2100
  0.6344
  0.7779
  0.8367
  0.8382
  1.5367
  0.6179
  0.7130
  0.8250
  0.6500
  0.5982
  0.5842
  0.8277
  0.8461
  3.5600
  4.8099
  3.8053
  3.5261
  0.3750
  0.3284
  1.4623
  1.5902
  1.2937
  1.6001
  1.8937
  1.0993
  1.9565
  1.2100
  1.3314
  1.4667
  1.1278
  1.6436
  2.4979
  0.4946
  0.0843
  1.1153
  2.3672
  0.1530
  8.8688
  9.8183
  5.8841
  9.1185
  7.6376
  6.8824
  7.9400
  4.4989
  1.9467
  1.0642
  1.7574
  2.1669
  0.6487
  0.6638
  0.5073
  0.6200
  0.7527
  1.9951
  1.7754
  0.5081
  0.9130
  0.7970
  0.7752
  0.5476
  0.5548
  0.9822
  3.0684
  0.4783
  0.3709
  0.1075
  2.3540
  0.0087
  2.0086
  1.5326
  2.1938
  1.9261
  1.1331
  1.0000
  1.5501
  3.2499
  3.7433
  1.7555
  1.0183
  2.0063
  1.9449
  2.1639
  0.4038
  1.5558
  1.5494
  1.3070
  1.9800
  7.3670
  8.4800
  8.6410
  8.5764
 18.6400
  8.3400
  2.5100
  1.9457
  1.5928
  1.7045
  1.4145
  4.7152
  0.8971
  0.8355
  0.6313
  0.8600
  1.6651
  1.1811
  1.9112
  0.8030
  0.5519
  0.5780
  0.9705
  0.6980
  0.6216
  4.9631
  3.6387
  3.8104
  0.6573
  1.0783
  1.3760
  2.0632
  1.7862
  1.6861
  1.2965
  2.0385
  2.3209
  1.9337
  3.8522
  2.5675
  3.0405
  1.0967
  1.8307
  1.7100
  2.4754
  1.1195
  1.1047
  1.4174
  1.9107
  8.6475
  9.4200
 18.7600
  5.2600
 11.6331
 17.0958
  2.2800
  3.6963
  1.2186
  4.2082
  1.0865
  2.2202
  0.5717
  0.6532
  0.8251
  0.9146
  0.7650
  1.6526
  1.7067
  0.8283
  1.1000
  0.5480
  0.6864
  0.7243
  0.9157
  0.5313
  4.1778
  0.5920
  0.6736
  2.1642
  2.0365
  1.8936
  1.8560
  1.5760
  1.0334
  2.4944
  2.4240
  4.0838
  2.6650
  3.1652
  2.8362
  4.5002
  4.2730
  2.6552
  1.5630
  2.3901
  2.1593
  1.4628
  1.3869
  1.3001
  1.8418
  1.6696
  2.8200
  4.9308
  3.5631
 20.3058
 23.8049
 29.1400
  1.2902
  3.9690
  3.6922
  4.7315
  3.4486
  3.7760
  2.9379
  0.5908
  4.1800
  1.4268
  1.2492
  1.7160
  1.9597
  0.6525
  0.6032
  0.6693
  0.8557
  0.7103
  0.9126
  0.6622
  1.8775
  1.7800
  1.5400
  1.6650
  2.3593
  1.6886
  1.3600
  2.3008
  4.6151
  3.7718
  2.8400
  4.2859
  3.3777
  3.3438
  4.3607
  4.3184
  1.8200
  1.0471
 25.0534
  1.5430
  1.8596
  1.8801
  2.1877
  2.1107
  4.4884
  3.8380
  4.7561
  3.5031
 28.5291
  2.2706
  2.2466
 16.0629
 20.5187
  3.4359
  3.3192
  3.8100
  0.8499
  3.2756
  3.9173
  1.5247
  2.1430
  1.7946
  0.7529
  0.8079
  0.7392
  0.1111
  0.4413
  0.9275
  0.9446
  0.5920
  0.9582
  1.0118
  2.2875
  2.1122
  2.1437
  1.2548
  1.9372
  2.8824
  3.1947
  2.7243
  4.3574
  4.3030
  3.5341
  4.7758
  2.5227
  2.9943
  2.2509
  3.0497
  2.9556
 27.4451
  8.1627
  2.3300
  2.0683
  4.6313
  1.1272
  3.5994
  4.0052
  3.5900
  2.5218
 17.4775
 11.3361
  3.6406
  4.8462
  3.2158
  4.1426
  4.8082
  0.8302
  2.5345
  2.6450
  1.5305
  1.5883
  1.2328
  1.7045
  0.6220
  0.4514
  0.0776
  0.1481
  0.9071
  0.7920
  0.8754
  0.9094
  0.6782
  0.5968
  0.7628
  1.7235
  0.7444
  1.5878
  0.7163
  2.7308
  3.3267
  4.2665
  2.6888
  3.6274
  2.5306
  2.7308
  2.7957
 11.8899
  5.8485
 24.5013
  4.8082
  4.2900
  6.4100
  7.7100
  3.5042
  1.1134
  2.7666
  3.6400
  5.3100
  2.2200
  1.8898
  1.9725
  1.4705
  2.3791
  3.3379
  4.8661
  3.9521
  0.8001
  2.5083
  4.8861
  1.6939
  0.3106
  1.2126
  0.0438
  0.3200
  0.4554
  0.1602
  0.4355
  0.8886
  0.7727
  0.6980
  0.7552
  0.7771
  0.9699
  0.9577
  0.5427
  0.8434
  1.4692
  4.9013
  2.7348
  3.1240
  3.9951
  2.6937
  4.4852
 22.2918
  4.9923
  4.8598
 11.9230
 19.0587
 12.1555
 22.6174
  3.6250
  3.2100
  2.6935
  3.3051
  2.9943
  5.4639
  9.1304
  9.0800
  2.4391
  1.5702
  1.2985
  1.8878
  3.9465
  3.4483
  3.3876
  2.5502
  3.7757
  4.9473
  3.1756
  0.3432
  1.9197
  0.3402
  0.3400
  0.0443
  0.4237
  0.1248
  0.2557
  0.4473
  0.1952
  0.5018
  0.8852
  0.8417
  0.7958
  0.8016
  0.8389
  0.6840
  0.8818
  3.8155
  3.0755
  3.7767
 29.6192
 27.0055
 16.2027
  4.1614
 21.6422
 29.4286
 27.6850
 15.5494
 21.1660
  5.2774
 21.5952
 16.8606
  3.4516
  3.7682
  3.0390
  2.9350
  8.0399
  4.6474
  3.5100
  2.5485
  1.6907
  1.1583
  1.2733
  1.1013
  3.9260
  3.1805
  2.5233
  4.7379
  3.6496
  0.0686
  0.0162
  1.9731
  1.3513
  0.5693
  0.5507
  0.0835
  0.1491
  0.0230
  0.5766
  0.5006
  0.9751
  0.8845
  0.9900
  0.9357
  0.5336
  0.5731
  0.9750
  2.8667
  4.1407
  2.9549
  2.7454
  4.7513
  8.4751
 16.3064
 28.5527
 23.8123
 22.9289
 28.8952
 23.3728
 20.9901
 25.2745
 21.4531
  3.4093
  0.3499
  0.1354
  3.8459
  3.1110
  3.6853
  3.5768
  3.0446
  1.1869
  2.4582
  1.4870
  4.4011
  2.8246
  2.8827
  0.1842
  4.1383
  2.7917
  1.5503
  0.4753
  2.4004
  0.7736
  0.9613
  0.3805
  0.0535
  0.0369
  0.3720
  0.8877
  0.6132
  0.7092
  0.6646
  0.5431
  0.9994
  0.9061
  0.6932
  0.5723
  0.8923
  4.1031
  9.7980
  6.6677
  5.6150
  5.1306
  7.9860
 26.3485
 18.9231
 16.8654
 23.1384
 11.1325
 11.0800
 24.7132
 25.8991
  0.2255
  0.4492
  0.1781
  0.3406
  2.9548
  3.6591
  1.0201
  1.8014
  2.4888
  2.3048
  3.6116
  3.2497
  3.4681
  0.2400
  3.2736
  2.9052
  3.7130
  2.3300
  1.3680
  1.0103
  0.6308
  0.6779
  0.5853
  0.6700
  0.9150
  0.8505
  0.7485
  0.9426
  0.5727
  0.9310
  0.9713
  0.7768
  0.8677
  0.8776
  0.6548
  0.9925
  5.8622
  6.5616
  7.6540
  6.2441
  6.2457
  7.8434
 29.6068
  5.7700
 20.3011
 11.7040
 58.3200
 17.1900
 22.7500
 18.8826
 26.9297
  0.3533
  0.4172
  3.3481
  4.6122
  2.9117
  3.8836
  2.0333
  1.7900
  2.0850
  4.9853
  3.1167
  4.6110
  4.2093
  2.6143
  3.8859
  2.7785
  1.8397
  2.3253
  2.1594
  2.2246
  0.5860
  0.9183
  0.3589
  0.7191
  0.8046
  0.7525
  0.9681
  0.9443
  0.5965
  0.9755
  0.5725
  0.7936
  0.7685
  7.2855
  0.6450
  5.1500
  6.7370
  7.9927
  8.5587
  9.9508
  6.4194
 22.9424
  5.8286
  6.2007
  2.7600
 16.3644
 21.0800
 19.7469
 22.5159
 28.9451
 12.5734
 20.6614
  3.5413
  0.4869
  4.0637
  3.7300
  3.2506
  3.3916
  2.0364
  4.1728
  4.9654
  4.9033
  4.5714
  3.1030
  3.1543
  2.6524
  1.6762
  2.1958
  1.5169
  0.9892
  0.9470
  0.8436
  0.8877
  0.5942
  0.6359
  0.8129
  0.8529
  0.8811
  0.9201
  0.5258
  0.5100
  0.8855
  6.1281
  8.6944
  6.1533
  6.6192
  8.9141
  9.2287
  5.3544
  9.9955
  6.3708
  5.7041
  8.4739
  9.3445
  9.5616
  9.7383
  5.5966
  6.6689
 17.6717
 15.4518
 23.3500
  0.3264
  0.1800
  0.2546
  2.5319
  1.3700
  2.6898
  2.6466
  1.0814
  4.1504
  3.6015
  2.9921
  2.6978
  4.4897
  4.8173
  2.8553
  1.5794
  1.0350
  2.2459
  0.7778
  0.8816
  0.9254
  0.7548
  0.5045
  0.6600
  0.8726
  0.3874
  0.8986
  0.7684
  0.7732
  0.7881
  5.7062
  9.4718
  5.5491
  6.7214
  7.7241
  8.9827
  7.7051
  8.4077
  8.2581
  6.4317
  8.4249
  6.9114
  1.4675
  5.0500
  6.7665
  9.8960
  5.3800
 21.0020
 13.5622
 27.0923
 15.5009
  0.2568
  0.2517
  3.7532
  4.0333
  2.9303
  3.5242
  4.4827
  4.5183
  2.7243
  4.2325
  2.8499
  3.3500
  3.8688
  4.9082
  2.4816
  2.1162
  0.7502
  0.7155
  0.9428
  0.7979
  0.9589
  0.6975
  0.8100
  0.7263
  0.2221
  0.5065
  0.2620
  0.7427
  0.5501
  7.1621
  6.9621
  5.4248
  6.9212
  5.7630
  7.8928
  7.3650
  7.2331
  6.7336
  5.6993
  9.3837
  7.6173
  8.6330
  9.3658
  5.7190
  5.5400
  7.5300
 10.2000
 10.6546
 12.3119
  4.6000
  4.4954
  3.7145
  2.9273
  4.1716
  3.9473
  2.7500
  2.9184
  3.4350
  3.4670
  2.6538
  4.3631
  2.7028
  4.2077
  3.7777
  1.7779
  2.2520
  0.8732
  0.6278
  0.8113
  0.9480
  0.9967
  0.6066
  0.7218
  0.2417
  0.0944
  0.4000
  0.0884
  0.5504
  0.8300
  5.2358
  9.4158
  7.7158
  9.9895
  7.6867
  5.8465
  5.5936
  6.7466
  0.3527
  0.0260
  1.0204
  8.2413
  2.4592
  5.2643
  6.8739
  5.5871
 15.7700
 11.2708
 28.2029
 20.8075
  0.4672
  0.4682
  3.5360
  0.0971
  3.7202
  3.8757
  4.5625
  3.0813
  4.8979
  3.4264
  3.6970
  3.4735
  2.8018
  3.2889
  3.8743
  2.1126
  2.0870
  0.0565
  1.9600
  1.7131
 17.4478
  0.6230
  0.3503
  0.1555
  0.4925
  0.3478
  0.4464
  0.1907
  0.7337
  0.1435
  0.0489
  0.1431
  8.8837
  0.0824
  7.1967
  9.6372
  0.3734
  0.1864
  0.1202
  1.5563
  1.8260
  2.2787
  1.2846
  2.4801
  6.0052
  5.2813
  8.6880
 14.0012
 12.9942
  0.1453
  0.0326
  0.4642
  0.7265
  0.1567
  0.3252
  0.0798
  4.7985
  4.0105
  3.9975
  3.5249
  4.2479
  2.6646
  4.2785
  4.2492
  4.8881
  1.4456
  1.7438
  1.7382
  1.2833
  1.3488
 19.5587
 13.3001
  0.3051
  0.3758
  0.1211
  0.4198
  0.0430
  0.2348
  0.0156
  0.1373
  0.0595
  0.4539
  0.0267
  0.3961
  0.4373
  0.3650
  0.1543
  0.3400
  0.2580
  1.5649
  1.0713
  1.1713
  2.3688
  1.2954
  1.3183
  8.9768
  8.2843
  0.2947
  0.1131
  0.0268
  0.3075
  0.3338
  0.7814
  0.5545
  0.2622
  3.6559
  3.2018
  4.6421
  3.0675
  4.5978
  2.9176
  3.5079
  2.6923
  2.8456
  4.1261
  1.4810
  1.5996
  2.2522
  0.2595
  0.4025
  0.2195
  0.3775
  0.0377
  0.3803
  0.2634
  0.1912
  0.2681
  0.1907
  0.1384
  0.3116
  4.3163
  2.9204
  0.2813
  0.1632
  0.2517
  0.2415
  0.1803
  0.1543
  0.0786
  1.9770
  1.1263
  1.6606
  1.6590
  8.0262
  5.6014
  5.4703
  7.4583
  8.6103
  5.8162
  6.6301
  6.4433
  4.6977
  0.2810
  2.9855
  3.7762
  4.9485
  3.2102
  4.1410
  4.5318
  2.6076
  2.6448
  4.1023
  4.3765
  2.9712
  3.1795
