Model Indicator Variogram: cutoff =    -.674 Direction 
  1     .000         .000      1      1.17810       .00000
  2    1.000         .103      1       .53184       .54856
  3    2.000         .121      1       .41848       .64478
  4    3.000         .136      1       .32192       .72675
  5    4.000         .149      1       .23902       .79712
  6    5.000         .161      1       .16845       .85701
  7    6.000         .170      1       .10978       .90682
  8    7.000         .177      1       .06307       .94646
  9    8.000         .183      1       .02872       .97562
 10    9.000         .186      1       .00738       .99374
 11   10.000         .188      1       .00000      1.00000
 12   11.000         .188      1       .00000      1.00000
 13   12.000         .188      1       .00000      1.00000
 14   13.000         .188      1       .00000      1.00000
 15   14.000         .188      1       .00000      1.00000
 16   15.000         .188      1       .00000      1.00000
 17   16.000         .188      1       .00000      1.00000
 18   17.000         .188      1       .00000      1.00000
 19   18.000         .188      1       .00000      1.00000
 20   19.000         .188      1       .00000      1.00000
Model Indicator Variogram: cutoff =     .000 Direction 
  1     .000         .000      1      1.57080       .00000
  2    1.000         .131      1       .74831       .52361
  3    2.000         .155      1       .59825       .61914
  4    3.000         .176      1       .46766       .70228
  5    4.000         .194      1       .35288       .77535
  6    5.000         .210      1       .25268       .83914
  7    6.000         .223      1       .16718       .89357
  8    7.000         .235      1       .09735       .93802
  9    8.000         .243      1       .04481       .97147
 10    9.000         .248      1       .01160       .99262
 11   10.000         .250      1       .00000      1.00000
 12   11.000         .250      1       .00000      1.00000
 13   12.000         .250      1       .00000      1.00000
 14   13.000         .250      1       .00000      1.00000
 15   14.000         .250      1       .00000      1.00000
 16   15.000         .250      1       .00000      1.00000
 17   16.000         .250      1       .00000      1.00000
 18   17.000         .250      1       .00000      1.00000
 19   18.000         .250      1       .00000      1.00000
 20   19.000         .250      1       .00000      1.00000
Model Indicator Variogram: cutoff =     .674 Direction 
  1     .000         .000      1      1.17810       .00000
  2    1.000         .103      1       .53184       .54856
  3    2.000         .121      1       .41848       .64478
  4    3.000         .136      1       .32192       .72675
  5    4.000         .149      1       .23902       .79712
  6    5.000         .161      1       .16845       .85701
  7    6.000         .170      1       .10978       .90682
  8    7.000         .177      1       .06307       .94646
  9    8.000         .183      1       .02872       .97562
 10    9.000         .186      1       .00738       .99374
 11   10.000         .188      1       .00000      1.00000
 12   11.000         .188      1       .00000      1.00000
 13   12.000         .188      1       .00000      1.00000
 14   13.000         .188      1       .00000      1.00000
 15   14.000         .188      1       .00000      1.00000
 16   15.000         .188      1       .00000      1.00000
 17   16.000         .188      1       .00000      1.00000
 18   17.000         .188      1       .00000      1.00000
 19   18.000         .188      1       .00000      1.00000
 20   19.000         .188      1       .00000      1.00000
