   5.012085    
   5.135046    
   7.237418    
   8.647495    
   3.596177    
   3.912418    
   3.605684    
   4.946904    
   6.335869    
   5.607464    
   4.008090    
   2.851249    
   3.576366    
   5.968602    
   4.377212    
   5.051906    
   6.166058    
   4.396065    
   7.803192    
   6.244664    
   2.462588    
   2.939397    
   5.043440    
   4.527019    
   2.441843    
   1.959841    
   3.767522    
   3.353607    
   6.366409    
   5.048276    
   4.220829    
   6.912261    
   5.792991    
   4.132749    
   4.212380    
   3.856477    
   4.665275    
   3.752399    
   2.974306    
   2.227008    
   5.421557    
   8.106876    
   6.756715    
   2.140919    
   2.879997    
   5.410511    
   6.326687    
   4.987714    
   4.427862    
   4.125555    
   5.544953    
   6.472658    
   5.940758    
   3.252364    
   2.911891    
   4.781187    
   6.134773    
   4.240054    
   5.345767    
   6.682836    
   5.454987    
   5.725699    
   7.004196    
   6.835876    
   4.278713    
   5.250401    
   7.597082    
   8.372906    
   6.841698    
   2.772168    
   3.723725    
   1.638341    
   4.959028    
   7.183273    
   4.821287    
   4.396406    
   3.040085    
   4.403462    
   3.041229    
   3.298645    
   4.167589    
   3.241255    
   3.886561    
   4.938026    
   5.204324    
   2.774294    
   4.041092    
   4.802712    
   4.271274    
   5.870555    
   4.953944    
   5.105069    
   5.873713    
   4.300066    
   3.336746    
   3.014687    
   3.245394    
   5.189615    
   5.473466    
   5.533710    
