4   X  Y  Z  value                
   5.00000    2.50000   0.500000  1.0
  15.00000    2.50000   0.500000  2.0
  25.00000    2.50000   0.500000  3.0
  35.00000    2.50000   0.500000  4.0
   5.00000    7.50000   0.500000  5.0
  15.00000    7.50000   0.500000  6.0
  25.00000    7.50000   0.500000  7.0
  35.00000    7.50000   0.500000  8.0
   5.00000   12.50000   0.500000  9.0
  15.00000   12.50000   0.500000 10.0
  25.00000   12.50000   0.500000 11.0
  35.00000   12.50000   0.500000 12.0
   5.00000   17.50000   0.500000 13.0
  15.00000   17.50000   0.500000 14.0
  25.00000   17.50000   0.500000 15.0
  35.00000   17.50000   0.500000 16.0
   5.00000    2.50000   1.500000 17.0
  15.00000    2.50000   1.500000 18.0
  25.00000    2.50000   1.500000 19.0
  35.00000    2.50000   1.500000 20.0
   5.00000    7.50000   1.500000 21.0
  15.00000    7.50000   1.500000 22.0
  25.00000    7.50000   1.500000 23.0
  35.00000    7.50000   1.500000 24.0
   5.00000   12.50000   1.500000 25.0
  15.00000   12.50000   1.500000 26.0
  25.00000   12.50000   1.500000 27.0
  35.00000   12.50000   1.500000 28.0
   5.00000   17.50000   1.500000 29.0
  15.00000   17.50000   1.500000 30.0
  25.00000   17.50000   1.500000 31.0
  35.00000   17.50000   1.500000 32.0
