Sample data :Transform:Data.out                      
           5
X	                                      
Y	                                      
Z	                                      
Primary                                 
Secondary                               
      4.50000    10.50000     0.50000     3.46000     3.21000
      4.50000    10.50000     1.50000     3.30000     4.69433
      4.50000    10.50000     2.50000     0.22000     0.81000
      4.50000    10.50000     3.50000     2.53256     2.65000
      4.50000    10.50000     4.50000     1.00000     1.63000
      4.50000    10.50000     5.50000     1.02000     1.92800
      4.50000    10.50000     6.50000     0.50000     1.17000
      4.50000    10.50000     7.50000     1.46000     0.87000
      4.50000    10.50000     8.50000     1.71000     0.61000
      4.50000    10.50000     9.50000     0.20000     0.20000
      6.50000    15.50000     0.50000     0.55000     0.86000
      6.50000    15.50000     1.50000     0.74294     1.34000
      6.50000    15.50000     2.50000     0.27000     0.91000
      6.50000    15.50000     3.50000     0.48000     0.88000
      6.50000    15.50000     4.50000     0.16000     0.47000
      6.50000    15.50000     5.50000     0.18000     0.58000
      6.50000    15.50000     6.50000     0.46000     0.93000
      6.50000    15.50000     7.50000     1.52000     1.26000
      6.50000    15.50000     8.50000     1.13000     1.25000
      6.50000    15.50000     9.50000     2.22000     1.06000
      7.50000    28.50000     0.50000     1.12000     0.80000
      7.50000    28.50000     1.50000     0.38000     0.43000
      7.50000    28.50000     2.50000     0.36000     0.37000
      7.50000    28.50000     3.50000     0.39000     0.33000
      7.50000    28.50000     4.50000     1.98000     0.72000
      7.50000    28.50000     5.50000     0.28000     0.30000
      7.50000    28.50000     6.50000     2.06000     0.58045
      7.50000    28.50000     7.50000     0.79000     0.75000
      7.50000    28.50000     8.50000     5.54000     2.06495
      7.50000    28.50000     9.50000     2.76000     2.15000
     10.50000    39.50000     0.50000     1.13000     1.23000
     10.50000    39.50000     1.50000     0.46000     0.65000
     10.50000    39.50000     2.50000     0.80000     0.38000
     10.50000    39.50000     3.50000     0.08000     0.18000
     10.50000    39.50000     4.50000     0.89000     0.45000
     10.50000    39.50000     5.50000     0.13000     0.25000
     10.50000    39.50000     6.50000     0.28000     0.37000
     10.50000    39.50000     7.50000     0.64000     0.93000
     10.50000    39.50000     8.50000     1.87000     2.70000
     10.50000    39.50000     9.50000     0.44000     1.47000
      9.50000    47.50000     0.50000     0.14000     0.30000
      9.50000    47.50000     1.50000     0.24000     0.36000
      9.50000    47.50000     2.50000     0.29000     0.30000
      9.50000    47.50000     3.50000     0.12000     0.19000
      9.50000    47.50000     4.50000     0.43000     0.37000
      9.50000    47.50000     5.50000     5.13698     1.96000
      9.50000    47.50000     6.50000     5.70471     3.64163
      9.50000    47.50000     7.50000     1.20000     3.43000
      9.50000    47.50000     8.50000     0.69000     2.29000
      9.50000    47.50000     9.50000     0.81000     3.91795
     18.50000     6.50000     0.50000     8.10986    14.37113
     18.50000     6.50000     1.50000     1.91000     5.94274
     18.50000     6.50000     2.50000     0.82000     2.46000
     18.50000     6.50000     3.50000     0.60000     1.20000
     18.50000     6.50000     4.50000     6.72311     1.71000
     18.50000     6.50000     5.50000     0.55000     0.33865
     18.50000     6.50000     6.50000     1.96000     0.83000
     18.50000     6.50000     7.50000     1.40298     0.87000
     18.50000     6.50000     8.50000     0.87000     0.98798
     18.50000     6.50000     9.50000     2.88000     2.52636
     14.50000    14.50000     0.50000     0.17000     0.47000
     14.50000    14.50000     1.50000     0.39000     0.80000
     14.50000    14.50000     2.50000     0.24000     0.46000
     14.50000    14.50000     3.50000     0.84000     0.85000
     14.50000    14.50000     4.50000     3.24000     0.97923
     14.50000    14.50000     5.50000     0.19000     0.33000
     14.50000    14.50000     6.50000     2.97000     1.13000
     14.50000    14.50000     7.50000     0.46000     0.55000
     14.50000    14.50000     8.50000     0.55000     0.62000
     14.50000    14.50000     9.50000     0.93485     0.82000
     13.50000    29.50000     0.50000     0.13000     0.20000
     13.50000    29.50000     1.50000     0.46000     0.41000
     13.50000    29.50000     2.50000     0.25000     0.32000
     13.50000    29.50000     3.50000     0.42000     0.33000
     13.50000    29.50000     4.50000     0.40000     0.35000
     13.50000    29.50000     5.50000     0.60000     0.42000
     13.50000    29.50000     6.50000     0.24000     0.25000
     13.50000    29.50000     7.50000     1.53000     0.82000
     13.50000    29.50000     8.50000     0.34000     0.55000
     13.50000    29.50000     9.50000    15.62914     2.64000
     15.50000    35.50000     0.50000     1.68000     1.56000
     15.50000    35.50000     1.50000     2.41000     1.90000
     15.50000    35.50000     2.50000     8.23278     2.52000
     15.50000    35.50000     3.50000     0.65000     0.63000
     15.50000    35.50000     4.50000     0.15000     0.37000
     15.50000    35.50000     5.50000     0.16000     0.32586
     15.50000    35.50000     6.50000     0.19000     0.31000
     15.50000    35.50000     7.50000     3.05657     1.70000
     15.50000    35.50000     8.50000     0.79000     1.20000
     15.50000    35.50000     9.50000     0.66798     1.34000
     20.50000    42.50000     0.50000     1.93589     7.70000
     20.50000    42.50000     1.50000     3.77846     6.69912
     20.50000    42.50000     2.50000     1.14000     2.66566
     20.50000    42.50000     3.50000     0.24000     0.90000
     20.50000    42.50000     4.50000     1.21794     1.85000
     20.50000    42.50000     5.50000     0.22000     0.53000
     20.50000    42.50000     6.50000     2.11000     2.24000
     20.50000    42.50000     7.50000     1.30000     1.95000
     20.50000    42.50000     8.50000     6.27072     4.88151
     20.50000    42.50000     9.50000     6.71791     6.22066
     23.50000    10.50000     0.50000     2.17000     4.18675
     23.50000    10.50000     1.50000     2.79000     4.67000
     23.50000    10.50000     2.50000     0.56000     1.44000
     23.50000    10.50000     3.50000     1.92973     2.03000
     23.50000    10.50000     4.50000     1.34534     0.69000
     23.50000    10.50000     5.50000     1.37000     0.55000
     23.50000    10.50000     6.50000     0.49000     0.27000
     23.50000    10.50000     7.50000     0.03000     0.15000
     23.50000    10.50000     8.50000     0.40000     0.29000
     23.50000    10.50000     9.50000     0.40000     0.30000
     28.50000    15.50000     0.50000     0.40000     0.89000
     28.50000    15.50000     1.50000     0.55000     0.90000
     28.50000    15.50000     2.50000     2.06000     2.03607
     28.50000    15.50000     3.50000     1.71000     2.07991
     28.50000    15.50000     4.50000     3.47476     3.16000
     28.50000    15.50000     5.50000     0.99000     2.32000
     28.50000    15.50000     6.50000     1.38000     1.50000
     28.50000    15.50000     7.50000     4.29107     1.79000
     28.50000    15.50000     8.50000     0.13000     0.25000
     28.50000    15.50000     9.50000     0.60000     0.22000
     28.50000    28.50000     0.50000     0.10000     0.32000
     28.50000    28.50000     1.50000     1.72000     1.53000
     28.50000    28.50000     2.50000     0.55000     0.75000
     28.50000    28.50000     3.50000     0.77000     0.91000
     28.50000    28.50000     4.50000     0.83000     1.24000
     28.50000    28.50000     5.50000     0.21000     0.58000
     28.50000    28.50000     6.50000     0.09000     0.29000
     28.50000    28.50000     7.50000     0.12000     0.25000
     28.50000    28.50000     8.50000     0.18000     0.24000
     28.50000    28.50000     9.50000     0.24000     0.19000
     30.50000    31.50000     0.50000     1.60000     1.65000
     30.50000    31.50000     1.50000     3.11569     3.05000
     30.50000    31.50000     2.50000     0.29000     0.95000
     30.50000    31.50000     3.50000     1.37786     1.89000
     30.50000    31.50000     4.50000     0.09000     0.50000
     30.50000    31.50000     5.50000     0.11000     0.41000
     30.50000    31.50000     6.50000     0.07000     0.25000
     30.50000    31.50000     7.50000     0.11000     0.23000
     30.50000    31.50000     8.50000     2.35000     0.99000
     30.50000    31.50000     9.50000     2.62866     0.64000
     24.50000    48.50000     0.50000    12.12137    15.24367
     24.50000    48.50000     1.50000     3.96000     7.29976
     24.50000    48.50000     2.50000     2.33000     4.64489
     24.50000    48.50000     3.50000     2.78000     4.99000
     24.50000    48.50000     4.50000     1.07000     2.69238
     24.50000    48.50000     5.50000     1.03000     2.69566
     24.50000    48.50000     6.50000    12.35916     9.12993
     24.50000    48.50000     7.50000     5.05000     4.57000
     24.50000    48.50000     8.50000     1.07950     1.80000
     24.50000    48.50000     9.50000     5.40000     5.71000
     33.50000     6.50000     0.50000     8.21884     7.70000
     33.50000     6.50000     1.50000    13.30038     9.09000
     33.50000     6.50000     2.50000     4.89077     3.79000
     33.50000     6.50000     3.50000     2.18000     1.64000
     33.50000     6.50000     4.50000     0.22000     0.36000
     33.50000     6.50000     5.50000     1.33000     0.62000
     33.50000     6.50000     6.50000     0.50000     0.36000
     33.50000     6.50000     7.50000     0.02600     0.17000
     33.50000     6.50000     8.50000     0.15000     0.26000
     33.50000     6.50000     9.50000     0.06000     0.18000
     31.50000    20.50000     0.50000     2.07246     1.49000
     31.50000    20.50000     1.50000     0.77000     0.76000
     31.50000    20.50000     2.50000     1.55000     1.44000
     31.50000    20.50000     3.50000    10.13000     5.28000
     31.50000    20.50000     4.50000     1.57009     4.31000
     31.50000    20.50000     5.50000    19.44000    11.48620
     31.50000    20.50000     6.50000     8.03414     5.21000
     31.50000    20.50000     7.50000     0.05000     0.25313
     31.50000    20.50000     8.50000     0.14000     0.26000
     31.50000    20.50000     9.50000     0.12000     0.17000
     34.50000    21.50000     0.50000     4.56121     2.21500
     34.50000    21.50000     1.50000     1.93321     1.52000
     34.50000    21.50000     2.50000     0.68796     0.73000
     34.50000    21.50000     3.50000    16.30401     6.31741
     34.50000    21.50000     4.50000     0.56000     2.16917
     34.50000    21.50000     5.50000     2.41000     3.66642
     34.50000    21.50000     6.50000     0.11000     0.60000
     34.50000    21.50000     7.50000     0.10000     0.37000
     34.50000    21.50000     8.50000     0.03000     0.19871
     34.50000    21.50000     9.50000     0.08000     0.17842
     35.50000    40.50000     0.50000     4.49512     7.96321
     35.50000    40.50000     1.50000     1.02000     2.72000
     35.50000    40.50000     2.50000     6.61000    10.63402
     35.50000    40.50000     3.50000     1.97000     5.97297
     35.50000    40.50000     4.50000     3.90000     5.56000
     35.50000    40.50000     5.50000     1.68000     3.26000
     35.50000    40.50000     6.50000     3.68000     4.94349
     35.50000    40.50000     7.50000     5.59000     3.18000
     35.50000    40.50000     8.50000     0.94000     1.73000
     35.50000    40.50000     9.50000     0.24000     0.83000
     36.50000    42.50000     0.50000     2.83000     6.65000
     36.50000    42.50000     1.50000     2.79000     5.64079
     36.50000    42.50000     2.50000     3.27213     7.96274
     36.50000    42.50000     3.50000     1.72000     5.63057
     36.50000    42.50000     4.50000     1.89000     4.55121
     36.50000    42.50000     5.50000     1.64346     3.35719
     36.50000    42.50000     6.50000     4.94032     5.03000
     36.50000    42.50000     7.50000     0.55000     1.03000
     36.50000    42.50000     8.50000     0.37669     0.95000
     36.50000    42.50000     9.50000     0.75000     1.39000
     46.50000     3.50000     0.50000     0.36000     0.45000
     46.50000     3.50000     1.50000     2.69000     1.68000
     46.50000     3.50000     2.50000    11.41028     3.51215
     46.50000     3.50000     3.50000     5.11000     2.84449
     46.50000     3.50000     4.50000     0.24000     0.45623
     46.50000     3.50000     5.50000     5.02470     0.86000
     46.50000     3.50000     6.50000     0.34000     0.36000
     46.50000     3.50000     7.50000     0.05000     0.19000
     46.50000     3.50000     8.50000     0.14000     0.39000
     46.50000     3.50000     9.50000     0.18000     0.81000
     45.50000    13.50000     0.50000     1.16000     1.51406
     45.50000    13.50000     1.50000     4.22000     2.87000
     45.50000    13.50000     2.50000     0.28000     0.69000
     45.50000    13.50000     3.50000     0.23000     0.60068
     45.50000    13.50000     4.50000     0.14000     0.37000
     45.50000    13.50000     5.50000     0.35000     0.62000
     45.50000    13.50000     6.50000     0.61000     1.23000
     45.50000    13.50000     7.50000     0.57000     1.46000
     45.50000    13.50000     8.50000     2.84000     2.63000
     45.50000    13.50000     9.50000     1.07000     2.09000
     45.50000    25.50000     0.50000     0.03000     0.27000
     45.50000    25.50000     1.50000     2.88000     1.58833
     45.50000    25.50000     2.50000     0.17000     0.37000
     45.50000    25.50000     3.50000     0.14000     0.31000
     45.50000    25.50000     4.50000     0.12000     0.35690
     45.50000    25.50000     5.50000     0.39000     0.95769
     45.50000    25.50000     6.50000     1.69361     2.00000
     45.50000    25.50000     7.50000     3.21230     3.17701
     45.50000    25.50000     8.50000     2.34000     3.78000
     45.50000    25.50000     9.50000     0.16000     0.50000
     49.50000    35.50000     0.50000     0.11000     0.36000
     49.50000    35.50000     1.50000     0.63000     0.75465
     49.50000    35.50000     2.50000    14.33279     2.69000
     49.50000    35.50000     3.50000     1.19000     0.61000
     49.50000    35.50000     4.50000     2.14000     1.31000
     49.50000    35.50000     5.50000     5.38345     2.18312
     49.50000    35.50000     6.50000     6.31996     4.95405
     49.50000    35.50000     7.50000     8.21000     7.65095
     49.50000    35.50000     8.50000    13.34094    10.00933
     49.50000    35.50000     9.50000     5.52510     4.95037
     44.50000    44.50000     0.50000     1.91090     5.05000
     44.50000    44.50000     1.50000     3.89468     4.27000
     44.50000    44.50000     2.50000     0.37000     1.00777
     44.50000    44.50000     3.50000     0.71000     1.36580
     44.50000    44.50000     4.50000     0.28000     0.62000
     44.50000    44.50000     5.50000     0.53000     0.56000
     44.50000    44.50000     6.50000     6.69478     2.76000
     44.50000    44.50000     7.50000     9.28795     2.79096
     44.50000    44.50000     8.50000     2.37000     2.15000
     44.50000    44.50000     9.50000     1.09000     1.25100
