Variogram Volume 
1  13  13   7
variogram
    11.03242
  -999.00000
     2.89976
     9.53734
     2.31412
     6.31796
     8.58735
    12.46563
     1.62548
     7.39872
    14.44347
     9.64144
    12.64473
     3.07967
    25.10406
     5.05260
    13.64897
    12.01794
     2.21420
  -999.00000
    17.69918
    10.11114
  -999.00000
    19.62060
    27.81040
  -999.00000
  -999.00000
     4.83555
    26.16492
    19.52343
    15.05257
    10.13080
    14.16314
    17.68969
    13.65036
     5.72354
     6.80437
    25.63664
     1.57161
     8.00948
     1.82466
     6.79091
     9.19792
    10.27148
    17.49701
    12.60779
     9.27622
     4.25997
    18.62533
    11.30978
    21.34768
    27.93676
     4.04159
    17.86735
     4.50058
    10.60574
    10.29780
     7.90959
     6.15451
    12.72710
     8.19809
  -999.00000
    14.04020
    15.47947
     8.48564
     0.27348
     8.00757
    12.10316
    18.82688
    12.14258
    10.35440
     1.30106
    18.78092
    10.70527
     9.62047
    14.09318
    11.12521
    20.80255
     0.88542
     5.67507
     1.42451
     4.67771
     3.55870
    17.68846
     8.70356
    24.17381
     0.79779
    11.58153
     1.52199
     7.41409
     1.18074
     9.26913
     2.39782
    13.95073
     8.76234
     5.45106
     0.75674
    11.31545
    10.64954
     2.20350
    18.43357
    13.26827
     3.29276
    26.14496
     2.77494
    12.42820
     5.37477
  -999.00000
    10.12324
    12.05813
     6.63645
     7.10272
    13.82036
     9.52101
    23.67042
     9.75230
     8.66884
     0.76954
    11.55016
     3.74254
    10.97584
     2.38415
     9.43033
     7.78076
    13.28406
    10.20877
     8.29164
    17.16098
    12.11047
    14.51340
     5.73103
     0.25692
    12.28318
     2.07410
    13.06011
    15.23579
     4.17991
    10.37272
     9.20494
    15.45878
    17.93066
     0.87144
  -999.00000
  -999.00000
     0.30146
     9.08695
  -999.00000
     7.57915
     0.99054
  -999.00000
     2.96925
     2.40125
    11.24359
     6.18902
    22.50444
     3.41783
     8.65389
     1.96067
     5.01110
     0.98126
     1.69984
     5.05139
     2.07794
     6.55199
     7.00604
     7.02316
     1.70368
  -999.00000
     6.91291
     7.46062
  -999.00000
     2.72512
    10.51516
     2.02510
     6.51141
    11.10326
    13.05098
     2.27637
     7.05880
    11.53483
     7.14373
    13.04323
     2.96751
    19.23873
     3.63472
    18.21772
     5.59038
     1.31885
  -999.00000
    14.78314
     5.67283
  -999.00000
    20.17576
    16.96876
  -999.00000
  -999.00000
     3.64166
    16.62673
    13.89642
    12.41519
    16.28281
     9.20560
    12.48001
    16.35234
     6.74718
    19.45571
    19.79094
     1.98343
     5.80277
     1.46382
     6.81231
    11.56720
     6.84206
    12.07508
     9.57763
     8.28156
     4.23779
    18.46423
     8.00479
     9.94722
    18.90827
     5.70961
    30.07014
     4.21383
     7.60947
    14.84983
     6.50256
    12.52869
    14.48595
     8.15293
  -999.00000
    14.55078
    22.99171
     5.95734
     9.84944
     9.29818
    11.26781
    35.25132
     8.70634
    12.75383
     1.18312
    13.72915
     7.40119
     8.39719
    14.05574
     9.61183
    15.05495
     0.73228
     6.75995
     1.16362
     3.76394
     4.28485
    31.84224
     8.80835
    22.49093
     1.90151
    10.11111
     1.35434
     5.46688
     1.43050
     7.87852
     5.94030
    22.06665
     9.25095
     4.66202
     5.51872
     8.25529
    11.92114
     4.30152
    34.39148
    10.53725
     8.39932
    19.98183
     4.65852
    18.14326
     8.75922
  -999.00000
    10.02467
    13.16753
     9.26064
     6.71575
    20.81693
     9.94760
    18.12567
    35.25778
     7.02631
     0.47049
    14.77862
     5.03250
    16.03554
     2.84124
     8.62384
    10.84067
     8.84992
    10.31837
    11.11111
     9.00377
     7.49405
     7.66724
     5.78158
     4.88602
    18.97798
     4.02994
    13.87002
     8.95223
     5.39518
    11.51782
     6.24902
    15.47021
    18.05487
     1.46287
  -999.00000
  -999.00000
    13.62888
    12.58434
  -999.00000
     6.04245
     1.89440
  -999.00000
     2.32221
     4.96373
    16.81075
     4.25857
    17.67632
     3.62040
     3.78611
     1.69224
     4.77361
     1.06529
     2.48221
    13.57146
     2.94673
     4.89774
     4.95611
     6.02587
     1.74668
  -999.00000
     6.62387
     7.94681
  -999.00000
     2.17859
     9.29767
     3.21195
    10.22074
     8.34589
     9.92953
     2.19400
     5.81814
     5.24181
     4.69945
    12.61165
     3.90244
    25.63814
     4.85783
     9.83110
     7.87731
     2.47582
  -999.00000
    11.06606
     8.56002
  -999.00000
    14.87702
    14.19709
  -999.00000
  -999.00000
     2.60183
    23.33856
     9.84912
     9.96035
    12.63801
     8.88450
     9.58412
    15.71825
     7.33391
    16.37499
    16.38418
     2.90432
     4.98776
     1.39513
    10.53263
    12.44225
     7.80552
     8.29586
    10.56903
     6.90967
     4.55734
    16.93327
     7.58918
    10.87064
    12.48991
     7.90093
    26.27836
     5.61123
     6.61380
    14.88950
     7.43331
    11.98271
    13.51858
     8.25996
  -999.00000
    15.91106
    21.20105
     5.61234
    15.16983
     8.08434
    14.25443
    25.78240
     8.23212
    10.39327
     2.29388
     9.99445
     6.68900
     9.99454
    13.15693
     8.86426
    10.80784
     1.31959
     6.51777
     1.37494
     3.02224
     3.07656
    26.82096
     7.51176
    13.52259
     4.73318
     9.28620
     1.57889
     4.27745
     1.92700
     8.56189
     7.83799
    15.04871
     8.74257
     6.39884
     8.87460
     5.58071
     9.36684
     6.07631
    28.86613
    11.64220
     7.90584
    16.96869
     7.78255
    17.79092
    10.70263
  -999.00000
     8.30148
    12.44119
     9.91571
     7.47278
    15.53507
     9.80800
    14.78693
    27.80624
     7.22234
     0.77379
     8.51057
     5.28943
    17.05767
     3.02581
     8.62914
     9.56039
     4.97732
     7.53071
    10.34989
    13.99256
     8.44790
     7.16350
     4.68969
    10.83555
    16.76046
     4.97481
    12.44063
    13.28723
     8.14938
    12.39594
     8.53009
    14.82494
    18.72889
     1.70913
  -999.00000
  -999.00000
    18.97067
    12.85479
  -999.00000
     9.76085
     2.90510
  -999.00000
     2.33748
     6.99314
    18.94905
     5.00144
    22.10694
     4.02489
     9.35160
     2.01218
     5.24718
     3.67940
     2.36656
    15.66644
     5.83263
     8.84789
     5.00635
    10.25299
     2.36938
  -999.00000
     7.60143
     9.48308
  -999.00000
     1.53467
    10.38905
     4.65862
     6.26311
     5.71043
    13.53805
     2.28323
     4.71887
     6.18021
     2.45836
     3.26025
     3.85001
    25.52604
     4.55345
    15.36795
     7.59258
     1.30241
  -999.00000
     7.85001
     9.39519
  -999.00000
    13.17159
    16.27136
  -999.00000
  -999.00000
     2.66976
    20.53065
    14.79581
    10.98726
    11.69426
     8.04788
    14.21426
    15.04751
     5.91984
    14.99629
    14.27347
     3.88647
     9.80866
     7.06598
    12.54334
    12.41734
     9.27609
     7.87542
    11.33064
     8.39879
     3.91935
    15.57700
     7.60575
    14.69456
    11.73213
     6.12064
    23.43301
    17.05696
     9.09178
    12.67260
     7.36810
     9.81873
    13.32458
     7.89891
  -999.00000
    14.37406
    19.67279
     6.54357
    14.05710
     7.51985
    11.71051
    25.55396
     6.53193
    10.36476
     5.62123
     8.33813
     6.23026
     8.77376
     9.17727
     7.66457
    12.55259
     1.82512
     5.77290
     1.31283
     7.56160
     2.95390
    15.00927
     0.18044
    15.00927
     2.95390
     7.56160
     1.31283
     5.77290
     1.82512
    12.55259
     7.66457
     9.17727
     8.77376
     6.23026
     8.33813
     5.62123
    10.36476
     6.53193
    25.55396
    11.71051
     7.51985
    14.05710
     6.54357
    19.67279
    14.37406
  -999.00000
     7.89891
    13.32458
     9.81873
     7.36810
    12.67260
     9.09178
    17.05696
    23.43301
     6.12064
    11.73213
    14.69456
     7.60575
    15.57700
     3.91935
     8.39879
    11.33064
     7.87542
     9.27609
    12.41734
    12.54334
     7.06598
     9.80866
     3.88647
    14.27347
    14.99629
     5.91984
    15.04751
    14.21426
     8.04788
    11.69426
    10.98726
    14.79581
    20.53065
     2.66976
  -999.00000
  -999.00000
    16.27136
    13.17159
  -999.00000
     9.39519
     7.85001
  -999.00000
     1.30241
     7.59258
    15.36795
     4.55345
    25.52604
     3.85001
     3.26025
     2.45836
     6.18021
     4.71887
     2.28323
    13.53805
     5.71043
     6.26311
     4.65862
    10.38905
     1.53467
  -999.00000
     9.48308
     7.60143
  -999.00000
     2.36938
    10.25299
     5.00635
     8.84789
     5.83263
    15.66644
     2.36656
     3.67940
     5.24718
     2.01218
     9.35160
     4.02489
    22.10694
     5.00144
    18.94905
     6.99314
     2.33748
  -999.00000
     2.90510
     9.76085
  -999.00000
    12.85479
    18.97067
  -999.00000
  -999.00000
     1.70913
    18.72889
    14.82494
     8.53009
    12.39594
     8.14938
    13.28723
    12.44063
     4.97481
    16.76046
    10.83555
     4.68969
     7.16350
     8.44790
    13.99256
    10.34989
     7.53071
     4.97732
     9.56039
     8.62914
     3.02581
    17.05767
     5.28943
     8.51057
     0.77379
     7.22234
    27.80624
    14.78693
     9.80800
    15.53507
     7.47278
     9.91571
    12.44119
     8.30148
  -999.00000
    10.70263
    17.79092
     7.78255
    16.96869
     7.90584
    11.64220
    28.86613
     6.07631
     9.36684
     5.58071
     8.87460
     6.39884
     8.74258
    15.04871
     7.83799
     8.56189
     1.92700
     4.27745
     1.57889
     9.28621
     4.73318
    13.52259
     7.51176
    26.82096
     3.07656
     3.02224
     1.37494
     6.51777
     1.31959
    10.80784
     8.86426
    13.15693
     9.99454
     6.68900
     9.99445
     2.29388
    10.39327
     8.23212
    25.78240
    14.25443
     8.08434
    15.16983
     5.61234
    21.20105
    15.91106
  -999.00000
     8.25996
    13.51858
    11.98271
     7.43331
    14.88950
     6.61380
     5.61123
    26.27836
     7.90093
    12.48991
    10.87064
     7.58918
    16.93328
     4.55734
     6.90967
    10.56903
     8.29586
     7.80552
    12.44225
    10.53263
     1.39513
     4.98776
     2.90432
    16.38418
    16.37499
     7.33391
    15.71825
     9.58412
     8.88450
    12.63801
     9.96035
     9.84912
    23.33856
     2.60183
  -999.00000
  -999.00000
    14.19709
    14.87702
  -999.00000
     8.56002
    11.06606
  -999.00000
     2.47582
     7.87731
     9.83110
     4.85783
    25.63814
     3.90244
    12.61165
     4.69945
     5.24181
     5.81814
     2.19400
     9.92953
     8.34589
    10.22074
     3.21195
     9.29767
     2.17859
  -999.00000
     7.94681
     6.62387
  -999.00000
     1.74668
     6.02587
     4.95611
     4.89774
     2.94673
    13.57146
     2.48221
     1.06529
     4.77361
     1.69224
     3.78611
     3.62040
    17.67632
     4.25857
    16.81075
     4.96373
     2.32221
  -999.00000
     1.89440
     6.04245
  -999.00000
    12.58434
    13.62888
  -999.00000
  -999.00000
     1.46287
    18.05487
    15.47021
     6.24902
    11.51782
     5.39518
     8.95223
    13.87002
     4.02994
    18.97798
     4.88602
     5.78158
     7.66724
     7.49405
     9.00377
    11.11112
    10.31837
     8.84992
    10.84067
     8.62384
     2.84124
    16.03554
     5.03250
    14.77862
     0.47049
     7.02631
    35.25778
    18.12567
     9.94760
    20.81693
     6.71575
     9.26064
    13.16753
    10.02467
  -999.00000
     8.75922
    18.14326
     4.65852
    19.98183
     8.39931
    10.53725
    34.39148
     4.30152
    11.92114
     8.25529
     5.51872
     4.66202
     9.25095
    22.06665
     5.94030
     7.87852
     1.43050
     5.46688
     1.35434
    10.11111
     1.90151
    22.49093
     8.80835
    31.84224
     4.28485
     3.76394
     1.16362
     6.75995
     0.73228
    15.05495
     9.61183
    14.05574
     8.39719
     7.40119
    13.72915
     1.18312
    12.75383
     8.70634
    35.25132
    11.26781
     9.29818
     9.84944
     5.95734
    22.99171
    14.55078
  -999.00000
     8.15293
    14.48595
    12.52869
     6.50256
    14.84983
     7.60947
     4.21383
    30.07014
     5.70961
    18.90827
     9.94722
     8.00479
    18.46423
     4.23779
     8.28156
     9.57763
    12.07508
     6.84206
    11.56719
     6.81231
     1.46382
     5.80277
     1.98343
    19.79094
    19.45571
     6.74718
    16.35234
    12.48001
     9.20560
    16.28281
    12.41519
    13.89642
    16.62673
     3.64166
  -999.00000
  -999.00000
    16.96876
    20.17576
  -999.00000
     5.67283
    14.78314
  -999.00000
     1.31885
     5.59038
    18.21772
     3.63472
    19.23873
     2.96751
    13.04323
     7.14373
    11.53483
     7.05880
     2.27637
    13.05098
    11.10326
     6.51141
     2.02510
    10.51516
     2.72512
  -999.00000
     7.46062
     6.91291
  -999.00000
     1.70368
     7.02316
     7.00604
     6.55199
     2.07794
     5.05139
     1.69984
     0.98126
     5.01110
     1.96067
     8.65389
     3.41783
    22.50444
     6.18902
    11.24359
     2.40125
     2.96925
  -999.00000
     0.99054
     7.57915
  -999.00000
     9.08695
     0.30146
  -999.00000
  -999.00000
     0.87144
    17.93066
    15.45878
     9.20494
    10.37272
     4.17991
    15.23579
    13.06011
     2.07410
    12.28318
     0.25692
     5.73103
    14.51340
    12.11047
    17.16098
     8.29164
    10.20877
    13.28406
     7.78076
     9.43033
     2.38415
    10.97584
     3.74254
    11.55016
     0.76954
     8.66884
     9.75230
    23.67042
     9.52101
    13.82036
     7.10272
     6.63645
    12.05813
    10.12324
  -999.00000
     5.37477
    12.42820
     2.77494
    26.14496
     3.29276
    13.26827
    18.43357
     2.20350
    10.64954
    11.31545
     0.75674
     5.45106
     8.76234
    13.95073
     2.39782
     9.26913
     1.18074
     7.41409
     1.52199
    11.58153
     0.79779
    24.17381
     8.70356
    17.68846
     3.55870
     4.67771
     1.42451
     5.67507
     0.88542
    20.80255
    11.12521
    14.09318
     9.62048
    10.70527
    18.78092
     1.30106
    10.35440
    12.14258
    18.82688
    12.10316
     8.00757
     0.27348
     8.48564
    15.47947
    14.04020
  -999.00000
     8.19809
    12.72710
     6.15451
     7.90959
    10.29780
    10.60574
     4.50058
    17.86735
     4.04159
    27.93676
    21.34768
    11.30978
    18.62533
     4.25997
     9.27622
    12.60779
    17.49701
    10.27148
     9.19792
     6.79091
     1.82466
     8.00948
     1.57161
    25.63664
     6.80436
     5.72354
    13.65036
    17.68969
    14.16314
    10.13080
    15.05257
    19.52343
    26.16492
     4.83555
  -999.00000
  -999.00000
    27.81040
    19.62060
  -999.00000
    10.11114
    17.69918
  -999.00000
     2.21420
    12.01794
    13.64897
     5.05260
    25.10406
     3.07967
    12.64473
     9.64144
    14.44347
     7.39872
     1.62548
    12.46563
     8.58735
     6.31796
     2.31412
     9.53734
     2.89976
  -999.00000
    11.03242
