COKB3D with:Synthetic point data – 140 samples      
2
estimate
estimation variance
      5.0153       8.9593
      5.0535       8.8925
      5.1097       8.7761
      5.1909       8.5912
      5.2785       8.3321
      5.3218       7.9999
      5.3985       7.6042
      5.6209       7.1811
      6.0446       6.8202
      6.7889       6.6353
      7.2658       6.6694
      7.7034       6.7766
      8.3390       6.7670
      8.6396       6.4493
      8.8193       5.7917
      8.7485       4.9690
      8.1085       4.3859
      6.5560       4.3473
      4.7530       3.9387
      3.5690       3.8719
      3.4776       5.0826
      3.3698       5.9742
      3.2471       6.5565
      3.3181       6.9161
      3.6414       7.1561
      4.0054       7.3184
      4.4548       7.2992
      4.3771       7.0679
      4.1371       6.5704
      3.8615       5.8227
      3.6781       5.0043
      3.8001       4.6047
      4.0220       4.8775
      4.3491       5.3926
      4.6894       5.7777
      5.0541       6.1836
      5.4235       6.7222
      5.8180       7.2734
      6.1665       7.6987
      6.3309       8.0029
      6.3682       8.2171
      6.2872       8.3793
      6.2540       8.4959
      6.1175       8.5606
      5.9244       8.5479
      5.6818       8.4290
      5.4631       8.2042
      5.3049       7.9301
      5.2030       7.7090
      5.1728       7.6476
      4.9618       8.9036
      4.9395       8.7815
      4.9259       8.5863
      4.8984       8.2986
      4.9170       7.9248
      4.9116       7.4718
      4.9526       6.9434
      5.2658       6.3489
      5.8456       5.7683
      6.5652       5.4376
      7.2261       5.6429
      7.6215       5.9831
      8.3270       6.1021
      8.7689       5.8068
      9.1733       5.0890
      9.3961       4.1051
      9.1432       3.1340
      7.2482       3.9099
      5.3827       3.9001
      4.1683       3.9706
      3.8299       4.7747
      4.0082       5.4775
      3.5991       5.9157
      3.6364       6.1317
      3.9537       6.3121
      4.4906       6.5693
      4.7394       6.6886
      4.6421       6.5632
      4.3045       6.0682
      3.9127       5.1668
      3.4862       3.8698
      3.7180       3.1653
      4.2096       3.8424
      4.3992       4.5619
      4.7670       4.7549
      5.0766       5.1195
      5.4303       5.9183
      5.8256       6.6734
      6.3053       7.1723
      6.5414       7.4902
      6.6680       7.7083
      6.5927       7.9018
      6.5662       8.0745
      6.4854       8.1924
      6.2562       8.2044
      5.9518       8.0565
      5.6913       7.7273
      5.4735       7.2859
      5.3144       6.9002
      5.2278       6.7865
      4.8412       8.8213
      4.7449       8.6252
      4.6571       8.3243
      4.5590       7.9084
      4.4280       7.3938
      4.4127       6.8222
      4.4078       6.2013
      4.7648       5.4900
      5.4052       4.6409
      6.4439       3.9177
      6.7153       4.5500
      7.1762       5.2152
      7.2661       5.4572
      8.4949       5.2405
      9.0983       4.5315
      9.4860       3.7176
      9.0563       3.6577
      7.6708       4.0482
      6.1823       4.2201
      4.9612       4.2627
      4.4202       4.5598
      4.0889       5.0220
      4.1918       5.2611
      4.1494       5.1889
      4.4752       5.2218
      4.9164       5.6883
      5.1310       6.0945
      4.9433       6.1526
      4.6787       5.7931
      4.3942       5.0449
      3.9266       4.0245
      3.8304       3.5663
      4.1746       3.9357
      4.3697       4.2418
      4.7861       3.8221
      5.0945       4.0335
      5.3951       5.3180
      6.0943       6.2040
      6.4125       6.6610
      6.7421       6.8893
      6.7634       7.0404
      6.8531       7.2510
      6.8419       7.5052
      6.7224       7.7260
      6.4920       7.8013
      6.2285       7.6466
      5.9087       7.2175
      5.6414       6.5571
      5.4378       5.8787
      5.3057       5.6507
      4.5936       8.7059
      4.4260       8.4197
      4.2797       7.9962
      4.1631       7.4326
      3.8917       6.7477
      3.8086       6.0448
      3.8152       5.4093
      3.8674       4.7333
      4.3734       3.8941
      5.3025       3.3206
      5.7158       3.9616
      5.9848       4.5723
      6.5268       4.8434
      7.2206       4.7601
      8.4509       4.1782
      9.1527       3.1403
      8.8311       3.6553
      7.8805       4.0587
      6.5850       4.2180
      5.3724       3.9461
      4.6356       3.9530
      4.3071       4.6197
      4.3777       4.8055
      4.5104       4.3200
      5.1637       3.8851
      5.5829       4.9608
      5.7468       5.7118
      5.4305       5.8794
      5.3357       5.6692
      5.0342       5.1389
      4.6064       4.5752
      4.1515       4.3058
      4.1029       4.3803
      4.2196       4.4429
      4.5742       4.1918
      4.8785       4.4065
      5.5645       5.3070
      6.0308       5.9569
      6.3380       6.2073
      6.7237       6.1829
      7.0239       6.1589
      7.1408       6.3738
      7.0713       6.8005
      6.8838       7.2005
      6.6462       7.3921
      6.4321       7.2833
      6.1223       6.8035
      5.7832       5.9512
      5.5394       4.8245
      5.3823       4.2589
      4.2794       8.5581
      4.0616       8.1793
      3.8561       7.6444
      3.6849       6.9352
      3.5438       6.0586
      3.2399       5.1213
      3.1263       4.5321
      3.0057       4.1504
      2.7006       3.2650
      3.3854       3.1898
      4.2559       3.6118
      4.9691       3.8761
      5.6196       4.1025
      6.1915       4.3185
      6.8567       4.1478
      7.7495       3.7883
      8.2643       3.5221
      7.8242       3.7295
      6.6558       4.1795
      5.4160       3.9058
      4.6600       3.8251
      4.3795       4.6519
      4.4565       4.8725
      4.6752       4.4553
      5.2701       4.1470
      5.6058       4.9926
      5.8198       5.6225
      5.9897       5.7597
      5.9400       5.4552
      5.7850       4.9520
      5.2268       4.5235
      4.3591       4.2913
      3.9486       4.3854
      3.9308       4.6691
      4.0750       4.8859
      4.5628       5.1597
      5.3148       5.5817
      5.6536       5.8342
      6.1446       5.7815
      6.7124       5.3999
      7.3412       5.0009
      7.4644       5.2880
      7.2711       6.0440
      7.0394       6.6823
      6.8378       7.0298
      6.5354       7.0133
      6.2378       6.6090
      5.8943       5.8064
      5.5996       4.6541
      5.4014       3.9908
      3.9654       8.3641
      3.6928       7.9062
      3.4471       7.2983
      3.2125       6.5031
      3.0357       5.4923
      2.7971       4.2143
      2.6780       3.5874
      2.5216       4.0174
      2.3837       3.7294
      2.7528       3.2518
      3.6444       3.4515
      4.3700       3.2438
      4.9355       3.3185
      5.1439       3.7977
      5.1987       3.9120
      5.8558       3.8296
      6.8315       3.6153
      6.9510       3.8480
      6.0785       4.5127
      5.2168       4.6956
      4.5998       4.8510
      4.3935       5.2220
      4.0937       5.4008
      4.3353       5.3101
      5.1039       5.2807
      5.4122       5.5887
      5.8792       5.8207
      6.2247       5.6750
      6.4846       5.1046
      6.6808       4.3135
      5.9205       3.9038
      4.4766       3.5547
      3.6582       3.8122
      3.6975       4.5758
      3.7383       5.1413
      4.1803       5.4758
      4.6539       5.6693
      5.1368       5.6708
      5.8005       5.4076
      6.6436       4.7681
      7.6439       3.6886
      7.6833       4.3021
      7.3611       5.4601
      7.1716       6.2637
      6.8468       6.7271
      6.5235       6.8474
      6.2117       6.6358
      5.9030       6.1434
      5.5929       5.5518
      5.3588       5.3785
      3.6624       8.1074
      3.3409       7.5822
      3.0527       6.9245
      2.8080       6.1466
      2.5939       5.2778
      2.4251       4.3826
      2.4594       4.0840
      2.4834       4.4477
      2.6666       4.4752
      3.3978       4.2514
      3.9162       4.0670
      4.5129       3.7297
      4.8476       3.1573
      4.4530       3.4735
      3.5121       3.4427
      3.8237       3.5835
      5.1222       4.2107
      5.5090       4.6313
      5.2189       5.0643
      4.7244       5.3433
      4.2435       5.5329
      4.0370       5.7780
      4.0252       5.9309
      3.9272       5.9530
      4.4097       6.0270
      4.9070       6.0691
      5.4378       6.0053
      6.0128       5.6449
      6.6108       4.8531
      7.3507       3.6115
      6.5550       3.3407
      4.6991       3.1660
      3.8251       3.3826
      3.7538       4.2957
      3.7265       5.0116
      3.9982       5.3830
      4.3985       5.4582
      4.6982       5.3098
      5.2936       5.0349
      6.1783       4.6185
      7.0568       4.1199
      7.3417       4.4093
      7.2141       5.2529
      7.0197       5.9292
      6.7121       6.4351
      6.3941       6.6999
      6.0850       6.7342
      5.8585       6.5949
      5.5226       6.4361
      5.2820       6.4739
      3.3949       7.7720
      3.0381       7.1786
      2.7198       6.4686
      2.4512       5.7110
      2.2645       5.0852
      2.2589       4.7750
      2.3774       4.8002
      2.6217       4.9970
      3.0551       5.0392
      3.7313       4.8423
      4.7074       4.4951
      5.0200       4.1096
      4.9415       3.8902
      4.3052       4.0046
      3.4090       3.9717
      3.5115       4.1858
      4.0489       4.7562
      4.3376       5.1313
      4.4098       5.3973
      4.1341       5.6141
      3.7678       5.7862
      3.5624       5.9555
      3.5263       6.1018
      3.1577       6.2368
      3.3646       6.2923
      4.3175       6.2620
      4.7854       6.0409
      5.4251       5.5999
      6.1622       4.8731
      6.4821       4.0283
      6.0158       3.5701
      5.0176       3.2562
      4.4603       3.1742
      4.1745       3.9061
      3.8512       4.7085
      3.6780       5.0656
      3.9821       4.9558
      4.2018       4.5960
      4.6890       4.4738
      5.5119       4.5283
      6.3619       4.5088
      6.7544       4.5932
      6.8385       4.9634
      6.6390       5.5785
      6.4576       6.0305
      6.1615       6.4439
      6.0241       6.7232
      5.4373       6.9215
      5.2883       7.0580
      5.1964       7.2500
      3.0096       7.3345
      2.7207       6.6671
      2.4567       5.8818
      2.2077       5.0193
      2.1850       4.4684
      2.4216       4.6359
      2.5741       4.9956
      3.0796       5.2434
      3.4033       5.2587
      4.2204       4.9955
      5.3925       4.4381
      6.0170       3.8477
      5.6365       4.0608
      4.7986       4.5168
      4.1275       4.7985
      3.8934       5.0118
      3.9291       5.2229
      3.9773       5.2791
      3.7711       5.3092
      3.2935       5.4269
      3.4483       5.5899
      2.9841       5.6999
      2.3888       5.8665
      2.3381       6.0633
      2.5766       6.1911
      3.4504       6.1190
      3.8703       5.8458
      4.4621       5.4307
      5.0462       4.8344
      5.5039       4.0034
      5.2547       3.3305
      4.9397       3.6233
      4.7565       3.3797
      4.3221       3.8001
      3.6473       4.4651
      3.5416       4.6210
      3.6648       4.3439
      3.6181       3.6098
      3.9770       3.4871
      5.1644       4.2177
      5.9545       4.4165
      6.3590       4.2135
      6.4755       4.2299
      6.3091       4.8578
      6.1912       5.4135
      5.7014       5.9884
      5.4235       6.5507
      5.2252       7.0305
      5.1046       7.4178
      5.0608       7.7465
      2.6885       6.7845
      2.4896       6.0610
      2.3478       5.2638
      2.1658       4.2827
      1.9345       3.2339
      2.3456       4.2464
      2.7624       4.8113
      3.2002       5.0767
      3.9075       5.1471
      4.6956       4.8771
      5.8065       4.1923
      6.6020       3.2505
      6.0752       4.0035
      5.1039       4.8451
      4.5075       5.3426
      4.2926       5.5153
      3.9980       5.4339
      3.7987       5.0693
      3.5861       4.7155
      3.1116       4.8369
      2.6861       5.0421
      2.3176       5.0307
      1.6907       5.1279
      1.6634       5.5249
      1.7056       5.7908
      2.1655       5.6807
      2.7501       5.3249
      3.2731       5.0094
      3.9279       4.6741
      4.4331       4.1663
      4.5725       3.7944
      4.5286       4.1844
      4.4033       4.2966
      3.9603       4.3547
      3.7498       4.2807
      3.6025       3.9729
      3.8091       3.7740
      4.2520       3.1216
      4.7419       3.3224
      5.4272       4.0101
      5.9319       4.1859
      6.1893       3.7062
      6.2050       3.3157
      6.0090       4.1111
      5.6074       4.6038
      5.3461       5.3160
      5.1104       6.2177
      4.9635       6.9915
      4.8729       7.5905
      4.8604       8.0284
      2.4308       6.1138
      2.3630       5.3250
      2.4946       4.6623
      2.5948       4.0461
      2.5652       3.7565
      2.8944       4.1547
      3.3108       4.4228
      3.4656       4.5494
      4.0830       4.7767
      4.7317       4.6678
      5.4311       4.0381
      5.8061       3.5998
      5.7395       4.3029
      5.2402       5.1844
      4.6745       5.7636
      4.2767       5.9005
      4.1018       5.5708
      3.9315       4.7622
      3.7685       3.5972
      3.2394       4.1296
      2.9343       4.4732
      1.8742       4.1079
      1.0776       3.9977
      1.1063       4.9044
      1.2538       5.3562
      1.3906       5.1860
      1.6985       4.5320
      2.2974       4.1207
      3.1749       4.3577
      3.8505       4.5064
      4.0582       4.6507
      4.0936       4.8961
      3.8979       4.9310
      3.6960       4.7663
      3.4072       4.1538
      3.4363       3.1032
      3.9840       3.5021
      4.7882       3.5096
      5.5196       3.4775
      5.8728       3.7311
      5.9328       3.9544
      5.9694       3.7439
      6.0213       3.4531
      5.6342       3.6024
      5.1904       3.4243
      4.9990       4.6720
      4.7532       5.9395
      4.6337       6.9142
      4.5416       7.6357
      4.5921       8.1431
      2.2474       5.3758
      2.2306       4.3537
      2.8887       3.8751
      3.2872       3.5526
      3.4316       3.6607
      3.5744       4.0615
      3.7402       3.8972
      4.0092       3.6015
      4.3479       4.4117
      4.8739       4.5878
      5.0206       4.0400
      5.0601       3.5209
      5.2921       4.6445
      5.2193       5.5601
      4.4212       6.1670
      4.4396       6.2830
      4.2665       5.9170
      4.1888       5.0897
      3.9935       4.2022
      3.6167       4.2553
      2.9895       4.3422
      1.9529       3.9523
      1.3781       3.8949
      1.2780       4.7533
      1.2127       5.1717
      1.1989       4.9112
      1.2723       3.9879
      1.5846       3.3364
      2.8239       3.9450
      3.4848       4.4652
      3.6591       5.0129
      3.6457       5.3019
      3.4910       5.3150
      3.1968       4.9241
      2.9954       4.1938
      3.0022       3.4066
      3.7845       3.6052
      5.0256       3.6299
      6.2369       2.9778
      6.4703       2.9156
      6.1904       3.5718
      6.1114       3.5519
      5.8205       2.9292
      5.2136       3.4810
      4.8026       3.7254
      4.6213       4.7203
      4.4025       5.9090
      4.4359       6.8900
      4.4147       7.6082
      4.4193       8.1174
      2.3501       4.9604
      2.0206       3.3134
      3.6383       3.1230
      4.4853       3.0298
      4.3858       3.4549
      4.4457       4.0257
      4.5082       3.9791
      4.6632       3.8877
      4.7160       4.5080
      4.8564       4.7947
      5.0126       4.6596
      4.9473       4.6760
      4.8356       5.2687
      4.6940       5.9855
      4.8147       6.5025
      4.5018       6.6687
      4.3651       6.4069
      4.1989       5.8198
      3.9984       5.1853
      3.8914       4.7508
      3.3642       4.4252
      2.8467       4.2512
      2.1369       4.4967
      1.7887       5.0155
      1.5510       5.2731
      1.4620       4.9987
      1.5336       4.2714
      1.7823       3.5530
      2.8636       3.3060
      3.4053       4.0504
      3.6177       4.9784
      3.5496       5.4624
      3.3585       5.4627
      2.8989       5.0212
      2.3819       4.3050
      2.5345       3.3315
      3.5914       3.7612
      4.8340       3.9081
      5.7061       3.5385
      5.9626       3.3386
      5.8344       3.2686
      5.4304       3.1507
      4.9001       3.3945
      4.4304       3.5406
      4.2192       4.1794
      3.9998       5.0733
      3.9359       6.0321
      3.9270       6.8509
      4.0314       7.4841
      3.9142       7.9028
      2.8928       5.3624
      3.1407       4.3053
      4.1604       3.7195
      4.8477       3.4783
      5.0448       3.6051
      5.3275       4.0376
      5.5529       4.2524
      5.5840       4.4419
      5.2925       4.7983
      5.1475       5.0274
      4.9256       5.0716
      4.7732       5.2300
      4.5231       5.6814
      4.3629       6.2769
      4.5485       6.7842
      4.8849       7.0286
      4.7494       6.8935
      4.3080       6.4397
      4.1545       5.8030
      4.4099       5.0409
      3.9574       4.1881
      3.6464       3.9211
      2.8775       4.6442
      2.4447       5.2601
      2.2283       5.4853
      2.1564       5.2137
      2.0813       4.5016
      2.2467       3.4416
      3.0248       3.0852
      3.8004       4.0143
      3.7945       5.0163
      3.5932       5.5169
      2.9266       5.4559
      2.3341       4.9689
      2.4043       4.3808
      2.7998       3.9336
      3.7179       4.0463
      4.3944       4.2141
      4.9564       4.0531
      5.0189       3.5109
      4.8849       2.9576
      4.3759       3.2768
      3.8903       3.4097
      3.4913       3.0165
      3.5976       4.2792
      3.4396       5.2754
      3.4557       6.1139
      3.5280       6.7532
      3.5757       7.1986
      3.7109       7.5436
      3.5826       6.1214
      3.9651       5.3299
      4.6093       4.6343
      5.1226       3.8634
      5.4528       3.1945
      6.1493       3.9029
      6.6359       4.0309
      6.5807       4.3491
      5.7999       4.7955
      5.3213       4.9647
      4.8994       4.9597
      4.7243       5.1415
      4.3722       5.6431
      4.0817       6.3311
      4.4405       6.9254
      4.3991       7.2450
      4.2821       7.2209
      4.5885       6.8770
      4.4868       6.2293
      4.4055       5.3248
      4.3393       4.2191
      4.0651       3.8101
      3.4151       4.7949
      3.0411       5.4756
      2.9040       5.7064
      2.9651       5.4377
      3.3739       4.7077
      3.7197       3.7898
      4.1764       3.6159
      4.2677       4.4066
      3.9423       5.2062
      3.6283       5.5602
      3.1347       5.3396
      2.5821       4.6049
      2.5484       3.9111
      3.0899       3.5369
      3.7305       3.7687
      4.3319       4.2149
      4.5274       4.2637
      4.2939       3.7822
      3.5772       3.2680
      3.2147       3.5500
      3.0347       3.4948
      2.9582       3.4992
      2.9026       4.4545
      3.0467       5.4285
      3.1303       6.1514
      3.1810       6.5661
      3.2933       6.7747
      3.3837       6.9790
      4.2073       6.8574
      4.6269       6.1984
      5.1871       5.5011
      5.7253       4.7512
      6.2991       4.2424
      7.0405       4.0703
      7.8035       3.3641
      7.2416       4.0084
      6.4512       4.6524
      5.7332       4.6440
      5.2343       4.2698
      4.6410       4.4001
      4.1505       5.1753
      3.8202       6.1032
      3.4447       6.8622
      4.0846       7.3174
      3.9918       7.3927
      3.9235       7.1124
      3.9119       6.5250
      4.2332       5.7177
      4.1967       4.9547
      3.9954       4.7315
      3.7425       5.1832
      3.4726       5.6968
      3.4998       5.9099
      3.7314       5.6742
      4.3394       4.9748
      4.9640       3.8819
      5.2886       3.6558
      5.0340       4.7387
      4.5096       5.4543
      4.1562       5.6467
      3.6273       5.2727
      3.2697       4.2847
      2.9482       2.9967
      3.6059       2.9567
      4.1786       3.1372
      4.7912       4.0136
      4.6153       4.4112
      3.8586       4.1349
      2.8358       3.4422
      2.7180       3.8937
      2.5259       3.7492
      2.6504       3.7498
      2.6966       4.7739
      2.8003       5.5874
      2.8663       6.0589
      2.9034       6.1949
      2.9474       6.1296
      3.0611       6.1521
      4.7385       7.4751
      5.2004       6.9176
      5.7617       6.3017
      6.3390       5.6849
      6.9370       5.1750
      7.4406       4.7474
      7.9318       4.3001
      7.5552       4.4724
      6.8581       4.7363
      6.3099       4.4008
      5.3815       3.3844
      4.3911       3.3328
      3.8930       4.5460
      3.6825       5.7633
      3.6443       6.7102
      3.4877       7.2498
      3.9071       7.3648
      3.8410       7.1636
      3.7921       6.6488
      3.7173       5.9316
      3.8781       5.2675
      3.7947       5.0236
      3.7839       5.3147
      3.7402       5.7935
      3.9475       6.0552
      4.5571       5.9385
      4.9960       5.4677
      5.4977       4.8471
      5.6423       4.7552
      5.3933       5.2895
      5.1122       5.7458
      4.6067       5.8395
      4.3840       5.4470
      4.2080       4.6687
      4.1827       3.9390
      4.8577       3.4561
      6.1075       2.9756
      5.8492       3.9816
      5.0417       4.7336
      4.1034       4.8853
      3.3252       4.6678
      2.8740       4.6653
      2.6787       4.6306
      2.5603       4.7488
      2.6471       5.2218
      2.7287       5.6907
      2.7709       5.8864
      2.7653       5.7178
      2.7382       5.2550
      2.8034       4.9781
      5.1037       7.9391
      5.5618       7.4443
      6.0952       6.8824
      6.6846       6.3165
      7.1516       5.8392
      7.6805       5.4252
      7.9611       5.1629
      7.6305       5.1083
      7.2888       5.0222
      6.6061       4.5819
      5.6049       3.8287
      4.4288       3.4020
      3.8889       4.4014
      3.4349       5.5388
      3.2185       6.4059
      3.1726       6.9956
      3.5776       7.2013
      3.5183       7.0758
      3.4695       6.6121
      3.2155       5.8598
      3.4974       5.0292
      3.4797       4.5818
      3.6901       5.0114
      3.8791       5.6875
      4.2586       6.0916
      4.6834       6.1216
      5.2082       5.8653
      5.6394       5.5860
      5.8530       5.5597
      5.7457       5.8057
      5.3658       6.0498
      5.1740       5.9863
      5.0610       5.6389
      5.0708       5.0534
      5.4826       4.5540
      5.9449       4.1623
      6.6866       3.9122
      6.3330       4.5538
      5.3656       5.3143
      4.7096       5.5729
      3.7951       5.5439
      3.3323       5.4099
      3.0953       5.2773
      2.7261       5.2474
      2.7889       5.4216
      2.8502       5.6320
      2.8732       5.6379
      2.8328       5.2928
      2.7748       4.5098
      2.6158       3.4450
      5.3519       8.2456
      5.8340       7.7726
      6.3829       7.2040
      6.8442       6.6243
      7.4058       6.0647
      7.8364       5.6624
      7.9803       5.4762
      7.8029       5.4227
      7.5284       5.2513
      6.8981       4.8009
      6.0356       4.2366
      5.0607       4.0996
      4.1640       4.6200
      3.3426       5.3660
      2.8923       6.0312
      2.8682       6.5860
      2.7206       6.8928
      3.1756       6.8946
      3.1512       6.5230
      3.0741       5.7579
      3.1325       4.6644
      3.0325       3.4351
      3.5841       4.6339
      3.9799       5.5944
      4.4685       6.0774
      4.9174       6.1294
      5.3460       5.9549
      5.8356       5.8005
      6.0951       5.8445
      5.9716       6.0501
      5.7996       6.1420
      5.5858       5.9586
      5.5126       5.4829
      5.6185       4.9563
      5.8702       4.6778
      6.1268       4.6668
      6.3506       4.8663
      6.1734       5.3806
      5.4552       5.8635
      4.7937       6.1214
      4.1426       6.0990
      3.8386       5.8410
      3.5336       5.4486
      3.0762       5.1468
      3.0774       5.1608
      3.1433       5.3081
      3.2402       5.2705
      3.2219       5.0161
      3.1753       4.5682
      3.0530       4.3134
      5.4646       8.4059
      5.8376       7.9324
      6.4201       7.3063
      7.0118       6.5753
      7.5491       5.8407
      7.9431       5.3271
      7.9140       5.2657
      8.0032       5.3884
      7.6819       5.2937
      7.1692       4.7891
      6.6038       3.9839
      5.5911       3.9111
      4.3573       4.5326
      3.3303       5.0304
      2.7020       5.4535
      2.5986       5.9813
      2.4158       6.4626
      2.3971       6.6800
      2.5423       6.5173
      2.8457       5.9470
      2.9787       5.1080
      3.1562       4.5327
      3.6416       5.0629
      4.0446       5.7628
      4.4931       6.0900
      4.8831       5.9809
      5.4898       5.6614
      5.8518       5.4723
      6.0906       5.6228
      6.1480       5.9150
      5.8441       6.0164
      5.7620       5.7449
      5.7696       5.0560
      5.8667       4.2348
      5.9304       4.2141
      5.9837       4.6663
      5.7326       5.2232
      5.6118       5.8237
      5.2929       6.3195
      4.7021       6.5726
      4.2741       6.4447
      3.9951       5.9746
      3.8988       5.2274
      3.4897       4.4550
      3.4995       4.4665
      3.6142       4.7819
      3.7862       4.7576
      3.7417       4.6522
      3.5808       4.7799
      3.5325       5.1269
      5.4895       8.4606
      5.8820       7.9678
      6.4372       7.2745
      6.8793       6.3812
      7.4658       5.3332
      7.7904       4.4559
      8.0472       4.6524
      7.9191       5.1925
      7.6259       5.2962
      7.2234       4.8308
      6.7542       3.8694
      5.7048       3.7580
      4.3117       4.3343
      3.1441       4.4869
      2.5119       4.5453
      2.2476       5.2001
      2.1792       6.0151
      2.2066       6.5138
      2.2763       6.6039
      2.7720       6.3549
      3.0063       5.9415
      3.2630       5.7069
      3.8619       5.8665
      4.3930       6.1314
      4.5361       6.1440
      5.0058       5.7650
      5.4920       5.0777
      5.9920       4.5585
      6.2654       4.9627
      6.2422       5.5481
      5.8916       5.7642
      5.7927       5.5026
      5.6615       4.7434
      5.8132       3.4881
      5.5833       3.6482
      5.4128       4.2945
      5.4009       5.1413
      5.3988       5.9618
      5.2668       6.5533
      4.5280       6.7908
      4.2113       6.6364
      3.9759       6.0881
      4.0405       5.1244
      4.0184       3.7118
      4.1506       3.9529
      4.1826       4.4230
      4.2806       4.1074
      4.3655       3.9005
      4.2744       4.7569
      4.2254       5.5621
      5.4958       8.4839
      5.8230       7.9941
      6.2595       7.2868
      6.7797       6.3468
      7.3223       5.1408
      7.8711       3.6928
      7.9450       4.3231
      7.7728       5.1655
      7.4574       5.4074
      6.9881       5.1145
      6.2956       4.5527
      5.2327       4.2317
      4.0198       4.1853
      3.0193       3.9994
      2.0227       3.2217
      2.0107       4.6224
      2.0603       5.7824
      2.3212       6.4607
      2.4829       6.7355
      2.6428       6.7168
      3.1504       6.5872
      3.4092       6.4692
      3.8411       6.4715
      4.3274       6.4739
      4.7212       6.2432
      5.1148       5.6838
      5.6980       4.6826
      6.1082       3.2523
      6.3299       4.4152
      6.3222       5.1882
      5.8373       5.4755
      5.6662       5.2940
      5.4257       4.7285
      5.1832       3.9897
      4.7839       3.4319
      4.6615       3.5376
      4.8233       4.8153
      4.7091       5.8297
      4.5624       6.5448
      4.4315       6.8538
      4.3841       6.7450
      4.1970       6.3226
      4.4639       5.5430
      4.7340       4.7515
      4.8459       4.6034
      5.0131       4.6271
      4.8625       4.1559
      4.8957       3.9274
      4.8125       4.9457
      4.7597       5.8740
      5.4888       8.5359
      5.7439       8.0928
      6.1027       7.4657
      6.6098       6.6612
      7.0868       5.7449
      7.4131       5.0428
      7.6003       5.1250
      7.4798       5.5270
      7.1760       5.6281
      6.6077       5.3388
      5.8715       4.7950
      4.8512       4.1819
      3.6946       3.7562
      2.9348       3.9588
      2.3178       4.1878
      2.3270       4.9957
      2.3710       5.9389
      2.4494       6.5682
      2.3163       6.8370
      2.8307       6.9377
      3.0024       6.8673
      3.3213       6.8056
      3.7483       6.7572
      4.3603       6.6425
      4.7898       6.3663
      5.2009       5.8224
      5.5425       5.0344
      5.9138       4.4175
      6.2140       4.5810
      6.1725       4.9622
      5.6736       5.1149
      5.3204       4.9529
      5.1033       4.6037
      4.6390       4.1103
      3.9992       3.2924
      3.8939       3.4072
      4.2787       4.7072
      4.0046       5.7201
      4.2211       6.3755
      4.4088       6.7283
      4.6608       6.7162
      5.1552       6.4442
      5.5517       5.9995
      5.6087       5.5817
      5.6260       5.3540
      5.6547       5.1819
      5.3286       4.9326
      5.1906       4.9074
      5.1548       5.3896
      5.1243       6.0843
      5.5284       8.6276
      5.7656       8.2607
      6.0479       7.7606
      6.4343       7.1684
      6.7135       6.5857
      6.9313       6.1706
      7.1399       6.0400
      7.0663       6.0287
      6.8217       5.8356
      6.4078       5.3490
      5.7717       4.6578
      4.7060       3.9143
      3.6212       3.2577
      3.0477       4.2078
      2.9080       4.9724
      2.6791       5.6714
      2.5499       6.2868
      2.3219       6.6949
      2.2155       6.8436
      2.7241       6.8830
      3.0727       6.8157
      3.4168       6.7686
      3.7631       6.6921
      4.2787       6.6010
      4.5918       6.3614
      5.1996       5.9783
      5.5731       5.4346
      5.8572       4.9237
      5.9867       4.6221
      5.7539       4.6033
      5.6158       4.6338
      5.1814       4.3675
      4.8361       4.1645
      4.4288       4.1815
      3.8607       3.9266
      3.7904       4.1306
      3.3683       4.9207
      3.4567       5.6091
      3.9985       6.0839
      4.3055       6.3400
      5.1146       6.4057
      5.8540       6.3286
      6.2174       6.1498
      6.3312       5.9153
      6.2530       5.7324
      6.2368       5.5521
      5.7905       5.3574
      5.3832       5.2892
      5.3674       5.5056
      5.3588       6.0112
      5.5660       8.7228
      5.7702       8.4303
      6.0239       8.0459
      6.3395       7.6177
      6.5861       7.2143
      6.7286       6.9016
      6.8548       6.6715
      6.9309       6.4296
      6.7392       5.9440
      6.2288       5.1646
      5.8753       4.2149
      5.2383       3.6772
      4.2849       4.0340
      3.5688       4.8092
      3.3134       5.6131
      2.8675       6.2245
      2.5077       6.5978
      2.7261       6.8196
      2.7341       6.7186
      2.8160       6.4847
      3.0963       6.3054
      3.4189       6.2659
      3.8134       6.2603
      4.2509       6.2118
      4.5585       6.1079
      4.9742       5.9224
      5.6755       5.5746
      5.9195       4.9797
      5.9892       4.1961
      5.7927       3.9278
      5.6759       4.2238
      5.4847       3.8100
      5.2578       3.5353
      4.8855       4.3889
      4.4798       4.6887
      3.6878       4.8683
      3.6046       5.1176
      3.6090       5.3523
      3.8457       5.5360
      4.7077       5.6721
      5.6524       5.7777
      6.4245       5.8528
      7.0093       5.8276
      7.1270       5.7240
      6.8535       5.6058
      6.6139       5.4639
      5.9570       5.2519
      5.3927       5.0148
      5.4753       5.0203
      5.4317       5.5036
      5.7080       8.7426
      5.9362       8.5033
      6.1342       8.2110
      6.5136       7.8916
      6.4212       7.5756
      6.7777       7.3229
      6.8541       7.0195
      6.7785       6.5933
      6.3125       5.9280
      6.1127       4.9575
      6.0157       3.7928
      5.6485       3.3347
      4.7850       4.3821
      4.2095       5.3491
      3.6956       6.1442
      3.0792       6.6367
      2.6702       6.8162
      2.9519       6.7802
      2.8858       6.3491
      2.9179       5.7598
      3.1002       5.3694
      3.3840       5.3969
      3.7685       5.4802
      4.2037       5.4729
      4.5580       5.5606
      4.9662       5.6876
      5.3407       5.5905
      5.8399       5.0898
      5.7779       4.1780
      5.8850       3.8260
      5.8377       4.4082
      5.7170       4.3960
      5.5312       4.4336
      5.3765       4.9063
      5.0901       5.1921
      4.2549       5.2137
      4.1373       5.0252
      4.2507       4.7663
      4.2027       4.7257
      4.6432       4.7221
      5.7314       4.8272
      7.0581       5.0361
      8.0243       5.0872
      8.0611       5.0591
      7.4947       5.0238
      6.9811       4.9896
      5.9979       4.7653
      5.4896       4.2444
      5.3112       3.9049
      5.4874       4.6260
      5.7468       8.6461
      5.9875       8.4007
      6.3267       8.1303
      6.6062       7.8490
      6.6557       7.5782
      6.2252       7.3462
      6.1922       7.0542
      6.1166       6.6166
      6.1198       5.9092
      5.9292       4.8616
      5.6332       3.6310
      5.4120       3.7029
      5.0566       4.7719
      4.6045       5.7890
      4.0365       6.5317
      3.5946       6.9500
      3.6231       7.0433
      3.3305       6.6921
      3.0232       5.9491
      2.9702       4.8835
      3.0620       4.0227
      3.2754       4.3929
      3.6754       4.5791
      4.1233       4.4057
      4.5540       4.7355
      4.9672       5.3679
      5.2472       5.6675
      5.5643       5.5428
      6.1455       5.1582
      5.9698       5.0085
      6.0532       5.1771
      6.0638       5.2647
      5.9973       5.3283
      6.0203       5.4881
      5.8645       5.4952
      5.6009       5.2956
      4.8962       4.7439
      4.8487       3.8441
      4.8409       3.7878
      4.5296       3.7397
      5.3795       3.7034
      7.7592       4.1941
      9.6574       4.1618
      9.3352       4.1621
      7.8513       3.9835
      6.4149       4.1118
      5.2585       4.1626
      4.9319       3.5799
      5.2430       2.7667
      5.2640       3.8138
      5.7807       8.4342
      6.0092       8.1233
      6.2325       7.7885
      6.4646       7.4726
      6.6241       7.2079
      6.4587       6.9931
      6.4340       6.7825
      5.9714       6.4955
      5.9012       5.9365
      5.8730       5.0806
      5.6497       4.0991
      5.5562       4.2646
      5.5526       5.2536
      5.1473       6.1587
      4.6436       6.8170
      4.5493       7.1849
      4.1097       7.1281
      3.6911       6.6500
      3.3072       5.7570
      2.9947       4.5233
      2.8524       3.4398
      3.0569       3.8155
      3.5322       3.9530
      4.1154       3.3774
      4.5878       4.1425
      4.9831       5.2658
      5.3411       5.8887
      5.6244       6.0790
      6.2924       6.0213
      6.2398       5.9588
      6.4533       5.9417
      6.4748       5.8898
      6.6638       5.8042
      6.9314       5.7204
      6.7504       5.5582
      6.4358       5.2713
      5.7081       4.7397
      5.7139       3.9627
      5.3934       3.8991
      5.1130       3.8948
      6.0556       3.8418
      8.4048       3.9695
     11.0049       3.2170
      9.5438       3.5071
      7.1761       3.2129
      5.0732       3.4161
      3.7069       3.5621
      3.6071       3.2627
      4.3037       2.7518
      4.5491       3.2232
      5.7368       8.1201
      5.9199       7.6835
      6.0660       7.2120
      6.0490       6.7849
      6.0663       6.4854
      6.0820       6.3306
      6.3103       6.2577
      6.3113       6.1839
      6.2991       5.9474
      5.9201       5.5300
      6.0978       5.1123
      6.1437       5.1944
      6.0914       5.7466
      6.2017       6.4583
      5.6151       7.0013
      5.1631       7.2504
      4.6646       7.1583
      4.1550       6.6589
      3.6311       5.7825
      3.1406       4.6658
      2.5351       3.6579
      2.6553       3.4473
      3.4773       3.6426
      4.1728       3.8777
      4.6372       4.5982
      5.0445       5.5459
      5.4057       6.2152
      5.7245       6.5286
      6.2532       6.6170
      6.6596       6.5289
      7.2927       6.3436
      7.5571       6.1351
      7.7498       5.8621
      7.6050       5.5343
      7.4834       5.2067
      7.1303       5.0176
      6.4393       4.9037
      6.1799       4.7931
      5.9399       4.7917
      5.8790       4.8230
      6.7605       4.7642
      8.0061       4.5590
      8.9432       4.1208
      7.9220       3.7871
      5.6802       3.3305
      3.4507       3.2151
      1.7477       2.9242
      1.9248       3.1280
      2.5541       3.1410
      3.3113       3.7500
      5.6200       7.7332
      5.7548       7.1253
      5.8726       6.4370
      5.9754       5.8135
      5.8695       5.4338
      5.8972       5.3169
      5.9196       5.4608
      6.2001       5.7262
      6.3214       5.8671
      6.4882       5.7949
      6.8864       5.6432
      6.8199       5.6525
      6.9837       5.9656
      6.8717       6.4483
      6.3077       6.9309
      5.8488       7.2383
      5.2703       7.1250
      4.7329       6.6677
      4.2589       5.8391
      3.6103       4.7719
      2.8772       3.6559
      2.9138       3.2593
      3.9097       3.0055
      4.4135       4.1141
      4.8287       5.1283
      5.4666       5.9557
      5.8193       6.5375
      6.1736       6.8653
      6.6723       6.8916
      6.4869       6.7234
      7.0416       6.3740
      7.6008       6.0043
      7.9415       5.5463
      8.4919       4.9349
      8.4665       4.3460
      7.5779       4.3633
      7.0676       4.8398
      6.7907       5.1983
      6.3315       5.4647
      6.2210       5.5779
      6.7759       5.5155
      7.1224       5.2640
      7.2820       4.7733
      6.2673       4.1215
      4.6048       3.2854
      2.6428       3.3498
      1.5524       3.6141
      1.2480       3.5498
      1.6730       3.6732
      2.4496       4.3013
      5.4263       7.3225
      5.5047       6.5456
      5.6024       5.5898
      5.5814       4.6096
      5.6183       4.1830
      5.6465       4.0496
      5.6774       4.4151
      5.9703       5.1442
      6.2681       5.6344
      6.8078       5.7988
      7.0076       5.6987
      7.3910       5.5586
      7.6822       5.6442
      7.4450       6.0865
      7.0935       6.6194
      6.7286       7.0301
      5.9655       7.0315
      5.4154       6.6564
      4.9040       5.8866
      4.5011       4.8154
      4.2514       3.8010
      4.1523       3.6305
      4.3635       3.9297
      4.9399       4.7112
      5.2870       5.6131
      5.6190       6.3059
      5.5170       6.7152
      5.7986       6.9183
      5.9282       6.8327
      6.4583       6.4934
      7.0717       5.9967
      7.6003       5.5510
      8.1591       5.0328
      8.5392       4.2146
      8.7590       3.2698
      8.4443       3.5976
      7.4496       4.6449
      6.8139       5.3183
      6.4613       5.7727
      6.1834       5.9763
      6.2020       5.9341
      6.2599       5.7154
      6.1669       5.1579
      5.2826       4.3467
      4.2308       3.2619
      2.5893       3.6739
      1.7001       4.1378
      1.2679       4.1154
      1.4450       3.9801
      1.9179       4.2805
      5.1576       6.9134
      5.1127       6.0526
      5.0999       4.9502
      5.2019       3.6181
      5.1992       3.3087
      5.1827       3.2883
      5.2092       3.7424
      5.4706       4.7002
      5.9279       5.3863
      6.3945       5.6732
      7.0871       5.5055
      7.7934       5.0394
      8.2703       4.8096
      8.1893       5.3977
      7.8492       6.1787
      7.3350       6.7665
      6.8222       6.9401
      6.2593       6.6200
      5.7967       5.9511
      5.4654       4.9142
      5.4501       3.5949
      5.0080       3.8891
      4.9847       4.6811
      5.1640       5.3813
      5.3636       6.0217
      5.2610       6.4755
      5.4902       6.7037
      5.6848       6.7474
      6.0783       6.4527
      6.6220       5.8943
      7.1937       5.2246
      7.6329       4.8009
      7.9324       4.5812
      8.2944       3.9491
      8.5035       3.2053
      8.0500       3.8105
      7.2777       4.5151
      6.6335       5.1777
      6.3678       5.6970
      5.9598       5.9281
      5.7271       5.9497
      5.6758       5.7664
      5.4033       5.3434
      5.2358       4.7224
      3.9958       4.1293
      2.7721       4.2563
      2.0625       4.5269
      1.4487       4.3376
      1.3707       3.5490
      1.6509       3.5714
      4.7744       6.4764
      4.6088       5.6581
      4.4681       4.6536
      4.3675       3.5511
      4.2796       3.3760
      4.2355       3.5883
      4.3278       3.6265
      4.7878       4.3406
      5.4393       5.1904
      6.0757       5.5759
      6.9504       5.3482
      7.9095       4.5290
      8.8247       3.4559
      8.5354       4.7885
      8.3460       5.8567
      7.6652       6.5209
      7.1564       6.7461
      6.6550       6.6087
      6.1736       6.1136
      5.8269       5.3843
      5.5662       4.7335
      5.2647       4.7860
      5.1069       5.3000
      4.9484       5.8096
      5.0307       6.1970
      5.1763       6.4064
      5.7302       6.4595
      5.3248       6.3153
      5.5900       5.9581
      6.1300       5.2670
      6.7353       4.2177
      7.1937       3.8021
      7.2924       4.3262
      7.5400       4.3236
      7.5925       4.0870
      7.3416       3.9636
      6.7635       4.1398
      5.9045       4.7970
      5.2149       5.2957
      4.6303       5.4841
      5.0272       5.5314
      4.8124       5.4839
      5.2976       5.2550
      4.7345       4.9134
      3.6525       4.7434
      2.9076       4.8388
      2.3668       4.9189
      1.9049       4.5719
      1.7056       3.6921
      1.8405       3.3298
      4.3637       5.9123
      4.0578       5.2408
      3.7131       4.5330
      3.4127       3.6623
      3.2566       3.5557
      3.2756       3.7495
      3.4142       3.3153
      4.0654       4.2473
      4.7369       5.2389
      5.5539       5.6987
      6.4830       5.5434
      7.4287       4.9142
      8.1700       4.4276
      8.4006       4.9854
      8.2283       5.7388
      7.9379       6.2779
      7.2465       6.5495
      6.7578       6.5085
      6.2887       6.2401
      5.8380       5.8123
      5.4374       5.4671
      4.7600       5.4314
      4.7801       5.6836
      4.8028       5.9786
      4.8871       6.1258
      5.0188       6.0856
      5.0998       5.8851
      5.1871       5.6848
      5.1354       5.3842
      5.5423       4.8081
      5.9133       4.0085
      6.1615       3.8331
      6.2862       4.4667
      6.4168       4.7396
      6.4166       4.5790
      6.3389       3.9310
      6.0565       3.4568
      5.4167       4.4440
      4.8003       4.7731
      4.3675       4.6526
      4.9230       4.7106
      4.3298       4.9000
      4.7340       4.7894
      4.1734       4.5505
      3.8875       4.6787
      3.5403       5.0414
      2.6381       5.2526
      2.2744       5.1365
      2.1265       4.7710
      2.2646       4.7725
      3.9944       5.0954
      3.5655       4.6123
      3.0578       4.4223
      2.5557       4.0880
      2.2616       3.8655
      2.3843       4.0237
      2.7979       4.3143
      3.4558       4.9353
      4.0961       5.6414
      4.9513       6.0171
      5.7445       5.9752
      6.5622       5.6221
      7.2197       5.3462
      7.6644       5.4194
      7.8769       5.6774
      7.5530       5.9409
      7.1584       6.1567
      6.6897       6.2560
      6.2125       6.1573
      5.6538       5.8842
      5.1596       5.6086
      4.6565       5.5200
      4.5838       5.6784
      4.7128       5.9119
      4.8130       5.8861
      4.8623       5.5066
      4.9752       4.9791
      4.9913       4.8209
      4.7982       4.7900
      4.5943       4.4139
      4.5257       4.0054
      4.8646       4.1816
      5.0499       4.7296
      5.3029       5.0973
      5.2640       5.0959
      5.2718       4.7031
      5.0187       4.4510
      4.6408       4.6085
      4.3218       4.4158
      3.9274       3.6626
      3.6809       3.6695
      3.8808       4.2990
      4.0943       4.2026
      4.2757       3.5473
      3.9832       4.1693
      3.6117       4.9521
      3.2095       5.4674
      2.6365       5.7252
      2.5670       5.7955
      2.6933       5.9795
      3.7273       4.0825
      3.2214       3.7185
      2.6065       4.2372
      1.9370       4.1114
      1.3566       3.4261
      1.6445       4.0855
      2.2425       4.9693
      2.7390       5.6527
      3.4553       6.1872
      4.1418       6.4452
      4.9679       6.3964
      5.6765       6.0987
      6.3408       5.7381
      6.8194       5.5430
      7.3141       5.4151
      7.3343       5.3653
      6.9534       5.5062
      6.4708       5.7742
      5.8685       5.8601
      5.3080       5.6343
      4.7159       5.2160
      4.3494       5.0623
      4.2556       5.3470
      4.3189       5.6603
      4.3379       5.6053
      4.5028       5.0074
      4.6435       3.8773
      4.6389       3.9285
      4.3828       4.2991
      3.9006       3.9081
      3.0477       3.1664
      3.7066       3.9599
      4.2307       4.7526
      4.1239       5.3644
      4.2004       5.6122
      4.2860       5.5552
      4.1013       5.3684
      3.7843       5.0568
      3.3966       4.4508
      2.9418       3.5548
      2.8157       3.4270
      3.1835       3.9967
      3.6932       4.0339
      3.9408       3.6000
      3.7601       3.9519
      3.5602       4.7928
      3.4351       5.5946
      3.3418       6.1650
      3.0623       6.5596
      3.1704       6.8729
      3.5677       3.9734
      3.0513       3.8196
      2.4543       4.3625
      1.8224       4.4442
      1.3641       4.1599
      1.5196       4.7160
      2.0147       5.6076
      2.5778       6.2814
      2.9256       6.6923
      3.5706       6.8493
      4.1883       6.6820
      4.7914       6.2249
      5.4566       5.7177
      5.9477       5.2840
      6.4813       4.8956
      6.9686       4.4289
      6.8279       4.5501
      6.3064       5.2195
      5.6673       5.5267
      5.0585       5.2821
      4.5378       4.5482
      3.9238       4.0309
      3.7540       4.8330
      3.9004       5.4652
      3.9748       5.5578
      4.0607       5.0728
      4.2196       4.2824
      4.2811       4.1664
      4.2088       4.2535
      4.1215       3.6962
      4.0181       2.9690
      3.4085       3.7341
      3.4990       4.5872
      3.2860       5.4017
      3.3616       5.9879
      3.5093       6.1692
      3.4095       6.0385
      3.3159       5.5358
      2.9597       4.7491
      2.4227       3.6017
      2.4347       3.1648
      3.1211       3.8605
      3.4607       4.1659
      3.6721       3.8756
      3.5389       3.5285
      3.6979       4.5846
      3.7442       5.6813
      3.9010       6.4755
      3.8157       7.0541
      3.6461       7.5031
      3.5375       3.8746
      3.0679       4.0779
      2.5727       4.7369
      2.1054       5.1208
      1.7972       5.3194
      1.8089       5.7266
      2.0814       6.3110
      2.4691       6.8075
      2.6921       7.0805
      3.1770       7.0848
      3.7343       6.7195
      4.1128       6.0937
      4.5693       5.3088
      4.9976       4.6831
      5.6466       4.3449
      6.4267       3.7130
      6.6009       3.9052
      6.1384       4.9626
      5.5776       5.4035
      5.0547       5.2136
      4.4696       4.4842
      3.7791       3.9001
      3.5495       4.8036
      3.6135       5.4754
      3.9671       5.6775
      3.7612       5.4400
      3.8141       5.0440
      3.9158       4.7684
      4.0787       4.4759
      4.1996       3.8836
      3.9933       3.3773
      3.0372       3.3869
      3.0261       4.2361
      2.9351       5.3909
      3.0133       6.2550
      3.0716       6.6248
      3.0218       6.5840
      2.9877       6.0791
      2.8219       5.3212
      2.7721       4.2995
      3.2519       3.2802
      3.4019       4.0177
      3.6242       4.4463
      3.7960       4.2341
      3.7771       3.8828
      4.0315       4.7943
      4.2397       5.8696
      4.3392       6.7380
      4.4181       7.4038
      4.4421       7.8671
      3.6337       3.5968
      3.2544       4.2916
      2.8923       5.2034
      2.5403       5.7740
      2.3018       6.1312
      2.2975       6.4766
      2.3757       6.8574
      2.6687       7.1969
      2.7528       7.3167
      3.0433       7.1934
      3.4656       6.6909
      3.6274       5.8757
      3.8526       4.7321
      3.8791       3.6649
      4.7379       4.0355
      5.4564       4.2383
      5.9278       4.5690
      5.7851       5.1701
      5.4218       5.5288
      5.1382       5.4759
      4.7305       5.1462
      4.2617       4.9774
      3.7932       5.2790
      3.6119       5.6532
      3.7782       5.8000
      3.4531       5.6477
      3.3840       5.3263
      3.4748       4.9688
      3.7522       4.5395
      4.1156       3.8950
      3.9535       3.4575
      3.0552       3.4583
      3.0621       4.3260
      3.2836       5.5141
      3.2758       6.4332
      3.3439       6.9040
      3.3221       6.9826
      3.2601       6.6212
      3.3149       6.0649
      3.3292       5.3282
      3.4911       4.7783
      3.6568       4.8247
      3.9315       4.9689
      4.2439       4.8873
      4.4156       4.8584
      4.6009       5.3387
      4.7774       6.1313
      4.9331       6.9194
      4.9254       7.5904
      4.8441       8.1095
      3.8757       5.0911
      3.5417       5.2831
      3.2827       5.8482
      3.0684       6.2922
      2.9312       6.5843
      2.8260       6.8662
      2.8653       7.1050
      3.1703       7.3210
      2.9943       7.3693
      3.4076       7.1685
      3.5842       6.6504
      3.6655       5.7905
      3.6175       4.6671
      3.7134       3.7757
      4.3069       4.1810
      4.8835       4.6495
      5.4175       5.0162
      5.4630       5.3914
      5.3134       5.6589
      5.3792       5.7081
      5.0791       5.5893
      4.6528       5.4733
      4.0757       5.5420
      3.7224       5.6963
      3.9343       5.7177
      3.5900       5.5224
      2.8992       5.1187
      2.8975       4.6931
      3.2638       4.3854
      3.8683       3.8306
      4.2224       3.4597
      3.7941       4.2278
      3.9123       4.9740
      3.8474       5.8656
      4.1676       6.5963
      3.8814       7.1118
      3.8301       7.3015
      3.7886       7.1441
      3.6894       6.7646
      3.8556       6.2843
      3.7428       5.8630
      3.9405       5.6146
      4.2366       5.4258
      4.5481       5.2231
      4.9928       5.1576
      5.2455       5.5061
      5.3683       6.1741
      5.3969       6.9412
      5.3838       7.6157
      5.2471       8.1587
      4.1776       6.2986
      3.9127       6.2990
      3.6755       6.4931
      3.4937       6.6610
      3.4375       6.7556
      3.5044       6.8526
      3.5676       6.9872
      3.6771       7.1492
      3.4593       7.1842
      3.6850       7.0113
      3.8190       6.5451
      3.9161       5.7778
      4.1405       4.8690
      4.2260       4.3050
      4.4736       4.4076
      4.9039       4.7485
      5.1749       5.0049
      5.7119       5.2662
      5.8965       5.5392
      5.5333       5.6705
      5.3730       5.5773
      5.1158       5.3943
      4.5168       5.3240
      3.8950       5.3759
      3.8104       5.3623
      3.2544       5.1340
      2.4915       4.5721
      2.3096       3.9107
      2.8900       4.1811
      3.4306       4.3794
      4.1205       4.5282
      4.3004       4.9475
      4.4484       5.4608
      4.9354       6.0714
      4.9426       6.6303
      4.7735       7.1154
      4.4762       7.3928
      4.0239       7.4676
      4.2001       7.2595
      4.2255       6.9015
      4.1512       6.5012
      4.3424       6.0725
      4.5812       5.5739
      5.0103       5.1007
      5.4153       4.8017
      5.7027       5.0811
      5.8474       5.8599
      5.9050       6.7064
      5.7687       7.4389
      5.5160       8.0198
      4.4730       7.1857
      4.2871       7.0554
      4.1054       6.9706
      3.9677       6.8383
      3.9666       6.6417
      3.9986       6.4738
      4.0789       6.4745
      4.3323       6.6673
      4.1328       6.8025
      4.2793       6.7132
      4.3993       6.3584
      4.4352       5.6757
      4.6256       4.7420
      4.8454       3.9458
      4.9930       4.1785
      5.1721       4.5441
      5.4240       4.5401
      5.4990       4.6606
      5.7288       5.1015
      5.7772       5.3333
      5.7926       5.1784
      5.6331       4.7471
      5.1562       4.5324
      4.0856       4.6933
      3.4878       4.7527
      2.9752       4.6903
      2.4112       4.2991
      1.9718       3.6183
      2.5973       4.3631
      3.3746       4.9715
      4.3242       5.2744
      4.8410       5.4546
      5.2025       5.6166
      5.6109       5.9252
      5.8417       6.3438
      5.5208       6.8488
      5.0463       7.2754
      4.9320       7.4581
      4.6637       7.4263
      4.6897       7.1740
      4.3535       6.7632
      4.5055       6.1595
      4.7908       5.4127
      5.3062       4.6246
      6.0245       3.8464
      6.2574       4.2627
      6.1249       5.4115
      5.9882       6.3675
      5.8243       7.1270
      5.7226       7.7358
      4.7166       7.7992
      4.5187       7.5650
      4.3722       7.2707
      4.3392       6.8551
      4.3948       6.3041
      4.5312       5.7623
      4.6535       5.5569
      4.7994       5.8690
      4.6751       6.2041
      4.7596       6.3357
      4.9140       6.1320
      5.0400       5.5853
      5.1448       4.6986
      5.2196       3.5625
      5.1662       4.0819
      5.1189       4.4030
      5.2070       3.8998
      5.1796       3.7135
      5.2156       4.6170
      5.4931       4.9395
      5.6618       4.7365
      5.8180       3.9818
      5.5791       3.4537
      4.2855       3.9745
      3.2203       3.9128
      2.6213       4.3242
      2.3763       4.6425
      2.3201       4.7916
      2.7002       5.1913
      3.3306       5.5944
      4.3117       5.7629
      4.9541       5.6579
      5.5788       5.4306
      6.0330       5.3494
      6.2418       5.7100
      5.7937       6.3513
      5.7934       6.8991
      5.4866       7.2348
      5.3413       7.2914
      4.9420       7.1306
      4.8275       6.7095
      4.7159       5.9686
      4.8772       5.0295
      5.2417       4.0840
      5.9253       3.5705
      6.2541       4.1015
      6.1742       5.1651
      6.0364       6.0106
      5.9228       6.7031
      5.8184       7.3230
      4.8426       8.2009
      4.7216       7.9039
      4.6613       7.4735
      4.6751       6.8438
      4.7491       5.9659
      4.8637       4.8805
      4.9971       4.2340
      5.1613       4.9654
      5.1008       5.6212
      5.1766       5.8969
      5.3020       5.8405
      5.3426       5.5465
      5.3641       5.0947
      5.3170       4.7219
      5.0348       4.7690
      4.8575       4.7806
      4.8492       4.3413
      4.7776       4.1459
      4.7121       4.5027
      4.9076       4.5896
      5.0794       4.4686
      5.2537       4.1493
      4.9314       3.9583
      3.9812       3.9717
      2.8992       3.4211
      2.6882       4.4120
      2.5011       5.2161
      2.5473       5.6845
      2.6724       6.0198
      3.3599       6.2112
      4.1972       6.0817
      4.8945       5.6587
      5.6531       4.9392
      6.3154       4.2654
      6.2620       4.7919
      6.2931       5.7004
      5.9734       6.3495
      5.7752       6.7135
      5.4395       6.8844
      5.3102       6.7888
      4.9692       6.4331
      4.7944       5.7174
      4.7896       4.6878
      4.7449       3.2990
      5.4177       3.8134
      5.8439       4.4874
      6.0131       5.0888
      5.9710       5.5802
      5.9045       6.1162
      5.8616       6.7701
      4.9200       8.4715
      4.8685       8.1518
      4.8620       7.6685
      4.8868       6.9579
      4.9424       5.9699
      5.0584       4.7095
      5.1989       3.7771
      5.3647       4.6016
      5.4071       5.1942
      5.4922       5.3964
      5.5688       5.3745
      5.5825       5.3450
      5.4623       5.3706
      5.2528       5.4289
      4.7960       5.4907
      4.5050       5.4443
      4.2528       5.1782
      4.1849       4.8728
      4.0714       4.5486
      4.0681       4.0675
      4.1859       4.1207
      4.3223       4.5150
      4.1495       4.7384
      3.6666       4.8050
      3.1292       4.8512
      2.8851       5.3582
      2.6602       6.0301
      2.6650       6.4877
      2.8154       6.7194
      2.9311       6.6235
      3.4133       6.3003
      4.5348       5.6761
      5.0922       4.7004
      5.9822       3.5624
      6.0434       4.2587
      5.7984       5.1723
      5.7152       5.7223
      5.5903       6.0217
      5.5200       6.2012
      5.4277       6.2116
      5.1024       5.9647
      4.8608       5.4822
      4.8725       4.7831
      4.9234       4.1787
      5.2753       4.3591
      5.6665       4.7587
      5.9044       4.9154
      5.9928       4.9175
      5.9632       5.2751
      5.8465       6.1094
      4.9404       8.6647
      4.9162       8.3703
      4.9401       7.9149
      4.9732       7.2621
      5.0107       6.4110
      5.0948       5.4892
      5.2266       4.9026
      5.3736       4.8653
      5.5061       4.8933
      5.6588       4.7619
      5.8374       4.5729
      5.7642       4.7820
      5.4779       5.3122
      5.1206       5.7571
      4.7639       5.9953
      4.1117       6.0033
      3.7502       5.7693
      3.5722       5.3368
      3.2956       4.6753
      3.1309       3.6726
      3.3175       3.9395
      3.5404       4.8628
      3.6250       5.4239
      3.4500       5.7524
      3.2122       6.0249
      2.8746       6.4421
      2.9328       6.8914
      2.9755       7.1894
      2.8495       7.2526
      2.8092       6.9625
      3.0973       6.4710
      3.7674       5.7381
      4.2310       4.8422
      4.7193       4.2321
      5.0687       4.3782
      5.1321       4.8168
      5.2958       5.0114
      5.3229       5.0927
      5.3800       5.3279
      5.3752       5.4667
      5.2952       5.3397
      5.0840       5.1030
      4.9734       4.8057
      5.0950       4.6661
      5.2915       4.8075
      5.5419       4.9480
      5.8387       4.7254
      5.9443       4.0201
      5.9138       4.2610
      5.7717       5.5886
      4.9554       8.7964
      4.9312       8.5595
      4.9415       8.1848
      4.9559       7.6577
      4.9706       6.9914
      5.0121       6.2773
      5.0965       5.6529
      5.2271       5.1119
      5.3979       4.5140
      5.6425       4.0015
      6.0112       3.4547
      5.8391       4.0207
      5.3750       5.1050
      4.9171       5.8598
      4.4332       6.2614
      3.7276       6.3513
      3.6257       6.1141
      3.1929       5.6164
      2.8054       4.9870
      2.6171       4.4905
      2.7669       4.6719
      3.0426       5.3769
      3.2005       6.0455
      3.2578       6.5416
      3.0734       6.9479
      2.9796       7.2993
      2.9576       7.6070
      2.9795       7.7392
      2.8597       7.5656
      2.8349       7.1918
      2.7411       6.5480
      3.0791       5.6841
      3.1769       4.7028
      3.4049       4.0106
      3.8035       4.1673
      4.2553       4.4986
      4.6672       4.3076
      5.0435       3.8701
      5.2132       4.4337
      5.2709       4.6521
      5.3114       4.4864
      5.2763       4.3992
      5.1804       4.3177
      5.3131       4.4641
      5.4100       4.8756
      5.5524       5.1208
      5.7575       4.9234
      5.8164       4.3106
      5.7690       4.5156
      5.6380       5.6876
      4.9670       8.8814
      4.9390       8.7118
      4.9302       8.4339
      4.9186       8.0368
      4.9106       7.5212
      4.9073       6.9013
      4.9399       6.1915
      5.0013       5.3222
      5.0733       4.1498
      5.2695       3.2468
      5.5418       3.5352
      5.4321       4.0345
      5.0686       5.0096
      4.5799       5.8629
      4.0622       6.3847
      3.5278       6.5128
      3.1271       6.2485
      2.6276       5.6682
      2.1834       5.0288
      1.9624       4.7569
      2.2479       5.0948
      2.6089       5.8090
      2.9118       6.5430
      3.1403       7.1354
      3.1371       7.5907
      3.1027       7.9185
      3.0341       8.1167
      2.8450       8.0844
      2.6747       7.8302
      2.5935       7.3270
      2.4339       6.5537
      2.3077       5.5162
      2.1359       4.3223
      1.9603       3.1514
      2.6195       3.8429
      3.4224       4.4293
      4.1284       4.2631
      4.6776       3.7399
      4.9671       4.2306
      5.1866       4.1912
      5.3729       3.4007
      5.4254       3.6283
      5.3460       3.3545
      5.3983       3.7839
      5.4911       4.7783
      5.5212       5.3703
      5.5605       5.5161
      5.6576       5.4561
      5.6038       5.6851
      5.5027       6.3433
      4.9748       8.9413
      4.9406       8.8337
      4.9125       8.6435
      4.8797       8.3566
      4.8463       7.9543
      4.8107       7.4133
      4.7952       6.7028
      4.7747       5.7892
      4.7831       4.6990
      4.8503       3.9444
      4.8724       3.7684
      4.7583       3.9398
      4.5362       4.9061
      4.1893       5.8758
      3.7105       6.4731
      3.1677       6.6136
      2.6887       6.2838
      2.1360       5.5323
      1.5998       4.5781
      1.3964       4.2596
      1.7794       5.0660
      2.3236       6.0430
      2.7155       6.8907
      3.0823       7.5496
      3.2692       8.0247
      3.2855       8.3324
      3.2204       8.4607
      3.0013       8.3492
      2.7605       8.0165
      2.4504       7.4451
      2.1724       6.5997
      1.8323       5.4543
      1.4020       4.0800
      1.2605       3.3657
      1.9770       4.1555
      2.8445       4.8183
      3.6899       4.9806
      4.3017       4.9139
      4.7406       4.9014
      5.0880       4.6021
      5.3818       3.9922
      5.6066       3.8263
      5.8830       3.2504
      5.8143       3.7593
      5.5802       4.9909
      5.5216       5.7928
      5.4875       6.2061
      5.4781       6.4255
      5.4754       6.6875
      5.3890       7.1030
      4.9820       8.9790
      4.9452       8.9201
      4.8990       8.7980
      4.8489       8.5983
      4.7937       8.2929
      4.7444       7.8497
      4.6898       7.2396
      4.6240       6.4629
      4.5753       5.6072
      4.5324       4.8225
      4.3728       4.0073
      4.1518       3.5678
      4.1082       4.9670
      3.8628       6.0203
      3.4580       6.6374
      2.9436       6.7667
      2.4290       6.4018
      1.9057       5.5693
      1.3409       4.3424
      1.1089       3.7870
      1.6677       5.1407
      2.2307       6.2848
      2.7231       7.1809
      3.1662       7.8494
      3.4481       8.3150
      3.5201       8.5862
      3.4281       8.6604
      3.2494       8.5292
      2.9714       8.1803
      2.6150       7.6154
      2.2313       6.8097
      1.8190       5.7555
      1.3465       4.5823
      1.2416       4.1144
      1.8325       4.8713
      2.6014       5.5260
      3.4508       5.8428
      4.1076       5.9201
      4.6095       5.8418
      5.0160       5.5758
      5.3664       5.2087
      5.6679       4.9015
      5.9020       4.6641
      5.8661       4.9538
      5.6955       5.7164
      5.4796       6.4120
      5.4104       6.8895
      5.3987       7.2069
      5.3612       7.4699
      5.3081       7.7623
