Smooth Results
2
Z-value
P-value
    0.0000  0.081139
    0.3030  0.079156
    0.6061  0.077601
    0.9091  0.074670
    1.2121  0.072259
    1.5152  0.069702
    1.8182  0.064233
    2.1212  0.058729
    2.4242  0.053097
    2.7273  0.047220
    3.0303  0.041696
    3.3333  0.036243
    3.6364  0.031233
    3.9394  0.026335
    4.2424  0.022045
    4.5455  0.018301
    4.8485  0.015104
    5.1515  0.012065
    5.4545  0.010091
    5.7576  0.008137
    6.0606  0.006404
    6.3636  0.004995
    6.6667  0.004099
    6.9697  0.003254
    7.2727  0.002554
    7.5758  0.002245
    7.8788  0.001742
    8.1818  0.001640
    8.4848  0.001297
    8.7879  0.001323
    9.0909  0.001215
    9.3939  0.001059
    9.6970  0.001132
   10.0000  0.000995
   10.3030  0.001104
   10.6061  0.001119
   10.9091  0.001075
   11.2121  0.001094
   11.5152  0.001186
   11.8182  0.001128
   12.1212  0.001156
   12.4242  0.001164
   12.7273  0.000999
   13.0303  0.001102
   13.3333  0.001045
   13.6364  0.001016
   13.9394  0.001125
   14.2424  0.001035
   14.5455  0.001082
   14.8485  0.000826
   15.1515  0.001004
   15.4545  0.000892
   15.7576  0.000733
   16.0606  0.000570
   16.3636  0.000773
   16.6667  0.000617
   16.9697  0.000790
   17.2727  0.000749
   17.5758  0.001042
   17.8788  0.001004
   18.1818  0.000906
   18.4848  0.000923
   18.7879  0.000999
   19.0909  0.001040
   19.3939  0.001134
   19.6970  0.000837
   20.0000  0.000850
   20.3030  0.001217
   20.6061  0.000813
   20.9091  0.000885
   21.2121  0.000944
   21.5152  0.000742
   21.8182  0.000965
   22.1212  0.001044
   22.4242  0.001227
   22.7273  0.001200
   23.0303  0.001254
   23.3333  0.001053
   23.6364  0.001102
   23.9394  0.001145
   24.2424  0.001412
   24.5455  0.000717
   24.8485  0.001168
   25.1515  0.001174
   25.4545  0.001001
   25.7576  0.001156
   26.0606  0.000929
   26.3636  0.001138
   26.6667  0.000939
   26.9697  0.001226
   27.2727  0.001196
   27.5758  0.000999
   27.8788  0.001221
   28.1818  0.001149
   28.4848  0.001049
   28.7879  0.000853
   29.0909  0.000893
   29.3939  0.000933
   29.6970  0.001153
   30.0000  0.000970
