DRAW output
  3
Xlocation   
Ylocation   
Primary     
       2.500       13.500        8.710
       3.500       38.500       0.3400
      38.500       35.500        3.590
      33.500        7.500        0.920
      14.500       43.500       0.5100
      45.500       29.500        1.210
      30.500       22.500        1.380
      22.500       11.500        1.340
      39.500       31.500        8.340
       4.500       37.500       0.3200
      34.500       14.500        0.990
      14.500       21.500       0.3300
       3.500       23.500        1.380
      20.500        1.500      0.09000
      25.500        4.500        1.810
      26.500       23.500       0.7900
      39.500       36.500        2.220
      45.500       22.500        0.930
      10.500        7.500       0.2600
      13.500        3.500       0.1900
      26.500        1.500       0.8900
       8.500        7.500       0.2800
       5.500        1.500      0.06000
      46.500       34.500        3.810
      26.500       23.500       0.7900
       9.500       28.500        9.270
      17.500       34.500        1.360
      41.500       45.500        2.750
      25.500        4.500        1.810
      38.500       28.500       0.5700
      17.500       15.500        9.080
      13.500       12.500        1.270
      25.500        4.500        1.810
      45.500        6.500        1.890
      45.500        6.500        1.890
      23.500       18.500       0.1600
      30.500       22.500        1.380
      40.500       21.500       0.1000
       4.500       30.500       0.6500
      22.500       11.500        1.340
      10.500        7.500       0.2600
      16.500       13.500        2.990
      11.500       15.500        1.110
      26.500       23.500       0.7900
      45.500       22.500        0.930
      16.500       13.500        2.990
      28.500       42.500        2.760
      46.500       13.500        1.660
       3.500       47.500        1.960
      31.500       17.500       0.2200
      14.500       29.500       0.4600
      20.500        1.500      0.09000
      10.500       29.500        2.520
      30.500       40.500       11.080
      33.500       31.500        1.980
      35.500       10.500        0.960
      39.500       18.500      0.06000
       8.500        7.500       0.2800
      38.500        5.500      0.08000
      19.500       42.500        5.150
      13.500       24.500       0.8400
      23.500       18.500       0.1600
       8.500       45.500       0.8100
      41.500       26.500        2.130
      47.500       44.500        3.350
      33.500       36.500        7.710
      22.500       11.500        1.340
      39.500       18.500      0.06000
      39.500       30.500        7.940
      40.500       31.500        2.510
      41.500       26.500        2.130
       3.500       33.500        1.100
      28.500       44.500        5.050
      30.500       41.500       17.190
      30.500       22.500        1.380
      15.500        3.500       0.1000
      39.500       38.500        3.510
      45.500       29.500        1.210
       1.500        8.500       20.350
      48.500       25.500        0.940
      28.500       44.500        5.050
      0.5000       41.500        2.330
      17.500       14.500        2.960
       9.500       19.500       0.1700
       6.500       25.500       0.1100
      0.5000       41.500        2.330
       1.500       14.500        5.540
      38.500        5.500      0.08000
      11.500       15.500        1.110
      39.500       30.500        7.940
      48.500       25.500        0.940
       8.500       45.500       0.8100
      26.500        1.500       0.8900
      14.500       21.500       0.3300
      45.500       29.500        1.210
      25.500        4.500        1.810
      28.500       11.500       0.2800
      13.500       12.500        1.270
       7.500       18.500        1.010
      28.500       42.500        2.760
