KT3D ESTIMATES WITH:  Synthetic point data – 140 samples                        
 2   50   50    1  .50000000      .50000000      .50000000      1.00000      1.00000      1.00000       1
Estimate
EstimationVariance
 5.0013300      .99548610    
 5.0325910      .98807190    
 5.1211670      .97519420    
 5.1874800      .95460970    
 5.2556690      .92581230    
 5.3694650      .88893850    
 5.5111240      .84522510    
 5.6635370      .80056480    
 6.1325970      .75947350    
 6.6518530      .73879510    
 7.1259660      .74397360    
 7.4247060      .75778620    
 7.8685170      .75361780    
 8.2910800      .71767370    
 8.6257870      .64767330    
 8.7007750      .55251260    
 8.0162490      .48760330    
 6.6149380      .48352040    
 4.7683480      .43788940    
 3.5580680      .43025900    
 3.4786250      .56476430    
 3.5198760      .66449400    
 3.4055730      .73006090    
 3.5342430      .77029300    
 3.5092260      .79590130    
 4.1228860      .81450490    
 4.5531530      .81650910    
 4.3579120      .78586390    
 4.1403260      .73265590    
 3.8105810      .64827010    
 3.6504090      .55627550    
 3.7934320      .51165730    
 4.0990950      .54299100    
 4.2697060      .59940980    
 4.5878350      .64250330    
 4.9415760      .68784570    
 5.7159040      .74789690    
 6.0283240      .80869750    
 6.2186840      .85721180    
 6.3529610      .88928540    
 6.3039090      .91383770    
 6.2740140      .93109460    
 6.2152220      .94419150    
 6.0950260      .95127680    
 5.8889510      .94987800    
 5.6742730      .93663470    
 5.4760790      .91163540    
 5.3169100      .88115400    
 5.2040930      .85655830    
 5.1740380      .84973460    
 4.9572020      .98933270    
 4.9159570      .97581450    
 4.8941380      .95420940    
 4.9386390      .92240240    
 4.8993720      .88080950    
 4.9392020      .83043130    
 5.1680160      .77271580    
 5.5179640      .70712170    
 5.9652740      .64321660    
 6.6307440      .60687400    
 7.1087600      .62897590    
 7.7676340      .66994880    
 7.9037680      .67977440    
 8.5302730      .64591330    
 9.0415880      .56793990    
 9.2033680      .45838540    
 9.0902810      .34831540    
 7.3093020      .43477420    
 5.4078530      .43377380    
 4.1517480      .44170410    
 3.8252920      .53100000    
 3.9577370      .60907510    
 3.4305110      .65771700    
 3.5824390      .68157330    
 3.8132510      .70216460    
 4.7606270      .73178960    
 4.8289110      .74902800    
 4.5841900      .72993970    
 4.3254350      .67777870    
 3.9355250      .57634310    
 3.4324910      .43012530    
 3.6947090      .35173840    
 4.1383430      .42764460    
 4.4019640      .50753500    
 4.6609690      .52864030    
 5.0506540      .56922440    
 5.7735990      .65892110    
 6.0687270      .74227610    
 6.3748730      .80009160    
 6.5899720      .83254800    
 6.6071750      .85766170    
 6.5909360      .87805640    
 6.5425030      .89739860    
 6.4348930      .91048780    
 6.2496380      .91178830    
 5.9761320      .89533790    
 5.7109100      .85868880    
 5.4903000      .80960150    
 5.3142930      .76668720    
 5.2295840      .75405710    
 4.8311180      .98037770    
 4.7344190      .95884290    
 4.6323020      .92568700    
 4.5920220      .87878360    
 4.5289500      .82318680    
 4.3893530      .75921180    
 4.5110290      .69026480    
 4.8278890      .61056700    
 5.3057340      .51582490    
 6.6229720      .43661870    
 6.8123070      .50762710    
 7.2683810      .58318230    
 7.7341680      .60957530    
 8.2179150      .58333220    
 9.0263750      .50479750    
 9.3470350      .41433300    
 9.0144560      .40652160    
 7.7389440      .45019500    
 6.1565120      .46960350    
 4.9376850      .47433210    
 4.3491710      .50737340    
 4.3005920      .55946980    
 3.9315200      .58518960    
 4.0190800      .57752420    
 4.6162990      .58136340    
 5.1292060      .63392220    
 5.2592640      .68221940    
 4.9810810      .68713160    
 4.7134330      .64791900    
 4.2982990      .56207330    
 3.7605190      .44791300    
 3.8097860      .39662850    
 4.1138040      .43781720    
 4.3892510      .47146470    
 4.7502370      .42495620    
 5.3472450      .44891920    
 5.7358150      .59222860    
 6.0824620      .68947650    
 6.4644730      .74050780    
 6.7946900      .76583520    
 6.7752340      .78291990    
 6.8901930      .80588870    
 6.8555190      .83407750    
 6.7109120      .85860540    
 6.5008270      .86687800    
 6.2447950      .84966490    
 5.9093740      .80211140    
 5.6366770      .72857790    
 5.4400000      .65318890    
 5.3073390      .62785100    
 4.5751490      .96809480    
 4.4044750      .93713340    
 4.2602450      .89228840    
 4.1789580      .82588270    
 4.0792620      .75123310    
 3.7862430      .67379760    
 3.7997930      .60228990    
 3.9335440      .52665020    
 4.2168350      .43323070    
 5.2189490      .36903680    
 5.8261390      .44154920    
 6.3230380      .50972480    
 6.8523730      .54009260    
 7.4698200      .53072120    
 8.2671920      .46523410    
 9.0802060      .34924140    
 8.8105340      .40631340    
 7.8933490      .45112720    
 6.5508300      .46901580    
 5.3412150      .43874190    
 4.6679480      .43963800    
 4.4755190      .51431450    
 4.1590430      .53457090    
 4.5600210      .48046040    
 5.1126510      .43180560    
 5.5611300      .55164350    
 5.6576790      .63513200    
 5.5175270      .66008960    
 5.3250080      .63355630    
 4.9447060      .57272460    
 4.4583160      .51382630    
 4.1227830      .47925370    
 4.0854880      .48695510    
 4.2797420      .49399360    
 4.3608110      .46720700    
 5.1162200      .49043760    
 5.5577370      .58970710    
 5.8856770      .66328840    
 6.3175350      .69004880    
 6.8418060      .68835050    
 7.0252000      .68495680    
 7.2318170      .70903180    
 7.1539090      .75638810    
 6.9488570      .80071150    
 6.6877590      .82188950    
 6.4594040      .80936310    
 6.1345070      .75597010    
 5.8009710      .66125600    
 5.5436850      .53606070    
 5.3816730      .47320620    
 4.2502170      .95315140    
 4.0238990      .91252090    
 3.8270400      .85469100    
 3.6636400      .77676950    
 3.5643800      .67330440    
 3.3717820      .56997220    
 3.1225620      .50444390    
 2.9824180      .46126750    
 2.7092450      .36314970    
 3.3331670      .35448360    
 4.0409640      .40264160    
 4.9743740      .43140200    
 5.7033440      .45795510    
 6.3420200      .48059290    
 6.9383610      .46189610    
 7.6993000      .42101120    
 8.2256160      .39152050    
 7.8272740      .41466510    
 6.6047100      .46592050    
 5.5691040      .43492610    
 4.8956350      .42669160    
 4.4608860      .51769290    
 4.2942670      .54193310    
 4.5853560      .49540510    
 5.2849400      .46143030    
 5.6809120      .55584760    
 6.0823470      .62790100    
 6.0687700      .64213450    
 6.0413650      .60873980    
 5.7498400      .55112460    
 5.1045200      .50703250    
 4.3323260      .47750990    
 3.9847960      .48746690    
 4.1051910      .52088750    
 3.9340340      .54430230    
 4.7878740      .57481040    
 5.2158270      .62105840    
 5.7037560      .65174540    
 6.2637220      .64423780    
 6.7334360      .60113920    
 7.3519820      .55626220    
 7.4860860      .58934380    
 7.3879490      .67289320    
 7.0303980      .74414250    
 6.7217290      .78290340    
 6.6085750      .78024520    
 6.3229840      .73464610    
 5.9304700      .64521400    
 5.6110240      .51713290    
 5.4007480      .44341870    
 4.0398270      .93033530    
 3.6363840      .88501080    
 3.3930610      .81690930    
 3.1898250      .72771540    
 3.0637550      .61215610    
 2.8843740      .46869030    
 2.6561990      .39887020    
 2.5431960      .44665930    
 2.4203750      .41485520    
 2.8815440      .36157890    
 3.6423320      .38351840    
 4.4008640      .36047050    
 4.8621100      .36889400    
 5.0744170      .42221660    
 5.0828390      .43489260    
 5.7263680      .42579860    
 6.8703070      .40353980    
 7.0040250      .42799430    
 6.2230980      .50287550    
 5.6068420      .52612130    
 4.7681090      .54050050    
 4.2954300      .58031170    
 4.1360770      .60044340    
 4.5287930      .59103800    
 5.1834030      .58708450    
 5.4340950      .62182990    
 6.0008620      .64947500    
 6.2995010      .63439210    
 6.7778730      .57069100    
 6.7703500      .47997780    
 5.8680310      .43569790    
 4.3295890      .39567500    
 3.7456420      .42410050    
 3.9835880      .51445810    
 3.6321990      .57260660    
 3.9873000      .61922860    
 4.8671400      .63318180    
 5.3351230      .63353660    
 5.7647010      .60164880    
 6.6438790      .53047200    
 7.6132220      .41005600    
 7.6601010      .47837540    
 7.3757650      .60781100    
 7.0321560      .69868070    
 6.6916250      .75084600    
 6.7155080      .76241350    
 6.3512790      .73819580    
 5.9638980      .68281660    
 5.6153970      .61690900    
 5.3479690      .59761880    
 3.7327120      .90200150    
 3.4519050      .84573830    
 3.1744570      .77236770    
 2.9137650      .68525040    
 2.6693140      .58752540    
 2.4610860      .48715680    
 2.4696880      .45394630    
 2.5864130      .49808040    
 2.7968120      .50176210    
 3.3117720      .47639980    
 4.1816060      .45342480    
 4.5995470      .41474990    
 4.8683700      .35094020    
 4.4768560      .38598760    
 3.5206110      .38302450    
 3.7455880      .40218100    
 4.9270620      .46836390    
 5.5170440      .51571540    
 5.5232780      .56702190    
 4.9238090      .59551610    
 4.4973750      .61901070    
 4.2194590      .64297290    
 4.0306730      .66065080    
 4.0856650      .66542050    
 4.5167520      .67087260    
 5.0246960      .67677250    
 5.5318830      .67003350    
 6.1482500      .62866020    
 6.7008920      .53995630    
 7.4195350      .40660540    
 6.5402010      .37159350    
 4.6460820      .35187540    
 3.9432910      .37704000    
 4.0011840      .48263000    
 3.6641450      .55773590    
 4.2584650      .60120510    
 4.4578080      .60958130    
 4.7316710      .59069980    
 5.2283590      .56136170    
 6.1113230      .51999920    
 7.0124240      .45825690    
 7.2785080      .49088550    
 7.1498180      .58504030    
 6.8684380      .66204170    
 6.9143360      .71678390    
 6.6015240      .74633400    
 6.2593270      .74966700    
 5.5373930      .73473400    
 5.4247460      .71575520    
 5.2855150      .71934000    
 3.4217730      .86424830    
 3.1539690      .79932940    
 2.8780930      .72073660    
 2.6087310      .63782250    
 2.4302260      .56751250    
 2.1095900      .53088150    
 2.4085030      .53356030    
 2.7108590      .55617580    
 3.4205900      .56311800    
 4.0071690      .55264560    
 4.8805270      .50874010    
 5.2313860      .45792270    
 5.1273910      .43271590    
 4.3625160      .44535590    
 3.4824770      .44827940    
 3.4207050      .46619500    
 4.1820700      .52976070    
 4.3732670      .57203500    
 4.1707950      .60092960    
 4.3719490      .62600540    
 3.6416710      .64671490    
 3.4947520      .66704360    
 3.0698270      .68275510    
 3.1848780      .69877780    
 3.6393510      .70305470    
 4.0130290      .69820410    
 4.7717400      .67376140    
 5.5643860      .62627690    
 6.0964090      .54158920    
 6.4715420      .44784350    
 6.0176230      .39685170    
 5.0342900      .36183540    
 4.4961500      .35298200    
 4.0420230      .43917690    
 3.6306930      .53601060    
 3.8642860      .56504180    
 4.0788150      .57046260    
 4.1954980      .52313510    
 4.5903900      .49913350    
 5.4812250      .50347230    
 6.3124530      .50154400    
 6.7093880      .51118030    
 6.7739190      .55270430    
 6.7343190      .62034050    
 6.2691250      .67199540    
 5.8985710      .71893740    
 5.5951120      .75083150    
 5.5021000      .77142640    
 5.3195640      .78497920    
 5.2011690      .80559490    
 3.1324910      .81582230    
 2.8858840      .74272620    
 2.6327520      .65570740    
 2.3714240      .55923350    
 2.2032390      .49651130    
 2.2537640      .51704050    
 2.6476720      .55584470    
 3.0805980      .58261830    
 3.6742400      .58585290    
 4.6673400      .56039410    
 5.6417740      .49758700    
 6.1924330      .42840820    
 5.7349930      .45194700    
 4.7339220      .50907390    
 3.9001570      .53520010    
 3.7128570      .55890380    
 4.0398060      .58134590    
 3.9623610      .58902840    
 3.6933970      .59095820    
 3.5009690      .60615680    
 3.1271280      .62425950    
 2.8980350      .63883320    
 2.4712110      .65242490    
 2.4784560      .67430450    
 2.6777060      .68966100    
 3.2964750      .68074390    
 3.8219490      .65161850    
 4.8096420      .62637390    
 5.1928630      .54395410    
 5.4074510      .44547660    
 5.2836330      .37012750    
 5.0034470      .40293510    
 4.7681820      .37614510    
 4.4781110      .42378520    
 3.9951210      .49764320    
 3.5774600      .51444050    
 3.5126940      .48623240    
 3.6448220      .40144320    
 3.9671650      .38751750    
 5.1421030      .46890120    
 5.9449410      .49107590    
 6.3367490      .46847500    
 6.4273010      .47058890    
 6.3845880      .54008810    
 6.1390860      .61393770    
 5.6277380      .66731660    
 5.5041680      .73189300    
 5.2975790      .78433350    
 5.1591510      .82546450    
 5.1170420      .86243190    
 2.5553870      .75528420    
 2.3253130      .67601160    
 2.1978540      .58723840    
 2.0699470      .47689280    
 2.0208120      .35960930    
 2.3423160      .47295550    
 2.7888910      .53599420    
 3.2871600      .56519570    
 3.9080320      .57200750    
 4.8943260      .54595500    
 5.8933360      .46823480    
 6.7315950      .36153930    
 6.1785500      .44793700    
 5.1526420      .54091600    
 4.2216350      .59687630    
 3.9424830      .61646090    
 4.1656640      .60480710    
 4.0637120      .56540610    
 3.5322470      .52405850    
 3.1737880      .53777890    
 2.9683540      .56282780    
 2.3321120      .56031970    
 1.8002080      .57015630    
 1.5385060      .61447440    
 1.5962760      .64602850    
 2.1383600      .63424640    
 2.7838490      .59353510    
 3.3440920      .55817800    
 4.1680460      .52102950    
 4.5414380      .46340410    
 4.7357520      .42394570    
 4.7656640      .46780490    
 4.4604040      .47752320    
 4.2387160      .48488180    
 3.8790840      .47666040    
 3.6545090      .44166350    
 3.7980070      .41991220    
 4.2330980      .34697790    
 4.5191130      .37098990    
 4.9629880      .45287090    
 5.9310510      .46519330    
 5.6899320      .41993620    
 6.1954470      .36843430    
 5.9846350      .45693510    
 5.6407620      .51236770    
 5.3008040      .60151120    
 5.1903660      .69504690    
 5.0400560      .78065930    
 4.9874890      .84512300    
 4.9629420      .89283010    
 2.3629590      .67967160    
 2.2440610      .59280090    
 2.3690350      .51954340    
 2.5012280      .45045370    
 2.5764550      .41739580    
 2.8074040      .46262560    
 2.9059130      .49392200    
 3.5786100      .50728810    
 4.0947040      .53117020    
 4.6786860      .52043560    
 5.5249740      .44921370    
 5.7953070      .40000040    
 5.7445020      .47913950    
 5.3583260      .57757650    
 4.5176980      .64367380    
 4.4338430      .65692780    
 4.1981360      .62193670    
 4.0781010      .53016610    
 3.9203140      .40039580    
 3.4172910      .45962990    
 2.7814800      .49823290    
 1.8944320      .45673050    
 1.1715150      .44441110    
 1.1170850      .54509530    
 1.0843720      .60106100    
 1.4084380      .58101960    
 1.7456630      .50443740    
 2.2195760      .45825250    
 3.1043000      .48460530    
 3.7596330      .50176760    
 4.3803210      .52534100    
 4.1033130      .54507990    
 4.1324070      .55221100    
 3.9587910      .53482960    
 3.4960630      .46339360    
 3.4794020      .34508480    
 3.9715300      .38925050    
 4.7870930      .38997640    
 5.4567870      .38913840    
 5.8543390      .41460140    
 5.9176530      .43946690    
 6.3253760      .42136370    
 6.0176400      .38409810    
 5.5917000      .40048900    
 5.1744400      .38076580    
 4.9155260      .51962820    
 4.8807210      .66215530    
 4.7201890      .77263980    
 4.6825500      .85108950    
 4.6904310      .90576480    
 2.2429860      .59747950    
 2.1788850      .48396440    
 2.8089190      .43123350    
 3.3403150      .39501940    
 3.4600270      .40677430    
 3.5578610      .45159290    
 3.6629300      .43428710    
 3.8831930      .40150050    
 4.4624770      .49126950    
 4.8361940      .51004140    
 5.0474350      .44892980    
 5.0004180      .39143070    
 5.1356380      .52392640    
 4.9828610      .62153940    
 4.6287080      .68582650    
 4.5150260      .70216040    
 4.3272630      .65909700    
 4.1630950      .56654550    
 3.9915770      .46729520    
 3.6891050      .47294810    
 3.0116530      .48292370    
 2.0254840      .43925040    
 1.3729950      .43280010    
 1.2439910      .52841380    
 1.1985300      .57506130    
 1.2141700      .54701460    
 1.2004600      .44412840    
 1.5957570      .37073780    
 2.7173640      .43859810    
 3.5502720      .49971660    
 4.0850740      .57290480    
 3.7560650      .60049770    
 3.4883110      .59068330    
 3.2418980      .56157490    
 2.9926810      .47060980    
 2.8847150      .38149430    
 3.8366980      .40081490    
 5.0808860      .40555070    
 6.2595900      .33093890    
 6.5202950      .32405290    
 6.3615430      .39762540    
 6.0812810      .39469610    
 5.7970370      .32550140    
 5.1888980      .38694060    
 4.7624210      .41439100    
 4.5523310      .52550440    
 4.3414120      .65942490    
 4.2711670      .76893690    
 4.3160500      .84815630    
 4.3634730      .90291850    
 2.3509990      .55141780    
 2.0258330      .36816400    
 3.6269450      .34714260    
 4.4711670      .33681650    
 4.3680080      .38402400    
 4.4352940      .44735470    
 4.5266550      .44234000    
 4.5355740      .43480760    
 4.8209240      .50131880    
 4.9386900      .53315730    
 4.9630280      .51803840    
 4.8958260      .52136580    
 4.8703150      .58713160    
 4.8499380      .66842560    
 4.5823770      .72956410    
 4.4491690      .74585840    
 4.6871490      .71352770    
 4.3112400      .64958430    
 4.0622260      .57704210    
 3.9103080      .52839410    
 3.5465980      .49205480    
 2.7431360      .47322870    
 2.1711760      .50140530    
 1.8469460      .55909450    
 1.6733040      .58746150    
 1.5679030      .55564870    
 1.4736980      .47538150    
 1.7491830      .39493110    
 2.9006100      .36753880    
 3.6050660      .45170530    
 3.5990010      .55387150    
 3.5190550      .60966540    
 3.1539210      .60865620    
 3.0733540      .55959420    
 2.6012260      .47908050    
 2.5359110      .37025210    
 3.5975150      .41955260    
 4.8122240      .43426640    
 5.6250990      .39863130    
 5.9474880      .37099440    
 5.8527150      .36331720    
 5.4410870      .35197850    
 4.9628510      .37736190    
 4.4612630      .39356030    
 4.2914860      .46528730    
 4.2906090      .57207360    
 3.8747790      .67324510    
 3.8525920      .76426390    
 3.8875800      .83288410    
 4.0064590      .88354060    
 2.8919340      .59597410    
 3.1156890      .47861350    
 4.1239840      .41376780    
 4.8539740      .38658790    
 5.0136020      .40070610    
 5.3024780      .44874660    
 5.5925720      .47406020    
 5.4248080      .49436290    
 5.3284650      .53353030    
 5.1680970      .55937780    
 4.9760640      .56586110    
 4.6722150      .58167590    
 4.4343730      .63299190    
 4.6009300      .70121840    
 4.5686280      .76137140    
 4.9786360      .78206040    
 4.8932270      .76749140    
 4.6352200      .71707100    
 4.4677310      .64602020    
 4.5455420      .56074080    
 4.0032210      .46640410    
 3.5580840      .43652690    
 2.9403410      .51790740    
 2.5211060      .58742740    
 2.3047130      .61267000    
 2.1768950      .58172540    
 2.1915030      .50049200    
 2.3173950      .38267970    
 3.1108730      .34295610    
 3.7798160      .44615740    
 3.7511850      .55857400    
 3.5438600      .61493000    
 3.1266390      .61622350    
 2.4472450      .55665510    
 2.3297980      .48893300    
 2.8296240      .43733090    
 3.8314180      .45365090    
 4.4424050      .46950950    
 4.5871780      .45175900    
 5.2289130      .39931140    
 4.8794890      .32865110    
 4.3769040      .36409700    
 3.9038730      .37891590    
 3.5291800      .33540280    
 3.6786010      .47662990    
 3.8631210      .60474140    
 3.6091380      .68287160    
 3.6484140      .75315740    
 3.4616350      .80330230    
 3.5700510      .83986690    
 3.5831360      .68019450    
 3.9333410      .59271570    
 4.5465130      .51583920    
 5.0586320      .42990910    
 5.3910900      .35521460    
 6.1320770      .43369520    
 6.6512800      .44831000    
 6.3498320      .48406430    
 5.8737190      .53303190    
 5.3970110      .55237420    
 4.9587000      .55182410    
 4.6112620      .57213470    
 4.2878950      .62941340    
 4.1518010      .70427970    
 4.1227020      .77479780    
 4.0695910      .81192730    
 4.6533310      .80629820    
 4.4617810      .76506640    
 4.3748670      .69334470    
 4.5115450      .59206780    
 4.3378890      .46881850    
 4.0488790      .42363780    
 3.4700410      .53432420    
 3.1068210      .61149620    
 2.9669520      .63812370    
 3.0488620      .61098680    
 3.1971190      .52541570    
 3.7506130      .42168860    
 4.1777720      .40177340    
 4.2459830      .48972980    
 4.0921900      .57889780    
 3.6960460      .62110040    
 3.0748130      .59575040    
 2.8682960      .51357600    
 2.5267480      .43474410    
 3.1125880      .39300730    
 3.7197340      .41926720    
 4.2965040      .46916840    
 4.7834120      .47734300    
 4.3314090      .42180560    
 3.4560600      .36580140    
 3.2105020      .39468330    
 3.0544150      .38857500    
 2.9846430      .38929360    
 3.2414370      .50678140    
 3.0552590      .60704650    
 3.1248120      .68413590    
 3.1009030      .73327750    
 3.1627760      .75797100    
 3.2903940      .77884190    
 4.1998970      .76210580    
 4.5820970      .68976860    
 5.1000880      .61280880    
 5.6423990      .52897500    
 6.2526050      .47159820    
 6.9504240      .45297630    
 7.6546160      .37552320    
 7.1239020      .44647590    
 6.4974270      .51771550    
 5.7882920      .51612260    
 5.0865810      .47571530    
 4.5577830      .48999950    
 4.1286800      .57809790    
 3.7118850      .67973960    
 3.8711130      .76972350    
 3.7071510      .81890590    
 3.6557870      .82698080    
 4.2545800      .79301550    
 4.2067140      .72714810    
 4.0921150      .63598290    
 4.2228570      .55058880    
 3.9696110      .52607100    
 3.6737210      .57625480    
 3.5034480      .63610120    
 3.5854980      .66386010    
 3.8190360      .63777400    
 4.2628800      .55763240    
 5.0213340      .43275820    
 5.2986420      .40628510    
 5.0146550      .52669410    
 4.7505490      .60693230    
 3.9076790      .63986610    
 3.5523160      .59613790    
 3.3169530      .47611720    
 2.8560600      .33334170    
 3.5896790      .32879910    
 4.1737410      .34859010    
 4.7836940      .44605230    
 4.6615560      .49076430    
 3.7871460      .46026270    
 3.0804260      .38346020    
 2.4921890      .43431980    
 2.5496460      .41693840    
 2.7000650      .41811920    
 3.0152940      .54707290    
 2.8306450      .62316500    
 2.8431140      .67563250    
 2.8473610      .69122530    
 2.8800660      .68337860    
 3.0017250      .68457760    
 4.7163320      .83095630    
 5.1351640      .77019110    
 5.6573160      .70233670    
 6.2442000      .63302300    
 6.7513070      .57776620    
 7.4225580      .52755090    
 7.7365740      .47886660    
 7.6171950      .49724470    
 6.9269450      .52752070    
 6.1271700      .49109890    
 5.3464580      .37624200    
 4.4019970      .37048130    
 3.9973880      .50639200    
 3.6317510      .64384680    
 3.8493650      .74794420    
 3.4729940      .80898770    
 3.3766920      .82698270    
 3.7315770      .79893420    
 3.6953720      .74097030    
 3.7937870      .66036490    
 3.9156240      .58600940    
 3.8312600      .55839020    
 3.7872110      .59144780    
 3.7919710      .64737900    
 4.0206370      .67862700    
 4.3892740      .66509680    
 4.8929500      .60882620    
 5.4062570      .53899110    
 5.6673470      .52865910    
 5.5061430      .58810620    
 5.0187660      .64186830    
 4.5747720      .65326340    
 4.3855310      .60553870    
 4.2037250      .52009360    
 4.1768410      .43932940    
 4.9696850      .38434170    
 6.1659050      .33092650    
 5.8616300      .44252260    
 5.1042730      .52704410    
 4.0853070      .54335610    
 3.4481740      .53390390    
 2.9596170      .51935830    
 2.4816500      .51596220    
 2.7143320      .53309020    
 2.6900800      .58073950    
 2.8521020      .63411790    
 2.9039350      .65618950    
 2.9186940      .63790540    
 2.8610800      .58555410    
 2.7586640      .55359630    
 5.1175140      .88314770    
 5.5726290      .83007720    
 6.1094970      .76827250    
 6.5525880      .70662770    
 7.1341530      .64891610    
 7.5683920      .60346280    
 7.8500680      .57405440    
 7.7050760      .56880590    
 7.1829200      .55982380    
 6.5265440      .50982220    
 5.5800990      .42546500    
 4.4431250      .37845010    
 4.0260650      .49060040    
 3.5494040      .61754320    
 3.5752960      .71879410    
 3.3343840      .77963040    
 3.2010580      .80454270    
 3.1428520      .79065990    
 3.3598260      .73754950    
 3.4456330      .65376220    
 3.4778010      .55896410    
 3.5035530      .50939080    
 3.5828730      .55742650    
 3.9188390      .63553740    
 4.3062140      .68151940    
 4.7583470      .68378500    
 5.1705180      .65418260    
 5.6655020      .62251840    
 5.8960640      .61971020    
 5.8477390      .64549250    
 5.4109430      .67279360    
 5.0838170      .67834430    
 5.0394130      .62735530    
 4.8613820      .57256370    
 5.2479910      .50885540    
 6.0124250      .46296860    
 6.7449150      .43482500    
 6.2668280      .50719940    
 5.5203000      .60040030    
 4.5536910      .62121860    
 3.8805380      .61823770    
 3.4234220      .60398240    
 3.0987110      .58831600    
 2.7939520      .58496120    
 2.8490560      .60353060    
 2.9033880      .62651780    
 2.9973680      .62826650    
 2.9423590      .58952750    
 2.8077890      .50236760    
 2.5852120      .38293600    
 5.3828370      .91770340    
 5.8649190      .86734520    
 6.3045060      .80552050    
 6.6195030      .74096990    
 7.2110390      .67771690    
 7.6490030      .63179210    
 7.8257780      .60984640    
 7.8525140      .60419670    
 7.4473390      .58490400    
 6.8742470      .53407410    
 5.9779100      .47179170    
 4.9858150      .45646340    
 4.0803380      .51420700    
 3.4664920      .59808520    
 3.1633840      .67566600    
 2.8737850      .73215570    
 2.9001080      .76926480    
 2.8464200      .76925350    
 2.8474720      .72757090    
 3.2351350      .64058490    
 3.0738340      .51837470    
 3.0580670      .38171200    
 3.5687770      .51572290    
 4.0092460      .62331570    
 4.4969740      .67745660    
 4.8635820      .68248930    
 5.3331500      .66244280    
 5.8032350      .64493640    
 5.8684040      .65273990    
 5.9246720      .67270500    
 5.7962300      .68313220    
 5.5454130      .66239010    
 5.4328400      .61851550    
 5.3630150      .55877140    
 5.7938220      .52101280    
 6.1324210      .52161800    
 6.3298980      .54393820    
 6.1177330      .60109570    
 5.6441510      .67243020    
 4.7190490      .68364710    
 4.2863240      .68573130    
 3.8192200      .65059500    
 3.4255820      .60556770    
 3.0888270      .57357980    
 3.1381160      .57495190    
 3.1977070      .59085260    
 3.3098210      .58670160    
 3.3445580      .55840800    
 3.1644460      .50794450    
 3.0232030      .47956110    
 5.3804300      .93459140    
 5.8232190      .88176270    
 6.2499510      .81510060    
 6.8192620      .73410090    
 7.4068160      .65192310    
 7.7428090      .59490970    
 7.8686820      .58841770    
 7.7627790      .60226190    
 7.5849680      .58959720    
 7.0991380      .53272450    
 6.5279950      .44329310    
 5.5373130      .43583640    
 4.2967610      .50508080    
 3.4266200      .56011640    
 2.9392360      .60937870    
 2.5416120      .66534730    
 2.4116660      .71808490    
 2.5738060      .74529960    
 2.5970940      .72600390    
 2.6234700      .66231020    
 2.9615540      .56920980    
 3.1232160      .50383330    
 3.5492560      .56412270    
 4.0014910      .64139430    
 4.4206030      .67709400    
 4.9047580      .66725460    
 5.3403560      .63118960    
 5.7923300      .60841490    
 6.2056020      .62535330    
 6.1389880      .65736430    
 5.9603600      .66939290    
 5.7103280      .63847860    
 5.6011170      .56959760    
 5.7398360      .47531020    
 5.8322940      .46982260    
 5.9110740      .52075430    
 5.9516390      .58549460    
 5.8212070      .65926490    
 5.2465040      .70433680    
 4.8087470      .73102210    
 4.4219400      .71819350    
 4.2056400      .67032310    
 3.7289200      .58133330    
 3.4489220      .49561520    
 3.5137500      .49722820    
 3.7381570      .53248290    
 3.8117090      .52916230    
 3.7475210      .51807370    
 3.6523570      .53228960    
 3.6120040      .57108040    
 5.4838450      .94007460    
 5.8493260      .88583360    
 6.3455870      .80930990    
 6.8885010      .71063360    
 7.3023930      .59381070    
 7.8329240      .49577540    
 7.9248060      .51806550    
 7.7711320      .57864490    
 7.5690730      .58878560    
 7.1517890      .53725840    
 6.6913190      .43031790    
 5.7445160      .41832620    
 4.4065820      .48272500    
 3.3074670      .50008460    
 2.5694580      .50616450    
 2.2636660      .57789250    
 2.1458800      .66894020    
 2.3517920      .72684190    
 2.4387040      .73653570    
 2.5322840      .70796050    
 3.1466100      .66252410    
 3.3698960      .63611460    
 3.5437310      .65432750    
 4.0886650      .68372500    
 4.6017510      .68622650    
 5.1302900      .64195480    
 5.5959500      .56502120    
 5.9328090      .50679300    
 6.3279970      .55160530    
 6.1477470      .61704720    
 6.0215070      .64195960    
 5.8706730      .61216340    
 5.6039430      .52723740    
 5.7712280      .39017940    
 5.5886430      .40551360    
 5.4343380      .47718850    
 5.5072300      .57284850    
 5.4271860      .67797990    
 5.0049230      .73310570    
 4.4937680      .75607880    
 4.2802610      .74012430    
 3.9425880      .67777640    
 4.1171810      .57088610    
 4.2042100      .41299630    
 4.0720770      .43933880    
 4.1923270      .49146850    
 4.2697940      .45656510    
 4.2655380      .43361260    
 4.1824430      .52990630    
 3.9357210      .62025770    
 5.5176630      .94292280    
 5.8417620      .88876350    
 6.2132280      .81005780    
 6.7458920      .70527940    
 7.3540290      .57142810    
 7.8295070      .41049270    
 7.8098500      .48147570    
 7.5764340      .57606790    
 7.2886520      .60213230    
 6.8815960      .56899370    
 6.2753210      .50625160    
 5.2976040      .47070050    
 4.0884920      .46602880    
 2.9891570      .44450920    
 2.0785570      .35839080    
 2.0841200      .51554950    
 2.0470020      .64359300    
 2.1367120      .71998760    
 2.5822060      .75041680    
 3.0297780      .75161930    
 3.2912350      .73477480    
 3.4711130      .72068210    
 3.9997110      .72176500    
 4.3715350      .72126720    
 4.5615120      .69728260    
 5.0268880      .63318170    
 5.5221810      .52077730    
 6.0168130      .36156480    
 6.1723550      .49129190    
 6.1251270      .57842340    
 5.9906460      .61012310    
 5.4746010      .58982210    
 5.3375870      .52574910    
 5.1355420      .44344060    
 4.7859840      .38135420    
 4.6971300      .39317320    
 4.8899580      .53663920    
 4.8320880      .66199370    
 4.7002960      .72990620    
 4.2252780      .76180120    
 4.4131680      .75203340    
 4.2950540      .70303940    
 4.4557810      .61911760    
 4.6315530      .52951780    
 5.0174550      .51212570    
 4.8738640      .51441430    
 4.7085940      .46191740    
 4.6758920      .43706140    
 4.4714850      .55106360    
 4.3172590      .65518660    
 5.5183910      .94871150    
 5.7720390      .89968020    
 6.0932110      .82953540    
 6.5665750      .74053060    
 7.0404130      .63857760    
 7.3604350      .56059260    
 7.4075290      .57140370    
 7.2489470      .61692860    
 7.1506030      .62619800    
 6.6845840      .59364890    
 5.9680160      .53345820    
 4.9242210      .46530820    
 3.7533170      .41778050    
 2.9189090      .44010170    
 2.3963590      .46602890    
 2.1984980      .55625660    
 2.2098300      .66157620    
 2.4060740      .73136950    
 2.4978080      .76538470    
 3.0063530      .77594350    
 3.3029150      .77091340    
 3.6366940      .76476790    
 4.0585440      .75903830    
 4.4011740      .74523730    
 4.8740030      .71082040    
 5.0875080      .64963160    
 5.4791650      .56085430    
 5.9070550      .49091120    
 6.0388300      .50960850    
 6.0108040      .55275240    
 5.9055230      .57098840    
 5.3788380      .55205270    
 5.0158620      .51173700    
 4.5385030      .45684270    
 3.9781370      .36585420    
 3.8538030      .37910430    
 4.1688130      .52411710    
 4.0817080      .63607710    
 4.1298920      .71252580    
 4.3859500      .74796280    
 4.4662130      .74975810    
 4.8098160      .71901770    
 5.4597380      .66946680    
 5.4761690      .62161320    
 5.5044980      .59607090    
 5.5858890      .57708200    
 4.9859160      .54860030    
 4.9047080      .54655790    
 4.7554870      .60100670    
 5.0455820      .67756200    
 5.5381570      .95995740    
 5.7847500      .92048350    
 5.9474940      .86335750    
 6.3186200      .79795890    
 6.6336330      .73231240    
 6.8422270      .68628730    
 6.9960270      .67311810    
 7.1878310      .67209850    
 6.9445880      .64981020    
 6.5328680      .59538540    
 5.8888100      .51847830    
 4.8998680      .43585380    
 3.6930310      .36214720    
 3.1663920      .46833410    
 2.7723730      .55313960    
 2.5567760      .63122680    
 2.5044280      .70236250    
 2.4581150      .74695490    
 2.7964640      .76928510    
 2.8163140      .76538570    
 3.0707790      .75825720    
 3.7028720      .75735790    
 3.8596060      .74806310    
 4.2225050      .73702070    
 4.9276710      .71259890    
 5.3318770      .66803900    
 5.6845200      .60652790    
 5.8514800      .54774270    
 5.9306060      .51433160    
 5.9050880      .51315190    
 5.7079200      .51532760    
 5.3659210      .48666480    
 5.0160680      .46404460    
 4.5337040      .46601140    
 4.0000610      .43723050    
 3.6139840      .45929720    
 3.7320760      .54835360    
 3.7637210      .62986470    
 3.7765750      .67716620    
 4.2577730      .70856570    
 5.2048400      .71372040    
 5.7878210      .70402150    
 6.2128720      .68385240    
 6.3338320      .65735150    
 6.1235620      .63820670    
 6.1229560      .61872360    
 5.1894400      .59761910    
 5.2418840      .58885710    
 5.5005380      .61333470    
 5.3598180      .66869820    
 5.6777100      .96983230    
 5.8038700      .93837510    
 6.1687000      .89623840    
 6.4149300      .85192480    
 6.6761780      .80783610    
 6.8318580      .77301120    
 6.9095680      .74794940    
 6.8585060      .71602990    
 6.7676890      .66085030    
 6.4615410      .57586490    
 6.0276580      .46922010    
 5.3314380      .40913100    
 4.3280840      .44867300    
 3.6654580      .53562070    
 3.3159520      .62381020    
 2.9166660      .69459600    
 2.7333800      .73955800    
 3.0223640      .76211480    
 2.7375020      .74651310    
 2.8736680      .72073590    
 3.0975220      .70115940    
 3.4127170      .69663080    
 3.8225040      .69719750    
 4.1936320      .69333710    
 4.9146330      .68491870    
 5.3100370      .66388980    
 5.6474460      .62228800    
 5.7745140      .55403690    
 5.8827830      .46662500    
 5.8015720      .43643910    
 5.6805020      .46964110    
 5.4641400      .42375410    
 5.1830070      .39311770    
 4.8188800      .48789460    
 4.4986520      .52215260    
 4.2063800      .54225080    
 3.6448580      .56957640    
 3.7164300      .59702550    
 3.9238420      .61678190    
 4.8318050      .63319110    
 5.4886590      .64461550    
 6.4713270      .65395300    
 6.9976780      .64820920    
 7.1193510      .63607030    
 7.5122420      .62724980    
 6.5238120      .60858550    
 5.5475030      .59635400    
 5.4708130      .56024610    
 5.4764340      .55867050    
 5.4995520      .61341340    
 5.6701000      .97158550    
 5.9429160      .94612970    
 6.0920420      .91280240    
 6.2985380      .87793650    
 6.7277370      .84614150    
 6.5680720      .81706280    
 6.5939040      .78453380    
 6.4854980      .73778440    
 6.4144250      .66104970    
 6.0498410      .55120100    
 5.9133550      .42196780    
 5.6048730      .37087250    
 4.7207620      .48843910    
 4.2094050      .59689670    
 3.7021680      .68446580    
 3.3176770      .74237950    
 3.1575490      .76991010    
 3.0739620      .75507240    
 3.0282530      .70787630    
 2.9345410      .63999850    
 3.1033690      .59691860    
 3.4545180      .60027190    
 3.7477860      .61003110    
 4.1498720      .61040280    
 4.5796200      .62021280    
 5.0539390      .63250700    
 5.3491090      .62117490    
 5.9099120      .56655650    
 5.7547250      .46470290    
 5.8372420      .42583230    
 5.8134820      .49044160    
 5.6905790      .48892780    
 5.5416210      .49366570    
 5.3309490      .54751210    
 5.1204120      .57945850    
 4.8525080      .58108460    
 4.5953620      .55986570    
 4.1450550      .53035800    
 4.2994560      .52608650    
 4.7660920      .52681120    
 5.5909520      .53786520    
 7.0865970      .55975590    
 8.0134920      .56585020    
 8.0256270      .56452350    
 7.7260750      .58572160    
 7.1596920      .57928090    
 5.4499540      .55838480    
 5.2382380      .47209710    
 5.3342810      .43428190    
 5.4129980      .51582850    
 5.7596250      .96080110    
 5.8800430      .93501160    
 6.0879590      .90519270    
 6.4738870      .87409850    
 6.5157790      .84703800    
 6.5627470      .81922420    
 6.4962530      .78613510    
 6.1845880      .73914580    
 5.9923160      .65931870    
 5.8919120      .54029140    
 5.6141790      .40354540    
 5.3871690      .41155500    
 5.0857420      .53150000    
 4.6844830      .64512820    
 4.1983560      .72969810    
 4.1597720      .78700790    
 3.4085940      .78950970    
 3.2548070      .74704770    
 3.0884250      .66162250    
 2.9677880      .54265960    
 3.0655500      .44712180    
 3.2813840      .48816730    
 3.6341990      .50941750    
 4.1125830      .49075620    
 4.5997810      .52633150    
 4.9405880      .59653900    
 5.2261210      .63098420    
 5.7841770      .61771800    
 5.9099660      .57472850    
 6.0936160      .55799810    
 6.1714870      .57708580    
 6.2145960      .58849610    
 5.9879130      .59660600    
 5.9057070      .61055020    
 5.9526340      .61596270    
 5.5559730      .59042740    
 4.9587270      .52944200    
 4.8967930      .42813480    
 4.7221840      .42116950    
 4.5275520      .41574540    
 5.5491610      .41322900    
 7.7995530      .46631780    
 9.5834390      .46302480    
 9.2483640      .46283540    
 8.2133510      .44470050    
 6.4473550      .45804150    
 4.7562760      .46487550    
 4.7705060      .39838450    
 5.2332160      .30768760    
 5.2542010      .42380230    
 5.7813950      .93714020    
 6.0195210      .90264360    
 6.2201590      .86552490    
 6.3601440      .83201450    
 6.4518060      .80424820    
 6.3265640      .78384070    
 6.2537030      .75935490    
 6.0903570      .72265290    
 5.9049600      .66323960    
 5.7947480      .56682000    
 5.6570350      .45553850    
 5.6278800      .47452590    
 5.4800000      .58393850    
 5.1779690      .68586500    
 5.1566950      .76974350    
 4.7412860      .80974700    
 3.6704490      .80746820    
 3.2625010      .74390840    
 3.1759630      .64195780    
 2.9450540      .50286330    
 2.8540750      .38220920    
 2.9818800      .42423240    
 3.4926160      .43950580    
 4.1129560      .37565900    
 4.5532920      .46046270    
 4.8786280      .58668450    
 5.1419460      .65957330    
 5.8047670      .67675610    
 5.8355320      .67469030    
 6.2856480      .66310010    
 6.4989450      .66122390    
 6.6809280      .66159330    
 6.7508850      .65343760    
 6.7521170      .64063110    
 6.6889850      .62012870    
 6.4546030      .58596880    
 6.0657000      .52807980    
 5.6108020      .44107920    
 5.4317530      .43328180    
 5.1203160      .43339600    
 6.1163450      .42773230    
 8.4669900      .44137960    
 11.035250      .35751310    
 9.5438580      .38975700    
 7.3875360      .35750560    
 5.0860580      .37966450    
 3.4396410      .39623750    
 3.5982900      .36257760    
 4.3219630      .30584520    
 4.5447440      .35847400    
 5.7226310      .90233220    
 5.9123150      .85396620    
 6.0785150      .80141300    
 6.1973610      .75452340    
 6.2550380      .72286830    
 6.2326910      .70568720    
 5.7562050      .70449620    
 5.8147980      .69484790    
 5.9112600      .66578590    
 6.0180990      .61570080    
 6.1316180      .57073770    
 6.3279330      .58000480    
 6.3704640      .64230040    
 6.1386580      .71914190    
 5.8005530      .78408540    
 5.3621240      .81802800    
 4.8116920      .80281560    
 4.3534120      .74162240    
 3.7525170      .64314300    
 3.1483110      .51855010    
 2.5454650      .40656740    
 2.6261360      .38315200    
 3.4954200      .40482440    
 4.1130610      .43111700    
 4.5446960      .51241200    
 5.0881650      .61816760    
 5.4784710      .69268300    
 5.8645020      .72676680    
 5.9370460      .73860910    
 6.3262870      .72758390    
 7.2466210      .71140700    
 7.2631920      .68521260    
 7.4379600      .65488420    
 7.5278740      .61630280    
 7.4832360      .57986690    
 7.1520190      .55778100    
 6.5066800      .54653700    
 6.2719490      .53412900    
 5.9331310      .53373530    
 6.0294060      .54506030    
 6.9054120      .53733270    
 7.9162110      .50793390    
 9.0307560      .45860350    
 7.9490000      .42092640    
 5.8629890      .37037320    
 3.4682580      .35734000    
 1.7549830      .32514450    
 1.9732060      .34965320    
 2.5815250      .34950870    
 3.4767360      .41781200    
 5.6023810      .85934700    
 5.7272310      .79201080    
 5.8721770      .71581080    
 5.9863630      .64617320    
 5.9212120      .60545850    
 5.8050540      .59302390    
 5.8492150      .60909660    
 5.9389830      .64017000    
 6.1066770      .65568630    
 6.2893810      .64708470    
 6.5619870      .63042590    
 6.8110730      .63144680    
 6.9930290      .66288420    
 6.8390660      .71688900    
 6.4648090      .77545930    
 5.8502550      .80429730    
 5.3340220      .79906060    
 4.7671550      .74102280    
 4.2244020      .64886810    
 3.6146450      .53022380    
 2.8990650      .40631660    
 2.9573890      .36222230    
 3.9253090      .33404450    
 4.3962340      .45775100    
 4.8204160      .57099630    
 5.1925040      .66402180    
 5.5461000      .72821680    
 6.2372290      .76298960    
 6.0918510      .77021040    
 6.8274080      .75032440    
 7.3046270      .71007430    
 7.7684710      .66939020    
 8.1166240      .61752160    
 8.1221580      .55046060    
 8.1950590      .48465190    
 7.8130690      .48508310    
 7.0560640      .53828870    
 6.7222090      .58133720    
 6.2730170      .60870750    
 6.1758150      .62100110    
 6.5041650      .61740710    
 6.9932210      .58792870    
 7.3121700      .53900340    
 6.2993140      .46118720    
 4.6005700      .36515820    
 2.6998180      .37412070    
 1.7488310      .41036530    
 1.2436500      .39613320    
 1.5890740      .40918870    
 2.4935680      .47830770    
 5.4097570      .81368870    
 5.4819360      .72735900    
 5.5829350      .62112510    
 5.7044420      .51262070    
 5.6327810      .46493570    
 5.6532290      .44997140    
 5.6818830      .49194070    
 5.7921710      .57641790    
 6.0711910      .63134500    
 6.4752350      .64885130    
 6.9258180      .63708000    
 7.3328310      .62044530    
 7.5311260      .62867940    
 7.6020100      .67775440    
 7.0694040      .74300410    
 6.4758070      .78350840    
 5.9693760      .78883900    
 5.3764100      .73968070    
 4.9170660      .65413110    
 4.4975220      .53579170    
 4.1835370      .42262940    
 4.1840790      .40360550    
 4.4335850      .43696010    
 4.6646680      .52473060    
 5.0420420      .62509020    
 5.3393550      .70199570    
 5.9087240      .75482710    
 6.1669140      .77125820    
 6.2601080      .76152530    
 6.4908820      .72373850    
 7.0591080      .67241690    
 7.5889810      .61710880    
 8.2071440      .56042490    
 8.5626280      .46924690    
 8.8233340      .36356310    
 8.2161580      .40039880    
 7.3509960      .51630950    
 6.9733070      .59470500    
 6.7340750      .64432160    
 6.2138130      .66429190    
 5.8603130      .66472350    
 5.9605310      .63648840    
 6.0136100      .57554260    
 5.4868660      .48926480    
 4.2916380      .36268010    
 2.6036470      .40934920    
 1.7447830      .45995660    
 1.4048050      .45780510    
 1.4236550      .44255380    
 1.9349640      .47575380    
 5.1153630      .76821200    
 5.1082590      .67251400    
 5.1506670      .55011920    
 5.2787420      .40223100    
 5.2786870      .36780190    
 5.2027530      .36549570    
 5.2309590      .41590860    
 5.4021920      .52456580    
 5.8480360      .60141320    
 6.4499740      .63204720    
 7.1271750      .61306840    
 7.6506070      .56112310    
 8.2788790      .53497530    
 8.2817410      .60006480    
 7.8250120      .69292210    
 7.0459670      .75407170    
 6.5529240      .77384700    
 5.9758430      .73860130    
 5.5206950      .66382770    
 5.2692980      .54809450    
 5.2896410      .39998950    
 5.0629430      .43226420    
 4.8573100      .52137440    
 4.9197550      .59924610    
 5.1122760      .67028890    
 5.6240530      .72191160    
 5.5087460      .75519100    
 5.4031160      .75241800    
 5.7665360      .72142720    
 6.6594000      .66328950    
 7.0034050      .58227220    
 7.5998340      .53940410    
 7.9229670      .50983810    
 8.2669510      .43980370    
 8.4739550      .35620290    
 8.0493110      .42349330    
 7.1966660      .50288120    
 6.3022320      .57725450    
 6.4715900      .63580500    
 6.4332940      .67294570    
 5.3199100      .67046360    
 5.1955210      .64833370    
 5.3557620      .59428910    
 5.2422910      .52494080    
 4.0884710      .45983570    
 2.9084630      .47328530    
 2.2055940      .50364130    
 1.6374300      .48297610    
 1.3942400      .39463870    
 1.6459730      .39704510    
 4.7370560      .71964040    
 4.6110570      .62867870    
 4.4292110      .51727110    
 4.3308700      .39477600    
 4.2706380      .37522210    
 4.2530320      .39877070    
 4.3565940      .40316580    
 4.7964050      .48256590    
 5.4437750      .57944540    
 6.2408900      .62061550    
 7.0770820      .59487320    
 7.9646400      .50443800    
 8.7749600      .38430610    
 8.5589540      .53207220    
 8.2805400      .65105470    
 7.8096470      .72857160    
 7.1995620      .75419060    
 6.6903090      .74017790    
 5.8963700      .68346690    
 5.5786680      .60093040    
 5.3123890      .52735940    
 5.1459060      .53250990    
 4.9157630      .59007760    
 4.9545970      .64807740    
 5.1054390      .69100710    
 5.4927960      .72057560    
 5.4389730      .72238920    
 5.1144220      .70790030    
 5.7179610      .66597660    
 6.0899830      .58994050    
 6.7896590      .47078280    
 7.2456200      .42340870    
 7.3446970      .48242850    
 7.5308030      .48244080    
 7.5674110      .45448240    
 7.3815620      .44051470    
 6.8013360      .46052080    
 5.9415690      .53448580    
 5.5579120      .59625020    
 5.0327420      .62755970    
 5.7035390      .62563540    
 5.3664250      .61956780    
 5.0976880      .58549120    
 4.7926340      .54701220    
 3.8034400      .52988730    
 3.1671680      .53916400    
 2.5434880      .54789060    
 2.1003930      .51153110    
 1.7223130      .41481500    
 1.8671900      .37021740    
 4.3629840      .65691920    
 4.0542150      .58232060    
 3.7064950      .50370760    
 3.4000340      .40703590    
 3.2271800      .39532720    
 3.2296190      .41692790    
 3.4009870      .36844700    
 4.1161010      .47235090    
 4.8793820      .58616630    
 5.7160150      .63421750    
 6.5958370      .61731960    
 7.5235540      .54696260    
 8.1836680      .49238080    
 8.2761440      .55447500    
 8.3516100      .64033930    
 7.7995410      .70043090    
 7.3272230      .73096140    
 6.8355480      .72988360    
 6.3385260      .69895950    
 5.5817950      .64846620    
 5.1601190      .60933890    
 4.9551120      .60612600    
 4.7792140      .63384130    
 4.9827870      .66549190    
 5.1556220      .68776990    
 5.0262520      .68020050    
 4.8925420      .65865310    
 5.1998990      .63245250    
 5.1796080      .59910740    
 5.3735740      .53608760    
 5.8336830      .44665890    
 6.1985860      .42668380    
 6.3337190      .49725260    
 6.5051290      .52918070    
 6.5615270      .50970270    
 6.3493080      .43681220    
 6.0926910      .38444190    
 5.5230470      .49492870    
 4.9737870      .53238560    
 4.5211110      .52185290    
 4.1255160      .52700050    
 4.0421570      .54789010    
 4.5201390      .53323000    
 4.1092170      .50596110    
 3.9003080      .52025670    
 3.3799560      .56095340    
 2.8723320      .58598440    
 2.4933100      .57277610    
 2.3080380      .53149880    
 2.4242490      .53335120    
 3.9694510      .56618390    
 3.5798690      .51248990    
 3.0577340      .49140980    
 2.5513740      .45432420    
 2.2450390      .42979640    
 2.3556660      .44758260    
 2.8308500      .48032030    
 3.4190780      .54920240    
 4.2072350      .62842930    
 4.9302070      .67263040    
 5.8009370      .66608340    
 6.7127080      .62740810    
 7.2489870      .59488470    
 7.7017410      .60309840    
 7.7813840      .63344420    
 7.5993700      .66367910    
 7.1699270      .68625210    
 6.8001050      .69906920    
 6.2477050      .68784260    
 5.6908670      .65660100    
 4.9228300      .62487720    
 4.6533490      .61645750    
 4.5050620      .63417510    
 4.6263640      .65768980    
 4.7122710      .65456390    
 4.5964890      .61287430    
 4.8196880      .55437930    
 5.0118470      .53951470    
 4.8097740      .53277880    
 4.4756960      .49129270    
 4.3944810      .44581190    
 4.6798920      .46586670    
 5.0330890      .52668790    
 5.3121500      .56906140    
 5.5376680      .56829180    
 5.2109650      .52267390    
 5.1267090      .49474620    
 4.8231470      .51377550    
 4.3546120      .49119450    
 3.9562800      .40737270    
 3.7047730      .40782710    
 3.6983250      .47789700    
 3.9422320      .46729670    
 4.2205630      .39437670    
 3.9329030      .46345800    
 3.4695230      .55061090    
 3.1406320      .61154780    
 2.8960170      .63905020    
 2.8094150      .64645900    
 2.7658510      .66511930    
 3.7038490      .45363040    
 3.2352320      .41317750    
 2.6708070      .47094050    
 2.0428420      .45722600    
 1.3520160      .38067880    
 1.6882970      .45412160    
 2.3918450      .55391090    
 2.9007780      .62979450    
 3.6021050      .68919770    
 4.2205430      .72094060    
 4.9815800      .71455720    
 5.6672330      .68102870    
 6.2958810      .64094450    
 6.8897810      .61738100    
 7.1667970      .60397730    
 7.3054310      .59830400    
 7.1156490      .61406530    
 6.6448920      .64403920    
 6.0350190      .65315900    
 5.4017260      .62714560    
 4.7386220      .58205770    
 4.3433390      .56399430    
 4.2072450      .59575320    
 4.4023960      .62946250    
 4.2247870      .62379840    
 4.3745780      .55928460    
 4.6267890      .43257710    
 4.6568940      .43676070    
 4.3746430      .47853340    
 3.9226980      .43467440    
 2.9843660      .35207660    
 3.5468200      .44114260    
 3.9767450      .53206800    
 4.3268190      .59746040    
 4.5981710      .62788090    
 4.1447490      .61822660    
 4.2382150      .59682830    
 3.8015650      .56193690    
 3.6018620      .49629350    
 2.9638890      .39504890    
 2.8196850      .38086000    
 3.2451720      .44414810    
 3.6233040      .44860220    
 3.9428550      .40000620    
 3.7425720      .43920330    
 3.5107110      .53289040    
 3.3484590      .62253700    
 3.2199840      .69053780    
 3.2210570      .73150960    
 3.1678760      .76402960    
 3.5463680      .44150100    
 3.0589700      .42440160    
 2.5007630      .48481010    
 1.9144190      .49412230    
 1.4508590      .46242660    
 1.5967790      .52460770    
 2.2370950      .62940090    
 2.5637110      .70013310    
 3.1361530      .74560390    
 3.6534390      .76412520    
 4.2603170      .74431210    
 4.8135800      .69759090    
 5.3735410      .63738020    
 6.0439850      .58849970    
 6.5001470      .54403660    
 6.8090530      .49279960    
 6.7480770      .50665580    
 6.2117190      .58148780    
 5.5613530      .61552260    
 5.0094230      .58705230    
 4.3518410      .50591520    
 3.8852690      .44811320    
 3.7015570      .53835010    
 3.7521000      .60782690    
 4.0423770      .61784980    
 4.0458620      .56455150    
 4.2183350      .47594630    
 4.3074530      .46296200    
 4.3007110      .47345830    
 4.1383200      .41104840    
 4.0359820      .32993720    
 3.3006650      .41560290    
 3.3001790      .51181940    
 3.5676570      .60769840    
 3.3848790      .66601880    
 3.4875710      .68608870    
 3.4524810      .67156570    
 3.1948130      .61671270    
 2.9230160      .52821980    
 2.4236950      .40056210    
 2.4775800      .35179160    
 3.1055000      .42904140    
 3.4421110      .46302690    
 3.6430540      .43067520    
 3.5213240      .39223130    
 3.6199580      .51000850    
 3.7552090      .63307030    
 3.7724430      .72342740    
 3.7465510      .78481860    
 3.8310420      .83582280    
 3.5190390      .43051670    
 3.0681360      .45310140    
 2.5999550      .52635990    
 2.1699900      .56916420    
 1.9120620      .59137860    
 1.9694190      .63753740    
 2.2787180      .70802920    
 2.3336190      .76034310    
 2.9819430      .79165290    
 3.2474820      .79374180    
 3.7462190      .75564260    
 4.2763140      .68218320    
 4.6708800      .59180170    
 5.0516190      .52089080    
 5.6620790      .48291520    
 6.3611760      .41277080    
 6.4855560      .43414710    
 5.9368160      .55253470    
 5.3573970      .60174240    
 4.8746970      .58017140    
 4.3674710      .49865190    
 3.6929070      .43384240    
 3.5879510      .53429610    
 3.5310150      .61029230    
 3.7498600      .63229910    
 3.7842130      .60734130    
 3.8934490      .56194930    
 3.9316020      .53016390    
 4.1503200      .49757760    
 4.3151780      .43272020    
 4.0477600      .37539800    
 3.0360250      .37634570    
 2.9555640      .47135450    
 2.8124460      .60614560    
 3.0348800      .69505600    
 3.1259970      .73620720    
 3.1565600      .73211880    
 3.0592810      .67594350    
 2.8712040      .59175330    
 3.0010410      .47930230    
 3.2391390      .36489510    
 3.3547710      .44716120    
 3.6326500      .49619840    
 3.7247930      .47077320    
 3.8037760      .43152800    
 4.0379520      .53329520    
 4.3039730      .65434930    
 4.1518650      .75144160    
 4.1843980      .82417370    
 4.1546090      .88333980    
 3.6324910      .39965210    
 3.2475710      .47704010    
 2.8787520      .57882580    
 2.5735150      .64163020    
 2.4103050      .68152650    
 2.4456980      .72137570    
 2.4634080      .76409100    
 2.7258090      .80285290    
 2.8517520      .81620270    
 3.1755700      .80218220    
 3.5978460      .74859570    
 3.7688740      .65558890    
 3.7946020      .52681240    
 3.8822980      .40721320    
 4.7568510      .44916730    
 5.5455430      .47230800    
 5.8335500      .50882940    
 5.6457290      .57593790    
 5.4588350      .61688820    
 5.1869910      .60991560    
 4.7454890      .57223900    
 4.2102600      .55413660    
 3.8996130      .58766230    
 3.7825980      .63001390    
 3.6345270      .64694580    
 3.5116320      .63091880    
 3.4245520      .59499930    
 3.6191410      .55361180    
 3.8155480      .50466230    
 4.1402500      .43291940    
 3.9551730      .38441210    
 3.0745640      .38446760    
 3.1376730      .48308450    
 3.6538250      .62054120    
 3.3973930      .71550800    
 3.1258140      .78212150    
 3.4178260      .77705700    
 3.4552670      .73700850    
 3.2367550      .67830630    
 3.3988520      .59467860    
 3.4837070      .53204760    
 3.6273540      .53810040    
 3.7966600      .55464380    
 4.1528870      .54357310    
 4.3725520      .54139410    
 4.5871920      .59348310    
 4.8472200      .68260030    
 4.6906720      .77309190    
 4.7103640      .84759720    
 4.7134000      .90438260    
 3.8824610      .56588980    
 3.5552340      .58784510    
 3.2635930      .65165700    
 3.0416730      .70253090    
 2.9321010      .73612690    
 2.8986590      .76409870    
 3.0454070      .79396300    
 3.1516700      .81598410    
 2.9390610      .81907460    
 3.3224350      .80411410    
 3.5078740      .74564500    
 3.6388110      .64430970    
 3.6413760      .51903940    
 3.6503750      .41997700    
 4.3148650      .46465350    
 4.9879080      .51852520    
 5.3177070      .56006280    
 5.7698330      .60264690    
 5.6187430      .63243420    
 5.3607420      .63679090    
 5.1334900      .62149460    
 4.6391350      .61094720    
 4.2256880      .61849750    
 3.8570500      .63408740    
 3.5470910      .63887240    
 3.2101240      .61728840    
 3.3976340      .57922020    
 3.2274660      .52479880    
 3.4743760      .48851970    
 4.1004400      .42668980    
 4.2331580      .38466780    
 3.7692910      .47006170    
 3.6747950      .55452810    
 4.0438890      .65517310    
 3.9024480      .73651210    
 3.9188500      .79097530    
 3.7059740      .81184040    
 3.7060070      .79946330    
 4.1862200      .76141670    
 3.6796590      .70355930    
 3.7451590      .65247060    
 3.9131520      .62566020    
 4.2924830      .60647850    
 4.5450190      .58256670    
 4.8876640      .57617190    
 5.1843020      .61204680    
 5.3995490      .68727940    
 5.2354290      .77323780    
 5.2068990      .84876990    
 5.1655870      .90782720    
 4.1898770      .70053370    
 3.9335550      .70185910    
 3.7168020      .72180810    
 3.5720100      .74094390    
 3.5297170      .75197220    
 3.5412090      .76168030    
 3.5730520      .78205350    
 3.7684680      .80020050    
 3.5333610      .80270300    
 3.6512510      .78518600    
 3.8179950      .72727580    
 4.0646310      .64280440    
 4.0164380      .54240830    
 4.1503280      .47886040    
 4.6103080      .49095650    
 4.9842850      .53004710    
 5.2401090      .55960170    
 5.5816590      .58890240    
 5.5549430      .61921190    
 5.4670060      .63201490    
 5.3519650      .62010740    
 5.0491300      .60022040    
 4.5987780      .59222660    
 4.0235530      .59841540    
 3.3932290      .59747050    
 2.9195450      .57297760    
 2.4636930      .50901270    
 2.3893620      .43499250    
 2.9488330      .46475200    
 3.7415810      .48841500    
 4.2324150      .50437410    
 4.4654590      .55127980    
 4.6352830      .60817880    
 5.0109330      .67689230    
 4.6993070      .73854290    
 4.3623700      .79415850    
 4.2760520      .82657360    
 4.1742170      .83066270    
 4.4911620      .81037360    
 4.3343600      .76986090    
 4.1111440      .72391890    
 4.2994350      .67746660    
 4.6209090      .62361560    
 5.0018330      .56803140    
 5.4775140      .53579860    
 5.8506150      .56575840    
 5.9196990      .65154730    
 5.8354950      .74941770    
 5.6192890      .83077170    
 5.5320570      .89384450    
 4.4665870      .79896580    
 4.2975200      .78461280    
 4.0889630      .77473400    
 3.9886050      .75998840    
 3.9767870      .73804390    
 4.1199920      .72246830    
 4.1438100      .72286330    
 4.2677080      .74382370    
 4.4888210      .76138840    
 4.1767430      .74836610    
 4.5610360      .70759000    
 4.5730290      .63103090    
 4.6624270      .52794330    
 4.8458640      .43894590    
 4.9406170      .46447860    
 5.0401160      .50577350    
 5.1348300      .50650970    
 5.3919310      .52038290    
 5.4196070      .56985440    
 5.4542810      .59589960    
 5.5362950      .57762250    
 5.4647110      .52968870    
 5.0521040      .50511250    
 4.2009220      .52236070    
 3.3280410      .52925860    
 2.6298840      .52224260    
 2.1308040      .47924830    
 1.8826530      .40271700    
 2.7352620      .48538660    
 3.6096990      .55399470    
 4.2863780      .58874420    
 4.7890990      .61060260    
 5.1326990      .62964540    
 5.4757260      .66137960    
 5.7118970      .71269040    
 5.1118910      .76519860    
 5.1548180      .81053880    
 5.1070630      .83154180    
 4.7051660      .82913560    
 4.7977770      .80134140    
 4.6274620      .75546570    
 4.7556990      .68783360    
 4.9264540      .60547930    
 5.3592690      .51409410    
 6.0841570      .42757510    
 6.1772990      .47413790    
 6.0176620      .60210610    
 5.8932350      .70804340    
 5.7968890      .79195510    
 5.6648570      .86170700    
 4.6658390      .86695190    
 4.5354990      .84111580    
 4.4141320      .80826680    
 4.3565710      .76192380    
 4.4141590      .70201720    
 4.4881890      .64187100    
 4.6788740      .61942880    
 4.8196520      .65341690    
 4.9634480      .69305800    
 5.0937380      .70859040    
 4.9087190      .68173620    
 4.9660560      .62126950    
 5.0853180      .52248890    
 5.2909450      .39632170    
 5.2221810      .45407320    
 5.0829110      .48928220    
 5.0410940      .43414780    
 5.1004960      .41330480    
 5.1710770      .51414450    
 5.3093150      .55014320    
 5.4902180      .52716930    
 5.8426660      .44306360    
 5.6517200      .38404550    
 4.2332930      .44211380    
 3.1223250      .43539860    
 2.4964080      .48091070    
 2.2814060      .51633810    
 2.2359970      .53288870    
 2.6616180      .57780200    
 3.6279910      .62640360    
 4.3288020      .64374320    
 5.0271750      .63186750    
 5.2778780      .60500790    
 5.7892980      .59574590    
 6.0476880      .63714890    
 5.9966440      .70710690    
 5.6563120      .77294160    
 5.5015100      .80538670    
 5.4466710      .81229560    
 4.9773460      .79499360    
 4.6364630      .74860380    
 4.7720650      .66781020    
 4.8586720      .56036750    
 5.2076660      .45388420    
 5.9102590      .39698500    
 6.2192320      .45611940    
 6.1430590      .57452060    
 6.0186790      .66833750    
 5.9171450      .74491670    
 5.7882710      .81476870    
 4.8553750      .91156410    
 4.7237540      .87832520    
 4.6625780      .83048150    
 4.6948150      .76073600    
 4.7594690      .66302640    
 4.8695870      .54246120    
 5.0102420      .47096010    
 5.1649010      .55348000    
 5.3233800      .62694470    
 5.1776650      .65539260    
 5.2292500      .64936700    
 5.2860360      .61679010    
 5.3466290      .56620600    
 5.3625640      .52478870    
 5.2483110      .53177180    
 4.8606710      .53197890    
 4.7171910      .48334040    
 4.7573230      .46076550    
 4.7912700      .50066370    
 4.6949080      .51133950    
 4.9939710      .49671970    
 5.2281810      .46110310    
 4.9560240      .44043490    
 3.9926910      .44140020    
 2.9257150      .38034680    
 2.6165980      .49094860    
 2.6639530      .58005060    
 2.4320370      .63401100    
 2.6842920      .67195430    
 3.3915460      .69486910    
 4.0063490      .68348480    
 4.6422150      .63038210    
 5.4070430      .54985170    
 6.1343930      .47494110    
 6.4335330      .53367640    
 6.1197300      .63490340    
 5.9924540      .70707540    
 5.9708710      .74714500    
 5.3996450      .76497880    
 4.9639980      .75729380    
 4.8295090      .71619120    
 4.6751390      .63607450    
 4.7016170      .52116110    
 4.7075290      .36667920    
 5.3769550      .42396510    
 5.8695180      .49929600    
 6.0363250      .56570950    
 6.0480790      .62040240    
 5.9415590      .68082390    
 5.8521790      .75263340    
 4.9225100      .94143210    
 4.8708310      .90588280    
 4.8586110      .85213260    
 4.8968260      .77312270    
 4.9609510      .66335740    
 5.0645650      .52344790    
 5.1976970      .41969820    
 5.3595960      .51226770    
 5.5298890      .57799710    
 5.4398960      .59969570    
 5.5205160      .59748770    
 5.8843040      .59755580    
 5.8121400      .60043910    
 5.6570020      .60717240    
 5.1932980      .61497120    
 4.6465550      .60738710    
 4.3578220      .57747480    
 4.3138680      .54203360    
 4.0244180      .50552140    
 3.8710240      .45298540    
 4.1562280      .45804160    
 4.3442890      .50171560    
 4.2314410      .52712360    
 3.6851360      .53423990    
 3.1445360      .53950890    
 2.9386530      .59722330    
 2.6334250      .67190800    
 2.6649580      .72357520    
 2.9687700      .74921950    
 3.2923590      .74706430    
 3.9799650      .70640720    
 4.5651110      .63336080    
 5.1034890      .52275050    
 6.0889080      .39635540    
 6.1181360      .47399650    
 5.9075450      .57541910    
 5.7767910      .63637120    
 5.6999890      .67118440    
 5.4111650      .69447300    
 5.3234410      .69588270    
 4.8836940      .66813810    
 4.7302810      .61072490    
 4.7265790      .53261070    
 4.8889980      .46435480    
 5.2567170      .48489520    
 5.6598350      .53001570    
 5.9108310      .54683800    
 5.9954820      .54643610    
 5.9616130      .58622020    
 5.8451970      .67891000    
 4.9419260      .96279910    
 4.9075610      .93015550    
 4.9362120      .87951830    
 4.9809040      .80698690    
 5.0388070      .71246390    
 5.0921910      .61014280    
 5.2202050      .54490100    
 5.3313570      .54082140    
 5.5434690      .54389980    
 5.7450860      .52953880    
 5.9977510      .50939350    
 6.0307710      .53362520    
 5.8748490      .59407900    
 5.3796700      .64327230    
 4.9743520      .67211390    
 4.5400960      .67283570    
 3.8996430      .64466600    
 3.5478750      .59674730    
 3.2652780      .52172530    
 3.1097440      .40869030    
 3.3244030      .43783180    
 3.5876770      .54036880    
 3.6543500      .60313250    
 3.4412700      .63916340    
 3.2234250      .66946970    
 2.9197300      .71899830    
 2.8324070      .76644190    
 2.7808660      .79987780    
 2.9871530      .80763800    
 3.1414120      .78563040    
 3.6178190      .72452300    
 3.9623010      .63927270    
 4.3863520      .53940870    
 4.8057880      .47058820    
 5.0930720      .48716720    
 5.1122970      .53521530    
 5.2689260      .55771160    
 5.4017080      .56625110    
 5.4403900      .59236530    
 5.2587250      .60921560    
 5.1998840      .59668020    
 4.8828960      .56830300    
 4.9008590      .53543230    
 5.1053340      .51870210    
 5.3400330      .53491340    
 5.6109680      .55080490    
 5.8157090      .52570330    
 5.9300950      .44690690    
 5.9052600      .47349500    
 5.7653450      .62118150    
 4.9511140      .97740780    
 4.9264530      .95109210    
 4.9435760      .90945400    
 4.9698230      .85090950    
 5.0057340      .77720840    
 5.0065150      .69788840    
 5.0904260      .62834520    
 5.1933130      .56802540    
 5.3647500      .50166510    
 5.6593480      .44462340    
 6.0547080      .38398350    
 5.9422930      .44727590    
 5.4027530      .57004560    
 4.9322710      .65568970    
 4.6551530      .70312420    
 3.6887860      .71180930    
 3.2235760      .68469090    
 2.9531970      .62928000    
 2.6299390      .55676360    
 2.4652010      .50005640    
 2.7508500      .51922330    
 3.0178380      .59755000    
 3.2268280      .67181010    
 3.2584960      .72684270    
 3.0640080      .77199810    
 3.0619850      .81604420    
 2.9846270      .84677280    
 2.8843420      .86045280    
 2.8080400      .85108820    
 2.6018040      .80024210    
 3.1428640      .73129120    
 3.1865490      .63239640    
 3.2443620      .52269660    
 3.3890430      .44568160    
 3.6782670      .46329410    
 4.1968050      .50066410    
 4.6908330      .47931560    
 5.0927680      .43014860    
 5.2663440      .49279530    
 5.3399910      .51869640    
 5.2509750      .50021730    
 5.1963320      .48928520    
 5.1726440      .48020470    
 5.2614850      .49638790    
 5.4358850      .54208950    
 5.6072330      .56930770    
 5.7375700      .54725630    
 5.8067110      .47900300    
 5.7674200      .50173700    
 5.6409350      .63196190    
 4.9654230      .98682410    
 4.9379580      .96798270    
 4.9357000      .93710960    
 4.9383160      .89314470    
 4.9461600      .83603020    
 4.9026200      .76721580    
 4.9046240      .68797450    
 4.9647670      .59137860    
 5.0695460      .46114410    
 5.2536630      .36078990    
 5.5268070      .39281320    
 5.3520660      .44905610    
 4.9770020      .55856370    
 4.5446230      .65646490    
 4.2720260      .71695520    
 3.2888140      .72989890    
 2.7711430      .69860660    
 2.4135520      .63451180    
 2.0451020      .56073470    
 1.9078240      .52874300    
 2.1787330      .56655940    
 2.5169060      .64616690    
 2.9130330      .72700610    
 3.0803410      .79385170    
 3.2015900      .84390000    
 3.1697660      .88391630    
 3.1111940      .90404090    
 3.0135350      .90491750    
 2.8117660      .87980250    
 2.4522580      .81452200    
 2.6677330      .73033790    
 2.3044540      .61388620    
 2.0635040      .48075720    
 1.9205620      .35023370    
 2.5424440      .42709550    
 3.3746990      .49256420    
 4.1099870      .47382490    
 4.7106580      .41564000    
 5.0444930      .47097610    
 5.2699040      .46701430    
 5.4218040      .37844290    
 5.4268690      .40339060    
 5.3485290      .37282060    
 5.3926820      .42045970    
 5.5375750      .53111270    
 5.6044180      .59714380    
 5.6487060      .61335530    
 5.6566910      .60623630    
 5.6083150      .63169220    
 5.5108360      .70485660    
 4.9737620      .99347720    
 4.9406630      .98152530    
 4.9183140      .96039430    
 4.8979510      .92863820    
 4.8431010      .88402130    
 4.8074680      .82400230    
 4.7592110      .74478270    
 4.7686580      .64328460    
 4.7834590      .52214260    
 4.8387850      .43834240    
 4.8337400      .41875720    
 4.6787970      .43810360    
 4.4728300      .54630400    
 4.1535940      .65557090    
 3.7298570      .72418680    
 2.9937510      .73856910    
 2.4475110      .70012580    
 1.9186360      .61603500    
 1.5240410      .50979110    
 1.3736830      .47332840    
 1.7041750      .56354970    
 2.2722010      .67163660    
 2.6982640      .76588300    
 3.0614510      .83886070    
 3.2901610      .89167870    
 3.3140420      .92790230    
 3.2664140      .94098850    
 3.1434040      .93310050    
 2.8495350      .89161030    
 2.4422200      .82725070    
 2.1546700      .73333250    
 1.8708160      .60619850    
 1.3973340      .45358060    
 1.2741000      .37400350    
 1.9638180      .46199380    
 2.8230610      .53539990    
 3.6319330      .55359110    
 4.3008610      .54602980    
 4.8009190      .54523780    
 5.1761170      .51260100    
 5.5243740      .44500460    
 5.6853050      .42553140    
 5.9048480      .36121850    
 5.8041770      .41776300    
 5.6090680      .55459160    
 5.6171660      .64415870    
 5.5854170      .69010130    
 5.5466570      .71421270    
 5.4847570      .74310710    
 5.4004540      .78930160    
 4.9815300      .99766600    
 4.9454700      .99112430    
 4.9048530      .97759270    
 4.8640010      .95545240    
 4.7916950      .92156830    
 4.7203050      .87220680    
 4.6530890      .80443230    
 4.6221450      .71812240    
 4.5785970      .62304860    
 4.5848880      .53613050    
 4.3967190      .44536440    
 4.1518260      .39641980    
 4.0969670      .55200670    
 3.8678760      .66950570    
 3.5057160      .73904020    
 2.8659970      .75314630    
 2.3295490      .71163420    
 1.7895360      .61918070    
 1.3113810      .48323240    
 1.1147490      .42078540    
 1.6405990      .57145790    
 2.2178140      .69833150    
 2.7114370      .79806790    
 3.1337680      .87240760    
 3.4374940      .92390250    
 3.5195280      .95487690    
 3.4764570      .96334100    
 3.3374640      .95127010    
 2.9801830      .90907030    
 2.6104790      .84616170    
 2.2979640      .75681690    
 1.8124510      .64024350    
 1.3687030      .50918530    
 1.2355990      .45716390    
 1.8046160      .54148310    
 2.5989570      .61403350    
 3.3705740      .64965240    
 4.0542550      .65801330    
 4.6232570      .64948850    
 5.0860420      .62072870    
 5.5985190      .58050010    
 5.7963710      .54525130    
 5.9249180      .51825630    
 5.8534600      .55048910    
 5.6718090      .63532810    
 5.5477210      .71267060    
 5.5334870      .76609520    
 5.4671090      .80104740    
 5.3965520      .83009160    
 5.3210000      .86257000    
