COKB3D with:All of the secondary data plus 29 primar
2
estimate
estimation variance
      3.8307      17.8001
      3.2340      17.8963
      2.8289      17.8966
      2.5221      17.7914
      1.6820      17.8130
      1.3540      17.7701
      1.2310      17.7038
      1.2862      17.7165
      1.2949      17.6993
      1.2600      17.6400
      1.2313      17.5262
      1.1911      17.3458
      1.2159      16.8906
      1.1449      16.5527
      1.1344      16.1148
      1.2032      15.5586
      1.0351      14.9700
      0.9798      14.1021
      0.9692      13.1388
      0.8732      12.0779
      0.7791      11.4141
      0.8146      11.6635
      0.9167      12.1893
      0.9960      12.7290
      1.0190      13.3260
      1.0614      13.7727
      1.1786      14.2396
      1.3878      14.7371
      1.5703      15.2332
      1.7470      15.6882
      2.0570      16.0751
      2.0179      16.1592
      2.0447      16.8370
      1.8091      17.0097
      1.5615      17.1045
      1.2290      17.1318
      1.2013      17.1062
      1.2429      17.0463
      1.3636      16.9736
      1.3952      16.9100
      1.3456      16.9154
      1.2999      16.9313
      1.2523      16.9867
      1.1568      17.0772
      1.3095      17.1946
      1.5215      17.5365
      2.0124      17.7574
      2.8466      17.9724
      3.3413      18.1748
      3.8793      18.3606
      3.4163      17.5945
      3.0680      17.4445
      2.7135      17.4421
      2.3991      17.4617
      1.6163      17.4286
      1.3940      17.4829
      1.2797      17.4433
      1.3180      17.4866
      1.3131      17.5016
      1.2794      17.4743
      1.2470      17.3908
      1.3369      17.0389
      1.2429      16.8123
      1.1809      16.4942
      1.2159      15.9964
      1.1970      15.5120
      1.1440      14.7981
      1.0734      13.8977
      0.9044      12.8700
      0.8479      11.6140
      0.0900       0.0000
      0.8412      11.0179
      0.9507      11.7284
      1.0463      12.2128
      1.0801      12.6909
      1.1507      13.0711
      1.2333      13.5604
      1.3804      14.1473
      1.5125      14.7467
      1.6366      15.2857
      1.8306      15.5021
      1.8132      15.8568
      1.6073      16.1146
      1.7040      16.7036
      1.5116      16.7847
      1.2259      16.7851
      1.1710      16.7217
      1.1964      16.6176
      1.2697      16.5011
      1.3032      16.4029
      1.3016      16.3498
      1.2617      16.4235
      1.2179      16.5016
      1.1765      16.6274
      1.2931      16.7852
      1.6099      16.9508
      2.0277      17.4475
      3.1050      17.7015
      3.6728      17.9389
      4.3777      18.1560
      3.3950      17.0058
      2.9595      17.0524
      2.6657      17.0441
      2.2659      16.9942
      1.7104      17.0598
      1.4294      16.9458
      1.3943      17.1350
      1.3815      17.2161
      1.4379      17.1617
      1.3888      17.1764
      1.3581      17.1359
      1.4162      16.8536
      1.3373      16.6707
      1.2934      16.3954
      1.2648      16.0119
      1.2864      15.5010
      1.2363      14.8395
      1.1659      14.0088
      1.0885      13.0177
      0.9981      11.9628
      0.9407      11.2786
      0.9542      11.3359
      1.0679      11.6818
      1.1661      11.8703
      1.2551      11.9300
      1.2624      12.2564
      1.3110      12.7813
      1.3920      13.5175
      1.4649      14.2595
      1.5394      14.8969
      1.6672      15.1857
      1.6450      15.5696
      1.4608      15.8357
      1.2877      15.9931
      1.4277      16.4548
      1.1786      16.4181
      1.1226      16.3023
      1.1319      16.1341
      1.1957      15.9513
      1.2342      15.7995
      1.2297      15.7867
      1.2413      15.8147
      1.2210      15.9308
      1.1880      16.1099
      1.2744      16.3236
      1.5640      16.5527
      1.9008      17.1030
      2.7883      17.3993
      3.2813      17.6735
      3.8990      17.9235
      3.5889      16.4594
      3.1616      16.4494
      2.7436      16.3386
      2.4900      16.3680
      1.8657      16.4397
      1.6493      16.5391
      1.5813      16.4977
      1.4797      16.6128
      1.3994      16.7080
      1.3402      16.7668
      1.2965      16.7738
      1.4295      16.7453
      1.3733      16.6166
      1.3362      16.3971
      1.2967      16.0741
      1.2744      15.6344
      1.2321      15.0666
      1.1757      14.3702
      1.1202      13.5802
      1.0750      12.8075
      1.1052      12.2693
      1.1880      11.9040
      1.2881      11.8481
      1.3094      11.7197
      1.3796      11.3416
      1.3776      11.3030
      1.3706      11.9695
      1.3394      12.9464
      1.3559      13.8404
      1.3498      14.3551
      1.3735      14.9076
      1.3591      15.3090
      1.2508      15.5758
      1.0997      15.7189
      0.9891      15.7464
      1.1136      16.0421
      1.0555      15.8569
      1.0440      15.5984
      1.0778      15.3152
      1.1124      15.0778
      1.1286      15.0345
      1.1835      15.0814
      1.2164      15.2629
      1.2426      15.5245
      1.3026      15.8154
      1.5320      16.1224
      1.8931      16.4223
      2.5774      17.0686
      2.9841      17.3799
      3.5766      17.6634
      4.1040      15.9858
      3.7665      15.9165
      3.3390      15.7923
      2.8483      15.8287
      2.3777      15.8531
      2.0914      15.9069
      1.8134      16.0719
      1.5825      16.2385
      1.4781      16.3883
      1.4114      16.5043
      1.3474      16.5701
      1.4665      16.6197
      1.4279      16.5559
      1.3946      16.4039
      1.3689      16.1549
      1.3483      15.8025
      1.3185      15.3459
      1.2844      14.7963
      1.2422      14.1906
      1.2165      13.6002
      1.2215      13.1042
      1.3293      12.5226
      1.4624      12.2344
      1.5319      11.7624
      1.6030      11.0234
      1.8100       0.0000
      1.5292      11.5013
      1.5261      12.6387
      1.5854      13.5791
      1.5864      14.1237
      1.5660      14.6805
      1.4707      15.0808
      1.3085      15.3405
      1.0718      15.4668
      0.9179      15.4619
      1.0485      15.6747
      0.9795      15.4058
      0.9565      15.0269
      0.9652      14.5956
      0.9959      14.2195
      1.0346      14.1161
      1.1559      14.2034
      1.2597      14.4984
      1.3334      14.8843
      1.4045      15.2761
      1.6106      15.6390
      1.8727      16.0236
      2.4397      16.7130
      2.8025      17.0594
      3.3547      17.3755
      5.2935      15.4439
      5.1796      15.2064
      4.6905      15.0749
      3.8423      15.1200
      3.2438      15.2531
      2.8146      15.4424
      2.0534      15.5805
      1.7544      15.8060
      1.6006      16.0174
      1.4817      16.1979
      1.4060      16.3305
      1.5312      16.4637
      1.5103      16.4720
      1.4867      16.3937
      1.4629      16.2232
      1.4453      15.9594
      1.4241      15.6081
      1.3994      15.1842
      1.3697      14.7158
      1.3561      14.2410
      1.3681      13.7866
      1.5396      13.1142
      1.6839      12.7253
      1.7693      12.1906
      1.8334      11.5721
      1.8620      11.1940
      1.8419      11.7158
      1.6686      12.7123
      1.6770      13.3195
      1.6261      13.9772
      1.5404      14.4956
      1.3795      14.8794
      1.2191      15.1303
      1.0176      15.2440
      0.8461      15.2130
      0.7342      15.0282
      0.9119      14.9874
      0.8704      14.4680
      0.8479      13.8362
      0.8826      13.2371
      0.9396      13.0168
      1.0859      13.1916
      1.2476      13.6778
      1.4036      14.2325
      1.5244      14.7379
      1.7457      15.2225
      1.8874      15.6158
      2.3457      15.9675
      2.5924      16.4350
      2.8451      17.0594
      8.2361      14.7216
      7.5009      14.3330
      6.4195      14.2255
      4.4427      14.2754
      3.5928      14.4506
      3.0714      14.6956
      2.2519      14.9649
      1.8373      15.3056
      1.6871      15.5840
      1.5642      15.8365
      1.4725      16.0442
      1.4229      16.1875
      1.5935      16.3495
      1.5656      16.3462
      1.5549      16.2514
      1.5501      16.0679
      1.5414      15.8050
      1.5279      15.4783
      1.5169      15.1081
      1.5226      14.7142
      1.5457      14.3051
      1.7413      13.6142
      1.9242      13.2526
      1.9772      12.7735
      2.0375      12.3280
      1.9902      12.1090
      1.9802      12.2334
      1.8482      12.7611
      1.6417      13.3272
      1.5836      13.8539
      1.5187      14.3160
      1.3381      14.6857
      1.1685      14.9393
      0.9856      15.0557
      0.7921      15.0158
      0.6943      14.8003
      0.8527      14.6597
      0.8077      14.0175
      0.7848      13.1718
      0.8060      12.2420
      0.8300      11.7621
      0.9877      12.1566
      1.2484      12.7402
      1.4375      13.4579
      1.5948      14.0496
      1.8376      14.5841
      2.0030      15.0110
      2.2184      15.3990
      2.3370      16.1121
      2.5494      16.5134
      8.7388      13.8525
      7.9172      13.4858
      6.7469      13.3155
      4.7832      13.3937
      3.9511      13.6522
      3.2895      13.9839
      2.3685      14.3240
      2.0042      14.6559
      1.7648      15.0734
      1.6424      15.4067
      1.5569      15.7005
      1.5096      15.9274
      1.6825      16.1765
      1.6584      16.2456
      1.6587      16.2184
      1.6681      16.1014
      1.6794      15.9072
      1.6829      15.6523
      1.6944      15.3536
      1.6997      15.0237
      1.7696      14.6658
      2.0794      13.9792
      2.1970      13.6306
      2.1981      13.2444
      2.2415      12.9597
      2.1276      12.6964
      1.9803      12.6641
      1.7800      12.7673
      1.7888      13.0643
      1.5408      13.6567
      1.4841      14.0873
      1.3259      14.4741
      1.1713      14.7599
      0.9568      14.9056
      0.7743      14.8842
      0.6798      14.6723
      0.6149      14.2444
      0.7894      13.7965
      0.7598      12.8497
      0.7532      11.6739
      0.1900       0.0000
      0.9399      11.4183
      1.1766      12.3627
      1.4150      13.1205
      1.6453      13.7043
      1.9164      14.2376
      2.1076      14.6464
      2.3480      15.0326
      2.4456      15.7605
      2.5990      16.1952
      8.5114      13.1203
      7.5831      12.4736
      6.3724      12.2426
      4.5055      12.3841
      3.8989      12.7769
      3.3285      13.2088
      2.5176      13.6051
      2.1192      13.9848
      1.8677      14.4258
      1.6797      14.8942
      1.5910      15.2917
      1.5659      15.6138
      1.5871      15.8327
      1.7498      16.0825
      1.7715      16.1104
      1.8009      16.0424
      1.8263      15.8959
      1.8506      15.6909
      1.8704      15.4455
      1.8931      15.0787
      1.9912      14.7989
      2.1364      14.4820
      2.3786      13.9495
      2.3568      13.6194
      2.3623      13.2704
      2.1731      12.9654
      1.9516      12.8105
      1.7037      12.6784
      1.6703      12.7919
      1.5904      13.1101
      1.3833      13.7653
      1.2640      14.2295
      1.1509      14.5916
      0.9588      14.7991
      0.8136      14.8264
      0.7527      14.6568
      0.6751      14.2733
      0.8320      13.8609
      0.8288      12.8780
      0.7794      12.1009
      0.8264      11.5118
      0.9755      11.8071
      1.2027      12.4403
      1.4244      13.0125
      2.3167      13.4595
      2.7574      13.9119
      3.0164      14.2581
      3.4049      14.6255
      3.7976      15.3635
      3.0563      15.8421
     10.8846      12.4286
      8.7124      11.5122
      7.1039      10.9703
      5.5077      11.2573
      4.1301      11.8219
      3.3186      12.4219
      2.5856      12.8139
      2.1758      13.1980
      1.8759      13.7067
      1.6908      14.2417
      1.6355      14.7506
      1.6280      15.2523
      1.6627      15.5508
      1.7884      15.7675
      1.8836      15.9206
      1.9360      15.8793
      1.9821      15.7562
      2.0223      15.5792
      2.0713      15.2738
      2.1063      15.0734
      2.2130      14.8546
      2.4006      14.6025
      2.6294      14.1270
      2.5505      13.8333
      2.4553      13.4708
      2.1827      13.0672
      1.8317      12.6077
      1.4669      12.3131
      1.3490      12.2449
      1.2668      12.5863
      1.2739      13.1726
      1.0918      13.9725
      1.0774      14.3845
      0.9853      14.6909
      0.8938      14.8002
      0.8301      14.7114
      0.7613      14.3444
      0.7404      13.8899
      0.9169      13.4349
      0.8783      12.9668
      0.9480      12.5644
      1.0552      12.5439
      1.2356      12.7573
      1.4665      12.9948
      2.5316      13.1799
      3.0501      13.5572
      3.5486      13.7987
      4.1210      14.1406
      4.6664      14.8991
      3.9507      15.4467
      9.7638      12.0429
      7.3981      10.8872
      2.5500       0.0000
      4.8166      10.5428
      3.6392      11.2071
      3.0844      11.6212
      2.5908      11.8527
      2.1818      12.1323
      1.7499      12.8667
      1.6392      13.5847
      1.6241      14.2612
      1.6519      14.7889
      1.7016      15.1387
      1.8491      15.4893
      1.9540      15.5430
      2.0564      15.6045
      2.1825      15.4739
      2.2891      15.1999
      2.3508      15.0386
      2.4321      14.8910
      2.5227      14.7476
      2.5722      14.5788
      2.7139      14.1808
      2.5700      13.9286
      2.3324      13.5562
      2.0031      13.0396
      1.6347      12.3999
      1.2814      11.7087
      1.1344      11.4225
      1.0914      11.9540
      1.1335      12.8106
      1.0594      13.7659
      1.0325      14.3823
      0.9639      14.7745
      0.9253      14.9541
      0.8832      14.8579
      0.8002      14.6811
      0.8011      14.3534
      0.8994      14.2596
      0.9275      13.8131
      0.9845      13.4635
      1.0768      13.2709
      1.2274      13.1809
      1.5305      13.0989
      2.5555      12.9903
      3.1054      13.0284
      3.6414      13.1041
      4.2215      13.5369
      4.7049      14.3524
      4.1563      15.0128
      8.1700      12.0359
      6.3873      11.0187
      5.3158      10.3661
      4.6176      10.5054
      3.4473      10.8940
      2.9068      11.1056
      2.4278      11.0607
      2.0135      11.1037
      1.7877      11.8139
      1.7511      12.7633
      1.5991      13.8089
      1.6489      14.4334
      1.7332      14.8295
      1.8406      15.0207
      2.0877      15.2088
      2.2579      15.2158
      2.4355      14.9459
      2.5525      14.7524
      2.6137      14.5962
      2.6443      14.5109
      2.6716      14.4734
      2.6583      14.4236
      2.7128      14.1422
      2.5332      13.9617
      2.2791      13.6216
      1.9547      13.0610
      1.5583      12.3228
      1.2552      11.3811
      0.2800       0.0000
      1.0208      11.6663
      1.0556      12.7807
      1.1433      13.6746
      1.0253      14.5021
      0.9592      14.9046
      0.9697      15.0949
      0.9333      15.1535
      0.8568      15.0542
      0.8478      14.8251
      0.9291      14.8783
      0.9574      14.5254
      0.9663      14.1193
      1.1071      13.8668
      1.2312      13.5501
      1.5435      13.1809
      2.5340      12.8788
      2.9415      12.4831
      3.3964      12.3653
      4.0110      12.7033
      4.7169      13.3537
      3.8324      14.5753
      7.8294      12.2407
      6.1002      11.3479
      5.1331      10.7209
      4.3851      10.5589
      3.1319      10.7233
      2.6501      10.8233
      2.2113      10.5841
      0.7100       0.0000
      1.6373      11.2817
      1.6365      12.4072
      1.7065      13.2888
      1.8081      13.9133
      1.7573      14.5302
      1.9124      14.7004
      2.1663      14.6694
      2.5150      14.6496
      2.7587      14.3822
      2.8766      14.0945
      2.9207      13.9158
      2.8944      13.9162
      2.7704      14.0389
      2.7450      14.1448
      2.5864      14.2060
      2.4457      13.9830
      2.1697      13.7364
      1.8950      13.3080
      1.5845      12.6817
      1.3165      11.9897
      1.1060      11.7279
      1.0473      12.3073
      1.0483      13.1877
      1.1133      13.9956
      1.0435      14.7521
      1.0482      15.1112
      0.9824      15.3284
      0.9606      15.4182
      0.8829      15.3671
      0.7020      15.3916
      0.8725      15.3045
      0.9160      14.9932
      0.9840      14.6925
      1.0838      14.2942
      1.2181      13.8196
      1.5412      13.2259
      2.4502      12.6263
      2.7431      11.8262
      3.1037      11.3914
      3.7204      11.9480
      4.3128      13.0471
      3.8357      14.0065
      7.4703      12.4893
      5.8848      11.5765
      4.9295      10.7518
      4.2055      10.3136
      2.9835      10.5347
      2.5056      10.8051
      2.0844      10.8071
      1.7180      10.8460
      1.5408      11.5004
      1.5459      12.3858
      1.6274      13.1539
      1.7403      13.7122
      1.9634      14.0430
      2.2051      14.1509
      2.4027      14.2723
      2.7960      14.0998
      3.0963      13.6995
      3.1892      13.2332
      3.2178      12.9815
      3.0814      13.1194
      2.8484      13.4904
      2.7584      13.8924
      2.5722      14.1406
      2.3725      14.1935
      2.1429      13.9670
      1.9092      13.6962
      1.6306      13.2927
      1.4126      13.0175
      1.2099      12.9682
      1.1462      13.3361
      1.1202      13.9155
      1.1469      14.5133
      1.0918      14.9772
      0.9680      15.4319
      0.9901      15.6686
      0.7249      15.9621
      0.6573      15.9411
      0.6012      15.8080
      0.7702      15.7471
      0.8255      15.4572
      0.8861      15.0905
      0.9709      14.6389
      1.0615      14.0969
      1.5354      13.6059
      1.9157      12.6807
      2.1181      11.5664
      1.6600       0.0000
      2.8877      11.5155
      3.2189      12.7871
      3.4125      13.8840
      4.3922      12.8868
      3.8682      11.9131
      3.5773      10.7996
      3.6100       0.0000
      2.6508      10.4880
      2.2984      10.9778
      1.9503      11.2104
      1.6346      11.4272
      1.4568      11.8672
      1.4617      12.4771
      1.5263      13.0739
      1.6379      13.5369
      1.8774      13.8098
      2.1778      13.8674
      2.6869      13.6937
      3.0241      13.4327
      3.3225      12.8975
      3.4107      12.2704
      3.4394      11.8144
      3.2243      12.2295
      2.9915      13.0262
      2.6795      13.6828
      2.4607      14.1160
      2.2509      14.3187
      2.0174      14.3178
      1.8557      14.1437
      1.6801      14.0812
      1.4488      14.0575
      1.3269      14.0522
      1.2325      14.3107
      1.1904      14.6934
      1.1760      15.1108
      0.9948      15.5198
      0.9658      15.8238
      0.7643      16.2339
      0.7101      16.3307
      0.6545      16.3153
      0.5869      16.1968
      0.7361      16.1466
      0.7893      15.8708
      0.8468      15.5056
      0.9310      15.0423
      1.0367      14.4605
      1.3788      13.9235
      1.5928      13.0685
      1.8222      12.1942
      2.0426      11.6398
      2.4656      12.0530
      2.6040      13.0540
      2.8214      13.9438
      3.8770      13.2685
      3.4183      12.3784
      3.1622      11.4732
      2.9171      10.8334
      2.4059      10.9594
      2.0919      11.2489
      1.8167      11.4308
      1.5593      11.6116
      1.4043      11.9361
      1.3832      12.4007
      1.4346      12.8941
      1.5445      13.3034
      1.7828      13.5513
      2.0911      13.5937
      2.6239      13.4033
      3.0907      13.0317
      3.3884      12.3701
      3.4606      11.5414
      4.9200       0.0000
      3.3152      11.7573
      2.9179      12.8183
      2.6025      13.6318
      2.3815      14.1826
      2.1820      14.4947
      2.0083      14.6135
      1.8668      14.7231
      1.7218      14.7152
      1.5032      14.8525
      1.3891      14.9112
      1.3031      15.1246
      1.2493      15.3890
      1.0440      15.7093
      0.8954      16.1963
      0.8627      16.4163
      0.7954      16.5871
      0.7354      16.6616
      0.6872      16.6398
      0.6064      16.5252
      0.5885      16.3231
      0.7879      16.2157
      0.8471      15.8645
      0.9355      15.4198
      1.0875      15.1020
      1.2727      14.4474
      1.4674      13.7220
      1.5816      13.0561
      1.7894      12.7326
      2.3270      12.9409
      2.5013      13.6039
      2.7654      14.2554
      3.0525      13.6953
      2.8281      12.9461
      2.6899      12.2445
      2.4631      11.7527
      2.0705      11.5401
      1.8960      11.4400
      1.6551      11.3470
      1.4256      11.3423
      1.3057      11.5826
      1.2630      12.0169
      1.3017      12.5124
      1.4018      12.9473
      1.6415      13.2246
      1.9602      13.2961
      2.4892      13.1503
      3.0001      12.8500
      3.3048      12.3401
      3.4366      11.7146
      3.4460      11.5116
      3.2462      12.1475
      2.8475      13.0246
      2.5568      13.7935
      2.3347      14.3571
      2.1565      14.7179
      2.0041      14.9130
      1.9003      15.1560
      1.6890      15.4027
      1.5568      15.4850
      1.4546      15.5788
      1.1259      15.9554
      1.0736      16.1713
      0.9471      16.4065
      0.9383      16.6200
      0.9030      16.7604
      0.8251      16.8862
      0.7551      16.9334
      0.7102      16.8987
      0.6404      16.7821
      0.7672      16.7334
      0.8089      16.4871
      0.8644      16.1589
      0.9443      15.7497
      1.1275      15.5239
      1.2678      14.9684
      1.4115      14.3924
      1.5306      13.8951
      1.7623      13.6094
      2.1478      13.6543
      2.3132      14.0709
      2.7708      14.6080
      2.8415      14.0898
      2.6664      13.4448
      2.5170      12.8383
      2.3154      12.3290
      2.0246      11.9073
      1.7040      11.4679
      1.5342      10.9632
      1.3139      10.6225
      1.1793      10.8498
      1.1149      11.3376
      1.1398      11.9214
      1.2371      12.4608
      1.4477      12.8083
      1.4842      12.8926
      1.9749      12.8359
      2.4912      12.6437
      3.0072      12.4780
      3.2342      12.3269
      3.2313      12.3557
      2.9422      12.7869
      2.6011      13.4133
      2.5092      14.0999
      2.2732      14.6054
      2.1251      14.9653
      2.0031      15.3389
      1.8968      15.6393
      1.7779      15.7461
      1.6036      15.9700
      1.2632      16.2868
      1.1862      16.4208
      1.1275      16.6373
      1.0632      16.8032
      1.0257      16.9530
      0.9952      17.0258
      0.9203      17.1089
      0.8320      17.1273
      0.7308      17.0764
      0.6807      16.9549
      0.2599      16.6161
      0.8347      16.6741
      0.8854      16.3725
      1.0166      16.2942
      1.1455      15.8662
      1.2316      15.3948
      1.3761      14.9232
      1.5177      14.5185
      1.7335      14.2560
      2.1537      14.1812
      2.3096      14.5037
      2.6131      14.7765
      2.6614      14.3973
      2.5805      13.7950
      2.4159      13.2003
      2.2492      12.6307
      1.9911      12.0644
      1.6820      11.4246
      1.3711      10.6053
      1.0100       0.0000
      1.0353      10.1020
      0.9429      10.5037
      0.7960      11.2147
      0.8654      11.9146
      1.0127      12.3156
      1.2695      12.4472
      1.6302      12.4454
      2.1091      12.4300
      2.5115      12.5343
      2.8710      12.7550
      2.8950      12.9998
      2.7755      13.3887
      2.4298      13.8898
      2.3008      14.4600
      2.1084      14.9071
      1.9832      15.4249
      1.8667      15.7072
      1.7663      16.0754
      1.6500      16.2250
      1.4084      16.5426
      1.3188      16.6808
      1.2858      16.7819
      1.2335      16.8992
      1.2382      17.0807
      1.2066      17.1801
      1.1499      17.2343
      1.0483      17.2385
      0.9500      17.2276
      0.8002      17.1589
      0.2833      16.8292
      0.3017      16.6873
      0.3544      16.4861
      0.4609      16.4908
      0.5599      16.1833
      0.7238      15.8261
      0.8349      15.4386
      1.0000      15.0538
      1.5571      14.9094
      1.7517      14.6465
      2.0835      14.6360
      2.3328      14.6822
      2.5607      14.9265
      2.5587      14.6049
      2.5728      13.9924
      2.3895      13.3523
      2.2388      12.6969
      2.0262      12.0396
      1.7213      11.3843
      1.3946      10.7199
      1.1246      10.1823
      0.8716      10.0023
      0.1700       0.0000
      0.7373      10.8052
      0.7891      11.5485
      0.9008      11.8573
      1.0880      11.8616
      1.3575      11.8333
      1.7587      12.0038
      2.1238      12.4618
      2.4205      12.8623
      2.5660      13.3914
      2.2744      13.8215
      2.0423      14.3062
      2.1903      14.8252
      2.0213      15.2285
      1.9608      15.6858
      1.9142      16.0282
      1.7892      16.3466
      1.4932      16.6755
      1.4207      16.7982
      1.3562      16.8784
      1.3915      17.0188
      1.3997      17.1048
      1.4430      17.2365
      1.4007      17.2930
      1.3483      17.4614
      1.2219      17.4581
      1.0841      17.4031
      0.4332      17.0522
      0.4097      16.9373
      0.4949      16.7383
      0.5425      16.5600
      0.6238      16.3322
      0.6079      16.2430
      0.7722      15.9220
      0.8719      15.5711
      1.0300      15.2152
      1.1917      14.8888
      1.3834      14.6310
      1.8792      14.7495
      2.0589      14.7320
      2.2264      14.8373
      2.5544      14.7300
      2.5809      14.0722
      2.3999      13.3456
      2.2623      12.5648
      2.0542      11.7987
      1.7693      11.1935
      1.4562      10.8413
      1.1964      10.6571
      0.9196      10.5526
      0.7907      10.5946
      0.7570      11.0450
      0.7707      11.4387
      0.8399      11.4626
      0.9701      11.1633
      1.1602      10.9487
      1.5268      11.5047
      1.8281      12.2540
      2.1162      12.9284
      2.1195      13.6402
      2.1792      14.1855
      1.8810      14.7125
      1.7834      15.1256
      1.9739      15.6365
      1.9610      15.9493
      1.9190      16.2114
      1.8235      16.5211
      1.5584      16.8636
      1.5149      16.9816
      1.4560      17.0488
      1.4899      17.1846
      1.4852      17.2579
      1.6360      17.4089
      1.5419      17.4386
      1.4564      17.4445
      1.2952      17.4037
      1.1611      17.1184
      0.4964      16.9511
      0.5482      16.7464
      0.5568      16.6170
      0.6083      16.4508
      0.7042      16.2446
      0.8110      15.9964
      0.9845      15.7077
      0.9694      15.5593
      1.1343      15.2099
      1.2658      14.8686
      1.3317      14.6652
      1.3733      14.4930
      1.5078      14.4459
      1.8177      14.6503
      2.5803      14.8068
      2.6247      14.0921
      2.4421      13.2634
      2.3051      12.3201
      2.0949      11.3378
      1.8381      10.6555
      1.5357      10.6772
      1.2950      10.9180
      1.0175      11.1064
      0.9050      11.2789
      0.8512      11.4517
      0.8350      11.4766
      0.8575      11.1970
      0.9276      10.6066
      0.3300       0.0000
      1.3262      11.0630
      1.5926      12.1134
      1.8301      13.0324
      1.9581      13.7130
      1.8579      14.4474
      1.7976      14.9185
      1.7440      15.3082
      1.6220      15.8209
      1.6210      16.1173
      1.9422      16.5229
      1.6898      16.9095
      1.6899      17.0748
      1.6683      17.1754
      1.6204      17.2408
      1.6720      17.2550
      1.6661      17.1228
      1.6517      17.1234
      1.5820      17.1806
      1.4649      17.0731
      1.3378      17.0138
      1.2275      16.9186
      0.6507      16.6101
      0.6116      16.4990
      0.6210      16.3689
      0.6765      16.2165
      0.7754      16.0352
      0.8926      15.8165
      1.0222      15.5533
      1.1105      15.2438
      1.2346      14.8951
      1.2354      14.6759
      1.2389      14.4135
      1.2927      14.1681
      1.4007      14.0749
      1.4548      14.1705
      2.2316      14.8733
      2.3657      14.1165
      2.2621      13.2157
      2.1825      12.1539
      2.0389      10.9543
      2.3400       0.0000
      1.5980      10.4169
      1.3935      10.9905
      1.1432      11.4007
      1.0652      11.6519
      1.0205      11.7017
      0.9905      11.4971
      0.9838      11.0367
      1.0660      10.5777
      1.1242      10.4970
      1.2748      11.2826
      1.4620      12.2901
      1.6476      13.1733
      1.8018      13.9030
      1.9297      14.4338
      1.7104      15.0182
      1.6890      15.3793
      1.6340      15.8775
      1.6988      16.1496
      2.0009      16.5345
      1.7805      16.9248
      1.7989      17.0826
      1.8214      17.1751
      1.6999      17.2168
      1.7373      17.1167
      1.7359      17.0569
      1.2273      16.7782
      1.1067      16.6512
      1.0213      16.6327
      0.9052      16.5271
      0.8153      16.3918
      0.7080      16.2459
      0.6826      16.1137
      0.6890      15.9818
      0.7446      15.8479
      0.8358      15.7002
      0.9528      15.5206
      1.0743      15.2897
      1.1539      14.9929
      1.2259      14.6244
      1.2675      14.2643
      1.1834      13.9764
      1.2596      13.6158
      1.3490      13.4636
      1.4507      13.5975
      2.1759      14.9585
      2.2581      14.1909
      2.1774      13.2783
      2.1121      12.2196
      1.9796      11.1096
      1.8137      10.3432
      1.6085      10.4294
      1.3763      10.9220
      1.3162      11.4579
      1.2973      11.7721
      1.2800      11.7776
      1.2494      11.4416
      1.2775      10.8711
      1.2047      10.4965
      1.2320      10.8205
      1.3270      11.6382
      1.4421      12.5581
      1.6228      13.4025
      1.7285      14.0382
      1.8227      14.5104
      1.9100      14.8678
      1.6814      15.5118
      1.6534      15.8071
      1.7142      16.0543
      1.8711      16.5962
      1.8692      16.8139
      1.9040      16.9687
      1.9332      17.0550
      1.8112      16.9986
      1.7589      16.9750
      1.2687      16.7003
      1.1843      16.5719
      1.0533      16.3949
      0.9613      16.1775
      0.9483      16.1356
      0.8712      15.9476
      0.8138      15.7434
      0.7849      15.5753
      0.7802      15.4394
      0.8216      15.3327
      0.9137      15.2360
      1.0107      15.1156
      1.1119      14.9352
      1.1707      14.6638
      1.2157      14.2790
      1.2166      13.8524
      1.2269      13.2820
      1.2090      12.8563
      1.2792      12.6047
      1.3899      12.8364
      2.1346      15.0759
      2.1624      14.3266
      2.1139      13.4468
      2.0538      12.4450
      1.9250      11.4082
      1.7670      10.5579
      1.6246      10.2613
      1.7013      10.7194
      1.5902      11.3556
      1.6490      11.7395
      1.6396      11.7763
      1.6613      11.5604
      1.5335      10.9006
      0.8400       0.0000
      1.4176      11.0185
      1.4604      11.9967
      1.5142      12.8606
      1.6444      13.6054
      1.7144      14.1356
      1.7926      14.5127
      1.8808      14.7855
      1.6928      15.3443
      1.7803      15.5949
      1.8578      15.8179
      2.0036      16.3498
      2.0274      16.5729
      2.0680      16.7346
      1.9512      16.8109
      1.8412      16.7738
      1.7713      16.7311
      1.2291      16.4386
      1.1381      16.2687
      1.0154      15.9628
      0.9901      15.7554
      0.9947      15.6274
      0.9741      15.3730
      0.9281      15.1014
      0.9258      14.8509
      0.9326      14.6654
      0.9490      14.6545
      1.0469      14.6390
      1.1421      14.6121
      1.2443      14.5136
      1.2924      14.2961
      1.3057      13.9923
      1.2844      13.4509
      1.2866      12.7230
      1.3073      11.9121
      1.2846      11.5260
      1.3830      11.9995
      2.1691      15.2264
      2.1816      14.5143
      2.1473      13.6881
      2.0933      12.7477
      2.0021      11.7256
      1.9183      10.6417
      0.1100       0.0000
      1.9799      10.5749
      2.1942      11.2909
      2.3237      11.7159
      2.2510      11.9106
      2.1479      11.7714
      1.9690      11.4053
      1.7878      11.1972
      1.6760      11.6966
      1.6336      12.4729
      1.6722      13.2193
      1.7094      13.7794
      1.7376      14.1708
      1.8046      14.4225
      1.8985      14.7084
      1.9688      14.8806
      1.8441      15.2187
      1.7299      15.5252
      2.2275      15.8165
      2.3171      16.0733
      2.3766      16.2695
      2.2875      16.3807
      2.0150      16.3590
      1.4144      16.2222
      1.2577      16.0872
      0.0328      15.6987
      1.1504      15.5021
      1.1595      15.2360
      1.1943      14.9206
      1.2125      14.6746
      1.1946      14.3071
      1.1729      13.9708
      1.1889      13.7598
      1.1919      13.7224
      0.1766      13.7243
      0.1982      13.8661
      0.2748      13.9234
      0.3319      13.8361
      1.4418      13.7088
      1.3900      13.1857
      1.3886      12.4117
      1.3989      11.4077
      0.9400       0.0000
      1.3903      11.6349
      2.1950      15.4056
      2.2156      14.7420
      2.2231      13.9829
      2.2245      13.1262
      2.2594      12.1575
      2.2360      11.2703
      2.3172      10.7159
      2.5944      10.8900
      2.8677      11.2918
      2.9985      11.6383
      2.9557      11.9009
      2.8771      12.0847
      2.5546      12.0797
      2.2523      12.1570
      1.9973      12.4886
      1.7856      12.9787
      1.7496      13.5291
      1.7214      13.9022
      1.7516      14.1206
      1.7906      14.2201
      1.8840      14.3567
      1.9715      14.4120
      1.9272      14.5121
      1.8915      14.8337
      2.2364      15.2936
      2.3380      15.6027
      2.3197      15.8418
      1.9808      15.8522
      2.1353      15.9273
      1.3763      15.6960
      0.3317      15.3138
      0.3680      15.0590
      0.4224      14.7382
      0.6421      14.3713
      0.7427      13.9971
      0.6253      13.5550
      0.6361      13.0655
      0.6373      12.7169
      0.5925      12.4627
      0.6236      12.5567
      0.5699      12.9075
      0.5578      13.2557
      0.7017      13.4918
      0.7303      13.5400
      0.6968      13.3855
      1.5602      13.1304
      1.5316      12.5180
      1.4648      11.9036
      1.4517      11.5108
      1.4364      12.1344
      2.2819      15.6072
      2.3227      14.9980
      2.4321      14.2528
      2.4786      13.5291
      2.5391      12.7622
      2.6442      12.0361
      2.9215      11.5116
      3.3899      11.2824
      3.7407      11.2547
      4.0128      11.4880
      4.0561      11.8194
      3.7578      12.1997
      3.2611      12.5112
      2.8094      12.7830
      2.4360      13.0824
      2.0569      13.4001
      1.8905      13.7310
      1.8014      13.9222
      1.7458      13.9780
      1.7860      13.9371
      1.8657      13.8402
      1.7640      13.7211
      1.7503      13.8506
      1.9805      14.0986
      2.3549      14.6284
      2.4722      15.0405
      2.4597      15.3565
      2.2041      15.3996
      1.2650      15.1473
      1.1359      15.0492
      0.6115      14.8650
      0.6807      14.5401
      0.8131      14.1491
      1.2677      13.7289
      1.9753      13.2740
      1.9578      12.8037
      1.8944      12.2094
      1.7258      11.5264
      1.3277      11.1673
      0.8840      11.5169
      0.9268      12.1395
      0.9208      12.6969
      0.9229      13.1076
      0.9130      13.3385
      0.8434      13.3710
      0.8278      13.2561
      1.6364      13.0499
      1.5791      12.6946
      1.5192      12.5904
      1.5066      12.9323
      2.4473      15.7483
      2.5145      15.2226
      2.6085      14.6414
      2.7249      14.0096
      2.8657      13.3457
      3.0667      12.6897
      3.4556      12.0879
      4.0186      11.5430
      4.5584      11.1396
      4.8211      10.9512
      4.7948      11.4653
      4.4404      12.1740
      3.8549      12.7394
      3.2914      13.1410
      2.8145      13.4290
      2.3458      13.6340
      2.0328      13.7849
      1.8792      13.8199
      1.7931      13.7185
      1.8107      13.4820
      1.8596      13.1762
      1.7518      12.8493
      1.7433      12.8480
      1.9899      13.1712
      2.3480      13.8573
      1.8775      14.3013
      1.8894      14.7243
      1.5331      14.7848
      1.3022      14.8438
      1.1256      14.6943
      1.0195      14.4003
      1.1020      13.9671
      1.2923      13.4696
      1.8772      12.9948
      2.6263      12.5638
      2.7187      12.0981
      2.6584      11.5206
      2.3629      10.7242
      0.5700       0.0000
      1.3801      10.6964
      1.3964      11.4917
      1.3882      12.1787
      1.3961      12.7482
      1.3499      13.1581
      1.2907      13.3831
      1.1397      13.4349
      1.1138      13.4164
      1.8559      13.4446
      1.8098      13.4945
      1.7682      13.7725
      2.5395      16.0151
      2.6419      15.5428
      2.8064      15.0260
      2.9955      14.4678
      3.1773      13.8741
      3.3576      13.2595
      3.9563      12.6059
      4.6857      11.9325
      5.2039      11.1018
      8.0300       0.0000
      5.4264      11.2797
      4.9349      12.2190
      4.3357      12.8959
      3.7164      13.3303
      3.1724      13.5745
      2.6111      13.6784
      2.1980      13.6745
      1.9615      13.5835
      1.8774      13.3597
      1.8722      12.9620
      1.8019      12.4242
      1.2159      11.8468
      1.2581      11.5172
      1.5263      12.0596
      1.7387      12.9849
      1.9059      13.7349
      1.9402      14.2673
      1.9799      14.4768
      1.7410      14.5337
      1.5306      14.3432
      1.4655      13.9467
      1.5560      13.3572
      1.7548      12.6847
      2.2684      12.1249
      3.0477      11.7783
      3.7422      11.4461
      3.8002      11.0664
      3.4860      10.5596
      3.0298      10.1927
      2.5502      10.3977
      2.0077      10.9978
      1.8913      11.6923
      1.9133      12.4146
      1.8429      13.0136
      1.7817      13.4297
      1.6014      13.6768
      1.4836      13.8116
      1.4932      13.9615
      2.2418      14.2170
      2.1823      14.4789
      2.6075      16.2831
      2.6348      16.0602
      2.8185      15.6029
      3.0587      15.1060
      3.3484      14.3760
      3.7081      13.8031
      4.4503      13.2053
      5.1221      12.5164
      5.5385      11.7988
      5.7738      11.4082
      5.8395      11.8401
      5.3727      12.5401
      4.7623      13.1012
      4.1495      13.4412
      3.5368      13.5758
      2.8371      13.5515
      2.4596      13.4173
      2.0754      13.1996
      2.0058      12.8228
      1.9278      12.3746
      1.4948      11.7914
      1.2200      11.0716
      1.2100       0.0000
      1.8749      11.4255
      2.2161      12.5381
      2.4161      13.3987
      2.4130      13.9218
      2.4834      14.2583
      2.1696      14.2981
      1.9572      14.0635
      1.9355      13.5655
      2.0338      12.7997
      2.2300      11.8560
      2.6697      11.0969
      3.4963      10.9447
      4.2755      10.8204
      4.4137      10.6695
      4.2029      10.4990
      3.7731      10.3544
      3.1144      10.2605
      2.6473      10.3882
      2.4008      11.2097
      2.4384      12.1477
      2.3914      12.9356
      2.3262      13.5157
      2.3626      13.9159
      2.4440      14.1948
      2.5024      14.4644
      3.4071      14.7862
      3.5387      15.0515
      2.5613      16.7621
      2.7011      16.3907
      2.8917      15.9843
      3.1785      15.5430
      3.4447      15.0642
      3.8366      14.5596
      4.4061      14.0212
      5.2254      13.2856
      5.6313      12.7892
      5.8495      12.5526
      6.0220      12.7020
      5.6530      13.0575
      5.3922      13.3718
      4.7479      13.5204
      4.1161      13.4768
      3.3616      13.2725
      2.9685      12.9382
      2.2945      12.5222
      2.1388      12.2248
      1.7102      11.9045
      1.4942      11.4916
      1.6883      10.9877
      1.9186      10.8084
      2.4681      11.4943
      2.8636      12.4501
      3.0457      13.2651
      3.0089      13.8296
      2.9112      14.1297
      2.6176      14.1425
      2.4801      13.8826
      2.4736      13.3337
      2.5580      12.4798
      2.7384      11.3347
      1.9800       0.0000
      3.8923      10.3802
      4.6714      10.3776
      5.0715      10.1593
      4.9790      10.3006
      4.6198      10.3863
      3.8593      10.1781
      2.5100       0.0000
      2.8923      10.9687
      2.9229      12.0895
      2.9052      12.9873
      2.9260      13.6654
      3.1420      14.1627
      3.2798      14.5345
      3.3284      14.8358
      3.5947      15.1548
      4.4854      15.5177
      2.7162      17.0260
      2.8261      16.6956
      2.9944      16.3347
      3.2403      15.9441
      3.5195      15.5293
      3.8413      15.1131
      4.2963      14.6740
      4.7449      14.2378
      5.2720      13.7050
      5.5017      13.5067
      5.4053      13.6798
      5.2087      13.7754
      5.1563      13.8305
      4.7049      13.7366
      4.1472      13.4438
      3.4874      12.9646
      3.0128      12.3964
      2.4464      11.9223
      1.9753      11.5908
      1.9986      11.4072
      1.9355      11.1578
      2.1640      10.9358
      2.5601      11.0926
      3.1888      11.7416
      3.6948      12.5447
      3.7140      13.3094
      3.7680      13.8323
      3.5141      14.0860
      3.2231      14.0682
      3.0992      13.7885
      3.1050      13.2616
      3.1860      12.4902
      3.3491      11.5636
      3.6520      10.8105
      4.1747      10.5751
      4.9651      10.2593
      5.2600       0.0000
      5.4240      10.2243
      5.2436      10.5718
      4.8611      10.5969
      4.1598      10.6752
      3.7940      11.3627
      3.6055      12.3466
      3.5222      13.2009
      3.4138      13.8908
      3.6529      14.4278
      3.8960      14.8493
      3.9163      15.1958
      4.2546      15.5431
      5.0190      15.9061
      2.9425      17.2639
      2.9949      16.9692
      3.1133      16.6142
      3.2623      16.2958
      3.4613      15.9596
      3.7079      15.6088
      4.1079      15.2524
      4.4950      14.9112
      4.7280      14.6328
      5.0623      14.4461
      5.2485      14.3458
      5.0680      14.2763
      5.1573      14.1469
      4.7788      13.8683
      4.1813      13.3754
      3.5607      12.6470
      3.0602      11.7553
      2.2632      10.9955
      2.2396      10.9441
      2.1866      10.9529
      2.4305      10.7194
      2.6940      10.5471
      3.1491      11.0222
      3.7449      11.8316
      4.4112      12.6537
      4.5474      13.4279
      4.6555      13.8773
      4.3754      14.0711
      4.0324      14.0142
      3.7952      13.7175
      3.7583      13.2396
      3.7953      12.6134
      3.9313      11.9612
      4.2083      11.4486
      4.6872      11.1100
      5.4720      10.7665
      5.9501      10.4175
      5.9917      10.6418
      5.8808      10.9430
      5.6216      11.1557
      4.8391      11.4517
      4.3306      12.0086
      3.8966      13.0418
      3.7642      13.8056
      3.5644      14.4687
      3.8184      15.0127
      4.2796      15.1491
      4.1330      15.8188
      4.3766      16.1315
      4.6574      16.4611
      3.1177      17.5523
      3.0497      17.1670
      3.0793      16.9016
      3.1378      16.6204
      3.2771      16.3269
      3.4651      16.0262
      3.6344      15.7269
      4.0515      15.4394
      4.2453      15.2030
      4.5893      15.0098
      4.7847      14.8479
      4.7869      14.6760
      4.8975      14.4290
      4.5878      14.0332
      4.0480      13.4208
      3.4950      12.5468
      2.6366      11.3603
      1.3600       0.0000
      2.2790      10.6754
      2.6505      10.7786
      2.9467      10.5077
      2.8400       0.0000
      3.7737      11.0012
      4.4150      11.9994
      5.0851      12.8217
      5.2418      13.5620
      5.4216      13.9287
      5.1561      14.0475
      4.8751      13.9313
      4.6493      13.5888
      4.5547      13.1170
      4.4855      12.5686
      4.5573      12.0815
      4.8519      11.7504
      5.2645      11.5313
      5.6959      11.3212
      6.0509      11.1465
      6.1498      11.0693
      5.9598      11.2307
      5.7271      11.5070
      5.3490      11.9278
      4.8419      12.5012
      4.2852      13.4957
      4.1119      14.1864
      3.8236      14.8067
      4.0800      15.3359
      4.2902      15.7792
      4.3545      16.1519
      4.5324      16.4703
      4.8555      16.7973
      3.0993      17.7411
      3.0742      17.5164
      3.0060      17.1389
      3.0033      16.8856
      3.0312      16.6227
      3.0963      16.3555
      3.2387      16.0751
      3.5316      15.8342
      3.7201      15.6126
      3.9990      15.4097
      4.1410      15.2111
      4.2251      14.9850
      4.4307      14.6839
      4.2197      14.2520
      3.8522      13.6390
      3.1164      12.7829
      3.0923      11.8823
      2.7123      11.2271
      2.6454      11.2580
      2.9378      11.3445
      3.3029      11.2042
      3.7317      11.1306
      4.4454      11.6089
      5.2078      12.3927
      5.7234      13.0699
      5.9038      13.7147
      6.1414      13.9703
      5.9612      13.9911
      5.7901      13.7875
      5.6095      13.3542
      5.4593      12.8079
      5.2872      12.2128
      5.2431      11.7811
      5.4736      11.6446
      5.7766      11.6460
      6.1934      11.5818
      6.5435      11.4051
      6.6774      11.1555
      6.4964      11.1849
      6.3357      11.5278
      5.8960      12.1131
      5.2879      12.7981
      4.5839      13.8446
      4.2974      14.5224
      3.9156      15.1231
      3.8959      15.6404
      3.8142      16.0799
      3.7868      16.4526
      3.7422      16.7705
      3.7744      17.0451
      3.0096      17.9902
      2.9904      17.6831
      2.8970      17.3230
      2.8031      17.0876
      2.7891      16.8432
      2.8439      16.5701
      2.9007      16.3324
      3.0453      16.1029
      3.1441      15.8841
      3.4195      15.6726
      3.5936      15.4560
      3.7257      15.2112
      3.6937      14.9055
      3.6198      14.5030
      2.8806      13.9319
      2.7443      13.3784
      2.7277      12.7861
      2.9565      12.3678
      3.0752      12.2414
      3.4047      12.2339
      3.6580      12.2109
      4.0649      12.2813
      4.5699      12.6276
      5.6783      12.9387
      6.2325      13.5605
      6.5652      13.8788
      7.0053      13.9916
      6.9877      13.8906
      6.8871      13.5765
      6.7733      13.0242
      6.5700      12.3462
      6.2389      11.5680
      6.0380      11.0386
      6.2177      11.1977
      6.5079      11.5143
      6.8284      11.6018
      7.0460      11.3896
      7.1639      10.9219
      6.9936      10.7283
      6.7315      11.2677
      6.2117      12.1300
      5.6413      12.9835
      4.8443      14.1192
      4.4181      14.8168
      3.9472      15.4146
      3.7171      15.9241
      3.5816      16.3571
      3.4489      16.7248
      3.3827      17.0374
      3.2761      17.3048
      2.7013      18.3307
      2.7489      17.8989
      2.6930      17.4534
      2.6043      17.2258
      2.5822      16.9884
      2.6225      16.7223
      2.6562      16.4867
      2.7265      16.2561
      2.8074      16.0325
      3.0242      15.8136
      3.1890      15.5913
      3.3074      15.3507
      3.3446      15.0718
      2.7174      14.6810
      2.4856      14.3568
      2.8048      13.9688
      3.1476      13.6364
      3.2687      13.3657
      3.4453      13.2027
      3.7820      13.1760
      3.9520      13.1861
      4.3907      13.2597
      4.7348      13.4779
      5.6939      13.8395
      6.3043      14.0529
      7.0842      14.0307
      7.9385      13.9822
      8.2590      13.7404
      8.4963      13.2894
      8.4198      12.6693
      8.1930      11.8789
      7.5663      10.9634
      3.2100       0.0000
      7.1934      10.7947
      7.3925      11.3895
      7.5039      11.5975
      7.6041      11.3878
      7.6582      10.7576
      9.0800       0.0000
      7.0078      11.1470
      6.4144      12.2552
      5.5186      13.5453
      4.9543      14.3944
      4.5165      15.1017
      4.1196      15.6934
      3.8412      16.1923
      3.6266      16.6147
      3.4566      16.9726
      3.2861      17.2759
      3.2566      17.5334
      2.5590      18.3970
      2.5073      18.2154
      2.4043      17.8546
      2.4714      17.4553
      2.5047      17.0338
      2.4549      16.7898
      2.4804      16.5442
      2.5308      16.3017
      2.5786      16.0660
      2.5980      15.8383
      2.7164      15.6159
      2.8040      15.3919
      2.1683      15.0905
      2.3224      14.8789
      2.3183      14.6859
      2.7069      14.4527
      3.1779      14.2904
      3.4276      14.1320
      3.6684      14.0060
      3.9959      13.9901
      4.1820      14.0039
      4.6610      14.0456
      4.9417      14.1690
      5.9309      14.3850
      6.6485      14.4187
      7.4397      14.3202
      8.7287      13.9389
      9.3282      13.5329
      9.8502      12.9550
     10.0345      12.2428
     10.0172      11.4683
      9.4809      10.8058
      9.0524      10.5102
      8.7193      10.9228
      8.5776      11.4710
      8.4080      11.7415
      8.2894      11.6499
      8.1765      11.2920
      7.8854      11.1213
      7.3533      11.7386
      6.7560      12.6764
      5.8441      13.9177
      5.2615      14.7275
      4.7902      15.4058
      4.3612      15.9735
      4.0362      16.4520
      3.7641      16.8571
      3.5352      17.2002
      3.3028      17.4903
      3.2074      17.7352
      2.5106      18.4234
      2.4587      18.2374
      2.3552      17.8726
      2.3156      17.6446
      2.2432      17.3985
      2.2451      17.0108
      2.3098      16.6132
      2.3233      16.3478
      2.3451      16.0898
      2.3939      15.7461
      2.4173      15.6201
      1.8747      15.2399
      2.0500      15.0977
      2.0039      15.0033
      2.3844      14.8948
      3.1656      14.8465
      3.4191      14.7602
      3.7179      14.6982
      4.0209      14.6208
      4.3241      14.6289
      4.5310      14.6431
      4.7394      14.7048
      5.5537      14.8287
      6.2996      14.8219
      7.0624      14.7188
      7.9894      14.4754
      9.5287      13.8791
     10.7756      13.3092
     11.6430      12.5503
     12.1220      11.6891
     12.3720      10.9139
     11.9918      10.5446
     11.2656      10.6537
     10.4050      11.1364
      9.8143      11.6801
      9.2917      12.0307
      8.8975      12.1250
      8.5440      12.0757
      8.1248      12.1695
      7.5694      12.6240
      6.9945      13.3166
      6.0767      14.4172
      5.4999      15.1235
      5.0000      15.7366
      4.5564      16.2604
      4.1919      16.7071
      3.9193      17.0876
      3.6623      17.4107
      3.4067      17.6839
      3.2523      17.9138
      2.7034      18.5795
      2.7185      18.2191
      2.5490      17.8440
      2.3241      17.5979
      2.1911      17.3287
      2.1703      16.9175
      2.1241      16.6171
      2.0876      16.3135
      2.1371      15.8983
      2.1178      15.6270
      2.1817      15.3925
      1.7162      15.0623
      1.6876      14.9993
      1.9917      14.9696
      2.7908      15.0223
      3.2421      15.0384
      3.6272      15.0624
      3.9268      15.0178
      4.3031      15.0656
      4.6217      15.1052
      4.8748      15.1260
      5.0226      15.1698
      5.8766      15.2581
      6.6217      15.1714
      7.4282      14.9710
      8.4508      14.6181
      9.9822      14.0710
     11.8600      13.1267
     13.0017      12.1619
     13.8082      11.0323
     14.4031      10.0827
     14.3120       9.8720
     13.2719      10.4313
     11.9648      11.2205
     10.9342      11.9088
     10.0676      12.3854
      9.4199      12.6556
      8.8503      12.8190
      8.3124      13.0475
      7.7535      13.4506
      7.1988      13.9889
      6.3055      14.9594
      5.7672      15.5490
      5.2623      16.0819
      4.8062      16.5504
      4.4325      16.9571
      4.1204      17.3072
      3.8379      17.6061
      3.5807      17.8592
      3.4143      18.0721
      2.9384      18.5330
      2.7298      18.3229
      2.5829      18.0762
      2.3559      17.5081
      2.1556      17.2079
      2.0515      16.8806
      2.0292      16.4175
      1.9753      16.0606
      1.9399      15.7093
      1.8977      15.3873
      1.2884      14.9641
      1.1657      14.7907
      1.4258      14.8559
      2.1981      14.8416
      2.6616      14.9559
      3.1016      15.0906
      3.6812      15.2231
      4.0641      15.2634
      4.4676      15.3727
      4.7865      15.4502
      4.9184      15.5342
      5.2448      15.4850
      6.1495      15.5985
      6.9109      15.4630
      7.7793      15.2031
      8.8735      14.7848
     10.4947      14.1667
     12.6802      13.1050
     14.0022      12.0206
     15.0919      10.6727
     17.1900       0.0000
     22.7500       0.0000
     14.7417      10.3063
     13.1220      11.3746
     11.7424      12.1952
     10.6518      12.7770
      9.8026      13.1710
      9.1148      13.4630
      8.4915      13.7672
      7.9327      14.1503
      7.1178      14.9771
      6.5469      15.4768
      6.0945      15.9673
      5.5956      16.4238
      5.1452      16.8352
      4.7508      17.1987
      4.4455      17.5150
      4.2011      17.7869
      3.9837      18.0180
      3.8679      18.2124
      3.1183      18.5208
      2.8973      18.3039
      2.7493      18.0463
      2.3243      17.5691
      2.1092      17.2390
      2.1067      16.6790
      2.0610      16.2277
      1.9371      15.8057
      1.8676      15.3777
      1.7922      14.9787
      1.7192      14.6631
      1.3102      14.3897
      1.3392      14.3976
      2.1159      14.5049
      2.6047      14.7563
      3.0618      15.0242
      3.7308      15.2722
      4.1627      15.4018
      4.6229      15.5759
      4.9868      15.6966
      5.1580      15.7678
      5.4975      15.7654
      6.4394      15.8792
      7.1424      15.7223
      8.0015      15.4391
      8.9910      15.0032
     10.3647      14.3836
     12.3450      13.5505
     14.0609      12.3198
     15.3212      11.1832
     16.3989      10.2764
     16.5881      10.1740
     15.3796      10.9083
     14.0084      11.8328
     12.5706      12.6208
     11.0749      13.2219
     10.0827      13.6693
      9.3464      14.0241
      8.7137      14.3647
      8.1815      14.7346
      7.4035      15.5184
      6.8711      15.9414
      6.4494      16.3564
      5.9603      16.7480
      5.5218      17.1066
      5.1053      17.4275
      4.8403      17.7095
      4.5893      17.9533
      4.3833      18.1612
      4.2504      18.3363
      3.1100      18.4456
      2.9439      18.2115
      2.8061      17.9319
      2.3681      17.6026
      2.0872      17.0629
      2.0127      16.6433
      1.8615      16.1704
      1.8449      15.4320
      1.7326      14.8846
      1.6370      14.3498
      1.5528      13.9193
      1.2311      13.6469
      1.3222      13.7457
      2.0628      14.0206
      2.5624      14.4482
      2.8387      14.9629
      3.5105      15.3528
      4.2073      15.4673
      4.7092      15.7074
      5.1477      15.8743
      5.3629      15.9776
      5.6949      15.9926
      6.6448      16.1221
      7.2950      15.9668
      8.0075      15.6908
      8.9644      15.2789
     10.1860      14.7160
     12.1474      13.9973
     13.8873      12.9519
     15.1470      12.1465
     16.1175      11.5864
     16.2867      11.4811
     15.1940      11.9048
     14.0430      12.5483
     12.7821      13.1849
     11.3399      13.7249
     10.5261      14.1640
      9.8380      14.5323
      9.2082      14.9919
      8.3122      15.7211
      7.8829      15.9815
      7.1710      16.3505
      6.7051      16.7085
      6.3198      17.0470
      5.9215      17.3589
      5.5703      17.6401
      5.5063      17.8887
      5.3031      18.1048
      5.1150      18.2895
      5.0966      18.4453
      3.2208      18.3647
      3.0194      18.1148
      2.8800      17.8150
      2.4082      17.4597
      2.1065      16.8907
      1.9870      16.4222
      1.8343      15.8801
      1.6171      15.2550
      1.5573      14.4342
      1.4513      13.7023
      1.3290      13.0662
      1.1113      12.7411
      1.2359      12.9795
      1.5042      13.5524
      2.1065      14.3042
      2.5381      14.9376
      3.1687      15.4686
      3.6645      15.8917
      4.3811      15.9792
      4.8815      16.1971
      5.3274      16.1471
      6.0832      16.3744
      6.6831      16.3424
      7.3593      16.2057
      8.0321      15.9587
      8.8845      15.5972
     10.0023      15.1214
     11.3521      14.5453
     12.8760      13.9139
     14.5378      13.1418
     15.6647      12.7780
     15.8710      12.7157
     15.4070      12.9180
     14.3092      13.3436
     13.1495      13.8172
     11.8603      14.2629
     11.0667      14.6576
     10.4206      15.1328
      9.8400      15.4566
      8.8523      16.1647
      8.1805      16.4754
      7.4498      16.7737
      6.9222      17.0235
      6.6203      17.3178
      6.3115      17.5891
      6.1004      17.8343
      6.0498      18.0517
      5.9731      18.2412
      5.8246      18.4035
      5.6685      18.6337
      2.8538      18.3813
      2.8871      18.0148
      2.7558      17.7058
      2.4280      17.3383
      2.2159      16.9040
      1.9885      16.2554
      1.8405      15.6437
      1.5420      14.9671
      1.3744      14.1338
      1.3006      13.0828
      1.1367      12.1356
      0.9939      11.6209
      1.1042      12.1524
      1.3443      13.1160
      2.0584      13.9876
      2.4682      14.7770
      3.0107      15.4125
      3.5014      15.9084
      4.0095      16.2822
      4.7407      16.3070
      5.1814      16.2960
      5.9894      16.5593
      6.5918      16.5501
      7.2452      16.4422
      7.9042      16.2362
      8.7016      15.9363
      9.7151      15.5526
     10.8988      15.1075
     12.4125      14.6438
     14.2257      14.0306
     15.4593      13.7822
     16.1155      13.7262
     15.8415      13.8224
     14.8347      14.1046
     13.6609      14.4493
     12.4379      14.8037
     11.2344      15.2636
     10.7988      15.5829
      9.9010      16.2555
      9.4611      16.5564
      8.7648      16.8381
      8.0543      17.1035
      7.4553      17.3529
      8.1475      17.5849
      7.7446      17.7981
      7.8188      17.9911
      7.9078      18.1631
      8.0974      18.3140
      6.7873      18.5984
      6.8221      18.7258
      2.6866      18.3353
      2.8190      17.9517
      2.7584      17.6344
      2.5685      17.2571
      2.4500      16.8107
      2.2580      16.1504
      2.1438      15.5384
      1.8036      14.8008
      1.5503      13.9072
      1.3316      12.8429
      1.1324      11.5657
      0.4000       0.0000
      1.1599      11.6317
      1.3982      12.8582
      1.7004      13.9218
      2.4668      14.7268
      2.8826      15.4157
      3.3462      15.9522
      3.8421      16.3595
      4.3585      16.6528
      5.5202      16.8921
      5.9432      16.8144
      6.4773      16.7513
      7.0857      16.6761
      7.6874      16.5150
      8.3559      16.2769
      9.3425      15.9765
     10.3833      15.6376
     12.0344      15.2956
     13.5639      14.9963
     15.9143      14.6096
     16.8021      14.5602
     16.7276      14.5966
     15.7342      14.7896
     14.6094      15.0432
     12.7972      15.4395
     11.6226      15.7269
     11.5788      16.0058
     10.6119      16.6348
     10.2802      16.9064
      9.6546      17.1592
      9.1170      17.3946
      8.0432      17.6130
      8.9932      17.8141
      8.6706      17.9974
      8.8108      18.1623
      8.7265      18.3086
      8.6393      18.6336
      7.4246      18.7296
      7.5118      18.8081
   -999.0000    -999.0000
      2.8707      18.0262
      3.0282      17.5922
      3.3555      17.2164
      3.5276      16.7742
      3.2420      16.2543
      3.0032      15.5299
      2.5019      14.8210
      1.8826      13.9826
      1.4076      13.0276
      1.1038      12.0701
      0.9419      11.5818
      1.2140      12.0957
      1.4475      13.0906
      1.7460      14.0633
      2.4972      14.8312
      2.8877      15.5073
      3.2970      16.0450
      4.1342      16.7221
      4.6549      17.0590
      5.1563      17.2889
      5.7693      16.9869
      6.3078      17.0280
      6.8569      16.9060
      7.4203      16.7879
      8.0657      16.6058
      9.0157      16.3755
     10.2576      16.1188
     12.1402      15.8636
     13.6490      15.6416
     16.5207      15.2955
     17.5115      15.2525
     18.1627      15.3014
     17.1202      15.4993
     16.1743      15.6957
     14.1770      15.9217
     13.0767      16.1598
     12.0866      16.7221
     11.2649      16.9794
     10.8828      17.2202
     10.4332      17.4441
     10.0879      17.6513
      8.5987      17.8418
      9.5589      18.0157
      9.5969      18.1729
      9.4076      18.3857
      8.7341      18.6442
      9.0425      18.7378
      7.9399      18.8149
      7.5796      18.8770
   -999.0000    -999.0000
   -999.0000    -999.0000
   -999.0000    -999.0000
      3.6144      17.2200
      3.9110      16.7973
      3.6114      16.3083
      3.3906      15.7443
      2.8357      15.0091
      2.1100      14.3063
      1.5328      13.5752
      1.1741      12.9555
      0.9100      12.7065
      1.1306      13.0478
      1.3187      13.7294
      1.7590      14.4287
      2.1229      15.1441
      3.2146      15.8961
      3.6390      16.4338
      4.0635      16.8661
      4.5272      17.1977
      4.9911      17.4320
      5.4734      17.5725
      5.8817      17.3592
      6.6246      17.2073
      7.1329      17.0496
      7.7127      16.9154
      8.7349      16.7422
     10.1249      16.5486
     12.3573      16.3563
     14.1036      16.1882
     17.1950      16.0645
     18.8157      15.9082
     19.5131      16.0049
     18.3787      16.1138
     17.1962      16.2667
     14.7154      16.4483
     12.8425      16.9392
     12.1528      17.1711
     11.3649      17.2905
     11.0135      17.6014
     10.5744      17.7941
     10.5881      17.9707
      8.8987      18.1311
     10.1315      18.2755
      9.9646      18.5509
      9.8959      18.6580
      9.2022      18.7489
      9.6135      18.8242
      8.2557      18.8852
      7.3442      19.0301
   -999.0000    -999.0000
   -999.0000    -999.0000
   -999.0000    -999.0000
   -999.0000    -999.0000
      4.5476      16.8456
      4.2570      16.4117
      4.0290      15.9280
      3.4264      15.3994
      2.4988      14.7667
      1.7239      14.2344
      1.3944      13.8933
      1.1117      13.7867
      1.3648      14.0551
      1.5811      14.5588
      1.9010      15.1788
      2.2813      15.8034
      3.2433      16.1576
      3.6401      16.6375
      4.0330      17.0359
      4.4517      17.3502
      4.8429      17.5802
      5.2591      17.7271
      5.5978      17.5466
      6.1117      17.5610
      6.6316      17.5169
      7.4100      17.2767
      8.3664      17.0742
     10.0456      16.9291
     11.8934      16.7836
     13.5514      16.7299
     17.2511      16.6327
     19.0501      16.5452
     20.3301      16.4897
     19.7363      16.5728
     18.5047      16.6928
     14.7378      17.0845
     12.9554      17.2805
     12.0562      17.4768
     11.0847      17.6667
     11.1816      17.8461
     11.2710      18.0125
     11.5814      18.1648
      9.3260      18.4503
     11.0549      18.5695
     11.2103      18.6729
     11.0050      18.7610
     10.1483      18.8344
     10.4881      18.9506
      8.6534      18.9942
      7.5428      19.0621
