SASIM Realizations
1
value
  13.570
   5.090
   0.541
   3.309
   4.900
   3.336
   0.928
   0.934
   4.582
   0.184
   1.380
   5.196
   1.369
   1.816
   2.752
   2.337
   1.801
   0.834
   3.502
   0.572
   0.275
   5.097
   0.299
   5.105
   5.215
   5.545
  13.767
   0.198
   0.067
   0.081
   7.583
   8.364
  21.077
  14.045
   3.359
   4.696
  10.256
   5.693
   6.324
  13.731
   8.705
   8.575
   0.110
   9.080
   7.966
  10.997
   9.049
   4.011
   0.280
   5.106
   5.083
   0.060
   0.096
   0.273
   3.340
   5.540
   0.129
   1.877
   0.190
   2.338
   1.816
   1.955
   0.160
   1.905
   0.213
   1.893
   1.380
   0.962
   5.106
   4.905
   0.938
   0.406
   1.008
   2.972
   8.502
   0.173
   0.842
   0.169
  10.232
   7.131
   4.977
   0.762
   0.884
  10.272
   0.274
   5.194
   5.491
  15.770
  18.700
   9.057
   7.773
   4.901
   0.214
   3.535
  10.229
   8.876
   5.093
  11.066
   7.598
   1.369
   3.715
   5.122
  10.229
   3.334
   0.107
   5.224
   0.280
   1.210
   1.343
   0.280
   2.151
   0.340
   0.090
   0.191
   0.955
   0.160
   0.352
   0.310
   0.100
   9.014
   4.520
   0.905
   3.602
   4.844
   0.296
   1.195
   0.065
   0.340
   2.151
   5.032
   0.218
   0.990
   1.012
   3.340
   5.540
   7.464
   5.109
   9.026
   9.518
   5.273
  10.238
   3.305
   0.280
   3.237
   3.348
   9.244
   8.532
  10.257
   3.619
   0.060
   5.078
   0.221
   3.881
   5.149
   1.818
   7.892
   1.015
   2.287
   1.718
   0.665
   0.280
   2.331
   1.002
   0.186
   0.961
   1.394
   0.101
   3.421
   9.080
  17.138
   8.112
   3.693
   6.327
   0.523
   0.802
   1.963
   2.756
   1.258
   2.757
   1.361
   2.751
   0.463
   2.759
   1.817
   0.293
   0.838
   3.271
   3.497
   3.350
  10.213
   0.160
   4.919
   9.097
   8.007
   0.248
   3.484
   9.391
   3.535
   9.065
   3.516
   3.569
   0.128
   5.540
   3.341
   0.313
   2.486
   1.701
   0.236
   2.130
   0.902
   0.775
   0.081
   1.361
   1.353
   0.931
   0.110
   4.146
  17.590
  15.770
  22.441
   3.960
  10.235
   9.270
   9.080
   1.105
   0.558
   0.990
   0.315
   1.691
   2.758
   2.302
   1.131
   0.853
   0.160
   0.630
   0.969
   3.338
   3.804
   7.234
   0.294
   3.436
   1.210
   0.966
   1.299
   1.811
   0.991
   3.698
  10.245
   7.932
   9.128
   3.339
   1.025
   7.977
   1.813
   0.868
   0.726
   1.076
   2.748
   1.716
   0.931
   0.334
   1.849
   2.210
   1.003
   0.191
   0.160
   0.354
   0.102
  14.109
  56.485
  16.232
   0.100
  14.622
   0.454
   4.276
   0.953
   0.912
   0.091
   2.171
   0.997
   0.883
   1.795
   2.369
   0.201
   2.281
   1.379
   0.190
   0.484
   6.948
   6.448
   0.920
   1.891
   0.887
   0.882
   2.700
   0.099
   4.737
   4.592
   5.540
   0.667
   1.053
   0.997
   2.750
   1.107
   1.325
   2.331
   1.015
   1.938
   2.754
   2.544
   2.750
   2.758
   2.330
   0.612
   0.120
   1.980
   1.102
   8.462
   7.603
   5.540
   0.338
   0.289
   0.699
   3.554
   1.228
   2.759
   1.210
   2.330
   2.473
   1.735
   1.919
   2.498
   1.961
   0.219
   1.210
   1.961
   0.671
   0.191
   2.263
  10.246
   0.118
   0.110
   0.936
   0.922
   0.189
   0.993
   3.567
   2.993
   5.540
  11.076
   0.093
   0.520
   2.763
   0.206
   1.177
   0.167
   0.060
   1.102
   1.011
   1.792
   0.100
   0.173
   0.104
   0.302
   1.922
   1.366
   0.340
   8.970
   9.323
  10.273
   4.223
   5.271
   9.287
   0.188
   0.930
   0.340
   0.190
   0.090
   2.754
   0.390
   2.595
   0.090
   1.124
   1.377
   0.437
   0.100
   0.241
   0.245
   0.103
   0.090
   1.370
   1.706
   1.105
   0.218
   2.145
   1.808
   0.060
   3.550
   0.100
   0.642
   0.949
   3.795
   1.897
   1.742
   2.168
   0.247
   0.275
   1.134
   1.348
   1.371
   1.680
   0.913
   0.662
   2.213
   0.316
   5.096
   5.247
   1.014
  10.471
   4.918
   1.163
   0.090
   0.803
   0.163
   0.716
   0.661
   0.862
   0.339
   2.313
   2.164
   1.380
   0.126
   0.738
   0.190
   2.745
   1.705
   0.796
   0.142
   0.218
   1.362
   0.253
   0.090
   2.751
   0.338
   1.002
   1.479
   0.190
   0.104
   0.237
   3.316
   9.160
   1.018
   1.879
   0.904
   0.326
   1.003
   2.747
   2.760
   2.758
   2.456
   1.748
   0.917
   0.903
   0.257
   6.393
   0.933
   0.990
   9.406
  13.929
   4.906
   3.746
   0.811
   0.930
   2.332
   0.329
   0.909
   0.800
   0.184
   1.062
   1.371
   0.730
   0.332
   2.759
   2.759
   0.347
   0.586
   0.168
   1.127
   0.326
   1.042
   0.102
   2.758
   0.589
   0.222
   1.824
   1.996
   0.805
   2.142
   0.890
   1.003
   0.103
   0.190
   0.341
   0.103
   0.990
   0.110
   0.641
   1.126
   0.100
   0.124
   0.292
   0.334
   0.994
   0.191
   9.027
   3.340
  14.245
  21.236
  11.361
   4.924
   0.115
   1.225
   0.922
   0.222
   1.829
   1.315
   0.082
   2.662
   0.874
   0.355
   0.622
   0.940
   0.337
   1.348
   0.090
   0.101
   0.955
   0.090
   0.700
   1.914
   1.680
   2.141
   1.350
   1.870
   0.061
   0.090
   0.355
   0.161
   1.445
   6.434
   5.011
   0.321
   0.210
   2.433
   0.060
   0.208
   0.100
   2.504
   1.663
   0.928
   0.297
   0.340
   1.043
   3.783
   8.463
   0.190
   0.990
  22.564
  18.679
   1.278
   4.184
   0.593
   0.063
   0.709
   0.728
   0.961
   0.791
   1.375
   0.090
   2.325
   2.144
   1.308
   0.319
   1.848
   0.311
   1.960
   0.078
   0.090
   1.816
   0.377
   2.406
   0.161
   0.990
   1.115
   2.749
   1.094
   2.206
   0.167
   0.334
   2.757
   0.160
   5.540
   0.221
   0.171
   2.759
   0.340
   0.833
   0.340
   0.446
   0.090
   0.340
   0.888
   0.187
   1.749
   3.862
   6.440
   8.238
   3.346
  17.092
   7.557
   0.314
   0.315
   0.188
   0.211
   0.163
   0.330
   0.289
   0.100
   0.935
   0.816
   0.280
   0.340
   0.923
   1.341
   8.626
   0.677
   2.747
   0.354
   2.147
   0.765
   0.555
   0.097
   0.530
   1.795
   2.758
   1.816
   2.664
   0.280
   0.946
   0.116
   4.118
   0.090
   1.171
   1.162
   0.225
   0.588
   0.120
   0.320
   0.602
   0.160
   0.452
   0.305
   1.751
   0.316
   0.292
   1.818
   1.060
   1.689
   1.708
   0.160
   0.854
   0.340
   5.222
   7.877
   1.703
   6.416
   0.182
   1.356
   0.446
  17.678
  20.646
  18.727
   3.467
   0.622
   1.105
   1.378
   2.755
   0.799
   1.105
   1.795
   2.544
   2.478
   0.694
   2.763
   0.178
   2.757
   2.760
   1.962
   0.353
   9.021
   0.119
   0.757
   0.080
   2.192
   0.876
   0.271
   2.493
   1.345
   0.394
   0.110
   2.476
   0.635
   0.579
   1.126
   1.341
   1.942
   0.429
   1.825
   0.665
   0.249
   0.303
   0.672
   2.757
   1.106
   1.226
   0.228
   0.161
   3.678
  19.177
  14.350
  18.745
  18.693
   0.323
   0.302
   0.340
   1.676
   1.961
   0.452
   0.405
   0.924
   1.309
   0.265
   0.658
   0.528
   2.745
   0.228
   0.837
   0.247
   0.100
   8.947
   4.027
   5.219
   4.856
   0.313
   2.283
   0.316
   0.625
   0.803
   0.160
   0.652
   2.760
   0.353
   2.339
   0.255
   0.168
   0.294
   2.151
   0.207
   0.457
   1.798
   0.705
   1.954
   1.968
   0.471
   0.074
   2.186
   3.464
   7.600
  21.482
  45.982
   4.943
  13.098
   2.517
   1.030
   0.917
   1.019
   2.142
   0.090
   0.225
   0.799
   1.210
  10.743
   1.677
   0.655
   0.990
   0.422
   0.218
   0.613
   9.275
   0.166
   7.784
   6.222
   0.340
   1.477
   0.321
   0.452
   1.104
   0.125
   0.090
   0.994
   2.096
   0.684
   1.676
   2.141
   0.185
   0.941
   1.720
   0.828
   0.267
   0.285
   0.494
   0.706
   0.621
   1.611
   5.371
   3.996
   1.787
   5.540
   3.122
  19.106
   0.354
   0.948
   3.344
   0.354
   2.758
   1.141
   1.861
   0.125
   2.752
   2.772
   0.333
   0.673
   0.280
   0.774
   0.208
   3.442
   3.339
   4.895
  21.203
  13.833
   0.791
   3.343
   5.465
   1.380
   0.937
   1.352
   2.759
   2.750
   0.091
   2.745
   1.691
   2.332
   2.146
   2.776
   0.792
   0.162
   0.266
   0.817
   1.781
   1.373
   0.425
   1.283
   0.340
   0.314
   0.276
   1.365
   1.210
   2.369
   0.100
   0.820
   0.278
   0.810
   0.635
   2.496
   2.744
   1.685
   1.927
   0.417
   0.063
   0.402
   0.160
   0.932
   1.497
   2.330
   0.842
   0.632
   4.368
  15.371
  21.773
  22.076
   0.315
   4.877
   1.108
   1.290
   2.329
   1.745
   0.862
   1.368
   1.329
   0.194
   1.109
   2.769
   2.756
   2.257
   2.060
   1.404
   0.160
   0.319
   1.369
   0.070
   2.262
   1.126
   0.395
   0.858
   0.355
   0.963
   0.827
   4.903
   0.334
   0.169
   2.326
   2.155
   0.942
   0.837
   0.171
   0.990
   2.452
   0.652
   0.161
   1.013
   0.330
   0.090
   1.103
   1.486
   0.939
   0.109
   4.909
   0.630
  19.078
   9.049
  13.869
  10.080
   0.069
   0.802
   2.759
   1.356
   0.351
   2.744
   0.233
   0.992
   0.317
   0.667
   0.825
   0.100
   2.758
   0.535
   2.115
   0.668
   1.397
   2.195
   0.089
   1.142
   0.190
   6.399
   0.201
   0.280
   2.504
   1.807
   1.022
   0.340
   1.287
   0.171
   1.000
   2.194
   2.202
   1.957
   0.120
   1.448
   0.412
   2.295
   0.409
   1.380
   0.929
   0.152
   1.240
   0.241
   7.593
   7.679
  20.602
  12.117
   7.935
   4.664
   1.210
   0.219
   9.243
   0.340
   0.358
   0.297
   0.209
   0.166
   1.662
   0.476
   0.551
   1.933
   0.662
   0.280
   0.100
   1.864
   1.055
   0.193
   0.824
   0.330
   0.190
   1.058
   0.160
   2.756
   0.801
   1.210
   0.120
   1.687
   1.814
   2.756
   1.363
   2.316
   0.060
   1.817
   0.060
   0.951
   1.215
   0.209
   1.782
   0.740
   0.589
   1.231
   0.938
   1.332
   0.340
  13.075
   0.340
   8.916
  16.815
  10.222
   0.322
   3.341
   5.102
   2.744
   2.747
   2.575
   0.223
   2.750
   0.923
   1.956
   1.104
   0.409
   2.452
   2.747
   1.367
   0.367
   0.184
   0.595
   0.246
   1.957
   2.769
   0.349
   1.965
   0.084
   2.505
   0.082
   1.827
   0.803
   0.228
   0.324
   0.090
   2.014
   0.170
   0.410
   0.987
   2.114
   0.060
   2.758
   2.759
   0.292
   1.704
   2.334
   0.990
   0.990
   3.609
   3.811
   0.166
   4.898
   3.644
  13.057
   0.167
   0.178
   9.156
   1.250
   1.237
   0.254
   2.758
   5.135
   0.452
   0.187
  10.841
   2.742
   1.941
   0.358
   0.190
   2.757
   0.718
   0.484
   1.846
   0.926
   2.743
  10.135
   2.760
   2.331
   1.348
   0.660
   0.838
   2.756
   0.662
   2.749
   0.256
   0.166
   1.652
   2.330
   0.287
   0.161
   0.378
   0.834
   0.352
   0.383
   0.185
   0.220
   0.257
   4.892
   0.110
   5.162
   5.086
   3.665
   9.080
   7.937
   5.012
   0.244
   0.310
   2.012
   1.379
   0.110
   1.731
   2.319
   2.483
   1.352
   1.367
   0.923
   0.102
   0.065
   0.763
   2.744
   1.092
   0.237
   0.911
   0.990
   1.316
   0.060
   2.163
   0.217
   0.251
   0.187
   2.756
   2.751
   2.651
   9.947
   1.380
   8.620
   2.196
   0.236
   0.084
   0.312
   0.411
   2.330
   1.101
   5.114
   0.340
   8.345
   0.325
   9.019
   3.335
   3.698
   3.521
   3.441
   3.347
   5.109
   0.291
   0.795
   0.416
   1.380
   1.852
   2.768
   0.326
   0.064
   0.187
   0.750
   1.015
   0.414
   0.101
   2.529
   1.397
   0.660
   0.340
   0.062
   0.626
   0.445
   1.740
   0.164
   1.151
   0.827
   1.380
   2.753
   1.702
   1.348
   1.107
   1.626
   0.916
   0.357
   1.218
   0.803
   0.915
   4.027
   0.540
   1.017
   0.103
   1.008
   0.090
   4.607
  12.683
   0.298
  11.076
   0.061
   3.335
   8.013
   3.334
   0.161
   3.349
   1.297
   0.976
   1.343
   0.316
   0.664
   0.945
   0.060
   1.343
   1.906
   0.060
   0.102
   1.811
   0.340
   0.825
   1.380
   1.972
   0.652
   1.215
   0.455
   0.913
   0.340
   0.340
   2.777
   0.966
   0.452
   0.090
   1.273
   2.150
   1.210
   1.363
   0.280
   1.320
   1.877
   1.919
   1.363
   0.943
   5.825
   0.191
   8.202
   3.597
  17.583
  14.947
   3.568
   4.340
   5.283
   3.574
  13.052
   3.528
   1.362
   3.549
   2.257
   0.689
   0.066
   0.101
   0.896
   1.356
   1.391
   0.184
   1.906
   1.472
   1.979
   2.150
   1.852
   1.347
   1.380
   1.216
   2.523
   0.526
   0.819
   0.932
   0.895
   2.001
   2.543
   2.754
   0.340
   1.707
   0.917
   0.355
   2.277
   0.254
   0.659
   1.372
   1.001
   2.759
   0.937
   2.308
   3.347
   0.837
  18.390
  18.726
  12.981
   8.437
   1.166
   0.231
   5.023
   4.677
   9.273
   5.289
   5.217
   3.794
   0.641
   2.481
   0.098
   0.990
   0.312
   0.101
   0.111
   0.256
   0.628
   0.231
   1.798
   0.178
   0.100
   0.410
   1.787
   1.975
   0.289
   1.867
   1.801
   0.656
   0.844
   0.340
   2.759
   0.626
   0.515
   0.981
   0.948
   0.107
   0.190
   0.458
   9.080
   0.090
   2.752
   1.186
   0.324
   1.254
   0.090
   4.011
  20.135
  15.770
   0.090
   0.276
   0.929
   0.123
   5.904
   9.373
   3.732
   4.669
   0.060
   1.231
   1.229
   2.744
   0.340
   0.149
   2.759
   1.269
   0.595
   1.380
   0.102
   0.415
   0.169
   2.758
   1.725
   2.757
   2.330
   1.695
   1.973
   0.720
   1.104
   0.328
   2.479
   0.268
   2.330
   2.744
   0.237
   0.840
   1.109
   0.099
   0.163
   0.073
   0.100
   0.060
   1.210
   1.038
   5.371
   0.280
  10.080
   0.190
   8.165
  10.269
   1.780
   0.160
   0.240
   3.384
   0.685
   5.540
   5.322
   0.875
   2.752
   1.300
   1.789
   0.100
   0.750
   0.819
   0.187
   0.933
   0.461
   0.870
   0.110
   1.372
   1.818
   1.276
   0.340
   0.280
   0.063
   2.144
   0.190
   0.201
   0.185
   0.630
   0.457
   0.782
   0.280
   0.934
   1.669
   0.986
   0.099
   0.919
   1.820
   0.470
   1.112
   0.517
   0.942
   0.992
   0.793
   0.105
   0.990
   0.672
   4.968
   7.939
   3.591
   1.029
   2.191
   0.174
   3.516
   4.840
   0.214
   1.010
   1.007
   0.906
   0.274
   0.645
   2.744
   0.171
   2.325
   0.290
   2.179
   0.263
   1.396
   1.245
   0.060
   0.168
   0.266
   1.322
   2.756
   0.660
   9.140
   0.235
   1.833
   2.746
   0.171
   1.016
   0.099
   1.960
   0.235
   1.291
   0.985
   0.199
   0.275
   1.829
   0.117
   1.210
   2.753
   0.160
   2.749
   0.913
   0.172
   4.964
   4.899
   4.894
   0.649
   0.952
   2.759
   0.871
   5.193
   4.501
   4.914
   0.161
   0.920
   2.535
   1.798
   1.364
   1.210
   2.148
   2.746
   0.340
   1.913
   0.315
   0.071
   1.359
   1.380
   0.838
   0.959
   0.187
   2.741
   1.036
   0.960
   3.760
   1.815
   1.153
   1.380
   2.527
   1.260
   2.757
   1.104
   2.330
   2.214
   1.637
   1.000
   0.338
   1.816
   2.500
   0.068
   2.746
   5.125
   2.758
   3.350
   0.882
   0.296
   2.773
   0.396
   0.192
   0.340
   1.979
   0.359
   0.646
   8.978
   0.355
   1.962
   0.452
   1.966
   0.453
   2.759
   0.234
   2.758
   0.339
   0.080
   2.746
   0.313
   2.757
   0.943
   1.784
   1.264
   1.786
   0.544
   1.786
   3.583
   1.361
   0.460
   2.756
   1.894
   1.953
   2.049
   0.619
   0.190
   2.476
   1.018
   1.348
   0.100
   1.469
   1.838
   1.707
   0.436
   1.887
   2.759
   6.449
  10.591
   0.074
   3.184
   0.159
   0.345
   1.681
   1.906
   1.380
   1.081
   5.299
   4.614
   0.927
   0.720
   2.330
   1.812
   0.764
   0.223
   0.926
   0.991
   1.228
   0.792
   0.060
   2.758
   0.892
   0.990
   2.330
   1.989
   0.103
   0.090
   8.875
  12.864
   4.990
   5.218
   0.597
   0.324
   0.936
   2.330
   0.327
   1.368
   0.064
   1.012
   0.810
   3.586
  11.069
   5.229
   3.821
   0.079
   0.159
   1.854
   5.092
   3.630
   4.911
   0.160
   0.918
   0.998
   0.460
   0.190
   0.319
   3.304
   1.709
   4.900
   8.300
   1.371
   0.327
   0.998
   1.370
   0.453
   0.834
   0.459
   0.915
   0.060
   0.795
   1.899
   0.065
   1.314
   2.745
   1.962
   0.067
   3.412
   0.192
  14.906
   5.189
   1.068
   0.999
   0.816
   0.214
   1.913
   0.830
   0.738
   2.757
   8.342
  10.240
   0.190
   0.100
   5.031
   0.325
  10.822
   2.335
   0.090
   0.340
   3.346
   4.964
   4.953
   0.668
   0.061
   0.060
   0.936
   0.992
   8.339
   1.677
   0.103
   4.012
   0.127
   0.333
   0.934
   2.003
   0.398
   0.271
   0.599
   0.273
   1.011
   0.960
   0.291
   0.090
   2.325
   2.281
   0.271
   1.306
   5.505
   6.522
   0.100
   3.630
  10.254
  11.304
   0.679
   1.961
   2.524
   0.241
   1.832
   1.703
   0.966
   3.575
   0.994
   5.050
   0.280
   4.209
   2.042
   1.052
   0.072
   0.340
   1.055
   5.540
   4.817
   0.442
   0.160
   8.929
   3.472
   7.920
   7.934
   9.150
   0.907
   0.060
   0.166
   0.332
   2.445
   2.753
   0.453
   2.479
   1.108
   1.220
   0.397
   0.420
   1.707
   0.288
   0.540
   0.930
   2.305
   0.958
   3.516
   4.421
   4.721
  10.221
   6.483
  12.164
   1.472
   0.220
   0.578
   0.161
   0.164
   0.248
   1.700
   3.617
   9.326
   3.475
   9.317
   1.975
   0.103
   0.280
   0.340
   0.458
   5.307
  10.239
   5.618
  10.244
   3.674
   0.600
   0.101
   5.446
   1.702
   0.699
   0.312
   0.905
   0.133
   0.114
   0.837
   1.376
   1.814
   2.150
   2.337
   2.333
   0.815
   0.340
   0.524
   0.149
   2.759
   1.228
   0.988
   0.833
   0.570
   0.332
   0.060
   1.014
   2.747
   0.991
   2.741
   0.481
   0.350
   0.356
   0.958
   1.444
   0.064
   0.656
   1.603
   3.630
   5.260
   0.178
   0.191
   0.817
   0.688
   0.215
   0.925
   1.484
  15.153
   2.310
   0.996
   0.951
   2.756
   3.335
   1.095
   4.178
   0.091
   7.936
   2.758
   0.327
   0.694
   0.146
   0.916
   0.221
   0.845
   1.264
   2.167
   2.759
   0.536
   0.444
   1.380
   0.229
   0.891
   0.100
   0.777
   2.204
   1.798
   1.777
   0.310
   0.933
   2.337
   0.100
   0.196
   1.953
   1.500
   1.380
   0.066
   1.188
   3.511
   3.458
   5.134
   3.618
   0.910
   1.379
   1.801
   8.511
   1.972
   0.257
   1.792
   1.350
   0.911
   1.665
   0.556
   0.072
   1.701
  11.104
   0.166
   3.216
   1.345
   0.280
   1.387
   0.634
   0.065
   0.959
   0.460
   0.675
   0.908
   0.457
   0.957
   0.830
   0.062
   0.106
   0.280
   0.459
   0.319
   1.289
   9.080
   0.078
   2.431
   2.536
   0.925
   0.807
   0.060
   0.945
   0.927
   0.098
   0.459
   0.939
   1.768
   5.106
   5.299
   0.983
   0.117
   0.280
   0.242
   1.662
   0.838
   0.280
   1.210
   0.090
   2.052
   0.685
   0.993
   1.813
   0.340
   1.015
   7.926
   1.937
   9.094
   0.535
   2.742
   0.171
   0.165
   0.340
   0.178
   1.941
   0.990
   1.374
   0.272
   0.932
   0.100
   1.233
   1.351
   2.332
   0.577
   1.349
   0.113
   2.759
   0.990
   0.162
   2.745
   1.354
   0.090
   1.138
   0.130
   0.100
   1.354
   0.284
   0.353
   3.170
   3.345
   5.063
   0.090
   1.372
   1.876
   0.822
   2.752
   1.312
   1.679
   0.319
   1.364
   0.671
   2.384
   2.744
   0.064
   7.924
   5.333
   0.110
   0.340
   1.210
   1.210
   2.777
   0.064
   0.060
   0.805
   0.260
   0.836
   3.865
   2.760
   9.307
   0.856
   1.369
   0.078
   0.844
   0.937
   1.851
   0.548
   1.249
   0.192
   0.293
   0.075
   1.904
   1.380
   0.947
   1.210
   0.335
   0.544
   0.449
   0.118
   1.210
   4.824
   0.100
   3.548
   1.669
   0.243
   0.160
   0.798
   2.746
   2.336
   0.577
   1.184
   0.109
   0.840
   1.103
   4.415
   1.705
   0.060
   0.170
   4.797
   8.943
   1.336
   0.340
   1.329
   0.349
   1.936
   1.346
   1.210
   0.647
   3.516
   0.657
   0.090
   0.340
   0.998
   0.060
   2.755
   0.060
   0.919
   0.110
   0.312
   0.683
   1.792
   1.882
   2.757
   2.759
   0.238
   0.177
   2.758
   0.250
   0.456
  10.247
   1.047
   7.743
   9.007
   0.296
   0.780
   1.210
   0.334
   2.759
   0.928
   1.754
   0.190
   0.455
   1.217
   0.110
   0.103
   3.508
   0.071
   3.523
   0.313
   0.745
   0.806
   1.930
   0.110
   2.194
   1.900
   2.759
   1.210
   0.077
   7.813
   0.332
   5.540
   4.288
   1.820
   1.907
   2.615
   0.662
   1.852
   0.190
   0.719
   0.993
   1.314
   0.096
   0.994
   0.099
   0.804
   1.813
   0.280
   2.759
   0.912
   2.135
   2.743
   4.113
   1.924
   2.198
   0.060
   2.103
   1.708
   2.759
   1.827
   2.760
   0.261
   1.351
   0.110
   2.040
   0.478
   0.324
   3.377
   1.378
   0.060
   0.160
   1.860
   2.756
   1.981
   1.235
   2.748
   1.808
   0.531
   9.353
   7.925
   2.968
   0.319
   1.835
   0.353
   0.961
   0.063
   1.736
   0.166
   1.716
   0.952
   2.545
   1.912
   1.197
   0.702
   0.663
   0.323
   2.216
   0.688
   4.760
   0.589
   0.232
   0.820
   2.534
   0.186
   0.990
   9.067
   0.316
   1.481
   1.001
   2.040
   2.752
   2.330
   0.551
   0.144
   1.366
   0.100
   8.465
   3.350
   7.578
   0.190
   0.694
   0.966
   1.210
   0.936
   1.367
   0.985
   2.744
   1.750
   3.346
   4.959
   6.079
   3.389
   3.334
   2.757
   2.746
   0.900
   2.334
   1.361
   0.925
   0.797
   1.662
   2.749
   0.808
   2.509
   1.805
   0.951
   1.782
   0.836
   1.108
   0.692
   0.210
   1.806
   2.746
   1.343
   0.060
   1.210
   2.758
   0.190
   0.100
   0.290
   0.092
   0.809
   2.744
  10.515
   2.417
   0.190
   7.846
   0.334
   9.044
   4.581
   0.967
   3.599
   0.269
   0.837
   0.809
   1.210
   1.127
   0.126
   3.986
   3.338
   0.805
   3.734
   0.100
   0.063
   2.337
   0.312
   0.355
   1.256
   1.738
   0.190
   0.313
   0.060
   0.694
   0.636
   0.467
   0.998
   0.420
   7.842
   1.989
   0.632
   0.957
   1.310
   0.995
   2.744
   1.365
   0.511
   2.757
   0.835
   0.335
   1.701
   0.110
   1.354
   2.337
   0.812
   3.618
   9.246
   3.439
   0.253
   0.110
   4.696
   3.419
   3.331
   6.416
   0.593
   3.395
   0.160
   1.584
   3.331
   0.334
   1.706
   0.090
   1.210
   1.677
   1.380
   0.997
   1.726
   0.663
   2.329
   3.787
   2.744
   0.060
   1.018
   1.704
   0.221
   2.334
   2.532
   3.602
   0.938
   2.764
   0.221
   0.231
   0.190
   2.300
   2.483
   2.075
   0.348
   1.704
   1.287
   1.910
   0.996
   0.807
   0.062
   0.926
   0.125
   0.882
   1.368
   9.061
   8.742
   0.187
   3.631
   4.865
   0.101
   9.227
   3.386
   0.110
   4.001
   7.928
   0.090
   3.597
   0.190
   3.350
   0.222
   1.790
   0.244
   0.173
   0.754
   0.101
   0.192
   4.987
   0.322
   0.210
   0.261
   2.517
   0.928
   1.101
   0.110
   0.160
   4.615
   0.469
   5.391
   0.678
   0.996
   0.076
   2.744
   1.350
   1.801
   0.334
   2.328
   0.190
   0.780
   0.314
   2.136
   1.051
   0.969
   0.430
   5.211
   5.022
   6.272
  15.028
   9.296
   0.373
   3.436
  13.530
  14.853
   5.379
  11.065
   8.344
   0.399
   0.100
   4.731
   0.681
   0.668
   6.433
   2.756
   0.767
   1.356
   1.210
   0.110
   9.315
  10.329
   4.899
   0.280
   0.110
   0.187
   0.237
   3.755
   0.665
   8.832
   5.274
  17.043
   5.024
   0.805
   0.249
   5.193
   0.452
   1.247
   8.573
   0.239
   1.929
   3.598
   0.650
   5.145
   0.352
   0.102
   0.611
   5.540
   4.562
   8.372
