Variogram Volume: nx  21 ny  21nz   1
6
variogram
number of pairs
head mean
tail mean
head variance
tail variance
  -999.00000         0.     -999.00000     -999.00000     -999.00000     -999.00000
  -999.00000         0.     -999.00000     -999.00000     -999.00000     -999.00000
  -999.00000         0.     -999.00000     -999.00000     -999.00000     -999.00000
  -999.00000         0.     -999.00000     -999.00000     -999.00000     -999.00000
  -999.00000         0.     -999.00000     -999.00000     -999.00000     -999.00000
  -999.00000         0.     -999.00000     -999.00000     -999.00000     -999.00000
  -999.00000         0.     -999.00000     -999.00000     -999.00000     -999.00000
  -999.00000         0.     -999.00000     -999.00000     -999.00000     -999.00000
  -999.00000         0.     -999.00000     -999.00000     -999.00000     -999.00000
  -999.00000         0.     -999.00000     -999.00000     -999.00000     -999.00000
  -999.00000         0.     -999.00000     -999.00000     -999.00000     -999.00000
  -999.00000         0.     -999.00000     -999.00000     -999.00000     -999.00000
  -999.00000         0.     -999.00000     -999.00000     -999.00000     -999.00000
  -999.00000         0.     -999.00000     -999.00000     -999.00000     -999.00000
  -999.00000         0.     -999.00000     -999.00000     -999.00000     -999.00000
  -999.00000         1.     -999.00000     -999.00000     -999.00000     -999.00000
  -999.00000         0.     -999.00000     -999.00000     -999.00000     -999.00000
  -999.00000         0.     -999.00000     -999.00000     -999.00000     -999.00000
  -999.00000         0.     -999.00000     -999.00000     -999.00000     -999.00000
  -999.00000         0.     -999.00000     -999.00000     -999.00000     -999.00000
  -999.00000         0.     -999.00000     -999.00000     -999.00000     -999.00000
  -999.00000         0.     -999.00000     -999.00000     -999.00000     -999.00000
  -999.00000         1.     -999.00000     -999.00000     -999.00000     -999.00000
  -999.00000         2.     -999.00000     -999.00000     -999.00000     -999.00000
  -999.00000         2.     -999.00000     -999.00000     -999.00000     -999.00000
     0.46242         6.        8.17000        2.78500        0.00000        0.00000
     0.69874         8.        7.23375        0.47250        0.00000        0.00000
  -999.00000         4.     -999.00000     -999.00000     -999.00000     -999.00000
  -999.00000         4.     -999.00000     -999.00000     -999.00000     -999.00000
     0.52101        11.        5.13364        0.75818        0.00000        0.00000
     0.49596         9.        5.19778        0.88889        0.00000        0.00000
     0.04094         9.        1.67333        0.59444        0.00000        0.00000
  -999.00000         5.     -999.00000     -999.00000     -999.00000     -999.00000
     0.03722         8.        1.51375        0.28625        0.00000        0.00000
     0.62023         8.        5.89000        0.32625        0.00000        0.00000
  -999.00000         3.     -999.00000     -999.00000     -999.00000     -999.00000
  -999.00000         1.     -999.00000     -999.00000     -999.00000     -999.00000
  -999.00000         0.     -999.00000     -999.00000     -999.00000     -999.00000
  -999.00000         3.     -999.00000     -999.00000     -999.00000     -999.00000
  -999.00000         1.     -999.00000     -999.00000     -999.00000     -999.00000
  -999.00000         1.     -999.00000     -999.00000     -999.00000     -999.00000
  -999.00000         0.     -999.00000     -999.00000     -999.00000     -999.00000
  -999.00000         0.     -999.00000     -999.00000     -999.00000     -999.00000
  -999.00000         1.     -999.00000     -999.00000     -999.00000     -999.00000
  -999.00000         2.     -999.00000     -999.00000     -999.00000     -999.00000
     0.18147         6.        2.27000        3.32167        0.00000        0.00000
     0.85259        16.       10.67688        6.31063        0.00000        0.00000
     4.59192        20.       12.44850        0.48000        0.00000        0.00000
     0.96002        26.        4.30615        3.62231        0.00000        0.00000
     3.39962        33.       10.08485        1.57788        0.00000        0.00000
     2.36922        29.        7.09759        2.92552        0.00000        0.00000
     2.52720        25.        9.23120        2.35920        0.00000        0.00000
     0.42454        23.        3.03217        2.72522        0.00000        0.00000
     0.27176        22.        3.60364        0.38273        0.00000        0.00000
     0.34997        16.        3.88438        0.68000        0.00000        0.00000
     0.98479        19.        6.95842        0.99789        0.00000        0.00000
     4.18507         9.        7.55000        0.69889        0.00000        0.00000
     0.00809         8.        1.00125        0.72875        0.00000        0.00000
     0.04933         6.        1.66000        0.59667        0.00000        0.00000
  -999.00000         5.     -999.00000     -999.00000     -999.00000     -999.00000
  -999.00000         2.     -999.00000     -999.00000     -999.00000     -999.00000
  -999.00000         2.     -999.00000     -999.00000     -999.00000     -999.00000
  -999.00000         0.     -999.00000     -999.00000     -999.00000     -999.00000
  -999.00000         0.     -999.00000     -999.00000     -999.00000     -999.00000
     0.78545        11.        3.10909        9.51000        0.00000        0.00000
     0.95871        16.        2.26563        8.70813        0.00000        0.00000
     0.57431        35.        2.76971        5.82143        0.00000        0.00000
     1.44805        78.       11.42436        8.74449        0.00000        0.00000
     1.33811        38.        6.99289        3.67026        0.00000        0.00000
     2.39514        48.        8.35812        2.34604        0.00000        0.00000
     0.80537        32.        4.63406        4.04219        0.00000        0.00000
     2.39346        49.        7.23143        2.98204        0.00000        0.00000
     1.47454        47.        4.68660        3.61617        0.00000        0.00000
     0.50993        44.        3.85795        2.69227        0.00000        0.00000
     2.07342        27.        7.44519        0.94963        0.00000        0.00000
     2.57397        41.        8.41000        0.70976        0.00000        0.00000
     1.99754        26.        7.65577        1.26615        0.00000        0.00000
     0.04628        17.        1.44706        0.91059        0.00000        0.00000
     0.02318        13.        1.43385        0.82000        0.00000        0.00000
     0.01960        10.        1.00200        1.51900        0.00000        0.00000
     0.01631         6.        1.05500        0.93833        0.00000        0.00000
  -999.00000         5.     -999.00000     -999.00000     -999.00000     -999.00000
  -999.00000         4.     -999.00000     -999.00000     -999.00000     -999.00000
  -999.00000         0.     -999.00000     -999.00000     -999.00000     -999.00000
  -999.00000         0.     -999.00000     -999.00000     -999.00000     -999.00000
     0.79510        14.        1.42000        7.85714        0.00000        0.00000
     0.61878        24.        3.67042        8.77833        0.00000        0.00000
     0.55178        48.        5.20875        6.18166        0.00000        0.00000
     1.22119        98.        9.54245        6.47877        0.00000        0.00000
     2.81252        58.        9.72914        3.32190        0.00000        0.00000
     1.30067        58.        6.19655        2.09431        0.00000        0.00000
     1.46848        85.        8.01047        3.82176        0.00000        0.00000
     0.69232        66.        4.85015        3.13939        0.00000        0.00000
     1.18432        66.        4.32091        3.40227        0.00000        0.00000
     1.66507        73.        5.62808        2.80616        0.00000        0.00000
     1.14513        61.        5.00311        2.04311        0.00000        0.00000
     0.58292        45.        4.38978        1.50622        0.00000        0.00000
     1.98148        54.        7.58704        1.68796        0.00000        0.00000
     0.05492        18.        1.89167        0.85167        0.00000        0.00000
     0.03807        15.        1.83667        1.03133        0.00000        0.00000
     0.01092        13.        0.99154        1.02154        0.00000        0.00000
     0.01379        12.        1.08417        0.64833        0.00000        0.00000
     0.29338         9.        3.59444        1.20111        0.00000        0.00000
  -999.00000         3.     -999.00000     -999.00000     -999.00000     -999.00000
  -999.00000         0.     -999.00000     -999.00000     -999.00000     -999.00000
  -999.00000         0.     -999.00000     -999.00000     -999.00000     -999.00000
     0.55129        16.        2.33562        7.67500        0.00000        0.00000
     0.90263        25.        4.99040       10.18520        0.00000        0.00000
     0.46232        79.        6.27253        8.57671        0.00000        0.00000
     1.05691        87.        7.06253        5.11851        0.00000        0.00000
     2.04902        74.        7.63892        3.56797        0.00000        0.00000
     1.71002        68.        6.79132        2.48794        0.00000        0.00000
     1.02410        79.        8.24380        3.90911        0.00000        0.00000
     2.04649        80.        6.78463        3.15137        0.00000        0.00000
     1.22124        69.        5.81507        2.05101        0.00000        0.00000
     1.44144        86.        5.40058        2.22186        0.00000        0.00000
     0.89738        91.        5.23198        1.25615        0.00000        0.00000
     1.04547        72.        5.47042        1.41417        0.00000        0.00000
     1.23344        53.        5.10396        2.19019        0.00000        0.00000
     0.03532        22.        1.51955        1.19864        0.00000        0.00000
     0.01530        24.        1.16042        0.62667        0.00000        0.00000
     0.12527        24.        2.18625        0.59667        0.00000        0.00000
     0.07644        15.        2.36533        0.87400        0.00000        0.00000
     0.01708        11.        0.83818        1.23091        0.00000        0.00000
  -999.00000         4.     -999.00000     -999.00000     -999.00000     -999.00000
  -999.00000         0.     -999.00000     -999.00000     -999.00000     -999.00000
  -999.00000         1.     -999.00000     -999.00000     -999.00000     -999.00000
     0.66476        16.        2.27250        7.27250        0.00000        0.00000
     0.51524        34.        3.42177        7.19824        0.00000        0.00000
     0.40481        81.        5.45148        5.26778        0.00000        0.00000
     0.53117        79.        5.28127        3.70557        0.00000        0.00000
     1.55573        72.        6.54542        2.31222        0.00000        0.00000
     1.03178        90.        5.66678        4.34455        0.00000        0.00000
     1.04354       107.        4.81402        4.39738        0.00000        0.00000
     0.81628       116.        4.93276        4.15017        0.00000        0.00000
     0.81451       114.        5.47342        3.06316        0.00000        0.00000
     0.78851       108.        4.51259        1.77046        0.00000        0.00000
     0.30842        68.        3.06853        1.91471        0.00000        0.00000
     1.64931        78.        6.55769        1.26692        0.00000        0.00000
     1.08519        60.        4.56783        2.06517        0.00000        0.00000
     0.11436        42.        2.71667        1.13786        0.00000        0.00000
     0.12711        37.        2.46541        0.71108        0.00000        0.00000
     0.14288        19.        2.32158        0.88684        0.00000        0.00000
     0.10231        20.        2.65200        1.18800        0.00000        0.00000
     0.01743        14.        1.12571        0.82857        0.00000        0.00000
  -999.00000         4.     -999.00000     -999.00000     -999.00000     -999.00000
  -999.00000         0.     -999.00000     -999.00000     -999.00000     -999.00000
  -999.00000         2.     -999.00000     -999.00000     -999.00000     -999.00000
     0.87054        21.        1.02095        7.82810        0.00000        0.00000
     0.55431        29.        2.17517        6.56103        0.00000        0.00000
     0.44985        51.        5.21627        3.83627        0.00000        0.00000
     1.15508        80.        4.74213        3.73213        0.00000        0.00000
     1.05863       103.        5.56039        4.50136        0.00000        0.00000
     0.70084       127.        6.34874        4.91354        0.00000        0.00000
     1.46271        90.        6.05700        2.82489        0.00000        0.00000
     0.48807       100.        3.90790        3.01670        0.00000        0.00000
     1.04823       135.        4.86867        4.16274        0.00000        0.00000
     0.74612       132.        3.65970        3.00038        0.00000        0.00000
     0.45736       138.        5.01819        3.84710        0.00000        0.00000
     1.15404       106.        6.36141        3.27000        0.00000        0.00000
     0.39898        67.        2.67045        2.15179        0.00000        0.00000
     1.04249        55.        4.12073        1.83236        0.00000        0.00000
     0.46927        51.        1.91667        3.75824        0.00000        0.00000
     0.35220        47.        1.83596        2.89298        0.00000        0.00000
     0.25361        31.        2.59452        2.15387        0.00000        0.00000
     0.06134        11.        1.94545        1.42636        0.00000        0.00000
     0.31028         8.        4.16625        1.09625        0.00000        0.00000
  -999.00000         1.     -999.00000     -999.00000     -999.00000     -999.00000
  -999.00000         0.     -999.00000     -999.00000     -999.00000     -999.00000
     0.32334        13.        1.61923        4.91615        0.00000        0.00000
     0.70339        30.        1.67167        5.47733        0.00000        0.00000
     0.39560        41.        2.94000        2.99536        0.00000        0.00000
     0.58728        86.        4.14826        3.68326        0.00000        0.00000
     1.38505        90.        5.80711        2.74589        0.00000        0.00000
     1.87167        99.        7.69485        3.46121        0.00000        0.00000
     0.77094       103.        4.40777        2.99786        0.00000        0.00000
     0.61221       130.        3.84731        3.51677        0.00000        0.00000
     0.74487       139.        3.72978        3.36151        0.00000        0.00000
     0.65576       167.        4.58246        2.75245        0.00000        0.00000
     1.48794       182.        7.84873        3.95264        0.00000        0.00000
     1.47179       145.        7.26904        3.34428        0.00000        0.00000
     0.86377        91.        4.48846        2.55978        0.00000        0.00000
     0.33101        82.        2.85146        2.53524        0.00000        0.00000
     0.36119        70.        2.54414        2.73343        0.00000        0.00000
     0.40331        54.        2.81074        2.77852        0.00000        0.00000
     0.23812        41.        1.89878        3.02000        0.00000        0.00000
     0.18459        22.        1.48045        2.86682        0.00000        0.00000
     0.64943        17.        5.87059        0.89294        0.00000        0.00000
  -999.00000         0.     -999.00000     -999.00000     -999.00000     -999.00000
  -999.00000         0.     -999.00000     -999.00000     -999.00000     -999.00000
     0.82583        26.        1.44731        7.48308        0.00000        0.00000
     0.31800        27.        2.60296        2.12444        0.00000        0.00000
     0.42406        61.        2.79770        2.97934        0.00000        0.00000
     0.46588        87.        4.13287        3.67620        0.00000        0.00000
     1.36566       113.        5.97460        3.91345        0.00000        0.00000
     0.85283        95.        3.44969        3.89147        0.00000        0.00000
     0.79211       146.        5.00473        5.03740        0.00000        0.00000
     1.23252       134.        3.95821        4.12687        0.00000        0.00000
     0.85486       172.        3.42075        5.01709        0.00000        0.00000
     1.51442       226.        6.05920        7.44089        0.00000        0.00000
     1.47093       177.        5.78198        4.08029        0.00000        0.00000
     1.96920       147.        7.06129        3.34728        0.00000        0.00000
     1.11874       120.        4.90100        2.92150        0.00000        0.00000
     1.47079        96.        3.74490        4.80083        0.00000        0.00000
     0.89226        88.        3.14795        3.68193        0.00000        0.00000
     0.41914        57.        2.34772        3.47000        0.00000        0.00000
     0.47448        49.        3.01490        2.64347        0.00000        0.00000
     0.29264        35.        3.99314        1.72714        0.00000        0.00000
     0.43142        12.        5.08250        1.90333        0.00000        0.00000
  -999.00000         0.     -999.00000     -999.00000     -999.00000     -999.00000
  -999.00000         1.     -999.00000     -999.00000     -999.00000     -999.00000
     0.59768        20.        1.44100        6.86750        0.00000        0.00000
     0.67185        27.        1.23296        5.92037        0.00000        0.00000
     0.46876        61.        2.97934        3.03803        0.00000        0.00000
     0.99227       106.        4.93972        4.34132        0.00000        0.00000
     0.90042        87.        4.82736        2.34379        0.00000        0.00000
     0.36985        90.        3.14333        2.42800        0.00000        0.00000
     1.47831       134.        5.40336        4.53380        0.00000        0.00000
     0.96979       143.        3.25301        4.46931        0.00000        0.00000
     0.63096       184.        3.70478        5.02402        0.00000        0.00000
     0.86021       458.        7.14625        7.14625        0.00000        0.00000
     0.63096       184.        5.02402        3.70479        0.00000        0.00000
     0.96979       143.        4.46930        3.25301        0.00000        0.00000
     1.47831       134.        4.53381        5.40336        0.00000        0.00000
     0.36985        90.        2.42800        3.14333        0.00000        0.00000
     0.90042        87.        2.34379        4.82736        0.00000        0.00000
     0.99227       106.        4.34132        4.93972        0.00000        0.00000
     0.46876        61.        3.03803        2.97935        0.00000        0.00000
     0.67185        27.        5.92037        1.23296        0.00000        0.00000
     0.59768        20.        6.86750        1.44100        0.00000        0.00000
  -999.00000         1.     -999.00000     -999.00000     -999.00000     -999.00000
  -999.00000         0.     -999.00000     -999.00000     -999.00000     -999.00000
     0.43142        12.        1.90333        5.08250        0.00000        0.00000
     0.29264        35.        1.72714        3.99314        0.00000        0.00000
     0.47448        49.        2.64347        3.01490        0.00000        0.00000
     0.41914        57.        3.47000        2.34772        0.00000        0.00000
     0.89226        88.        3.68193        3.14795        0.00000        0.00000
     1.47079        96.        4.80083        3.74489        0.00000        0.00000
     1.11874       120.        2.92150        4.90100        0.00000        0.00000
     1.96920       147.        3.34728        7.06129        0.00000        0.00000
     1.47093       177.        4.08028        5.78198        0.00000        0.00000
     1.51442       226.        7.44088        6.05920        0.00000        0.00000
     0.85486       172.        5.01709        3.42076        0.00000        0.00000
     1.23252       134.        4.12687        3.95821        0.00000        0.00000
     0.79211       146.        5.03740        5.00472        0.00000        0.00000
     0.85283        95.        3.89147        3.44968        0.00000        0.00000
     1.36566       113.        3.91345        5.97460        0.00000        0.00000
     0.46588        87.        3.67621        4.13287        0.00000        0.00000
     0.42406        61.        2.97934        2.79771        0.00000        0.00000
     0.31800        27.        2.12444        2.60296        0.00000        0.00000
     0.82583        26.        7.48308        1.44731        0.00000        0.00000
  -999.00000         0.     -999.00000     -999.00000     -999.00000     -999.00000
  -999.00000         0.     -999.00000     -999.00000     -999.00000     -999.00000
     0.64943        17.        0.89294        5.87059        0.00000        0.00000
     0.18459        22.        2.86682        1.48045        0.00000        0.00000
     0.23812        41.        3.02000        1.89878        0.00000        0.00000
     0.40331        54.        2.77852        2.81074        0.00000        0.00000
     0.36119        70.        2.73343        2.54414        0.00000        0.00000
     0.33101        82.        2.53524        2.85146        0.00000        0.00000
     0.86377        91.        2.55978        4.48846        0.00000        0.00000
     1.47179       145.        3.34428        7.26903        0.00000        0.00000
     1.48793       182.        3.95264        7.84874        0.00000        0.00000
     0.65576       167.        2.75245        4.58246        0.00000        0.00000
     0.74487       139.        3.36151        3.72978        0.00000        0.00000
     0.61221       130.        3.51677        3.84731        0.00000        0.00000
     0.77094       103.        2.99786        4.40777        0.00000        0.00000
     1.87167        99.        3.46121        7.69485        0.00000        0.00000
     1.38505        90.        2.74589        5.80711        0.00000        0.00000
     0.58728        86.        3.68326        4.14826        0.00000        0.00000
     0.39560        41.        2.99537        2.94000        0.00000        0.00000
     0.70339        30.        5.47733        1.67167        0.00000        0.00000
     0.32334        13.        4.91615        1.61923        0.00000        0.00000
  -999.00000         0.     -999.00000     -999.00000     -999.00000     -999.00000
  -999.00000         1.     -999.00000     -999.00000     -999.00000     -999.00000
     0.31028         8.        1.09625        4.16625        0.00000        0.00000
     0.06134        11.        1.42636        1.94545        0.00000        0.00000
     0.25361        31.        2.15387        2.59452        0.00000        0.00000
     0.35220        47.        2.89298        1.83596        0.00000        0.00000
     0.46927        51.        3.75823        1.91667        0.00000        0.00000
     1.04249        55.        1.83236        4.12073        0.00000        0.00000
     0.39898        67.        2.15179        2.67045        0.00000        0.00000
     1.15404       106.        3.27000        6.36142        0.00000        0.00000
     0.45736       138.        3.84710        5.01819        0.00000        0.00000
     0.74612       132.        3.00038        3.65970        0.00000        0.00000
     1.04823       135.        4.16274        4.86867        0.00000        0.00000
     0.48807       100.        3.01670        3.90790        0.00000        0.00000
     1.46271        90.        2.82489        6.05700        0.00000        0.00000
     0.70084       127.        4.91354        6.34874        0.00000        0.00000
     1.05863       103.        4.50136        5.56039        0.00000        0.00000
     1.15508        80.        3.73212        4.74213        0.00000        0.00000
     0.44985        51.        3.83628        5.21627        0.00000        0.00000
     0.55431        29.        6.56103        2.17517        0.00000        0.00000
     0.87054        21.        7.82810        1.02095        0.00000        0.00000
  -999.00000         2.     -999.00000     -999.00000     -999.00000     -999.00000
  -999.00000         0.     -999.00000     -999.00000     -999.00000     -999.00000
  -999.00000         4.     -999.00000     -999.00000     -999.00000     -999.00000
     0.01743        14.        0.82857        1.12571        0.00000        0.00000
     0.10231        20.        1.18800        2.65200        0.00000        0.00000
     0.14288        19.        0.88684        2.32158        0.00000        0.00000
     0.12711        37.        0.71108        2.46541        0.00000        0.00000
     0.11436        42.        1.13786        2.71667        0.00000        0.00000
     1.08519        60.        2.06517        4.56783        0.00000        0.00000
     1.64931        78.        1.26692        6.55769        0.00000        0.00000
     0.30842        68.        1.91471        3.06853        0.00000        0.00000
     0.78851       108.        1.77046        4.51259        0.00000        0.00000
     0.81451       114.        3.06316        5.47342        0.00000        0.00000
     0.81628       116.        4.15017        4.93276        0.00000        0.00000
     1.04354       107.        4.39738        4.81402        0.00000        0.00000
     1.03178        90.        4.34456        5.66678        0.00000        0.00000
     1.55573        72.        2.31222        6.54542        0.00000        0.00000
     0.53117        79.        3.70557        5.28127        0.00000        0.00000
     0.40481        81.        5.26778        5.45148        0.00000        0.00000
     0.51524        34.        7.19824        3.42176        0.00000        0.00000
     0.66476        16.        7.27250        2.27250        0.00000        0.00000
  -999.00000         1.     -999.00000     -999.00000     -999.00000     -999.00000
  -999.00000         0.     -999.00000     -999.00000     -999.00000     -999.00000
  -999.00000         4.     -999.00000     -999.00000     -999.00000     -999.00000
     0.01708        11.        1.23091        0.83818        0.00000        0.00000
     0.07644        15.        0.87400        2.36533        0.00000        0.00000
     0.12527        24.        0.59667        2.18625        0.00000        0.00000
     0.01530        24.        0.62667        1.16042        0.00000        0.00000
     0.03532        22.        1.19864        1.51955        0.00000        0.00000
     1.23344        53.        2.19019        5.10396        0.00000        0.00000
     1.04547        72.        1.41417        5.47042        0.00000        0.00000
     0.89738        91.        1.25615        5.23198        0.00000        0.00000
     1.44144        86.        2.22186        5.40058        0.00000        0.00000
     1.22124        69.        2.05101        5.81507        0.00000        0.00000
     2.04649        80.        3.15138        6.78462        0.00000        0.00000
     1.02410        79.        3.90911        8.24380        0.00000        0.00000
     1.71002        68.        2.48794        6.79132        0.00000        0.00000
     2.04902        74.        3.56797        7.63892        0.00000        0.00000
     1.05691        87.        5.11851        7.06253        0.00000        0.00000
     0.46232        79.        8.57671        6.27253        0.00000        0.00000
     0.90263        25.       10.18520        4.99040        0.00000        0.00000
     0.55129        16.        7.67500        2.33563        0.00000        0.00000
  -999.00000         0.     -999.00000     -999.00000     -999.00000     -999.00000
  -999.00000         0.     -999.00000     -999.00000     -999.00000     -999.00000
  -999.00000         3.     -999.00000     -999.00000     -999.00000     -999.00000
     0.29338         9.        1.20111        3.59444        0.00000        0.00000
     0.01379        12.        0.64833        1.08417        0.00000        0.00000
     0.01092        13.        1.02154        0.99154        0.00000        0.00000
     0.03807        15.        1.03133        1.83667        0.00000        0.00000
     0.05492        18.        0.85167        1.89167        0.00000        0.00000
     1.98148        54.        1.68796        7.58704        0.00000        0.00000
     0.58292        45.        1.50622        4.38978        0.00000        0.00000
     1.14513        61.        2.04311        5.00311        0.00000        0.00000
     1.66507        73.        2.80616        5.62808        0.00000        0.00000
     1.18432        66.        3.40227        4.32091        0.00000        0.00000
     0.69232        66.        3.13939        4.85015        0.00000        0.00000
     1.46848        85.        3.82177        8.01047        0.00000        0.00000
     1.30067        58.        2.09431        6.19655        0.00000        0.00000
     2.81252        58.        3.32190        9.72914        0.00000        0.00000
     1.22119        98.        6.47877        9.54245        0.00000        0.00000
     0.55178        48.        6.18167        5.20875        0.00000        0.00000
     0.61878        24.        8.77833        3.67042        0.00000        0.00000
     0.79510        14.        7.85714        1.42000        0.00000        0.00000
  -999.00000         0.     -999.00000     -999.00000     -999.00000     -999.00000
  -999.00000         0.     -999.00000     -999.00000     -999.00000     -999.00000
  -999.00000         4.     -999.00000     -999.00000     -999.00000     -999.00000
  -999.00000         5.     -999.00000     -999.00000     -999.00000     -999.00000
     0.01631         6.        0.93833        1.05500        0.00000        0.00000
     0.01960        10.        1.51900        1.00200        0.00000        0.00000
     0.02318        13.        0.82000        1.43385        0.00000        0.00000
     0.04628        17.        0.91059        1.44706        0.00000        0.00000
     1.99754        26.        1.26615        7.65577        0.00000        0.00000
     2.57398        41.        0.70976        8.41000        0.00000        0.00000
     2.07342        27.        0.94963        7.44518        0.00000        0.00000
     0.50993        44.        2.69227        3.85796        0.00000        0.00000
     1.47454        47.        3.61617        4.68659        0.00000        0.00000
     2.39346        49.        2.98204        7.23143        0.00000        0.00000
     0.80537        32.        4.04219        4.63406        0.00000        0.00000
     2.39514        48.        2.34604        8.35812        0.00000        0.00000
     1.33811        38.        3.67026        6.99289        0.00000        0.00000
     1.44805        78.        8.74448       11.42436        0.00000        0.00000
     0.57431        35.        5.82143        2.76971        0.00000        0.00000
     0.95871        16.        8.70813        2.26563        0.00000        0.00000
     0.78545        11.        9.51000        3.10909        0.00000        0.00000
  -999.00000         0.     -999.00000     -999.00000     -999.00000     -999.00000
  -999.00000         0.     -999.00000     -999.00000     -999.00000     -999.00000
  -999.00000         2.     -999.00000     -999.00000     -999.00000     -999.00000
  -999.00000         2.     -999.00000     -999.00000     -999.00000     -999.00000
  -999.00000         5.     -999.00000     -999.00000     -999.00000     -999.00000
     0.04933         6.        0.59667        1.66000        0.00000        0.00000
     0.00809         8.        0.72875        1.00125        0.00000        0.00000
     4.18507         9.        0.69889        7.55000        0.00000        0.00000
     0.98479        19.        0.99789        6.95842        0.00000        0.00000
     0.34997        16.        0.68000        3.88437        0.00000        0.00000
     0.27176        22.        0.38273        3.60364        0.00000        0.00000
     0.42454        23.        2.72522        3.03217        0.00000        0.00000
     2.52720        25.        2.35920        9.23120        0.00000        0.00000
     2.36922        29.        2.92552        7.09758        0.00000        0.00000
     3.39962        33.        1.57788       10.08485        0.00000        0.00000
     0.96002        26.        3.62231        4.30615        0.00000        0.00000
     4.59192        20.        0.48000       12.44850        0.00000        0.00000
     0.85259        16.        6.31062       10.67688        0.00000        0.00000
     0.18147         6.        3.32167        2.27000        0.00000        0.00000
  -999.00000         2.     -999.00000     -999.00000     -999.00000     -999.00000
  -999.00000         1.     -999.00000     -999.00000     -999.00000     -999.00000
  -999.00000         0.     -999.00000     -999.00000     -999.00000     -999.00000
  -999.00000         0.     -999.00000     -999.00000     -999.00000     -999.00000
  -999.00000         1.     -999.00000     -999.00000     -999.00000     -999.00000
  -999.00000         1.     -999.00000     -999.00000     -999.00000     -999.00000
  -999.00000         3.     -999.00000     -999.00000     -999.00000     -999.00000
  -999.00000         0.     -999.00000     -999.00000     -999.00000     -999.00000
  -999.00000         1.     -999.00000     -999.00000     -999.00000     -999.00000
  -999.00000         3.     -999.00000     -999.00000     -999.00000     -999.00000
     0.62023         8.        0.32625        5.89000        0.00000        0.00000
     0.03722         8.        0.28625        1.51375        0.00000        0.00000
  -999.00000         5.     -999.00000     -999.00000     -999.00000     -999.00000
     0.04094         9.        0.59444        1.67333        0.00000        0.00000
     0.49596         9.        0.88889        5.19778        0.00000        0.00000
     0.52101        11.        0.75818        5.13364        0.00000        0.00000
  -999.00000         4.     -999.00000     -999.00000     -999.00000     -999.00000
  -999.00000         4.     -999.00000     -999.00000     -999.00000     -999.00000
     0.69874         8.        0.47250        7.23375        0.00000        0.00000
     0.46242         6.        2.78500        8.17000        0.00000        0.00000
  -999.00000         2.     -999.00000     -999.00000     -999.00000     -999.00000
  -999.00000         2.     -999.00000     -999.00000     -999.00000     -999.00000
  -999.00000         1.     -999.00000     -999.00000     -999.00000     -999.00000
  -999.00000         0.     -999.00000     -999.00000     -999.00000     -999.00000
  -999.00000         0.     -999.00000     -999.00000     -999.00000     -999.00000
  -999.00000         0.     -999.00000     -999.00000     -999.00000     -999.00000
  -999.00000         0.     -999.00000     -999.00000     -999.00000     -999.00000
  -999.00000         0.     -999.00000     -999.00000     -999.00000     -999.00000
  -999.00000         0.     -999.00000     -999.00000     -999.00000     -999.00000
  -999.00000         1.     -999.00000     -999.00000     -999.00000     -999.00000
  -999.00000         0.     -999.00000     -999.00000     -999.00000     -999.00000
  -999.00000         0.     -999.00000     -999.00000     -999.00000     -999.00000
  -999.00000         0.     -999.00000     -999.00000     -999.00000     -999.00000
  -999.00000         0.     -999.00000     -999.00000     -999.00000     -999.00000
  -999.00000         0.     -999.00000     -999.00000     -999.00000     -999.00000
  -999.00000         0.     -999.00000     -999.00000     -999.00000     -999.00000
  -999.00000         0.     -999.00000     -999.00000     -999.00000     -999.00000
  -999.00000         0.     -999.00000     -999.00000     -999.00000     -999.00000
  -999.00000         0.     -999.00000     -999.00000     -999.00000     -999.00000
  -999.00000         0.     -999.00000     -999.00000     -999.00000     -999.00000
  -999.00000         0.     -999.00000     -999.00000     -999.00000     -999.00000
  -999.00000         0.     -999.00000     -999.00000     -999.00000     -999.00000
  -999.00000         0.     -999.00000     -999.00000     -999.00000     -999.00000
  -999.00000         0.     -999.00000     -999.00000     -999.00000     -999.00000
  -999.00000         0.     -999.00000     -999.00000     -999.00000     -999.00000
