Gaussian realization
1
Simulated Value
0.771746
-0.652718
-1.682786
-1.047575
0.16189
1.1933
-2.097408
-1.217928
0.370282
0.075909
-0.795972
1.689207
0.297982
-0.449625
1.071748
-0.593238
2.287611
-0.4678
2.258534
1.492156
-0.577451
0.077582
-0.383865
0.084264
-0.008867
-1.253914
0.5538
0.454532
-1.734787
-0.071678
-0.074507
0.469089
-0.23133
0.299243
-1.038263
1.740984
0.34272
0.775147
0.097985
-0.66771
0.567033
0.498932
-1.213513
-1.007527
-0.162346
-0.327388
-0.104978
0.48487
-0.887186
-0.351915
0.009971
-1.296675
-0.533344
-0.303266
-0.355864
-0.097616
1.594182
1.168794
0.020595
0.03994
-0.136333
-0.625911
-0.41063
1.241384
0.201313
-0.079732
-0.157757
-0.215503
0.148622
-0.942345
0.856073
0.512048
-0.315938
-0.438172
-1.27763
1.183666
0.685305
-1.460548
-1.536543
0.283294
0.583261
0.791765
-0.200901
0.492667
0.318641
0.083957
0.962667
-0.147337
-0.616705
1.324782
-0.335425
-2.108461
0.291508
-0.180032
0.016648
0.992825
-0.441701
1.195277
0.117385
2.137256
-1.000383
1.867118
1.313145
-0.662703
-0.04768
0.338372
2.262282
-0.075618
-0.354552
0.022831
0.061209
-0.83158
-2.577449
1.081125
1.688556
-0.958401
1.296641
0.658224
-1.2547
-0.973545
2.196943
0.221675
0.025936
0.046292
-0.900037
-1.364972
-0.086639
-0.420686
0.157345
1.245667
-1.293489
-1.009091
1.449972
0.132065
0.205259
0.890604
0.656078
0.970135
-0.045429
1.402286
-0.111381
0.490729
-0.399843
0.73841
-0.902619
3.08132
-1.679809
-1.083841
-1.785839
-2.21577
-1.133558
0.069297
-0.097356
0.734542
0.960655
-0.623657
-1.311701
-1.909241
-0.618602
-0.118773
-0.461117
-1.720251
0.977757
-0.419054
1.066689
1.075052
0.071627
-0.290815
0.714474
-1.765813
1.259761
0.583212
0.948884
0.749293
0.893449
0.954508
-0.20889
1.138668
-1.26283
-1.205876
-0.551104
0.131756
-0.506335
0.910658
-0.368412
0.571383
0.922003
-0.101306
0.751579
0.007372
0.228095
-1.583133
-0.309203
0.054161
-1.138724
1.895836
0.279426
0.339727
-0.199238
0.061793
1.598386
-0.982311
1.122813
1.696769
1.688162
-0.232939
0.073928
-0.499937
0.089699
1.131398
0.724957
1.754792
-1.10891
0.91204
-2.110732
1.610569
-0.898166
1.770432
0.98529
-1.019439
2.103858
1.04829
0.202402
0.35778
0.392772
-0.500491
1.965168
0.406159
0.821043
-0.428159
-1.010136
1.259708
-0.124417
-0.808355
0.489601
0.189278
-0.027885
0.196748
-0.131249
-0.974791
-0.743906
-0.169025
-1.109161
1.09039
1.358527
-1.299388
-1.914267
-0.148786
-0.41951
1.333911
-0.470268
2.065679
-0.21326
0.175045
0.08151
-0.563453
1.13023
-1.497979
0.240844
-0.239692
-0.110791
0.286132
1.040805
0.229342
-0.22767
-0.152687
-0.41581
-0.85424
0.898419
1.091146
-0.862276
0.387714
1.255817
-0.374272
-0.864339
0.90724
0.552418
-0.232416
-0.953295
-2.278545
-0.228291
-0.418206
0.33664
-1.167958
0.602611
1.439217
1.154836
-1.136734
0.551658
-0.162383
1.991364
-0.013741
-0.760164
0.982064
0.858485
-1.430944
-0.65652
-0.043245
-2.287747
-0.007112
0.527944
-0.53793
0.999763
0.335721
-1.814888
-1.45965
1.084604
-0.679578
-0.328259
1.736762
-0.40109
-0.171106
-1.307785
0.402418
-1.144335
0.617005
0.368587
-2.166397
-0.49952
-0.228029
1.772521
-0.28168
-1.174606
0.185341
0.325473
-0.082908
-0.732957
-0.915145
0.619079
-0.045294
0.561614
-0.296741
-1.249849
1.504324
-0.533457
0.40212
-0.291615
1.051873
1.988307
1.632485
-0.902789
0.033659
-0.218091
-1.285501
-0.545274
2.926727
-0.443942
-0.785344
1.575871
-0.136671
0.30881
1.929717
-0.744398
-0.046936
1.294429
1.453544
0.895589
1.294439
-0.670175
0.056166
-0.232312
0.002708
-0.244136
0.050198
-0.198292
0.116534
0.805468
-1.495491
1.742993
1.823575
0.250117
-0.57102
-1.309963
0.24641
0.45586
-0.378659
0.27203
-1.005138
0.747944
0.395575
0.909082
1.907096
0.322118
-0.353476
1.631334
-0.384643
0.319425
-1.775778
1.011064
-1.986315
-2.429711
-0.300821
2.012848
-0.473814
-0.590065
1.965597
-0.993749
-0.267594
0.415023
-0.332326
-0.697558
0.158642
2.202
-2.091639
-0.08062
-1.558895
-0.775378
-0.677945
-1.472746
-0.116582
0.416839
-0.265886
-0.518926
-0.02163
0.174709
1.882225
-0.159768
-0.460781
-0.209819
-0.33407
1.92588
0.435629
-0.682745
-0.983994
1.35061
-0.224384
-0.684977
-0.787452
-1.567781
-1.815643
-0.046284
-1.7598
2.56108
-0.157701
0.225978
1.859692
1.442365
-0.055499
1.856512
1.144426
0.096582
1.77231
1.039926
0.670959
1.110433
-0.8195
0.534714
1.494169
-0.289748
-1.992136
0.577939
2.364273
0.106126
-0.50639
0.067242
0.041455
-0.217091
-0.808382
-1.48264
0.754722
-0.567528
0.528621
-0.494874
0.895075
-0.175467
-1.149103
-1.731305
1.737766
-0.794371
0.493748
-0.249566
-0.968295
-1.639229
-2.518427
0.48223
1.919504
-0.790816
-0.667328
0.986383
1.71583
-1.939322
1.102606
0.273207
-0.300704
-0.51427
-0.908415
-0.307707
-0.115225
0.02657
0.075229
1.418379
1.004281
-0.427084
0.828748
0.33265
-0.594981
0.343444
-0.060317
1.52715
0.337748
-1.176229
0.205423
-0.964522
2.20334
-0.289627
-0.12464
-1.120097
-1.559745
2.346109
-0.494749
1.591685
-0.810351
1.715337
0.310012
-0.675602
0.600024
0.821643
0.659128
-0.308527
0.687627
0.510767
-1.002929
-0.248855
-0.456679
-1.057767
-1.277471
-0.22967
0.461542
1.126295
0.252258
-0.127143
0.317849
-0.671696
-1.545129
-0.562993
-0.333371
-0.074793
0.984954
0.920855
0.980063
-2.258911
-0.36447
-0.024897
-0.950852
0.417465
-0.643098
-0.69588
-0.374509
-0.173406
-2.342112
-0.134859
-0.726947
0.851758
1.849108
0.344666
0.753724
-0.431918
0.337796
-0.139318
-0.046587
0.253507
1.72149
-1.397751
-1.512589
-0.064202
0.345272
-0.715484
-0.149475
0.835094
0.587994
0.72912
0.479879
0.713045
0.481048
-1.570532
1.582265
-1.461682
-0.374598
0.317011
2.963416
0.155993
-0.64949
0.563791
0.04556
-1.14913
1.088255
0.014517
0.297711
0.654071
0.854759
0.589859
-1.315489
-1.702726
-1.793183
-0.813072
-0.129817
-0.350524
-0.109637
1.817797
0.336502
1.589828
-1.218189
-0.872761
0.23531
-0.149507
1.671791
0.15005
0.206341
1.136825
0.7147
-0.191074
-0.956218
-0.071975
1.796283
0.158817
-0.857698
-1.485762
-0.366737
-0.134431
0.155536
0.217686
0.382394
0.572908
1.655382
1.654513
-0.071922
0.096594
-1.087849
-0.430661
1.942381
0.093613
-2.89871
-0.431414
-0.648502
1.456598
0.228711
-0.878123
-0.804077
0.196991
-0.966039
-1.573662
0.28255
-0.661478
-0.910817
0.442672
0.648375
-0.31441
0.141728
-1.388698
0.299116
-1.121192
0.285753
0.749477
-0.931376
-1.418805
-1.088912
-0.051931
-1.542664
-0.515858
-0.664508
0.315521
-0.700548
-1.824532
1.484123
-1.823189
-0.773067
-0.691069
0.190265
0.032382
-1.055526
-0.112454
-0.434499
0.229507
-1.795457
0.563682
0.819615
-0.599239
-0.836147
0.197673
0.343854
0.050498
0.499293
-1.64383
2.235031
0.705669
-0.805267
0.502283
-1.258841
-0.292619
-0.695003
0.62447
1.904011
-0.50907
-0.394214
-0.175294
-0.447185
0.268672
-0.518049
0.636316
0.662531
-1.245218
1.20997
0.233651
1.275151
0.463214
-0.188765
-0.638907
-0.378378
-0.081387
1.726731
0.044702
-0.080192
0.910467
0.031771
-0.084101
-1.386229
-2.069072
-0.77757
1.416993
-0.618494
1.144438
0.067839
1.363258
-0.407973
0.135333
-0.601091
0.881722
-0.800339
-1.092017
2.238324
0.223879
-0.416023
-1.064557
0.880938
-1.656499
1.792315
0.901131
2.067553
0.711993
2.906014
1.033154
0.874395
-0.996755
0.617455
0.483775
-0.234379
0.269582
0.105242
-1.430874
-0.007938
-0.571953
-0.59776
1.18577
2.93371
1.01088
-0.934179
0.006182
0.555787
-0.81141
-0.068504
0.379637
2.662139
0.008002
-1.176629
0.960892
0.320828
-1.178501
1.02166
-0.11167
0.01273
0.090867
1.184872
0.877421
0.310062
-0.980852
0.237321
-0.062511
1.165475
-0.76707
-0.00935
0.279601
0.70681
1.637953
-0.166778
0.10274
-0.507589
0.266026
-0.493036
0.541146
0.487835
0.123859
-2.637085
-1.534317
0.212111
0.353831
2.01257
0.427812
-1.824501
-0.231402
0.336295
0.256553
0.866155
0.182085
0.745166
-0.543688
-1.133192
-1.051292
-1.129809
-0.395346
1.164824
-1.493107
0.025316
-1.136517
1.027432
-0.348642
1.383463
-0.510591
0.063465
0.870767
0.078258
-0.569183
1.871658
-0.364526
2.72492
0.995534
-0.488152
-0.506149
-1.674416
0.708781
-0.077662
-0.24897
-0.469601
0.785964
-0.583378
1.024293
0.105054
-1.290658
-1.609622
0.404773
-0.739502
-1.015679
0.45383
2.255462
-0.499585
1.191351
-0.51119
0.137925
-0.011289
-0.65124
1.20619
0.386524
-0.022023
1.538402
-0.212431
-0.715447
-0.042678
-0.258611
-0.838132
-1.522805
-0.470414
-0.380541
1.477235
-1.478871
0.447149
-0.229127
-0.621744
0.036345
-0.5392
-0.088306
-0.271023
0.399344
1.994644
-1.38697
-0.537908
0.287484
1.044443
-1.011523
0.945058
0.537362
-0.446408
0.138948
-0.882987
0.827436
0.189186
1.659402
1.110671
1.414307
-1.019333
0.172338
-0.284939
0.265607
0.218299
0.147283
0.585491
0.071463
-0.343008
-1.315153
1.267912
-1.609955
2.478387
0.831858
0.9841
-0.631114
0.026182
-0.949001
1.113893
0.057583
0.817345
1.054953
-1.999853
0.243584
-0.676331
-0.169613
0.659229
-1.055969
-0.369328
-0.35294
1.703408
-0.270526
-1.204914
-0.814789
-1.565662
-0.850457
0.164011
0.317474
0.260924
-1.210406
-0.680706
-0.72917
-0.41764
0.152754
-1.899827
0.331307
-0.409552
0.561632
0.649163
0.537778
-0.246534
-1.622325
0.306235
-0.464561
-1.486346
-0.243323
-0.1908
-0.508506
0.207295
-1.691004
-0.451202
-1.233071
0.741825
0.314627
0.909023
0.175991
1.311198
0.006001
-0.52912
0.087649
1.711557
0.643533
0.738645
0.218435
0.788061
0.132009
1.94314
0.526343
-1.00223
-0.146831
0.55733
-0.089063
0.535156
-0.519824
0.996202
0.282877
0.564165
-0.463369
0.793668
-1.558326
-1.941056
1.259356
-0.342627
1.546688
0.901479
1.070551
0.024867
-0.213672
0.341549
-1.065652
0.603952
-0.186404
-0.277926
0.102603
0.724351
-0.437633
-1.920373
-0.667311
-0.385642
-0.175295
-1.32383
1.251801
1.412608
-1.385442
-0.195063
0.317714
-0.630706
-0.6939
1.495785
-0.904637
2.412287
-1.848819
1.178513
-0.797605
0.03241
0.661494
0.089702
0.652998
-0.638432
1.994447
-0.630746
0.594127
1.517528
0.986955
1.631231
0.117041
-0.031728
1.672051
0.485314
-2.11678
-1.342657
0.00653
2.380536
0.59336
-0.17323
-1.607837
-1.270703
-0.990234
-0.549904
-0.939412
-0.274338
1.121808
-0.89385
0.157975
-1.663968
-1.146921
0.677067
-0.310325
-0.804632
1.043837
0.527542
-0.161245
1.576898
-0.813789
-0.86715
-1.074771
-0.927945
0.007286
-1.10939
-0.260598
-1.430133
0.123987
-0.422443
-0.389595
1.541214
0.34195
0.852375
-1.214112
-0.298698
2.30325
0.451072
0.777698
0.901051
0.180152
-0.910154
-0.554582
-0.608742
-0.580438
0.058988
-0.8935
0.898494
-0.102014
0.982941
0.654349
0.364688
1.060947
1.653062
0.485289
-0.952605
2.061601
-1.415955
0.651572
0.654352
1.124802
0.716285
-2.029612
0.198727
-0.229823
0.104912
-1.017479
0.128346
-1.159025
-1.001299
0.439268
-0.761691
0.833156
-0.372551
0.559902
-1.960921
-0.610757
-3.164424
0.354017
1.193315
-0.537565
-0.598702
-0.350045
1.464384
0.62078
-0.408274
-0.042623
0.087663
-0.974405
1.302968
-1.140627
-1.765764
-0.340291
0.377052
-0.426767
0.021153
0.180244
-0.595893
-0.364346
-0.57023
0.559014
-1.326529
0.797378
-0.043653
-0.232367
-0.283517
0.291972
-0.201907
0.536312
-0.830458
-0.259649
-0.381396
-1.790448
0.300534
1.155543
0.380521
0.433231
1.722882
0.405728
3.691229
-0.809408
1.560698
-0.343041
-0.415642
-0.339998
0.426622
0.932719
0.340769
0.812357
-0.53371
0.339124
-1.100511
0.046996
0.404924
0.855564
-0.663601
-1.234809
0.121987
1.221448
-0.03199
0.022239
1.772743
-1.032806
0.922913
-0.982204
1.590349
-1.231847
-0.350832
-0.2602
-0.163077
0.719767
-0.217081
0.749379
0.330979
1.02922
-0.057154
-0.332834
0.495397
-0.888695
-0.359557
-0.309519
0.794677
0.978621
-0.561856
-1.380842
-2.939072
-0.808257
-0.194568
-0.306166
2.044868
1.555277
0.205394
-0.982433
0.320069
-0.745063
-0.019311
0.377414
1.414142
-0.285961
-0.474545
0.040634
0.811878
1.102816
0.974859
0.475673
0.541358
2.016049
-1.155091
1.303716
0.978051
0.283177
-1.228765
-0.695437
0.539183
-1.256076
0.168112
0.141395
-1.173553
2.493979
-0.424523
0.796994
-0.208721
0.279641
-1.172548
0.730886
0.211109
-1.391449
-0.375867
-0.104276
-0.663518
-1.511141
-1.372118
-0.022318
0.513553
0.168837
0.198372
-0.63568
0.919802
-0.614737
-0.767106
1.613055
0.097876
-0.159857
-1.147726
-0.915929
-0.981797
-2.61797
0.442766
0.262424
-1.079791
1.669298
-1.188438
0.359437
0.314027
-0.117647
0.708827
1.261349
0.523515
-0.050366
-0.845984
0.054101
2.720424
-1.392278
1.316702
-0.616331
-0.426936
-0.52477
0.500923
0.197241
-1.1498
-2.914931
-0.499788
0.710421
0.995687
0.557902
-0.126884
0.60599
0.307226
-0.805635
0.444334
-0.500344
1.37903
-0.277759
-1.96883
1.675322
0.559062
-0.650222
0.732464
1.735035
0.348902
-0.293345
0.621258
1.729735
-0.188012
1.269124
-2.089046
-2.107345
1.184471
1.051077
0.730321
-0.48637
0.891523
-0.58566
0.726362
-2.303495
0.53105
1.242979
0.849405
-0.789896
1.146684
0.94591
1.478059
-0.427952
1.279703
1.240009
2.247705
1.743706
0.786272
-0.154751
0.772484
0.234823
1.40206
1.416147
1.808805
0.365073
-0.306853
0.993971
0.538208
-2.555348
0.669941
1.114468
0.342163
0.930074
1.910495
-1.400436
0.712995
0.656537
-0.676046
0.484438
0.141283
-0.807148
1.184914
0.515621
-0.22867
-0.866929
2.152343
-0.760114
0.800614
1.394323
1.38122
0.353364
0.78683
-0.11889
-0.01869
0.508291
-0.279311
-0.651827
0.320989
0.213697
1.198671
0.030288
1.599756
-1.465393
0.983897
1.782663
-0.972712
0.083156
-0.408519
0.307195
1.571943
-0.190466
-0.265345
-0.410369
-0.428602
0.489086
0.034404
2.025612
1.752232
0.402829
-0.311333
-0.776796
-0.049318
0.496873
0.022012
-0.1728
0.329372
0.189431
-0.384272
1.854535
-0.309321
-0.332179
-0.80235
1.389629
-1.496156
-1.336488
1.251705
-0.750679
-1.233494
0.220898
0.072117
-0.156173
0.407897
-0.683282
-0.42487
0.999117
-1.938123
0.869272
1.019708
0.78949
-0.169247
0.322847
-0.80886
-0.338182
-0.171168
0.741997
-0.179298
-0.562959
1.398804
-0.048745
0.186405
-0.034474
-0.934742
0.656696
0.584011
-0.537601
-0.142635
-0.524545
-0.095934
1.462743
-0.557473
-0.707628
1.54162
-0.740531
-0.215722
1.252907
-0.553791
-0.443735
-0.352388
-0.929211
-0.639711
0.208368
-0.319711
0.010655
1.21056
-0.565317
-0.739167
-0.979711
-0.133399
0.358266
-0.120601
-1.28288
1.119032
-0.027932
0.221966
-0.03741
-0.381957
1.504646
0.345721
-0.788857
-0.160434
2.037319
-2.330452
1.121663
0.144522
0.740023
1.002654
0.021557
-1.110453
-1.107342
0.243709
0.614697
-1.611813
1.480806
-0.46077
-2.250629
0.339831
0.280454
0.855759
0.700112
-1.024023
2.025027
1.423864
-0.115402
-0.807305
-0.746409
-0.113129
1.280333
-0.429361
-1.641083
-1.38076
0.670658
0.177998
0.230326
-0.256978
0.832764
-0.56274
0.940447
0.009092
0.344591
0.882443
1.298793
-1.009725
1.760562
-1.00694
-1.481875
0.839729
0.896518
1.329059
1.426457
-0.831521
1.242724
0.101413
-0.717931
-1.687528
-2.058964
-0.733347
0.255648
-0.41998
0.73095
-0.594672
0.062013
-0.58688
-0.494667
1.097389
0.101248
0.139373
-0.752156
0.574653
-0.886547
-0.1108
-0.625396
-0.040979
0.219613
-0.074991
-0.814485
0.492485
0.189054
-1.185707
0.836886
-0.09107
-0.693247
-1.266907
1.100894
-1.256139
1.71231
0.884589
-0.435496
-1.156927
1.215208
1.133476
-0.029255
-0.573863
0.087175
0.508022
-1.449484
0.819374
1.708997
0.362014
0.119463
0.196902
1.225013
-0.764362
0.693136
0.444371
0.67264
0.17808
0.31612
1.160434
-1.527819
-0.505729
0.696846
-0.054003
1.121669
0.192555
0.092948
0.582148
-0.500764
0.978748
0.005942
-0.821068
0.2868
1.364659
0.163742
0.880917
-0.281124
-0.093487
0.387558
0.7772
-0.5411
-0.283058
-0.348985
-0.488812
0.211691
0.816637
-0.186669
0.437604
-0.338969
0.796179
-0.748689
1.457699
-0.196051
-0.413533
0.428648
1.180094
0.369483
-0.401291
0.517547
0.392995
-0.448726
1.333402
0.313812
0.476673
0.676592
1.164983
-1.464465
-0.691491
0.683344
-0.108964
0.135545
-1.139511
-1.327189
-0.615787
-1.653692
0.795789
-0.497229
0.40653
-0.49901
-1.742277
1.674785
-1.223873
-0.993297
1.35395
1.362055
-0.583089
-0.479817
-0.410482
0.398248
-1.047903
1.957889
1.20999
0.145629
-0.207085
0.083352
0.107059
-0.063069
0.649334
-2.038321
0.12526
-0.674523
-0.623622
0.474928
-0.122213
-1.332972
2.501067
-0.642251
-1.191232
-0.93813
1.0265
-0.302509
0.518957
-0.126057
-2.360361
1.348494
1.430156
0.098497
-0.693996
-0.688863
0.066208
1.84977
-0.673343
0.711633
-2.07131
-0.003677
0.227319
0.236392
1.121472
-1.034607
0.482682
-0.437624
1.108202
0.013297
0.456704
-1.368846
1.020631
-0.496255
1.390887
0.647828
0.289045
1.026131
0.733161
-0.212867
0.174331
0.833403
1.383139
-1.310586
-0.276443
-0.172264
-1.55795
0.816717
-0.064633
-0.468147
-1.565326
0.114997
1.040765
-1.642212
0.526359
-1.594611
0.043824
2.839764
-0.378611
-0.138143
0.701359
-2.126513
0.295459
-0.205472
-0.032965
0.743751
-1.651628
-0.458997
-1.300536
1.6658
-0.454595
-0.517335
0.158134
2.538119
-0.528827
1.507276
1.370357
-0.038187
0.401992
0.990868
-0.46412
2.422716
-1.229766
-1.047825
-2.113421
0.259304
-0.385917
-1.14158
-1.11804
-1.090066
-0.208149
-0.705489
-2.144211
-0.092973
0.447849
0.111717
-0.738439
-0.389532
-0.739742
0.919021
-0.2926
1.091859
-0.402168
0.310436
-0.31796
-0.834942
-0.366167
0.080207
-0.349948
0.512846
2.005491
1.0735
1.336753
-0.12531
0.34259
-0.373062
-0.969441
-0.920406
-0.488232
0.511799
1.696713
-0.54085
0.15477
-0.646495
0.873038
-0.118322
-0.117631
-0.374485
-0.230969
-0.990511
-0.221602
0.907191
1.431871
-0.641182
2.755913
1.949733
0.28907
-0.452808
0.42959
-0.302429
-1.61907
0.869181
0.866572
1.075664
-1.860846
-0.727748
0.506758
-0.546936
0.733538
-0.914709
0.793019
0.549748
-1.003646
-1.749752
-0.880524
1.449475
1.294442
0.558087
-0.639414
0.168501
-0.511415
-0.433332
-0.40753
-0.478593
-0.896987
-1.333605
-1.540454
-1.501697
-0.063111
1.138273
-0.216887
0.445798
0.26727
0.080775
-0.206389
0.47472
0.003009
-1.016105
-0.055501
1.229128
-2.375231
-1.615401
0.590351
-1.806301
0.126591
-0.134842
0.127899
0.341092
-1.107064
-1.161152
-0.603991
1.726103
2.230889
0.901231
1.296881
-1.028202
0.045163
0.358086
-1.494249
-0.280046
-0.547196
0.602899
-0.952358
0.082972
-0.245756
-0.241714
-0.303086
0.505595
-0.485293
0.729036
0.251987
-0.544388
-0.042057
2.214951
-0.249573
0.603785
-0.347944
-0.312745
-0.171212
-0.963666
-0.060192
-0.617169
-0.865993
0.897001
0.406547
0.670383
0.225343
-0.441809
-0.470386
-0.115187
2.360799
0.096437
0.36968
1.0621
0.69713
0.893144
1.10816
0.620606
-2.616229
-0.101217
-0.79191
1.666818
-1.239299
-1.044249
-0.385257
0.176793
-0.163805
0.579404
1.047021
-1.386101
-0.482163
1.096781
0.747763
0.699242
-0.105265
-0.896428
-0.152443
-0.664245
0.34568
1.258466
-0.026844
-0.910748
0.34996
-0.690073
0.808436
-1.702686
1.104838
-2.268763
-2.767761
-0.643531
-0.111529
-0.582988
-0.604088
-0.118719
-2.164421
-0.716151
-0.386329
-0.92864
-0.038772
0.624651
0.337428
-2.227163
-0.96376
-1.440019
-1.730672
0.68761
-1.260771
0.827606
0.078644
-0.007869
0.689876
1.159452
-0.503853
-0.83096
-0.225135
-0.318774
1.266135
-1.120923
-0.949439
1.038507
0.483407
0.858654
1.048644
-0.295901
1.600709
2.312866
-0.127395
-1.656178
1.988324
0.235883
0.489428
1.308232
-1.479603
1.044607
0.595201
0.25292
-3.354378
1.349583
0.041819
-0.101425
0.379986
0.277427
-2.015672
0.286369
-0.101557
1.040349
0.186715
0.132949
-0.615885
-0.427314
-1.032544
2.048561
1.877151
-0.530475
-0.188262
-0.056098
2.220152
0.435344
0.625795
-0.302244
-0.365546
0.231047
-0.701652
0.705382
0.798434
1.17415
-0.75711
0.239617
-1.108873
0.126853
0.072983
1.562923
-0.211668
0.64967
0.72739
-0.047033
0.517998
0.024215
0.872865
-0.304241
0.631906
-0.221217
0.026067
1.153202
0.959524
-0.677066
-0.376185
-0.624469
1.51858
-0.705768
-0.36159
-0.871319
-0.789841
0.405524
-2.026677
1.61114
-1.441505
-1.454307
1.251029
-1.157209
-0.648239
-0.482412
-0.872581
-0.267718
0.83185
0.289235
0.201556
-0.022283
1.35754
0.42435
-0.507638
-0.383798
2.3004
-1.204096
0.283964
0.824735
-1.183136
-0.096762
0.817444
0.356226
0.260328
0.714951
2.909114
1.62666
-0.264813
-1.824752
1.039496
0.174937
0.731074
0.993867
1.294426
-0.275184
-0.010499
1.604911
0.306185
-0.458461
0.865983
0.41651
0.386697
1.294846
0.629714
2.35771
0.700585
0.401256
-0.298209
-0.579687
0.429596
0.419944
0.028962
1.268739
-0.51761
0.097197
0.172579
0.599467
-0.752951
-0.787634
1.471096
-0.296307
-0.59324
-1.36771
-0.53623
-0.068133
1.941962
-0.186032
-0.646597
1.082559
0.855431
-0.511492
-0.376576
-0.117243
0.098174
0.090434
0.00941
1.805162
0.94666
2.258721
-0.121782
0.476115
1.236839
-0.743707
0.129931
-1.737919
-0.734958
0.964554
-1.620955
-1.257195
-1.479765
-0.332858
0.440946
-1.052309
1.645418
-1.065599
-0.590216
0.141629
0.0264
-1.140871
0.79792
0.122385
-0.526434
-1.803644
0.977111
-0.056318
-0.090118
0.468918
0.530636
0.620154
0.690261
-0.727289
1.86282
1.039927
1.151544
-0.277002
-1.566989
0.640465
-1.174977
0.603344
-1.37861
-0.185636
0.298837
-0.332521
-0.278619
-0.219618
-0.484622
0.248457
1.540709
-0.415612
-0.118334
-1.61482
0.054169
0.76038
-0.419576
1.792027
-1.015444
0.248955
-0.429245
0.558819
-1.469232
-2.090408
0.082944
-1.629071
0.466624
1.649433
-1.661849
-0.334765
-1.003471
-0.451095
0.405383
0.151745
0.331104
-0.059271
-0.453665
0.103118
-0.679104
-0.361532
0.104197
0.200754
-0.136435
-1.577794
-0.893471
-1.04176
0.67075
-1.373356
0.369407
-0.997415
0.856814
1.317187
0.712181
-0.541297
1.226219
-0.762314
-0.020896
-0.595495
0.230297
2.006028
-0.237991
1.440003
0.032575
-0.877197
0.363693
-0.837121
0.153735
-1.364071
-1.058358
-0.427657
0.387269
-0.951098
-0.820252
-0.565919
-0.243343
-1.144711
-0.417732
-0.449249
-0.378783
0.640847
0.95771
-1.824178
-0.341368
0.231473
0.92862
0.683293
-0.669477
-0.917738
0.844265
2.345379
-1.027305
-0.712475
-0.477844
0.233677
-0.191229
0.483365
0.361882
0.44211
-1.980912
0.432612
1.251002
1.653838
0.83738
0.389467
0.681851
-0.443985
-0.632894
-0.082109
0.331241
0.580337
-1.376007
-0.741714
-0.714069
0.040239
0.632283
1.628938
-0.636682
0.218626
2.462659
0.043798
-2.111779
0.139854
1.00679
-0.191692
-1.633766
0.596425
-2.416522
1.639942
-0.078595
-0.520509
0.848807
0.543536
0.961298
-1.677586
0.20586
0.644653
-0.664784
0.46253
1.462275
2.607572
0.791655
2.284173
-0.671686
1.011778
0.65419
-0.773869
1.092937
1.078438
0.352539
-1.542606
-0.486923
-0.827761
-2.041095
0.703411
0.431192
-0.707184
-1.318415
-1.19835
1.175786
0.226045
-0.922341
-1.574542
-1.410349
0.321973
-0.125248
-0.123381
-1.075326
-0.57007
0.694098
0.817576
0.440689
-0.987571
0.118434
1.793391
-0.626402
-0.038691
0.261877
1.268247
1.457942
0.707219
-1.071913
0.437985
0.745481
1.528325
0.761779
0.069033
-0.370869
-0.853876
0.373265
-0.67406
-0.811745
-0.276744
-0.212358
-1.308108
-1.687088
0.259175
-0.374465
0.122396
0.727854
1.235063
-1.3348
-0.398243
0.082959
-0.930026
0.110572
-1.271419
0.443388
1.480283
-1.537408
1.465217
-0.234164
-0.871526
-1.15652
0.417512
-0.427128
0.342935
-0.73243
-0.829494
1.307182
-0.296394
-1.534596
-0.409922
-0.918183
0.971059
-0.390187
1.869594
-0.740834
-2.038854
-0.914271
-0.073501
1.493437
-1.313999
0.711165
-0.547447
-0.731388
-0.046003
-1.311652
0.715618
-0.640487
0.592235
0.179416
-0.133408
-1.429299
-0.73001
-1.325325
0.194376
-0.742436
0.859696
-0.315119
1.421271
-0.87976
1.538864
0.017658
-0.215718
0.461982
-0.346546
-0.430917
-0.679674
-0.314671
1.179974
0.931405
-0.367818
-2.186521
0.201225
0.446593
1.050265
-0.269886
1.397151
-0.022106
-1.901468
1.474578
0.759542
0.322189
0.169415
0.136335
-1.09551
2.2615
0.370677
-0.067104
-0.793662
-0.687631
0.812397
-0.932877
0.684147
0.83841
1.815602
1.144382
-1.958533
-0.303442
0.059232
-0.922977
-1.249644
1.137686
0.01857
1.160669
-0.170212
-0.470167
-1.103221
-0.596272
1.250446
0.394437
0.240744
-0.563047
0.911792
0.799111
-3.242706
0.121349
-2.235768
-0.855549
0.182367
2.052659
0.505714
-0.468085
-0.045805
-0.706345
0.425098
0.467208
0.255491
1.226472
-0.048017
-0.265242
-0.321536
-0.412807
0.931405
-1.983422
-0.403223
0.604024
-0.711819
0.658279
0.737257
0.016474
-0.479661
-1.187715
-1.344806
-0.424057
1.445319
-0.426699
-0.92432
-0.298252
0.185127
-0.990712
1.503825
-0.280104
0.77977
1.014532
