LUSIM Output
1
simulated values
-2.0722
-1.4753
-0.9163
 0.5038
 0.2276
 0.2316
 0.2257
-1.0171
-0.1306
-0.9638
 0.4665
 0.5236
 0.1325
 0.0341
 0.8229
-0.7944
-0.4904
-0.0152
 0.0275
 0.0890
 1.1101
-0.0291
 0.2943
 0.1778
-1.9568
-0.1359
-0.8814
 0.7175
-0.3247
-1.6540
 0.2355
-2.3177
 0.5257
-1.1529
 0.5187
-1.0894
-1.7888
-0.0168
-0.5512
 0.4609
-1.9243
 1.2549
 0.5819
-0.3838
-1.7023
-1.6166
-0.2641
-0.6192
-0.6106
-0.0261
-0.3837
 0.2615
 1.0165
 1.0416
-0.1145
-0.3441
-0.0518
 0.7061
 0.7749
 0.0487
-0.1727
 0.7833
 0.8873
-0.0362
 0.5328
 0.3019
 0.2669
 0.0034
 0.2353
-0.0770
 0.4379
-0.9638
-0.0163
-0.2884
-0.9130
-1.4361
 0.9135
 0.5657
 1.1198
 1.1616
-0.0547
 0.8268
 0.8614
-0.1741
 0.5346
-0.4946
-0.2641
-0.0723
 0.4095
 0.9167
-2.5664
 0.0578
 0.2250
-0.0449
 1.5055
 0.6749
-1.1138
 0.4864
-1.1274
-0.8272
