LUSIM Output
1
simulated values
-0.6813
-0.0700
-0.6366
-0.4101
-0.8656
-0.6875
-1.7327
-1.1268
-0.8004
-1.7285
-1.1073
-0.9169
-2.0332
-0.9567
-0.5732
-0.9784
 1.7229
 1.8700
 1.0418
 0.1380
 0.7430
 1.2412
 1.0656
 0.5601
 0.8534
 0.4837
 0.6861
 1.9905
 1.0965
 1.0350
 1.6745
 1.8885
-0.0458
-0.8270
-1.9783
-2.0976
-0.9096
-2.0867
-1.7378
-1.0426
-2.4336
-1.7022
-2.4725
-1.4404
-1.7680
-1.8761
-2.9538
-1.8697
-1.1890
-1.8039
-2.1121
-2.0978
-1.2698
-1.4994
-1.7296
-0.8670
-1.0853
-1.6317
-0.7889
-1.2692
-1.7328
-1.6200
-1.5874
-0.9599
-0.5653
-0.8606
-1.1672
-1.2116
-0.1977
-1.1851
 0.1584
-0.0854
-0.2718
-1.0035
-0.4527
 0.5085
-0.0836
-0.8951
 0.3285
 0.1262
 0.0871
-0.2824
-0.9885
-1.1007
-1.4569
-1.3632
-1.4036
-2.0477
-0.9914
-0.7823
-0.5681
-1.6860
-1.6608
-1.7123
-2.1356
-1.4402
 0.0889
-1.2588
-0.2896
 1.1362
-0.3256
 0.0796
 0.2097
-0.5200
-0.8597
 0.5841
 0.5553
-0.3182
-0.0312
 0.3206
-0.1267
-0.2087
-1.3723
-1.2900
-1.9615
-0.7269
-1.4704
-1.5849
-0.9840
-0.9059
-1.9304
-1.2836
-1.3232
-1.6879
-1.5191
-2.0369
-2.1498
-1.6097
-1.2522
-1.2768
-1.1887
-1.8805
-1.7855
-1.3947
-1.8464
-1.6204
-1.4569
-1.1076
-0.9439
-1.5856
-2.0432
-2.5517
-2.1449
-1.3170
 0.3667
-0.6945
 0.8925
-0.4922
-0.0746
 0.9058
 0.8760
 0.2668
-0.1657
 0.4220
 0.1163
-0.3203
-0.8777
-1.1067
-0.5897
-1.0034
 1.1282
 2.0200
 0.7951
 0.9010
 1.6889
 1.2364
 1.3241
 1.5529
 1.3616
 1.2468
 1.0675
 0.6857
-0.0255
 1.9664
 0.9295
 1.1373
-1.3786
-1.2262
-0.8842
-0.3647
-1.7369
-0.4568
-0.7303
-0.5103
-0.7390
-0.5134
-0.6142
-1.1512
-0.2809
-0.1642
-0.5352
-0.6008
 0.5413
 1.1856
 1.5910
 2.0710
 0.5669
 0.8424
 1.5937
 0.6008
 0.0628
 1.3856
 0.8564
 1.3596
 0.2152
 0.5981
 1.2486
 1.8675
-0.5747
-1.1855
-0.0698
 0.1532
-0.7907
-1.5769
-0.5196
-0.0136
-0.9104
-0.4513
-0.0430
 0.6332
-0.5076
-0.8731
-0.1904
-0.1234
-0.0336
 0.9614
 0.3882
 0.2935
 0.2420
-0.1353
 0.1390
-0.6048
-0.4239
 0.9826
 0.4079
 0.4799
 0.5201
 0.0523
-0.1420
 0.0834
-1.2040
-1.4595
-0.8773
 1.1309
 0.0287
-0.8787
 0.2278
 0.6354
-0.7026
-0.2334
-0.7558
-0.0912
-1.0528
-1.0499
-0.6605
 0.1688
-1.3552
 0.4913
 0.1407
 0.5768
-0.8757
 0.1385
 0.1610
 0.5888
-0.2315
 0.0127
-0.3099
-0.3678
-0.6995
-0.4590
-0.0464
-0.7085
-0.1165
-0.1467
 0.4411
-0.2192
 0.4501
-0.0142
-0.2606
 0.2826
-0.4928
-0.7537
-0.5225
-0.2544
-0.2738
-0.2050
 0.2109
-0.1631
-0.2948
 0.7633
 0.2697
 1.2831
 0.0389
 1.3606
 2.0271
 1.8245
 0.0405
 0.8626
 1.6153
 1.9878
 0.9359
 1.2281
 2.0004
 2.2482
-0.9314
-0.1243
-0.8300
-0.5586
-0.1060
-0.5912
-0.1945
-0.6737
 0.4497
-0.5709
-0.7779
 0.4608
 0.0312
-0.3174
 0.2350
-0.2353
-0.6721
-0.2804
 0.0365
 0.2310
 0.4328
 0.2597
 0.2896
 0.0478
 0.6645
 0.7179
 0.0919
 0.4161
-0.8891
 0.7409
 0.7546
 0.2539
-1.0119
-1.6922
-0.7015
-0.8075
-0.5515
-1.8258
-2.1383
-1.2044
-1.2234
-0.8482
-0.7416
-0.6050
-1.6867
-1.3714
-1.6664
-1.3424
 0.1580
 1.2793
 0.3647
 1.9518
 0.7477
 1.2440
 0.8173
 0.6074
 0.5676
 0.1305
 0.9018
 0.7006
 2.1569
-0.3199
 0.2500
 0.8731
-0.6171
-1.0687
-1.0217
-1.2245
-0.5318
-1.1130
-1.6832
-1.8111
-0.7533
-0.7698
-0.4311
-0.6199
-2.0801
-1.2963
-0.6556
-1.3006
-0.8593
-0.0761
-1.3031
-0.5115
-0.8018
-1.2943
 0.5931
-1.0330
-0.1131
-0.4711
-0.1267
-1.0521
-0.2942
 0.3266
-0.7230
-0.2867
-0.2814
 1.1439
 0.9938
 0.8262
 0.0444
 1.6059
 1.4064
 0.2010
 0.0687
 1.0176
 0.6491
 1.3502
-0.1070
 0.2374
 0.5991
 1.7020
-2.0003
-2.8677
-1.2863
-1.4225
-2.6819
-1.8984
-1.8022
-2.4670
-1.1867
-1.3952
-1.9451
-1.6406
-1.4056
-1.6292
-1.6348
-2.2154
-0.2725
-0.4708
 0.8854
-0.0133
-0.0204
 1.2149
-0.7050
-0.4020
-0.3179
 0.7221
-0.6086
 0.5562
-0.0035
-0.6288
-0.5422
-0.3379
 1.4097
 1.0425
 1.2489
 1.2060
 1.3026
 0.5001
 1.1856
 1.6962
 1.1849
 1.4827
 1.0784
 1.4566
 1.8067
 1.2780
 2.0877
 2.6721
-1.0201
-1.4334
-0.5036
-0.8825
-1.1869
-1.4932
-0.8302
-0.9368
-1.0017
 0.6064
 0.4996
 0.0785
 0.0909
 0.0945
 0.6644
 0.0003
 0.7191
-0.2845
-0.3217
 0.1496
 0.8349
 0.2439
-0.0583
-0.0547
 0.7658
 0.2262
 0.5720
-0.2147
 0.3203
 0.9179
 0.2808
-0.6169
 0.1203
-0.2854
-0.8052
-0.1967
-0.1670
-0.3093
-0.3714
-0.2069
 0.9363
 0.8290
 0.6613
-0.1643
 1.7088
 1.0152
 0.2052
 0.7478
-0.1827
 0.2829
 0.2103
 0.3342
 0.3099
 0.3849
 0.3710
 0.5294
-0.3133
 0.2367
 0.0620
-0.1671
 1.1319
 0.3786
 1.0214
 0.1322
-0.1263
 0.1058
 0.7225
 1.7859
 1.0441
 0.9108
 0.8403
 1.1243
 0.5347
 0.7819
 1.0170
 0.9032
 1.4985
 0.3942
 0.4931
 0.9043
 0.7940
 0.1047
 0.1878
-0.1003
 1.1863
 0.3574
-0.5240
-0.2571
 1.0515
-0.3038
 1.6682
 0.2267
 0.6774
 0.3078
-0.0142
 0.3166
 0.6262
-1.0063
 0.3057
-0.4064
-0.0572
 0.1945
-0.1339
-0.5631
 0.3509
 0.3256
-0.7298
 0.8974
 0.2037
 1.1540
 0.7708
 0.4214
 0.5698
 0.4176
 0.8198
 0.8026
 0.4885
 0.8149
 1.1137
 0.7462
 0.6421
 1.3836
 1.0547
 1.4144
 1.4559
 0.4989
 0.4967
 1.1932
-0.5921
-0.6834
 0.5664
-0.1651
-1.6276
-0.6889
-0.5946
-0.3187
-0.3935
-0.8562
-0.9081
 0.1498
-0.5296
 0.5618
 0.0753
 0.0023
-1.3400
-1.1767
-1.2005
-1.0408
-1.5184
-1.4613
-1.1242
-0.5395
-1.7600
-0.8157
-2.4251
-1.7362
-0.6526
-0.7310
-0.8862
-1.0370
 1.6664
 1.2691
 0.2346
-0.0167
 0.9654
 1.2224
 1.7611
 0.1583
 1.0653
 0.6793
 1.5250
 1.6759
 0.1483
-0.0090
 1.3921
 1.0084
 0.7890
 1.1344
 0.3067
 0.8535
-0.1333
 0.1084
 0.0954
 0.1055
 0.3982
 0.5942
-0.3776
 0.0134
 0.2242
-0.1999
 0.3323
-0.6625
 0.3459
 0.0508
-0.7749
-0.2749
 0.2683
-0.0228
-0.5765
-0.9012
 0.3416
-0.1985
 0.5284
-1.0095
 0.6177
-0.6095
-0.8152
-0.8956
 0.4540
 0.4686
-0.4166
-0.6091
 0.8587
-0.0272
 0.4285
 0.4072
 1.0166
 0.5849
 0.8344
 0.3031
 0.8483
 0.4753
-0.3439
-0.4584
-0.8373
-0.0308
 0.3811
-0.1754
-0.3220
-0.0786
-1.2068
-0.5299
-0.6998
-0.3342
-0.8994
-1.0806
-0.3342
 0.3424
-0.4992
-0.1391
 0.3465
 0.4630
 1.4105
 1.3742
 0.5140
 0.5152
-0.1010
 0.1817
 0.4590
-0.2359
 1.0038
-0.2560
 1.2901
 1.3668
 0.7086
 0.5268
 0.0625
 0.3681
-0.2529
-0.0686
 0.6581
 0.7786
-0.2833
 0.2025
-0.2023
 0.5847
 0.4175
-0.5587
 0.2322
 0.1903
 0.3404
 0.5867
 0.1037
 0.6330
 0.5495
 0.2994
 0.7365
 0.1991
 0.9703
 0.2415
 0.8852
 0.3622
 0.3021
-0.0102
 0.5586
 1.1949
-0.0431
-0.2448
-0.0464
 0.7515
-0.3233
 0.5576
 0.2520
-0.2911
 0.2377
 0.8442
-0.4919
 0.3763
-0.5061
 0.4914
-0.4459
 0.0362
 0.1921
-0.0366
-0.6208
 0.9087
 1.5413
 1.8053
 0.5459
-0.9274
-0.0777
-0.0444
-0.4326
-1.0409
-1.7264
 0.0947
-1.1851
-1.4900
-0.6374
-1.9353
 1.6057
 0.7738
 0.7491
 0.2007
 1.0150
 0.7892
 0.0739
 1.1070
 0.2045
 0.4521
 0.3649
 1.1749
 0.9901
 0.1076
 0.0264
-0.1188
 0.4923
-0.7762
 0.5740
-0.4143
 0.9859
-0.0024
 0.3078
-0.1608
 1.5062
-0.0080
 0.5155
 0.2578
 1.1854
 0.6772
-0.4950
 0.5969
 0.8169
 1.0152
 1.9304
 1.3470
 1.1987
 1.2625
 1.6067
 1.5745
-0.0676
 1.1548
 1.1668
 1.2768
 1.5624
 0.1924
 0.6294
 0.4153
 0.4690
 1.1004
 0.3337
-0.4274
 0.5911
-0.0591
 0.0795
-1.1480
 0.6373
 0.1943
-0.2656
-0.3732
-0.2418
 0.5929
-0.8246
-0.4447
 1.2701
 0.1982
 0.7063
 0.8909
 1.1759
 0.5939
 0.1042
 1.4387
 1.0482
 0.5879
 0.2085
 0.5904
 0.8603
 0.0381
 0.8186
 0.1959
-1.1878
-1.1838
 0.2656
-0.3146
-0.9285
-0.8384
-0.8526
 0.4457
-0.8244
 0.7924
 0.4652
 0.0675
-0.5738
-0.7468
 0.2270
 1.1006
-1.0995
-1.0528
-1.1688
-0.8354
-0.5002
-0.5121
-1.0109
-0.5412
 0.2707
-0.6134
-0.7212
-0.4810
-0.0583
-0.6325
-0.5096
-0.8281
 1.1493
 0.4775
 1.2890
 0.4755
 0.4790
 1.3426
-0.0686
 1.8820
 2.4593
 1.2560
-0.0694
 0.4103
 2.4854
 0.7570
 1.2451
-0.2270
-0.3019
-0.6104
 0.3764
 1.7515
-0.0364
 0.1481
-0.1030
 0.9742
 0.3165
 0.3012
 1.8954
 1.5002
 1.2610
 0.7266
 0.8562
 0.5235
 0.9440
 0.9339
 1.3613
 0.6725
 0.2046
 0.7014
 1.0023
-0.1469
 0.0527
 1.0458
 0.9823
 1.0950
-0.2674
 0.8607
 0.1044
 0.7283
 0.0246
 0.5244
-0.2316
 0.7348
 1.0429
 0.7005
 0.4791
-0.6653
 1.2004
 1.1722
 1.1012
 1.4524
 0.7744
 0.6502
 0.4368
 0.9840
 1.0380
 0.2969
 0.8515
 0.5800
 1.1827
 0.0819
 1.4461
 2.1233
-0.2214
-0.8061
 1.4700
-0.0017
 0.1898
 1.0710
 0.9650
 0.8907
-0.2636
 0.1795
-0.5996
-1.2430
 0.3233
 1.1701
-0.4833
-0.6755
-0.1093
-0.8661
 0.1565
 0.4877
 0.4233
 0.7619
 1.2624
 0.8759
 0.9102
 2.0483
 1.2652
 1.4751
 0.5879
 1.2996
 1.7602
 1.6648
 0.6539
 1.5183
 1.3143
 1.7653
 0.4104
 0.9520
 1.0155
 1.8074
 1.3727
 2.2666
 1.8070
 1.4998
 0.7616
 1.2453
 0.9936
 1.4847
 1.6111
 0.5265
 1.6364
 1.4405
 0.2715
 0.0694
 0.8220
 0.7754
 0.2721
 0.6036
 1.1390
 1.1245
-0.2991
 1.0638
 0.1567
-0.4925
 0.8141
-0.4810
-0.4415
 0.5238
 0.9052
-0.1089
 1.0892
-0.1370
 1.5711
 1.0290
 0.9676
 1.7792
 1.4188
 1.6028
 1.0852
 1.6387
 1.1231
 1.7963
 1.7261
 2.0736
 0.7652
 1.6213
 1.7319
 1.2392
-1.3340
-1.2400
-0.3218
-0.5112
-0.9964
-0.4581
-0.2099
 0.2221
-0.4899
-0.1470
 0.6105
-0.3793
-0.2376
-0.6333
-0.2968
-0.0254
-0.3810
 0.7876
 0.4389
 0.0585
-0.1583
 0.8533
 0.3041
 0.3447
 0.7625
-0.1777
 0.0587
 0.2695
 0.9301
 0.6063
 0.0307
-0.0415
-1.0568
-0.3499
-0.8211
-2.0329
-1.4071
-1.5763
-1.1251
-2.0990
-1.2727
-1.1389
-1.1582
-1.1549
-2.2221
-2.1236
-1.5518
-0.9471
-2.0733
-1.6832
-0.8919
-0.9914
-2.8903
-1.3824
-1.4036
-0.3800
-2.9082
-1.1905
-1.0887
-0.8394
-2.6909
-1.3300
-1.5173
-1.0750
 0.3713
 0.7473
-0.4878
 1.2538
-0.6301
 1.0533
 0.4436
 0.6461
-0.2640
 0.4836
-0.0612
-0.1404
-0.5285
 0.7743
-0.3303
 0.6008
 0.9130
 1.0302
-0.1477
 0.2259
 0.7469
 0.0648
-0.1673
 0.4196
 1.1059
 1.4135
 0.3907
 0.7543
 1.1654
 2.3317
 1.2127
 0.9661
-0.0888
-0.4464
-1.6560
-1.2141
-1.8952
 0.3917
-1.0438
-1.5064
-0.2147
-0.2809
-0.8543
-0.8739
 0.5190
-0.2455
-0.7992
-0.7910
 0.3252
 0.5643
-0.1569
 1.2232
 1.1372
-0.2619
 0.5362
 1.1473
 0.0200
-0.0876
 0.4620
-0.5699
 0.1749
-0.4716
-1.0828
-0.3025
-0.0507
-0.6149
-1.4782
 0.0678
 0.4620
-0.7868
 0.7933
 0.3964
-0.6174
 0.1052
-0.3686
 0.3120
-0.8138
 0.0563
 0.3207
 0.3416
-0.4722
-0.8266
-1.4591
-0.1464
 0.0299
-0.8807
-0.6560
-1.1075
 0.4375
-0.2664
 0.5646
-0.7239
 0.1047
-0.6544
-0.3230
-1.1825
 0.1642
-0.1145
-1.6218
-0.5240
-0.0132
-0.5599
-0.8271
-1.0054
-2.1893
-1.1659
-1.0431
-1.0333
-0.9320
-1.1869
-1.2562
-1.6539
 0.7294
 0.0616
 0.4134
-0.3438
 0.0554
 0.3766
 0.6152
 0.2786
 1.0829
 1.0603
 0.5905
 0.0834
 0.7525
 1.1532
 1.0888
 0.2063
 0.2429
 0.4629
 0.8424
 0.4065
-0.5624
 0.0580
-0.0394
 0.3399
-0.3934
 0.2195
-0.8494
 0.3105
-0.4904
-0.2311
-0.9462
 0.6811
 1.0307
 0.8616
 0.9653
 0.9685
 0.2643
-0.0042
 0.3647
 1.4133
-0.8594
 0.9407
-0.2127
-0.7481
-0.2876
-1.0855
 0.2649
 0.6048
-0.1331
 1.1787
 0.1999
-0.7545
-0.7598
-0.4429
 0.0423
-0.2779
 0.6597
 0.0679
 0.4343
-0.1611
-0.5573
 0.6042
 0.4884
 0.7757
-0.1560
-1.0907
-1.7485
-1.8401
-1.1108
-1.0883
-2.5302
-2.5295
-1.7784
-1.2656
-1.7500
-2.1910
-2.4396
-1.4943
-1.7467
-1.3511
 2.4804
 1.1727
 1.0631
 0.9651
 1.5182
 1.6605
 1.0293
 1.6365
 1.9113
 1.9341
 1.6754
 1.1109
 2.2254
 1.5657
 1.0826
 1.7147
-0.2271
 0.1075
 0.3389
 0.3255
 0.0274
 0.4505
 0.5517
 1.2706
-0.4224
-0.5383
 0.5834
-0.3125
-0.4981
 0.1793
 0.5087
 1.3617
-1.2258
-1.7289
-0.6444
-0.9460
-1.5188
-0.9729
-1.4047
-0.7983
-0.9010
-1.4319
-1.1981
-1.1850
-1.2731
-0.5464
-1.1334
-0.8029
 0.3589
-0.3255
-0.0538
 0.7181
 0.5373
 0.4505
-0.0648
 0.0583
 1.0801
 1.2019
 0.5671
-0.2313
-0.1004
 1.2907
 0.3525
-0.2329
 0.4459
 0.6680
 0.7316
 1.7969
 0.0931
-0.6860
 0.0250
 0.9193
 0.0561
 0.7062
-0.6700
 0.2232
 0.1921
-0.3038
-0.6381
-0.5324
-2.7522
-1.9678
-2.1463
-1.1014
-1.2746
-2.2934
-1.6216
-1.8795
-1.9982
-2.7997
-1.2619
-1.7152
-2.2600
-2.4097
-2.2998
-2.0271
 0.1370
 0.6247
 0.6449
 1.2355
-0.0527
 0.5720
-0.0828
 1.1697
-0.3455
 0.1580
 0.1111
 0.3037
-0.2047
-0.1679
-0.1603
 0.0432
-0.3224
-0.0904
-1.7613
-1.0374
-0.0343
-1.2828
-0.8853
-1.0554
-1.0086
-1.0351
-0.8163
-0.5886
-0.4685
-0.8238
-1.2232
-1.1542
 0.3374
-0.1956
 0.4359
-0.8412
-0.4502
-0.3580
 0.3005
-1.1818
-0.1677
 0.9866
-0.5408
-1.2936
 0.2029
-0.6369
 0.0701
-1.2261
 0.3239
-0.3171
-0.1441
-0.2251
-0.3279
-0.3893
-1.5820
-0.0303
-0.3675
-0.0608
-0.3013
-1.5580
-0.8291
-0.6230
-1.1376
 0.3607
 0.7724
 2.0125
 1.7830
 1.1838
 2.4620
 0.9746
 1.0362
 0.4836
 1.3370
 0.8561
 0.9740
 0.6861
 0.6532
 0.7562
 0.7963
 0.2239
 0.3537
-0.1588
 0.0791
 0.4656
-0.1399
 0.5210
 0.8258
 0.1035
-0.9712
-0.7325
 0.2795
-0.5262
-0.0115
-0.7136
-1.0350
-0.8438
 1.1422
 1.5329
 1.3579
 1.4142
 1.1098
 1.5678
 0.9409
 2.0358
 1.7651
 0.8239
 0.6606
 0.7767
 2.6647
 0.6783
 0.7384
 1.0049
-0.5761
-0.1705
-0.9962
-1.0025
-0.1311
-0.7260
 0.3174
-0.1653
 0.0664
-0.5156
 0.2654
 0.6504
-0.5172
-0.1164
 0.3687
 1.0019
 0.7957
 0.9755
 0.1573
 1.0574
 0.7109
 0.0131
 0.7623
 0.4661
 0.5559
 0.5558
 1.5060
 0.7183
 1.1939
-0.6668
-0.6234
-0.6280
-0.1659
-0.6289
-1.2101
-0.1044
-0.5725
-0.0925
-0.9254
 0.3022
-0.5374
-1.0390
 0.0281
-0.5343
-0.6325
-0.8887
 0.8789
 0.7706
-0.2643
-0.2450
-0.5472
 0.1785
-1.4902
-1.2106
-0.6550
-0.6144
-1.0329
-1.1425
-0.1997
 0.4042
-0.6623
-1.5550
-0.5469
-0.2507
 1.8632
 2.1486
 1.3832
 1.1931
 1.0685
 0.6229
 1.0827
 1.6668
 2.0748
 1.4359
 1.4387
 0.5549
 0.9475
 0.9132
 1.4325
 0.3595
