SASIM Realizations
1
value
  10.125
   7.940
   3.043
   5.006
   8.476
   8.167
   5.190
   3.741
   0.357
   0.010
   1.290
   1.213
   6.220
   5.059
   5.340
   8.280
   5.534
   0.607
   0.010
   1.388
   3.190
   4.694
   4.111
   8.139
   5.546
   4.244
   8.269
   5.614
   0.204
   0.010
   2.769
   2.265
   4.654
   4.800
   1.751
   4.226
   6.942
   4.933
   5.538
   2.706
   4.012
   8.091
   2.067
   7.722
   4.658
   3.682
   5.256
   3.421
   1.995
   4.400
   7.083
   6.964
   1.981
   1.963
   4.857
   6.053
   6.277
   5.350
   0.193
   5.668
   2.736
   6.603
   3.756
   2.155
   6.759
   6.508
   5.755
   4.756
   5.524
   7.683
   4.064
   4.293
   3.235
   7.204
   6.919
   7.580
   4.327
   1.949
   5.849
   8.277
  10.231
   6.357
   3.805
   1.144
   3.104
   1.109
   0.010
   6.413
   2.732
   2.369
   8.381
   5.034
   0.756
   1.495
   4.978
   3.451
   0.655
   3.961
   0.288
   4.476
