Smooth Results
2
Z-value
P-value
     .0100   .019333
     .2119   .019294
     .4138   .019276
     .6158   .019235
     .8177   .019297
    1.0196   .019371
    1.2215   .019460
    1.4234   .019727
    1.6254   .020075
    1.8273   .020560
    2.0292   .020996
    2.2311   .021558
    2.4330   .022301
    2.6349   .023001
    2.8369   .023726
    3.0388   .024539
    3.2407   .025464
    3.4426   .026371
    3.6445   .027209
    3.8465   .027804
    4.0484   .028359
    4.2503   .028885
    4.4522   .029235
    4.6541   .029529
    4.8561   .029384
    5.0580   .029097
    5.2599   .028681
    5.4618   .027905
    5.6637   .026987
    5.8657   .026182
    6.0676   .025033
    6.2695   .023666
    6.4714   .022182
    6.6733   .020659
    6.8753   .019235
    7.0772   .017670
    7.2791   .016031
    7.4810   .014388
    7.6829   .012890
    7.8848   .011488
    8.0868   .010073
    8.2887   .008804
    8.4906   .007657
    8.6925   .006634
    8.8944   .005741
    9.0964   .004951
    9.2983   .004249
    9.5002   .003711
    9.7021   .003292
    9.9040   .002840
   10.1060   .002567
   10.3079   .002340
   10.5098   .002188
   10.7117   .001955
   10.9136   .001897
   11.1156   .001676
   11.3175   .001637
   11.5194   .001585
   11.7213   .001401
   11.9232   .001282
   12.1252   .001005
   12.3271   .001373
   12.5290   .001201
   12.7309   .001045
   12.9328   .000631
   13.1347   .001132
   13.3367   .000889
   13.5386   .000438
   13.7405   .000522
   13.9424   .000854
   14.1443   .000563
   14.3463   .000670
   14.5482   .000615
   14.7501   .000541
   14.9520   .000530
   15.1539   .000431
   15.3559   .000698
   15.5578   .000315
   15.7597   .000338
   15.9616   .000257
   16.1635   .000242
   16.3655   .000258
   16.5674   .000547
   16.7693   .000298
   16.9712   .000217
   17.1731   .000171
   17.3751   .000152
   17.5770   .000129
   17.7789   .000102
   17.9808   .000246
   18.1827   .000127
   18.3846   .000057
   18.5866   .000086
   18.7885   .000155
   18.9904   .000081
   19.1923   .000131
   19.3942   .000083
   19.5962   .000105
   19.7981   .000081
   20.0000   .000121
