DSSIM Realizations with trans
1
value
       5.335
       5.654
       4.983
       3.951
       4.774
       5.008
       5.511
       5.513
       5.616
       6.729
       7.863
       8.584
       9.622
      10.106
      10.270
      10.314
      10.006
       8.887
       5.315
       2.004
       1.688
       3.245
       2.778
       3.337
       2.053
       3.827
       3.731
       3.487
       3.095
      0.7439
       2.194
       3.141
       4.045
       5.185
       3.812
       4.245
       3.898
       2.235
       4.147
       3.894
       4.985
       4.897
       5.551
       5.533
       5.552
       4.066
       5.674
       3.763
       6.972
       4.722
       4.749
       4.389
       4.540
       4.658
       4.763
       5.118
       5.199
       4.930
       5.609
       5.538
       6.248
       7.730
      10.015
      10.088
      11.297
      13.885
      10.561
       9.607
       6.831
       2.831
       1.417
       2.334
       3.071
       3.487
       3.988
       3.802
       3.819
       5.530
       3.474
       2.813
       1.959
       4.666
       4.069
       4.361
       6.482
       3.278
       5.516
       4.659
       4.938
       5.519
       6.265
       6.205
       5.454
       6.328
       6.049
       5.836
       5.418
       5.193
       4.966
       6.179
       3.806
       3.467
       4.212
       4.988
       4.766
       5.184
       6.106
       5.197
       5.818
       7.728
       7.548
       8.525
       9.171
      10.023
      11.508
      14.335
      15.573
       9.979
       6.783
       4.951
       2.483
       2.066
       3.779
       4.029
       4.095
       4.272
       3.345
       3.194
       3.454
       4.662
       2.547
       4.589
       4.013
       4.942
       5.000
       5.343
       5.675
       5.515
       5.725
       5.608
       5.337
       7.508
       7.516
       7.839
       6.571
       6.333
       5.609
       5.545
       5.624
       5.714
       1.986
       2.764
       1.498
       3.096
       3.144
       4.769
       4.263
       2.894
       8.590
       8.188
      10.283
       7.321
       8.996
       9.401
      10.025
      10.237
       9.928
       9.946
       8.318
       6.531
       4.278
       3.507
       1.977
       4.057
       5.340
       4.660
       5.513
       5.493
       5.004
       4.740
       3.813
       2.609
       3.501
       3.499
       5.324
       5.670
       6.880
       6.090
       7.454
       8.250
       8.994
       9.086
       8.495
       7.383
       5.706
       6.892
       4.934
       5.773
       5.538
       6.811
       3.514
       2.828
       3.997
       2.332
       2.069
       3.219
       2.180
       3.054
      0.7726
       4.251
       4.241
       5.514
       7.598
       7.415
       6.883
       9.857
      10.086
       9.976
       8.533
       5.608
       4.316
       4.948
       4.666
       3.753
       4.344
       4.400
       4.918
       5.548
       6.486
       6.344
       4.648
       2.873
       2.589
       3.518
       4.454
       5.027
       7.641
       6.539
       7.925
       9.260
       9.755
       9.850
       9.603
       9.856
       6.780
       7.862
       7.543
       7.591
       5.315
       5.540
       2.748
       2.746
       2.011
       1.581
       1.413
      0.4504
       2.740
      0.8114
      0.8384
       2.142
       3.170
       4.254
       5.326
       5.205
       6.407
       5.786
       9.776
       9.068
       7.041
       5.490
       2.131
       3.124
       2.149
       1.688
       2.808
       3.941
       4.935
       6.857
      11.791
       9.568
       5.334
       1.974
       2.317
       2.667
       3.880
       4.922
       5.783
       6.257
       9.155
       8.321
       9.134
      10.302
       9.885
       9.860
       7.496
       9.039
       5.577
       6.862
       6.113
       6.026
       3.808
       2.202
       1.482
       0.912
      0.2006
      0.5403
       0.977
      0.6415
       1.053
       2.166
       3.597
       4.665
       5.534
       3.909
     0.01000
       4.455
       6.747
       5.319
       5.556
       4.926
       3.582
       0.971
       1.259
       1.275
       1.031
       3.077
       4.683
       6.300
       6.583
      10.214
       6.289
       3.014
       2.873
       3.050
       3.473
       4.317
       4.676
       4.967
       5.652
       7.694
       9.719
       9.888
       9.610
       8.204
       8.300
       6.839
       7.336
       8.989
       5.729
       5.835
       4.598
       2.051
       1.278
      0.1700
      0.2144
      0.2431
       1.353
       1.208
       2.084
       4.652
       5.233
       5.016
       5.211
       4.854
       3.083
       4.073
       4.947
       6.294
       4.781
       4.228
       2.202
       1.402
      0.1818
      0.1520
      0.8068
       2.107
       3.766
       5.515
       7.471
       6.617
       5.934
       4.064
       4.040
       3.651
       2.174
       3.913
       4.237
       4.327
       2.237
       5.579
       7.593
       8.920
       9.354
       7.994
       7.768
       6.889
       7.556
       6.147
       6.030
       5.530
       2.167
       1.386
      0.8885
      0.2243
      0.2490
      0.2526
      0.8969
       1.955
       3.109
       4.645
       5.800
       8.449
       6.320
       5.328
       4.302
       4.026
       4.056
       4.184
       3.847
       2.484
      0.5465
      0.1213
      0.1655
      0.1587
      0.1678
       1.312
       2.466
       4.091
       5.338
       6.722
       4.766
       5.491
       5.546
       4.030
       3.499
       4.210
       4.205
       3.527
       1.108
       4.477
       6.283
       6.001
       7.630
       7.565
       6.896
       6.324
       6.028
       6.889
       4.771
       5.528
       1.409
      0.1586
      0.8308
       1.929
       1.279
      0.2939
       0.931
       2.115
       4.215
       4.962
       6.753
       8.693
       6.855
       5.498
       4.670
       4.087
       3.776
       2.844
       2.856
       4.278
      0.4910
      0.2153
      0.1699
      0.1092
      0.1077
      0.1406
      0.3007
       2.082
       3.748
       5.526
       4.345
       2.977
       2.544
       3.786
       3.447
       2.323
       4.152
       5.724
       4.654
       5.093
       6.685
       7.454
       6.265
       6.806
       4.814
       5.527
       5.294
       5.328
       3.884
       5.342
       1.334
       1.277
       1.304
       1.167
       1.030
       1.020
      0.5824
       2.538
       3.770
       4.840
       4.381
       6.775
       6.848
       4.978
       4.227
       3.767
       3.772
       3.218
       4.250
       2.099
      0.2703
      0.1071
     0.01000
      0.1341
      0.1050
      0.1226
      0.1200
      0.2636
       1.493
       2.516
       2.830
       3.008
       2.298
       2.348
       2.577
       3.438
       4.035
       5.267
       6.277
       6.851
       7.937
       6.852
       5.010
       5.260
       5.004
       3.187
       4.365
       4.592
       4.645
       4.756
      0.7311
      0.8452
       2.012
       2.215
       2.353
       3.417
       2.162
       3.380
       3.212
       4.657
       5.015
       4.330
       4.822
       4.190
       2.464
       3.614
       2.775
       4.701
       4.257
       2.365
      0.2309
      0.2361
      0.1723
      0.1618
     0.08714
      0.0900
      0.1035
      0.3744
      0.5863
       1.449
       0.932
       2.101
       2.062
       1.954
       1.444
       1.625
       4.344
       5.525
       7.559
       6.944
       7.357
       5.713
       6.354
       6.225
       3.814
       4.275
       5.427
       3.946
       3.821
       3.931
      0.2582
     0.01000
       6.919
       3.985
       4.099
       4.844
       4.394
       4.340
       4.771
       5.153
       4.809
       4.018
       4.443
       3.487
       1.411
       1.224
       2.189
       2.459
       2.830
       2.150
       1.499
      0.5752
      0.2366
      0.0919
      0.1169
      0.1341
     0.06933
      0.2521
       4.955
       2.105
      0.2230
       1.277
      0.4189
       2.096
       1.375
       1.449
       2.848
       6.431
       6.266
       6.809
       6.117
       5.517
       5.486
       2.457
       3.752
       4.760
       2.616
       1.370
       2.185
       3.034
       0.967
       1.874
       3.499
       4.575
       4.908
       5.316
       6.278
       5.523
       5.528
       7.431
       5.430
       4.929
       4.240
       4.239
       4.335
       1.211
       2.037
       3.390
       2.796
       3.774
       2.160
       2.102
       1.165
      0.1940
      0.1550
      0.1934
      0.2082
      0.3254
     0.01000
       0.975
       2.019
       1.268
       1.359
      0.2303
       2.856
       2.099
       3.228
       5.572
       5.039
       5.140
       5.334
       4.285
       3.388
       3.118
       2.048
       2.021
       1.288
       1.624
      0.1037
       2.016
       2.265
       2.828
       4.300
       4.777
       4.642
       7.375
       8.312
       8.295
       9.561
       6.823
       4.757
       5.085
       6.311
       4.080
       2.228
       2.031
       3.491
       2.768
       2.336
       3.316
       2.146
       5.008
       1.480
      0.1711
      0.1847
      0.1751
      0.6121
       1.326
       2.174
       1.964
       2.076
       2.809
       3.770
      0.2475
       1.352
       2.376
       3.530
       2.493
       4.414
       3.906
       2.880
       1.458
       2.005
       1.509
       1.021
      0.6356
      0.1235
      0.1367
      0.1286
       0.929
       2.045
       3.716
       4.697
       6.303
       7.362
       9.077
       9.308
       9.422
       8.905
       6.836
       6.442
       6.004
       3.837
       3.837
       2.040
       2.032
       2.770
      0.8294
      0.1339
       3.182
       2.149
       2.442
       1.474
       0.949
       1.186
       2.025
       2.110
       2.216
       6.505
       3.982
       3.160
       3.277
       2.475
      0.3364
       2.039
       3.881
       2.180
       4.236
       3.536
       3.860
       1.327
       1.407
       2.329
       2.359
      0.2923
       0.938
      0.1762
      0.1098
      0.3641
       1.256
       1.720
       4.631
       5.009
       5.500
       7.852
       9.874
       9.951
       9.650
       8.610
       6.821
       5.207
       4.250
       2.119
      0.7757
      0.1271
       1.626
       1.481
       3.882
       1.560
       1.383
       1.599
      0.2474
      0.2207
       2.298
       2.084
       2.567
       3.519
       4.776
       4.292
       4.315
       2.187
       2.121
       3.774
       2.829
       4.766
       5.506
       9.899
       4.462
       4.939
       2.832
       2.086
      0.4803
       2.024
       1.522
       1.019
      0.1803
      0.3594
      0.1512
       2.118
      0.3394
       3.409
       4.772
       6.012
       7.650
       9.124
       9.972
      10.025
       9.733
       8.854
       5.808
       5.249
       3.156
       2.131
       2.064
      0.1193
       2.095
       2.011
       1.426
       1.945
      0.5273
      0.1946
      0.2925
       2.167
       2.078
       2.797
       4.020
       4.944
       4.166
       5.319
       4.892
       3.515
       5.161
       3.502
       3.192
       4.777
       6.301
       6.557
       6.308
       4.932
       4.088
       4.293
       2.803
       2.266
       2.219
       2.804
       1.320
       0.946
       1.417
       1.047
       1.930
       4.703
       5.528
       7.420
       7.960
       9.370
      10.782
      10.045
       9.718
       9.124
       8.516
       5.785
       4.444
       1.432
       1.352
      0.2692
       1.252
       3.247
       1.296
       1.081
      0.1589
      0.2510
       2.261
       1.037
       2.094
       3.244
       4.301
       5.191
       6.792
       5.805
       5.544
       6.336
       6.306
       4.931
       4.999
       5.629
       6.613
       6.829
       7.539
       4.727
       5.331
       3.727
       3.512
       3.257
       2.933
       2.837
       2.078
       2.019
       1.883
       1.475
       3.517
       5.023
       6.503
       7.573
       8.146
       9.290
       9.983
      10.178
       9.615
       9.146
       8.200
       7.870
       4.898
       2.630
       1.471
       2.046
      0.1588
      0.8758
      0.7603
      0.1990
      0.8932
      0.2212
      0.4072
       1.308
       2.394
       5.340
       4.734
       5.650
       8.971
       6.863
       6.471
       5.520
       6.231
       5.539
       5.511
       5.742
       6.297
       5.643
       5.517
       5.019
       4.694
       4.249
       3.985
       3.762
       4.280
       3.205
       2.086
       2.776
       2.301
       2.837
       4.449
       5.573
       7.927
       7.673
       9.783
       7.549
       9.113
       9.996
       9.625
       9.222
       8.385
       7.732
       4.276
       2.846
       1.443
      0.2658
      0.2070
      0.5739
      0.1300
      0.1276
      0.5119
      0.8158
      0.8795
       1.447
      0.8654
       4.004
       4.928
       6.008
       6.903
       7.319
       6.865
       6.826
       6.813
       6.455
       6.713
       5.502
       5.238
       5.148
       4.949
       5.532
       4.220
       4.347
       4.381
       3.829
       3.738
       2.659
       3.848
       3.849
       4.008
       2.739
       4.011
       5.006
       6.250
       7.584
       7.884
       8.926
       8.391
       9.948
      10.299
       9.050
       8.166
       7.129
       4.831
       2.822
      0.3229
       1.166
      0.2325
      0.1044
      0.1286
      0.1184
      0.4280
      0.7700
       1.290
       0.986
       3.819
       3.719
       5.197
       5.333
       6.184
       6.987
       6.903
       7.500
       5.249
       6.371
       5.495
       4.451
       4.209
       4.448
       3.208
       3.831
       5.008
       2.768
       4.084
       4.258
       4.535
       4.762
       4.769
       5.006
       4.941
       5.185
       4.523
       3.997
       6.927
       6.039
       7.483
       8.154
       8.923
       8.149
       9.047
       8.635
       9.447
       6.598
       4.689
       3.877
       2.155
      0.2543
       1.822
      0.1473
      0.1218
      0.1426
      0.7289
       0.995
       1.646
       4.022
       4.945
       4.232
       4.942
       5.535
       6.518
       6.003
       6.864
       6.511
       8.919
       5.874
       4.738
       2.390
       4.285
       4.791
       2.239
       4.031
       4.513
       4.645
       4.881
       5.006
       5.031
       6.635
       6.138
       6.425
       7.063
       7.589
       4.261
       5.524
       6.108
       6.165
       7.887
       6.114
       7.598
       7.790
       6.855
       6.864
       5.515
       5.607
       4.440
       2.748
      0.3083
       1.337
      0.1279
      0.1385
       1.037
      0.6876
       1.275
       1.718
       1.560
       3.257
       3.677
       3.484
       4.742
       5.373
       6.652
       6.550
       6.791
       6.829
       6.205
       5.993
       4.684
       3.913
       3.459
       4.292
       4.328
       5.331
       4.084
       5.226
       5.535
       6.711
       6.155
       6.307
       7.564
       8.063
       7.805
       7.446
       5.570
       5.975
       6.363
       7.668
       5.823
       6.900
       6.953
       6.916
       6.849
       6.310
       6.562
       5.998
       6.766
       5.679
       3.502
       1.567
       1.256
       0.900
      0.0912
       0.941
       2.027
      0.3637
       2.781
       4.707
       3.279
       4.081
       4.669
       5.044
       5.543
       6.009
       6.552
       6.711
       6.788
       5.353
       4.988
       3.941
       4.501
       4.486
       4.663
       4.509
       4.799
       6.304
       6.018
       7.053
       6.806
       6.255
       6.869
       6.881
       6.854
       6.299
       6.925
       6.481
       6.864
       6.922
       8.303
       7.441
       7.460
       7.500
       5.523
       6.224
       5.012
       8.033
       6.970
       4.935
       4.091
       3.369
       3.915
       2.056
       2.662
       2.040
      0.1539
       1.469
       2.812
       3.266
       3.782
       2.801
       4.737
       4.343
       5.500
       4.877
       6.056
       6.848
       6.924
       8.675
       5.605
       5.527
       4.651
       5.047
       4.990
       4.079
       3.789
       6.887
       9.136
       9.387
       9.097
       8.444
       6.846
       5.698
       5.785
       6.447
       5.781
       5.005
       6.927
       7.212
       7.555
       7.518
       6.446
       6.815
       5.884
       4.225
       4.242
       4.747
       5.914
       6.837
       4.934
       4.477
       2.298
       3.472
       7.530
       5.328
       1.845
       1.934
       2.113
       2.829
       4.024
       4.269
       4.663
       5.324
       6.992
       6.318
       6.822
       7.364
       7.098
       6.447
       7.121
       9.214
       6.864
       5.512
       5.660
       4.185
       4.721
       1.809
       9.035
      12.500
       9.956
       8.156
       5.802
       3.464
       5.489
       6.378
       5.512
       6.420
       8.423
       7.525
       7.865
       7.535
       6.968
       6.820
       6.398
       5.331
       5.379
       5.667
       6.842
       6.446
       5.533
       3.749
       4.753
       5.334
       5.581
       3.746
       2.123
       3.237
      0.3010
       2.369
       4.425
       4.237
       4.755
       4.939
       6.747
       6.021
       7.239
       5.715
       8.064
       6.311
       6.763
       9.017
       8.755
       7.797
       7.509
       6.760
       6.647
       7.532
      10.172
      15.844
      12.949
       7.010
       3.473
       1.450
       2.178
       4.494
       4.657
       5.885
       7.520
       6.416
       7.833
       7.569
       7.921
       5.004
       5.342
       4.826
       6.020
       7.592
       7.248
       7.618
       5.464
       7.007
       5.338
       5.406
       5.559
       2.057
       2.296
       1.008
      0.3767
       1.620
       1.869
       7.704
       2.412
       4.725
       4.330
       8.780
       7.569
       8.710
       9.206
       9.602
       9.626
       9.558
      10.208
       9.626
       9.607
       8.082
       7.768
       8.970
       9.967
      12.755
       9.054
       5.606
       2.161
     0.01000
      0.1932
      0.3798
       2.164
       6.545
       6.901
       6.912
       6.849
       7.262
       7.453
       6.185
       9.830
       5.141
       6.658
       7.012
       7.523
       8.006
       7.618
       8.248
       6.516
       8.355
       5.511
       4.485
       3.188
       1.514
     0.01000
       4.442
       3.149
       4.714
       4.425
       4.576
       5.396
       6.715
       7.615
       8.951
       9.130
       9.908
      10.045
      14.156
      10.021
       9.709
      10.151
       9.175
       8.986
       9.366
      10.281
       9.144
       5.454
       3.015
       0.995
      0.1944
      0.2217
      0.2356
      0.2867
       6.003
       6.213
       7.596
       5.524
       7.824
       5.645
       4.103
       4.930
       4.772
       6.327
       7.625
       7.576
       9.065
       8.872
       7.238
       6.750
       6.934
       6.865
       4.391
       4.771
       3.255
      0.4105
      0.3289
       3.232
       3.847
       3.103
       4.330
       5.346
       6.195
       7.581
       8.493
      10.151
      12.059
      10.392
       9.357
      10.298
      10.021
       9.753
       9.018
       9.193
       9.121
       8.338
       6.300
       6.033
       3.810
       1.424
      0.2192
      0.1262
      0.0958
      0.2379
       5.629
       5.615
       6.241
       5.859
       5.627
       5.821
       4.768
       4.235
       5.327
       6.538
       7.976
       9.633
       9.852
       9.642
       9.824
       9.919
       6.911
       7.504
       7.905
       5.992
       6.584
       3.560
       3.689
       2.807
       3.190
       3.691
       3.937
       5.174
       5.569
       5.006
       7.297
       9.100
       9.587
      14.846
       9.140
      10.909
       9.775
       9.745
       8.503
       8.842
       7.681
       6.856
       5.193
       5.000
       3.130
      0.2645
      0.2393
      0.2349
      0.7311
      0.3229
       5.267
       5.002
       4.887
       4.675
       4.359
       4.293
       3.795
       3.432
       6.881
       5.344
       8.079
       9.636
       9.999
       9.545
       9.788
       9.941
       9.036
       7.589
       5.523
       6.891
       5.630
       4.765
       2.219
       3.231
       2.315
       3.067
       2.150
       3.468
       4.720
       5.330
       6.834
       7.887
       9.210
       9.588
       9.916
       8.328
       7.503
       8.093
       7.441
       6.846
       6.197
       6.121
       4.786
       4.281
       3.081
       3.742
      0.5151
      0.1552
      0.2828
       1.648
       5.191
       4.278
       3.761
       3.743
       3.154
       2.359
       3.064
       2.992
       4.423
       5.195
       6.370
       8.944
       9.716
       9.758
       9.720
       9.538
       9.024
       9.067
       7.629
       6.520
       5.515
       4.113
       3.794
       3.138
       2.736
       3.472
       3.711
       4.307
       4.347
       4.564
       5.181
       6.585
       7.403
       7.815
       8.558
       8.984
       6.359
       6.279
       5.528
       5.108
       4.742
       4.421
       4.482
       3.687
       1.594
       2.108
       1.416
      0.8936
       2.364
      0.2307
       4.090
       3.162
       2.110
       1.015
      0.2799
      0.2817
      0.2995
       2.076
       2.161
       4.749
       6.901
       7.682
       8.790
       9.146
       9.150
       9.162
       9.019
       9.747
       7.650
       6.219
       5.166
       2.185
       3.202
       2.118
       2.823
       3.618
       4.450
       3.873
       3.460
       2.344
       3.981
       3.794
       5.592
       5.526
       6.188
       6.292
       5.511
       5.016
       5.581
       4.063
       2.927
       3.183
       3.538
       4.930
       1.736
       3.112
       2.125
       2.080
       3.496
       2.070
       3.544
       3.451
       1.023
      0.2683
     0.01000
      0.2493
       1.258
       2.081
       3.227
       4.441
       5.289
       5.962
       7.551
       8.110
       7.806
       8.970
       7.802
       7.635
       5.776
       5.666
       4.744
       4.019
       2.822
       1.743
       2.855
       3.788
       4.774
       3.517
       2.838
       2.220
     0.01000
       3.127
       4.093
       4.655
       4.935
       4.472
       4.442
       3.859
       2.081
       1.858
      0.3457
       2.153
       2.500
       1.548
       1.840
       2.496
       3.501
       3.914
       3.776
       3.763
       2.822
       2.030
      0.2731
      0.2438
      0.2064
      0.2171
       1.144
       2.076
       3.262
       4.307
       4.669
       5.337
       7.840
       6.849
       7.679
       6.478
       7.805
       5.299
       5.528
       4.903
       4.268
       2.856
       2.373
       2.347
       3.164
       4.669
       2.859
       2.839
       3.346
       3.205
       6.938
       3.304
       4.248
       3.176
       2.335
       4.263
       3.005
       3.454
       2.134
       1.132
     0.01000
       1.006
       4.099
       2.217
       2.705
       2.519
       3.487
       4.072
       5.557
       4.934
       2.555
       2.161
       1.338
      0.3393
      0.3565
       1.192
       1.408
       2.767
       3.358
       4.775
       4.874
       4.263
       3.236
       4.779
       6.242
       7.983
       7.495
       6.300
       5.339
       4.461
       2.836
       2.728
       2.152
       2.470
       2.807
       3.230
       3.130
       3.205
       2.497
       2.836
       3.241
       2.563
       3.205
       3.306
       2.781
       1.841
       2.166
       2.715
       2.266
       3.158
       4.002
       1.903
       3.535
       2.398
       2.865
       3.497
       4.148
       4.067
       4.885
       5.853
       3.477
       3.006
       2.092
       2.070
       4.137
       1.686
       2.053
       2.761
       3.801
       3.843
       4.078
       3.839
       3.389
       1.979
       4.797
       6.022
       6.326
       6.300
       4.450
       2.116
       1.681
       1.033
       2.114
       1.418
       2.254
       3.771
       2.268
      0.2231
       1.524
       2.145
       2.542
      0.8259
       2.106
       2.085
       2.034
      0.1082
       1.763
       2.775
       2.456
       2.809
       1.956
       2.838
       3.316
       3.986
       4.273
       4.692
       5.006
       5.522
       5.343
       4.759
       4.454
       3.211
       2.817
       3.530
       1.302
       2.357
       2.632
       2.021
       4.995
       4.497
       3.792
       3.836
       3.666
       3.512
       4.275
       5.089
       5.181
       4.011
       4.466
       4.334
       1.340
       2.916
       1.161
       3.462
       0.956
       2.077
       1.725
       1.580
      0.2658
       1.070
       5.555
       4.059
       3.175
       2.293
       2.791
       2.004
       1.295
       2.788
       2.392
       3.221
       3.522
       4.021
       5.321
       4.858
       5.472
       5.855
       6.058
       6.518
       6.459
       6.332
       4.226
       3.484
       2.120
       3.485
       3.756
       1.503
       3.755
       4.107
       5.544
       3.567
       4.870
       5.327
       4.345
       4.239
       4.349
       4.663
       4.690
       5.104
       4.068
       2.117
       5.506
       4.341
       4.660
       3.473
       2.793
       1.207
      0.2598
       4.626
      0.5034
       1.904
       3.251
       3.475
       2.475
       3.126
       3.758
       2.770
       1.197
       3.488
       3.730
       4.017
       4.409
       4.665
       5.002
       5.662
       6.284
       7.255
       7.094
       7.496
       9.249
       7.555
       4.241
       2.097
       4.252
       4.334
       5.123
       4.077
       4.263
       4.664
       4.976
       5.012
       4.264
       4.127
       4.723
       4.805
       4.781
       3.843
       2.482
       3.451
       3.306
       4.257
       4.222
       6.585
       4.331
       4.497
       2.097
      0.7206
      0.2976
      0.6121
      0.6139
       1.623
       3.152
       4.015
       2.459
       5.328
       4.608
       4.293
       4.059
       4.446
       4.015
       4.647
       5.333
       4.817
       5.536
       6.254
       7.634
       7.682
       8.043
       7.465
       5.533
       6.041
       4.749
       4.330
       4.953
       4.649
       4.774
       5.524
       4.757
       4.940
       5.137
       5.316
       5.065
       5.081
       5.300
       5.621
       5.002
       5.013
       4.369
       5.016
       2.838
       5.060
       4.941
       4.470
       7.556
       4.279
       1.801
      0.2334
      0.2784
      0.2768
      0.6696
       2.097
       3.765
       4.669
       5.330
       6.110
       5.418
       5.006
       4.957
       5.525
       5.525
       4.752
       4.946
       5.321
       6.896
       5.817
       7.382
       7.548
       6.845
       7.516
       7.570
       9.274
       4.916
       3.325
       4.321
       4.747
       4.777
       4.772
       5.683
       5.197
       6.021
       5.899
       5.542
       5.631
       5.823
       5.338
       5.123
       4.906
       4.641
       4.501
       3.882
       5.510
       4.665
       5.127
       4.731
       3.782
       1.982
      0.5473
       0.935
       2.121
       1.465
       1.943
       3.137
       4.654
       5.508
       7.129
       6.243
       5.750
       4.453
       5.102
       5.013
       4.971
       4.226
       5.339
       4.340
       3.800
       5.323
       6.171
       6.881
       8.148
       7.732
       7.958
       5.539
       4.835
       3.163
       4.665
       4.228
       3.833
       5.096
       4.265
       6.834
       7.565
       5.627
       5.668
       5.322
       3.814
       4.928
       5.328
       2.280
       4.093
       4.713
       4.073
       3.847
       2.829
       3.783
       3.448
       2.121
       0.980
       0.918
      0.1307
       2.774
      0.1254
       2.405
       4.106
       5.201
       7.684
       6.008
       5.340
       5.188
       5.489
       5.070
       5.191
       5.333
       5.346
       6.833
       5.075
       4.655
       5.637
       6.856
       7.410
       7.942
       7.058
       5.347
       5.536
       6.556
       5.333
       5.359
       5.511
       6.305
       4.658
       7.924
       6.286
       6.547
       5.814
       5.327
       5.035
       4.538
       4.084
       3.112
       3.156
       4.236
       2.725
       2.137
       2.405
       2.364
      0.1913
       1.358
       1.490
       1.389
      0.8616
      0.8432
      0.7167
      0.8893
      0.2045
       3.115
       4.445
       4.849
       4.937
       4.863
       5.009
       5.014
       5.175
       5.581
       4.996
       6.829
       4.953
       6.258
       5.509
       6.291
       6.051
       6.859
       5.053
       5.466
       6.204
       6.058
       4.948
       5.529
       6.071
       5.777
       5.529
       4.454
       6.273
       6.860
       5.959
       5.538
       4.951
       2.797
       3.588
       2.394
       3.936
       2.250
       5.017
      0.7801
       1.954
       2.010
       2.056
       2.100
       2.346
       2.776
       1.372
     0.06735
      0.2479
      0.5910
      0.1766
      0.6612
       1.012
       2.431
       3.786
       4.443
       4.949
       5.227
       5.324
       5.324
       5.071
       5.000
       5.510
       5.820
       5.696
       8.275
       5.907
       6.398
       7.218
       5.956
       7.308
       6.607
       6.099
       6.039
       5.692
       6.316
       6.302
       5.536
       4.861
       5.008
       5.188
       5.004
       4.644
       3.866
       1.821
       2.025
       1.301
      0.2027
      0.2165
      0.2338
      0.4636
       1.472
       2.421
       4.714
       1.440
       4.492
       1.311
     0.05756
     0.08849
      0.1354
      0.2191
      0.2347
       1.214
       2.075
       2.361
       3.820
       5.190
       5.321
       5.502
       5.532
       5.523
       4.218
       5.730
       6.160
       8.052
       6.439
       5.759
       4.446
       5.811
       6.987
       6.234
       7.587
       5.752
       6.929
       6.107
       7.511
       5.533
       5.496
       5.323
       5.055
       6.286
       4.344
       4.230
       4.677
       4.079
       2.059
      0.1837
      0.1677
     0.07752
      0.2101
      0.1821
       2.006
       2.757
       3.756
       2.762
       2.747
       2.721
       1.994
      0.8169
       2.631
      0.3235
      0.2761
     0.01000
      0.3421
       1.295
       2.841
       4.098
       4.493
       5.521
       7.487
       6.549
       7.308
       6.278
       5.626
       5.366
       4.941
       5.519
       5.524
       5.189
       6.832
       7.383
       9.247
       6.934
       8.107
       6.355
       6.235
       5.712
       5.323
       4.772
       4.280
       3.693
       3.843
       4.019
       4.471
       5.007
       2.228
      0.2941
      0.1795
     0.01000
      0.1812
      0.1677
       1.263
       3.731
       3.469
       1.875
       4.433
       4.669
       3.125
       2.245
       3.626
      0.7932
      0.1493
      0.2005
      0.1697
      0.2805
       2.231
       4.772
       4.954
       4.731
       6.015
       5.530
       6.629
       6.400
       5.533
       4.371
       5.634
       5.602
       5.006
       3.811
