Conditional Variance
    2   50   50    1
E-type
variance
 4.4570146     0.45356709E-02
 7.7708154     0.44604009    
 5.5711455      3.2550583    
 3.8419709      6.2532001    
 5.4018340     0.79442339E-06
 4.2800732     0.83930272    
 5.0344124     0.12343623    
 5.2643151      1.4477776    
 6.1553302      9.0422239    
 9.1024818     0.23687296    
 8.3359165     0.57748294    
 3.5662398      5.6156201    
 5.7517672      7.7303572    
 8.1374531     0.75605476    
 4.8154612     0.24145184E-03
 3.8983111     0.91552263    
 3.8830795      15.000744    
 2.2884364      1.3924228    
 4.3384790      11.557252    
 7.2174187     0.67791069    
 2.5807180     0.11460029    
 4.2561564      18.029842    
 6.8740969     0.64164007    
 4.8246722      4.8098621    
 5.2582197     0.90191615    
 1.9369775      3.7132423    
 8.7132807      6.9224133    
 9.9375095      17.760660    
 3.2371650      3.1764045    
 2.3966165     0.26097827E-03
 3.2604680      8.4474220    
 8.3508549     0.42752951    
 5.3885379     0.25496501    
 1.1370595     0.29863781    
 6.6035700      2.8109963    
 4.2711463      8.2317219    
 3.5958414      8.9763117    
 1.2388765     0.58194585E-01
 3.9852276     0.18531013E-01
 5.1183281     0.49098617    
 10.206451     0.13421954    
 1.2976255     0.21507148E-01
 5.0817475      6.6805339    
 8.1761503     0.43418694E-01
 5.7536097      7.6097059    
 5.7557068     0.14545235    
 4.0299187     0.66787088    
 4.8006625      2.4081225    
 5.3825259      27.866518    
 7.3246717     0.35040453    
 3.6521106      11.565634    
 4.6141887      8.8763618    
 4.6347113      8.3863106    
 7.6797032      1.3305575    
 7.2752023     0.60901046    
 4.0217271      3.2445402    
 9.3906803      2.0893238    
 4.1502442      3.7063487    
 4.5376630      2.3084850    
 5.3980913      11.892066    
 5.6208963      1.5087997    
 5.8759928      2.5228188    
 4.5346169      4.7477579    
 6.4755163      5.4906240    
 9.6781988      4.8090987    
 3.7509630      12.042622    
 5.8569422      6.2253346    
 5.3607664      4.6831660    
 5.8219957      11.221725    
 3.8460894     0.23239922E-01
 2.2191057      4.8801465    
 6.6782498      2.2407808    
 3.8786254      7.3283715    
 6.9669228      25.650684    
 5.1619945      5.6925735    
 1.2627250     0.75925601    
 6.4977293      10.972275    
 3.4453871      2.0704763    
 4.3297715      1.1075784    
 4.5866022     0.86559367    
 6.7415037      15.541550    
 5.0396409      1.2597535    
 4.8202376      12.864259    
 7.3134856     0.19115314E-04
 5.7397175     0.42315495    
 3.8382070      14.655168    
 6.3580303     0.12080709E-01
 4.0982227      2.3512800    
 3.1018596      1.6354052    
 5.9293747      2.6412485    
 8.1263838     0.79329991    
 6.5814028     0.51380414    
 2.5529742      6.4667168    
 2.7081075     0.94297981    
 4.4778638      5.0958552    
 5.7871470      10.281978    
 4.1036758      5.6151476    
 4.5273075      4.3108730    
 5.4671464      8.1387300    
 8.1017647      2.0139132    
 2.4581647     0.98236686    
 2.6424661      6.9298763    
 6.9145336      2.8425796    
 6.3270988     0.18443395    
 5.9119606      2.0883718    
0.52750498     0.26781139    
 4.4789696     0.65079331    
 5.5049500      5.4606047    
 4.5691085      4.0419354    
 4.5295339     0.81148040    
 7.4840193     0.14679262    
 4.1584473     0.15157461E-03
 3.4130657      9.5039291    
 4.3841505     0.31085100E-03
 4.7668576      2.0941155    
 3.7092130      5.5164618    
 7.1575279     0.53480488    
 4.9118910      9.5126362    
 6.9549251      3.2839780    
 3.0650520     0.64204857E-01
 5.8558168      2.9891372    
 2.2361937      4.9559369    
 6.1183124     0.48951742    
 2.9369736     0.78840035    
 5.6018720     0.20802926    
 6.4780974     0.28735492    
 1.4611800      2.1059232    
 1.5090655      2.2471974    
 3.4942989      2.7373104    
0.73572701     0.54823857E-01
 9.5709362     0.22998965    
 3.3504920     0.81395201E-01
 4.3008537      5.0634332    
 4.4520397      3.7936401    
 8.6398144      1.4756778    
 4.6798077      4.0212140    
 6.2665825      4.3134322    
 5.1276026     0.52990578E-01
 7.0617404      1.1299953    
 3.7853379      1.1589230    
 4.2738266      12.465726    
 5.6112413      9.7920465    
 8.0175066     0.14885581    
 7.1096549      1.0449855    
 4.6122737     0.66070439E-03
 2.3313890      2.2524188    
 2.9134550     0.52066243    
 3.5158496     0.24735174    
 4.8722973     0.48728165    
 6.6878004      1.7476795    
 4.2022796     0.37740079    
 5.8644052      28.402620    
 1.1563640     0.26294044    
 4.0967884      3.6734228    
 3.5616469      3.5796762    
 6.0873876      1.0893464    
 4.5775704      15.979664    
 6.2465625      1.7684745    
 2.3128104     0.35473534    
 2.5527799      1.4526374    
 5.4411025      4.5929470    
 3.7465556      13.961845    
 3.2863035     0.12079385    
0.99999998E-02 0.19441358E-11
 1.8204955      3.2778940    
 2.6113739     0.15431625    
 7.7065554     0.72135337E-01
 4.1112833      5.9474072    
 2.8249559     0.99830741    
 5.5023518      2.9184039    
 2.4591231     0.10503916E-02
 4.0948343     0.33565119E-01
0.99999998E-02 0.19441358E-11
0.93470699     0.85508299    
 3.4839866      1.1612986    
 3.7511249      2.7302155    
 6.7739429     0.83492649    
 8.0730009     0.23523331    
 4.9696407     0.30830148    
 4.9223180     0.50865686    
 5.4353428      7.5970597    
 6.2422585     0.37683401E-01
 5.1258011      16.464342    
 5.6693668     0.72196525    
 4.7453899      4.5498052    
 6.3287158      1.8761283    
 8.0364609     0.47425655    
 3.5025401      6.2596288    
 5.8463230     0.15790957    
 5.4660602      1.9627739    
 2.7536786     0.95505100E-02
 3.3691194      1.3232974    
 8.0912466      6.4903922    
 5.3731880      12.545168    
 5.2708750      4.2186551    
 3.4597735      1.5649679    
 6.8098774      1.4947486    
 2.2357476      4.9539514    
 4.8916368      1.6629076    
 2.8306489      6.1239185    
 9.2233400      1.7357619    
 1.8368936      1.1952448    
 4.8995285      2.6041939    
 6.6627779     0.48091435    
 2.1987612      4.7906752    
 4.4369373     0.39497297E-01
 7.0571785     0.30488569    
 4.2690430     0.19052029E-02
 6.0715771      32.552235    
 7.6832733      13.207171    
 2.0295055      1.5304476    
 4.2805872     0.91271177E-02
 6.3938637      5.9823761    
 1.0496970      1.0809700    
0.12045050     0.86046960E-02
 7.8295226     0.82139367    
 5.4107785     0.75880176    
 4.7422504     0.38030650E-01
 8.1369276      5.8750496    
 4.7686706      2.5318568    
 3.6827624      7.9140639    
 3.9476323      2.8947778    
 4.5106521      17.936260    
 7.0508747      4.1563587    
 5.5534511      4.8196578    
 7.7694054     0.17857279    
 5.2127037      2.5037208    
 5.6754813      2.0112629    
 8.6889467      4.5144119    
 5.3683558      5.3657732    
 2.8268170      1.7592704    
 7.9760838      10.388542    
 6.4419684      11.854939    
 4.4727268      3.6574955    
 1.8565190      3.4096324    
 1.4497761      2.0729551    
 3.8528504      1.6312592    
 1.9700404      1.1413492    
 5.2935009      6.1699605    
 5.4668326      9.6378765    
 4.4477863      1.1793530    
 7.8003922      3.7137806    
 3.7301774      4.0724669    
 7.2504754      1.0753093    
 3.7265115     0.10061015E-01
 4.1859102      3.4171414    
 9.9429684      2.9587684    
 3.6754460     0.67607778    
 6.0908799      1.9315773    
 5.5318384     0.67967993    
 5.6942954      4.8090391    
 2.3998096      5.7111888    
 3.6219444      4.3050833    
 5.4213748      10.981475    
 7.6232409     0.15832651    
 7.6206245      14.827899    
 1.9845155     0.77025467    
 6.7248850     0.69954962E-01
 5.1993279      5.9214263    
 2.4060476      1.6148776    
 4.8971753      3.1282983    
 4.8191710     0.28671853E-02
 4.4826603      3.1519287    
 4.7244830      1.2737942    
 4.8994460      5.9831700    
 5.2468305      1.3698981    
 3.2883146      10.537252    
 5.2435369     0.27047032    
 7.2379217      2.0349708    
 4.3399472      1.3748400    
 4.3490186     0.93540651    
 5.2905378      4.5503860    
 5.6685591     0.26034059E-01
 4.5727735     0.27941921    
 3.2330844      2.9391003    
 5.0212598     0.22383753E-01
 4.5484676     0.47022322    
 8.1141090     0.22463441E-01
 1.6822284      2.7963481    
 6.3854632      5.2590127    
 9.0738544     0.71757179    
 4.3689909     0.67949092    
 2.7818451     0.87815560E-02
 2.0258875      1.2533777    
 3.6266003     0.54016954    
 3.0696106      1.2752790    
 6.0258942      1.2167939    
 8.3291922      3.4280477    
 3.2891984      2.7944694    
 5.0699053     0.69543064    
 3.5866237      12.792235    
 3.3084626      4.3923674    
 3.7297654      8.2463264    
 5.6072340      5.4966674    
 5.9017224     0.64562070    
 3.0237374     0.50264515E-01
 4.3046784      6.6466942    
 7.2235012      7.8840566    
 4.8668380      1.9886241    
 7.4739804      1.6463991    
 4.3344455     0.56326687E-01
 5.0515103      4.0751047    
 3.4417272      1.7182378    
 3.5075476      6.7130494    
 5.4799905     0.47673669    
 5.4286504      2.4950604    
 6.6145229      8.7489557    
 4.8971262     0.43382653E-03
 2.2227917      4.8964458    
 4.7348671      22.235491    
 6.8539214      15.814647    
 5.4764552      5.2977409    
 6.7219758      3.6572578    
 5.7811632     0.22484986    
 4.8232059      2.0744643    
 9.9773273     0.65875721    
 5.2755394      10.948187    
 5.0962682      9.2478876    
 1.4646775      2.1160862    
 4.0594349      2.7010918    
 2.4895625     0.32460526    
 4.9707708     0.85634243    
 5.4495320      4.9286461    
 7.1243567      1.6314843    
 6.2934637      5.5456691    
 8.2279129     0.44308135    
 2.2296765      1.1009138    
 7.6744385      2.3904657    
 6.2330079      22.388962    
 2.7844377     0.57336873    
 3.3982091      11.479959    
 4.2424288      5.1689639    
 5.9222622      2.2081368    
 5.2590313     0.99948384E-01
 2.9813230     0.17993233    
0.91811699     0.82467651    
 3.8122494      4.0423770    
 7.3058519      6.9174161    
 8.9244890      14.829539    
 3.7098022      13.688534    
 4.6396570      2.4893012    
 6.9399700      1.1664327    
 6.7868357     0.44097874    
 2.5830235      6.6204491    
0.13043149     0.14503746E-01
 6.9692092      2.5126274    
 2.4016140     0.38568088    
 3.8839490     0.71104966E-01
 6.4299326      1.3710624    
 2.3070221     0.69174683E-04
 5.4382739      1.9355338    
 8.3753700     0.17102104E-01
 4.1275892      3.9581301    
 2.8437040     0.61145538    
 5.2916718      3.4799757    
 6.6950207      3.9075370    
 6.7672176      2.3704188    
 4.4428291      19.649971    
 5.2976155      8.6228571    
 2.2559304     0.34449136    
0.99999998E-02 0.19441358E-11
 6.4395962     0.86006176    
 6.0815039      5.6342912    
 8.2491579     0.16802287    
 1.4213030      1.9917762    
 6.8315206      1.6894120    
 3.2559626      2.3611650    
 4.9371319     0.64715967E-01
 5.3779345      15.294148    
 6.2201066     0.44610277E-02
 5.3646045     0.18254381    
 1.1959275     0.21388181    
 6.8522291     0.22992181E-01
 3.5154982     0.76307240E-03
 3.2610278      4.2763963    
 4.9412503      17.274323    
 4.5770850      20.858265    
 1.6986240     0.39777499E-01
 4.6319032      1.7139167    
 6.2544765      15.183952    
 8.0399780      1.7918435    
 6.8753042      17.413382    
 1.7800655      3.1331322    
 7.6021299     0.13736896    
 9.2071714      2.7249498    
 3.6785252      13.458076    
 6.4937215      29.293434    
 1.5625045      1.3572799    
 4.1376858      3.1280591    
 5.4493895      1.1663734    
 3.3564444      5.5191989    
 4.9569559     0.45539904E-02
 5.2430687      25.531918    
 1.5898385      2.4958897    
 4.4862461      4.2946906    
 7.1782479      3.0604489    
 2.1987395     0.66769886    
 6.4397783      3.8529017    
 8.5398664     0.66166157    
 4.7746139      5.1125970    
 5.3097353      1.0277957    
 3.4511471     0.26460502    
 6.4476128      23.291754    
 2.5010316      6.2052374    
 3.4702830      11.973558    
 3.8069456     0.16827637    
 7.0748844      8.5546036    
0.27165198     0.68461776E-01
 1.6748565     0.58887732    
 9.7494431     0.88090104    
 7.0694156     0.37420668E-01
 6.1649308      6.3303285    
 5.8700337      7.8313546    
 5.1386285      13.628223    
 3.3431990      11.110213    
 6.9082274     0.12530976E-01
 5.2665243      10.542377    
 8.0674019     0.40782015E-02
 6.7863522      9.9885530    
 4.7772121     0.95287830E-01
 6.4986129     0.21275948    
 3.6987760      3.6025186    
 4.8813081      1.2359818    
 1.9805400      1.3533295    
 2.4682815      1.9306644    
 2.2683353     0.70315346E-01
 6.7408199     0.39762747    
 2.7858527      4.3140020    
 7.5509925     0.91006242E-01
 7.1185408      1.5783839    
 5.2907610     0.62336665    
 7.7916698      2.4980567    
 2.5856602      6.6340241    
 1.9127650     0.47689906    
 6.5212784      4.6126375    
 3.5309546     0.78347698E-01
 5.3383918      12.945768    
 3.8113806      7.8284707    
 6.2880173     0.99594571E-01
 4.7239242      1.5082672    
 4.1524096      2.9960756    
 8.2771273      6.7322903    
 5.3219094      3.4434619    
 5.9391460      16.810314    
 2.1130733     0.16807035E-02
 4.9253092     0.42738560    
 4.3293810      2.6546555    
 7.3406935     0.44182554    
 4.6992946     0.53486649E-01
 6.8214393      1.8164351    
 9.6724510      7.0490761    
 4.2286801      17.797262    
 2.9159508      2.0552039    
 3.4238725      2.1071839    
 2.0301766     0.65680039    
 3.9281065     0.50144963E-05
 5.9359531      7.3212342    
 4.3253121     0.44522601    
 5.7206659     0.15527555    
 4.7204704      5.0416427    
 5.3039293     0.93551815    
 3.7809434      5.1332445    
 7.3619571      5.8812733    
 2.5632582      6.5191259    
 5.9827404      1.1639935    
 9.5582733      2.0330346    
0.38965648     0.14413904    
0.13176450     0.14826595E-01
 9.9450340     0.29409787    
 6.5989847     0.73557654E-02
 5.4004340     0.30035263    
 2.7858026      7.7050786    
 4.7868662     0.11733567    
 6.2958403      1.6956512    
 3.0303330     0.11272927    
 4.5424757      3.3064854    
 3.0815575      9.4344635    
 5.2671452      3.6049144    
0.77979702     0.59258747    
 7.3188934      20.170670    
 7.6779861      1.2198697    
 3.8330364      3.7031927    
 7.8961453      6.5129113    
 4.4126539     0.20052968E-01
 1.9292240      2.6001105    
 3.7831149      11.085184    
 3.7860842     0.98999709    
 6.0030422      5.9511743    
 5.6047621      12.490455    
 7.7040272     0.47543369E-01
 6.1015682     0.19289282    
 8.9498119      19.249269    
 5.9446554      2.8608401    
 6.3664904      3.9351885    
 5.1393218      2.7511497    
 3.3020830      1.8819429    
 1.9049089      1.1683969    
 8.6698647     0.97134009E-01
 8.3138371      2.4590855    
 7.7703638     0.41443552E-02
 3.7705488     0.20983289    
 2.9884634      4.6342874    
 5.7747655      1.9927207    
 5.1957893      1.2039266    
 2.7464855      4.4698429    
 6.0439777      3.7862320    
 7.6497803      2.2170181    
 3.2023695     0.88958502E-01
 3.4051034      2.3206663    
 3.8987186      5.0313511    
 3.8440838      2.6329319    
 7.5490479      1.3279037    
 7.4641299      1.0125412    
 4.1647744     0.51793909    
 9.9303684     0.86481851    
 3.7818320      7.1372819    
 4.8577652      5.1991792    
 6.3826838      16.876171    
 3.5718589     0.51112175    
 5.3808479      4.0549936    
 5.0818329      3.1687126    
 4.3134294      6.8749409    
 5.1481562     0.78952742    
 3.9318640      5.2365322    
 3.4187310      2.1726692    
 5.8883142     0.38120624E-01
 7.8028316      17.976879    
 4.2031531      17.582531    
 1.7437129      1.0757506    
 3.9455528     0.50575209    
 7.6687698      8.3420458    
 3.0585220     0.12120944    
 5.6671867     0.16175731    
 3.2614808     0.70574242    
 2.8661077      8.1573505    
 6.1051607      8.1310959    
 7.2265110      10.911766    
 4.6126070      2.6471546    
 3.5161362      5.1650515    
 1.2476610     0.80848867    
 7.4722862      4.2381539    
 3.5961385      10.853061    
 6.0949183     0.27680290    
 3.8990393     0.80850393    
 5.1219049     0.20580705    
 6.9104753      13.498685    
 5.9016595     0.56661006E-01
 3.3583899      4.7802844    
 7.0095091      2.5950844    
 6.3331552      7.8811283    
 5.6655169     0.72082439E-02
 8.4704304      3.4092267    
 3.4915771     0.87001479    
 4.6862559      5.6110725    
 5.6583385     0.85295206    
 3.3824251      11.373249    
 5.2593560      1.8169117    
 8.6177492      1.9758002    
 4.2859182     0.33563206    
 6.7310877      2.8362803    
 4.5238008      4.4932585    
 4.8024545     0.14383423    
 2.7063584      4.1613779    
 6.9235487      2.6330464    
 2.3053365      2.3488121    
 8.0707674      5.3186688    
 5.3659954      4.5611081    
 1.9591315      3.7991135    
 5.7592211      3.4995472    
 6.0312138     0.78493345    
 5.1783628     0.50683338E-01
 8.3794823      2.7661800    
 6.3457203      2.7723727    
 5.0494356     0.65932786    
 5.1726933     0.10058056    
 3.5533962      12.555655    
 5.5301809      2.2792356    
 6.5912228      1.1654168    
 5.6399083      4.1847663    
 3.9386721     0.46392363    
 4.0399103     0.14499467E-01
 4.5150886      5.9392490    
 5.1123781      2.5660989    
 5.4882097      4.8575811    
 1.6804786     0.82477562E-01
 8.8839893      10.243908    
 3.0867600      9.4664516    
 3.2152638      1.4839168    
 6.5925131     0.56269699    
 3.1918061      5.4238691    
 7.1626577     0.35190892    
 2.1652966      2.7756479    
 6.5452995     0.51582742    
 3.8041520     0.64722411E-01
 4.3154540      2.6938829    
 5.2070932      10.411960    
 4.8962126     0.15424816    
 3.6995695     0.95041382    
 1.9157045      3.6317096    
 5.9553275     0.40202087    
 4.3101640     0.69133905E-02
 9.9403896     0.68712227E-01
 2.9783127      8.8108797    
 4.5687819      20.782490    
 2.0637076      4.2177134    
 5.2111797     0.47619703    
 4.9327002     0.10940303E-03
 8.4992456     0.49043122    
 6.1163702      9.4492455    
 4.3551173      14.450827    
 7.8217783      13.023924    
 5.1088724     0.65444660    
 7.6232567      8.3992100    
 5.8382211     0.12550567    
 7.3356466     0.10742458    
 5.3729815      1.0998708    
 5.7516446     0.40396634    
 6.5868578     0.15315270    
0.99999998E-02 0.19441358E-11
 5.7046857      6.4134550    
 6.0407925     0.11712565    
 5.8630896      4.9027834    
 4.4365687      19.594511    
 5.7196178      8.9074278    
 9.3854055     0.58811301    
 2.4441125      1.7743322    
 3.1303999     0.56631219    
 6.5102420      3.6412129    
 8.1477242      2.9816108    
 3.4957216      12.150254    
 2.6873107      1.3279599    
 6.6391897     0.24982655    
 6.6804767     0.91739696    
 1.2029516      1.4231335    
 6.0603795     0.24565909E-01
 8.6522331      7.3687358    
 2.4492450      2.2342980    
 6.3390379     0.14354101    
 3.6079495      10.383305    
 6.8332214      6.2581081    
 2.0444500      1.4417069    
 6.6569662     0.11117694E-02
 2.9276099      8.4321022    
 3.1488261      6.0911312    
 5.0669508      2.7167356    
 7.9024887      1.6364800    
 6.7318745      2.4547505    
 1.9309770      2.6763754    
 3.6361680      6.7951927    
 2.5651169      2.1692703    
 6.1532941     0.42192978    
 3.1989801      2.5689719    
 5.0471916      4.4090681    
 3.5944769     0.15752009    
 13.104015     0.84955525    
 5.8622952     0.89195482E-01
 3.4236779     0.95465803    
 3.8752432     0.24353866E-02
 5.4869161      8.9378157    
 5.2976384      15.109767    
 3.7544794     0.16526265    
 5.6820049     0.37558278    
 8.6405048      6.9730239    
 7.1286988      3.4417162    
 4.3413734      6.6852012    
 5.6650949      2.4962656    
 3.6444786      12.591289    
 3.4281878      1.0339012    
 6.6554575      1.3385754    
 5.5198069      1.6587311    
 4.9598122     0.87139750    
 3.8916898     0.19228940    
 5.9231710     0.67359406    
 4.7253604      12.472929    
 5.6741800      7.7826047    
 8.6482897     0.20333958    
 3.0488319     0.14079820    
 1.3599935     0.54214347E-01
 7.8563671     0.21132899E-01
 8.6397114      14.226428    
 7.3157701      2.1474798    
 4.3446007      1.3209114    
 3.8090787      4.1062703    
 4.7797861     0.15469378    
 4.2431612      1.8300099    
 3.9320824      3.2631218    
 4.5812564      5.1057100    
 5.5058899     0.24736941    
 7.3462958      9.0419893    
 5.2979507      1.6883345    
 4.8129878      1.1329981    
 5.7916918     0.95332965E-01
 5.9292078     0.90036625E-02
 4.2803082      18.235529    
 5.8647780     0.86304170    
 9.2410564      13.538087    
 7.6061625      2.6448989    
 2.5096173     0.29982580E-01
 7.2223411     0.61741560E-02
 3.8610704      12.892377    
 4.8502846     0.35510871    
 3.3709877      11.296236    
 5.7124367      7.9396768    
 5.8205509      1.8978021    
 3.3579099      8.2930651    
 7.0559664     0.86972818E-01
 4.7263708     0.24215735E-01
 5.4412556      13.365897    
 3.1189137     0.32767072    
 3.4504778     0.88204736    
 5.5043259     0.86087072    
 6.5851841      1.4550487    
 8.6278563      1.8584135    
 5.2525969     0.14032638E-02
 6.6554937     0.59208117E-01
 7.1777372     0.14057249    
 6.7385693     0.40898705    
 4.6864510     0.52580459E-03
 3.0034635      7.5084066    
 6.2774372     0.65720522    
 5.0061316      1.0242096    
 7.6187887      4.9545584    
 4.9629035     0.57888603    
 3.0985055      5.8244596    
 7.6359916     0.29569093E-01
 3.9433637     0.25345278    
 4.2493300     0.84145999    
 3.5707905      10.544787    
 4.8880754      17.675816    
 7.1363468      3.1931748    
 3.1058030      9.5839949    
 3.3198431      2.5567727    
 3.7048869     0.16607924    
 2.6780071     0.10517813    
 7.4883881      9.4285765    
 3.8359232      4.2845354    
 6.1547294      5.3977871    
 2.4946041      5.2896829    
 10.105460      4.0892773    
 7.5023317      9.7422018    
 8.5994568     0.23995575    
 2.0365405     0.10510390    
 6.6154428      12.845273    
 6.1953330      18.412287    
 7.1380234     0.32781997    
 1.2008981      1.4182382    
 2.3712139     0.36497018    
 6.3829346     0.19265173    
 4.9325047      3.0104399    
 2.6086254     0.75540721    
 4.9750276      1.4648944    
 10.724884      2.1966958    
 4.6032743     0.12523447E-03
 8.0939026      4.2008381    
 8.7548647     0.69678849    
 7.0342293      1.3949466    
 7.4791403     0.84025130E-01
 7.6123238      6.9931321    
 4.9998884      7.4883976    
 3.5777221      2.9804051    
 6.7858443      14.813123    
 3.1536851      9.8827543    
 4.2112136      9.0390263    
 7.6607180     0.62239456    
 9.5319910     0.12780367    
 5.6391058      4.8408017    
 6.4269395     0.35041529E-02
 4.8705306      1.2469448    
 4.8391571      13.858388    
 4.1783257     0.25980742E-04
 5.5840054     0.39894515    
 1.5485334      2.3670850    
 1.6001600      2.5286088    
 4.1874838     0.17289960    
 5.2313719      1.2983156    
 4.2486134      5.1809950    
 6.5823088     0.46168250    
 2.0805202     0.70833743E-01
 6.1786232      6.9130440    
 6.2445192      7.8239613    
 4.7439022      5.7688675    
 1.3497599      1.7949568    
 4.9241629     0.34724173    
 3.5000987      12.180787    
 1.7576810      3.0543892    
 6.9788270     0.91503805    
 1.1655130     0.15071473    
 6.5585423     0.17739899    
 2.6046112      2.1022303    
 4.6435437      2.3860795    
 6.4575329      2.5659971    
 3.3285086      5.5437665    
 6.0320401     0.62074047    
 8.8245478      11.221526    
 3.7986405      1.1094005    
 7.5606833     0.99478310    
 6.8599548      12.956752    
 2.9904914      1.8514473    
 8.0438089      5.4596744    
 3.8500056      2.2130497    
 4.4118919      3.3150957    
 1.8380084      1.0269198    
 7.1044865      1.1354258    
 3.4300132      1.4957622    
 4.0547953     0.93513644    
 3.4685600      11.038368    
 7.8639812      4.6021652    
 2.7914054      2.3523476    
 5.6381655     0.37364960E-01
 5.3397269      28.405987    
 3.2292521      10.363584    
 6.6886678      10.502603    
 4.8309469      5.3816366    
 7.0575581     0.20218100    
 3.2180099     0.50587457    
 3.8417404      7.0283289    
 6.7212057     0.45459378    
 3.4471235     0.16572215    
 3.0994685      7.3123264    
 4.5363555      2.2009225    
 7.1546259      1.0106424    
 8.8671970      1.1504046    
 3.8603888     0.61553943    
 4.6166177      21.220926    
 1.7284915      2.9532130    
 3.1941576     0.31410677E-02
 4.6935787      3.3845587    
 3.1000710     0.86443283E-01
 3.7036319      2.3942502    
 3.1673861      2.4360523    
 2.5650206      6.5281286    
 6.7928624      3.1059635    
 5.5435534      1.1700420    
 6.1585774      2.4751718    
 5.5492835     0.12999202E-01
 3.6836014     0.80109656E-01
 3.9094176     0.70961244E-01
 4.9848356     0.62813640E-01
 3.4709754      4.0720882    
 5.2198319      1.2925466    
 1.5034750      2.2304673    
 1.2517250     0.43433380    
 6.2602777      22.385979    
 6.0292258      5.5351777    
 4.2270546     0.35962671    
 5.0630941     0.85090995    
 2.4432373     0.43170914E-01
 4.7594662     0.10140327    
 3.3432467      11.110532    
 6.7529330     0.72362227E-02
 6.0191998     0.22062631    
 6.8361959      12.335101    
 1.0357375      1.0521374    
 4.6441698     0.21369402    
 2.5290356      6.3455391    
 4.5321670      1.3111625    
 4.1136112      9.3398294    
 4.8056998      16.951220    
 4.5631914      3.7926595    
 5.0753655      7.5897627    
 6.0266609      26.550558    
 8.8117924      8.7443743    
 2.2812500     0.17194653    
 5.5953016      16.913151    
 3.0466447      3.6001935    
 3.7620194      5.1647034    
 4.6946898      17.734516    
 3.0383794      6.6857748    
 5.1930647      2.4846568    
 6.3868299      13.462933    
 3.1120884      6.6025701    
 4.2324762      3.2778239    
 3.5293832      1.2200015    
 4.7607450      22.569574    
 4.3965006      1.1001649    
 4.4308467      3.7552986    
 2.9782381      8.8104353    
 5.3157015      9.4026308    
 2.7642269      3.5047472    
 5.8519096     0.69995493    
 1.2865615     0.23618888E-01
 5.9705300     0.42489376E-02
 2.4799290     0.29419288    
 6.0216093     0.37809711E-01
 6.1562262      5.3998260    
 4.3443599      3.7876682    
 6.1516209     0.59799245E-02
 6.9960823     0.53714663E-01
 3.2579656     0.46370527    
 6.3310332     0.19378563E-01
 8.7500496     0.13559339E-01
 6.8613062      3.0319705    
 6.0260696      36.193092    
 5.7411623     0.83499968    
 4.6848793     0.90572864    
 4.7675309      6.2528114    
 5.8564644     0.57724707E-01
 3.4840934     0.79881138    
 5.4543686      1.6927973    
 5.9960060      5.3335910    
 3.8872132      15.032781    
 5.3556318     0.76641100E-02
 4.4855528      4.5067177    
 6.7727056      4.8498769    
 8.2119923     0.54132841E-02
 5.9697704     0.10492118E-01
 7.9495125      7.8814306    
 4.4401598      11.822239    
 6.3735604     0.73848718    
 6.0337648     0.47206932    
 2.1710062      4.6699471    
 8.8761063      9.0740137    
 5.1712060      5.4353595    
0.42535299     0.17251813    
 3.3957834      1.3468508    
 6.6074309      3.6046128    
 3.8213940     0.12378983E-01
 10.269787      3.2088237    
 3.6083951     0.87272286    
 4.7760510     0.82027781    
 4.8297167      12.907029    
 3.1914084      2.1919057    
 4.2047319      13.418252    
 2.1936421     0.29125190    
 4.3779502     0.28349948    
 5.0849104      9.7621326    
 7.2186470      8.8329954    
 4.5948992     0.54717606    
 8.0110826      2.7541649    
 6.3487606     0.66293865    
 1.3812345      1.8802843    
 4.4956818      5.0250287    
 8.0254860      2.1515493    
 8.1509266     0.40774021E-01
 5.3715467     0.96647382    
 2.4440050     0.50615553E-01
 2.4901049      4.0178165    
 5.4201856      2.4202754    
 6.3701606     0.27535604E-02
 4.7958832      1.4864202    
 4.3445263      18.788116    
 7.1128850     0.30650613    
 5.4706364      6.0227451    
 6.0930195      10.102843    
 2.8496726      5.3126826    
 7.5861397     0.83534956    
 2.9679251     0.81664301E-01
 4.0821495     0.58526650E-01
 9.5788174      4.6129341    
 3.6718490     0.42688096    
 7.1195297     0.22809088    
 5.0688467     0.24145879    
 4.8096762      21.853310    
 6.2322106      5.3363123    
 7.7395000      3.5588603    
 2.9471445      6.1391234    
 4.7456527     0.33492399E-02
 4.1853065      6.6114326    
 6.5788503      12.097666    
 5.6188726      1.5953692    
 3.5388598      7.5588207    
 7.7940245      3.7991421    
 1.4863050     0.57840449    
 4.3834410     0.91523208E-01
 9.9051619     0.11119539    
 4.1400094     0.82633317    
 8.7493744      2.9254527    
 5.2383041      26.602512    
 3.9404421      9.1742601    
 7.4804296     0.34262601    
 7.0075336      1.1356006    
 1.4422680      2.0513918    
 4.3931050      3.3416576    
 4.4357967      19.587673    
 6.0769315     0.15757374    
 7.3573322      2.0724480    
 3.7408609      4.3035917    
 8.3446312     0.33321321E-01
 6.8238583      17.803244    
 7.3344355      1.2305812    
 2.2774465      5.1413126    
 5.8522577      1.4163092    
 4.8972883     0.40737328    
 7.6009445      13.822444    
 3.1496191     0.95366925    
 7.0197229     0.99710667    
 5.6101899     0.27060395E-01
 3.8999901      1.5836412    
 8.1393366      1.8600409    
 7.6075001     0.81118047    
 5.3853941      2.6824098    
 5.2426133     0.33002247E-02
 7.7597380      2.3598194    
 5.9150581     0.51385343    
 3.4099255      6.6324143    
 4.3681173      18.993187    
 7.6927552     0.26928625    
 4.5546684      3.7254889    
 8.2328539     0.41868708    
 4.6553221      1.3231088    
 6.4209447      10.208256    
 11.576830      8.3544960    
 4.8042421      1.0873407    
 5.4537048      2.9993446    
 9.1957626     0.20352879    
 1.7988845     0.52712299E-02
0.53483051     0.27544710    
 6.0859919      1.6773436    
 6.4937077      1.8252950    
 5.6838493      1.8161941    
 2.4555612      1.2434833    
 3.8944020     0.90780199    
 4.8351250     0.54004427E-01
 6.6327858     0.10535656E-01
 6.7360086     0.37477228    
 1.2062335      1.4309747    
 6.4080958      1.1191500    
 5.1276846     0.46776837    
 3.7274115      13.819147    
 3.0386925      7.8645039    
 5.9428263      2.3426251    
 5.8151922     0.15547262E-03
 3.5555575      2.7383659    
 8.4095545      11.167180    
 2.4016860     0.63560492    
 2.6396015      1.3690443    
 6.1311979     0.39706704    
0.30223098     0.85398957E-01
 5.2988100     0.45369673E-02
 4.2718053      14.964784    
 5.4687223     0.30905074    
 7.7156858     0.42448848E-01
 5.6449008     0.41702017    
 5.8214321      1.8750578    
 6.2032676      2.6874592    
 8.5291510      1.6071148    
 5.8806667      1.7239608    
 3.7255926      6.6297064    
 11.770238      21.008329    
 7.0198789      4.4390054    
 1.6072280      2.5511374    
 7.6442013     0.42728224    
 4.2950273      18.361456    
 4.8986082      5.3710923    
 5.3928957      9.0010033    
 6.9803400      6.8548360    
 4.9902983      2.2669976    
 2.2291892      3.2876394    
 5.8101730      12.928668    
 6.9020247      2.9690185    
 7.4557204      8.7189121    
 8.4380932      4.6875834    
 6.3669033      7.0431433    
 7.5828362      6.7171869    
 4.5502214     0.21517645E-02
 2.9332504     0.74028075E-01
 5.5183635     0.74526584    
 5.9027834      4.5869350    
 4.1457777      10.444230    
 8.2583370     0.98674886E-01
 8.0370922      7.3292136    
 4.1207814      5.2093573    
 2.2962265      5.2268310    
 4.7606106     0.56513113    
 4.7869172      5.3018694    
 6.6811848     0.37446541    
 4.6003170     0.32333046E-01
 9.4766703      9.0728703    
 2.5334179     0.80143714    
 1.1520569     0.85322362    
 9.2831211      8.4181681    
 6.2158585     0.60004973    
 6.7507343      25.940685    
 3.4820595     0.59924154E-02
 3.1109927      9.6161547    
 6.2449064     0.17325683E-01
 7.9436927      5.0988498    
 8.8767319      5.4560957    
 4.1003070     0.81292875E-01
 2.9668932      1.7504127    
 3.5405145      12.231515    
 6.0322227      3.9019158    
 6.3676825      1.1293360    
 4.6207724      2.1233468    
 6.7342510      3.2900000    
 3.7465670      13.961931    
 4.3035002     0.15143508    
 4.2531567      13.664439    
 4.0018110      13.159175    
 3.3256130      3.4289160    
 3.0364335      8.2481565    
 8.4228573     0.38012750E-02
 2.4506540     0.46847123    
 3.0160961      2.0801337    
 7.3184395      2.3444161    
 3.6793780      2.6307144    
 7.1759520     0.69712676E-01
 5.2063489      2.3850887    
 4.2110853      5.9516072    
 3.1200736      9.6725559    
 3.4890385      3.7512808    
 4.8945150     0.49985683E-04
 3.2987347      5.9223084    
 3.1281641      9.7229462    
 4.4435167     0.46163717    
 6.4336176      9.7559757    
 4.0867901      12.516800    
 6.9937353      11.211049    
 6.2566519     0.24099449E-01
 3.2413456      1.0729307    
 7.6199632     0.33543041    
 2.4738255      1.4405605    
 7.5739985     0.26719975    
 4.5031881      3.8587840    
 6.0693283     0.26445398    
 6.8594780      2.4658225    
 5.6761084      8.3336620    
 4.5818720      9.1776447    
 5.8067122      1.8394022    
 1.5968755      1.4909302    
 4.2850661      3.0140228    
 7.5285263     0.12724610E-01
 3.2546639     0.34713739    
 5.9254847      4.0140548    
 2.4414296      1.2653378    
 4.0898614      8.1115808    
 6.2494774     0.79934252E-02
 7.2405262      8.0568895    
 4.0127602     0.34030218E-01
 4.1681986      17.290613    
 7.1333199     0.97580570    
 8.1661921      15.257323    
 6.8288774     0.24399400E-01
 5.1090426      2.8909674    
 6.1144953     0.40369071E-01
 4.3730268     0.26932493    
 2.4432020      5.0429091    
 7.2033176     0.59005535    
 3.9655883      14.132257    
 7.2400408      2.9759059    
 4.4531026     0.66792041    
 5.5649166      8.3018637    
 3.9234986      15.315469    
 8.8939848      4.4295588    
 6.8392386      1.1517709    
 4.6018434      16.306505    
 4.5213451      2.9914153    
 5.5652637      3.5350225    
 2.8018944     0.57801557    
 3.4537506      10.853383    
 5.4305515      3.9643712    
 2.3688686     0.33397439    
 4.0463014      11.870661    
 3.6715369      5.9491930    
 2.8057501      5.8702798    
 5.4490023     0.23276319    
 6.2118149     0.46942774E-01
 2.8126252      7.8547063    
 3.2400885     0.46748781    
 4.7836723      3.4146681    
 4.5098400      14.797230    
 5.1722631      3.2446480    
 3.3588872     0.52702558    
 5.5549030      3.0405781    
 5.4071035      11.257875    
 4.5143352      1.6069994    
 6.7861729      2.4800653    
 6.1092491     0.74762809    
 2.7133961     0.91581064    
 4.3695450     0.72195131    
 3.5704296      12.676656    
 6.8855162      3.8632915    
 5.2300873     0.15898344    
 5.3135347     0.58573413    
 5.8320408      6.4548602    
 5.8375177     0.58310801    
 5.0911961      16.219604    
 4.9431601      1.5185263    
 4.9803705      2.0408497    
 3.2773831      10.232347    
 5.1351709     0.11323097    
 4.1228762     0.12277623E-01
0.85741997     0.71812063    
 5.7962885      11.777735    
 2.6547742     0.20621616    
 5.2690730      27.657848    
 5.5543003      5.8143330    
 6.2452488     0.62261516    
 5.7534881      1.3597126    
 5.6140013     0.32441085E-05
 3.2804334      3.3686910    
 2.7762480      1.5927020    
 4.5073123      3.1447453    
 4.4008045     0.41805485    
 4.9769759     0.68036568    
 1.8591995      1.4222386    
 5.2430258     0.11668182E-02
 6.5149250      1.1129078    
 2.4047432      5.7347941    
 6.2462091     0.28652233    
 1.9556830      1.9559170    
 3.1549480      2.3765614    
 3.0257685      9.0948582    
 1.2551969      1.1861410    
 2.1385880     0.16059767E-03
 3.8897185      7.8700457    
 3.4347069      2.0621643    
 5.5011630     0.16712005    
 3.2514925     0.55138039E-03
 5.0899911     0.62165755    
 6.5146952      3.6318517    
 4.4474173     0.35203338    
 7.0538359     0.24062073E-01
 5.5716486     0.27591813E-01
 10.681005      5.9193568    
 4.5678186     0.20186636    
 7.6007071     0.25017200E-01
 6.2902231     0.23985872E-01
 5.6048656      2.2335000    
 2.2623601      5.0731254    
 7.7540827     0.29705718    
 3.7331872     0.58250129    
 8.1031208     0.90386912E-01
 3.5160699      1.5131090    
 7.5113645      4.3162050    
 7.7289014      39.712936    
 4.6072903     0.83118724E-02
 2.5453432      2.8368831    
 4.8996019     0.48644504    
 5.1397095      2.6439276    
 5.0270147     0.32116655E-01
 6.1931200      5.2829332    
 5.4184628      3.8406932    
 1.8550010      3.4040284    
 7.2422638      7.9229517    
 6.4195795     0.25212651E-01
 5.0257125     0.48812842    
 9.3771563      3.3996823    
 5.9330988     0.41416297E-02
 2.8752079     0.11730628E-01
 7.6280298     0.22507787E-01
 3.7247882      1.6915438    
 3.4395015      6.2961626    
 1.0000601     0.11959040E-02
 1.6197209     0.71601737    
 3.6382360      13.164095    
 4.5997562     0.40111476    
 5.7084723     0.83081645E-03
 5.2736611      25.989672    
 3.8081269     0.90388334    
 3.3470416      11.135846    
 7.0591116     0.80599028    
 5.4529281      1.6156121    
 4.8318453     0.25577399    
 3.8917346      2.4267590    
 3.3743286      11.318707    
 4.9814534     0.43636733    
 7.6939554     0.71806841E-01
 4.7295504     0.26725197    
 4.5818429      20.901747    
 6.8937550      5.4002604    
 5.4700761      29.812429    
 7.9691133      3.7209699    
 5.8891482      7.0411425    
 7.1050878      2.3521624    
 6.9924612      3.5072656    
 4.3656402     0.83294883E-01
 4.2670898     0.13168097E-01
 8.4965439     0.32176472E-01
 7.4352450      12.186172    
 5.8806295     0.56313181    
0.23992100     0.10878283E-01
 10.382314      1.2512017    
 3.4992945      2.0719573    
 4.2944031      13.837720    
 5.8879051     0.88173711    
 4.7079949      6.7411156    
 6.9456978     0.78740317    
 3.2452919      2.1168535    
 5.2208400     0.86773074    
 6.7778139      1.9246800    
 7.0840578      8.2086115    
 7.7669601      7.0272813    
 6.6449156      2.5257494    
 2.7904680      2.8353302    
 2.1476367      4.5694890    
 9.6207390     0.60293160E-01
 5.8217654      4.7402530    
 5.3004360     0.96697199    
 4.1953096      11.478560    
 7.0947056      1.5875732    
 6.3807573     0.68150854    
 5.4604311     0.41508412    
 5.2432475      19.354498    
 4.0321136      7.5056176    
 3.8634386      1.7912322    
 5.2174177      6.0858111    
 6.9068413      3.6418190    
 3.9513609      2.1279633    
 3.4608455      1.7015057    
 6.6072845      1.4923657    
 5.9543133     0.69255188E-01
 3.5006926      2.1667097    
 4.8016853     0.12024961    
 3.4115145      11.570299    
 7.7207613     0.47968107    
 3.8706355     0.85431468    
 4.1090240      4.7587113    
 4.4747248      8.4049273    
 4.5797782     0.70465922    
 6.0725975      5.8618217    
 3.7245116      7.1973281    
 2.1448166      3.3593225    
 6.8761277      7.0433002    
 4.7542019     0.42950487    
 1.2904365      1.6395177    
 3.1540306     0.68206407E-01
 7.0196438      5.0569758    
 6.6047516     0.15329559    
 2.4993696      3.5845485    
 8.1795225      3.3802245    
 7.1495295     0.31593589E-02
 4.2567472     0.96771693    
 6.2536368      10.260583    
 8.0716324      7.0792270    
 4.8233514     0.26703324E-01
 6.1754441      1.1532499    
 5.2200394      2.1993206    
 4.3100486      3.2444441    
 7.2989788     0.91160733    
 6.9097433     0.24013521    
 4.5141191      10.432194    
 8.3017712     0.77214676    
 2.9950430      5.9160151    
 3.0473270      8.1133146    
 2.5504599      2.5425062    
 7.0872922      1.9943913    
 5.4918666      1.3586427    
 7.0214577      1.2538197    
 6.0114079      13.273224    
 3.1927052     0.44521358E-03
 5.0751982      1.1817403    
 4.6360569      2.5090401    
 11.467621      3.1250961    
 4.8279533      6.5346088    
 4.3676128     0.28753547E-01
 4.5783472      20.869795    
 5.3478007      8.0130234    
 4.4479933      3.2539053    
 4.8089466      14.579439    
 4.7049932      14.749600    
 3.3648305     0.24982280    
 5.4660912     0.63610397E-01
 4.0727735      3.0699794    
 5.9613953      4.7983718    
 5.1532111      3.0464621    
 5.5265827      3.1999216    
 4.4875793      12.097414    
 2.5501657     0.70540057E-02
 7.0812984     0.19390918    
 3.5392318      1.8338505    
 8.5392437      1.4266082    
0.75793350     0.55940455    
0.81031001     0.95531717E-01
 3.4597037      11.900454    
 1.7186124     0.48565235E-01
 4.2339420      1.1093317    
 5.5142212     0.82880014    
 4.1715221      1.4349222    
 4.4165549      2.2718537    
 2.6377575      6.9051085    
 3.2078397      10.226177    
 1.6448720      2.1268227    
 2.4565401     0.79755681E-02
 6.9734230      6.3996806    
 6.0341926      6.2192879    
 4.2649112     0.63674077E-01
 3.3280611     0.94853014    
 4.4163246      1.6709293    
 4.1540756     0.56223146E-03
 6.3454256      8.9995546    
 1.3512710      1.7990079    
 7.7769532      1.5754638    
 3.8436475      2.8007283    
 6.2015553      11.409719    
 6.0268741      14.068742    
0.74880350     0.34073293E-01
 5.1926336      2.6624963    
 3.2753515      2.8402734    
 7.1039124     0.44416210    
0.55800200     0.30030617    
 7.0861726      21.274622    
 5.6590600      4.1221194    
 4.6010976      4.2887864    
 5.2706275      5.1025772    
 4.8739161      6.2234359    
 7.4601393     0.38732618    
 5.9061136      13.333325    
 6.3609447      2.0807478    
 8.0890751      1.5145648    
 5.7980180     0.52778959    
 6.9307408      11.658561    
 3.9527426     0.13242841    
 3.8256431     0.85996561E-01
 6.6249781      6.4537702    
 6.1027946      2.3807640    
 4.0849447      15.657297    
 7.6125069      3.8689606    
 7.8756628     0.18048982    
 4.3230691      1.4926569    
 3.9325628      6.1389232    
 6.8659954      3.5949769    
 7.0721340      3.6515961    
 3.1685877     0.94929558    
 2.1860151     0.92089707E-04
 2.5376859     0.20189646    
 4.1615076      2.4367926    
 4.6436338      20.868393    
 5.2253060      8.3237591    
 2.8819170      8.2479067    
 7.7922773     0.16663584E-02
 6.0980587      1.0684255    
 8.3775520     0.49829647E-01
 1.5298110      1.0823987    
 5.4308443     0.47391719    
 6.4804521      9.0037298    
 4.0685844      1.6774555    
 2.8599811      8.0116339    
 4.4355817     0.12990589    
 6.0711255      1.9275106    
 1.6524460      2.6976290    
 6.9923244     0.30147769E-02
 3.3636415      6.6149588    
 2.0419357      4.1287613    
0.51267648     0.25268364    
 6.3914604      6.7523375    
 5.3470259     0.11428374    
 6.5916290     0.13922527    
 3.4178114     0.11341956E-01
 4.8471875      1.5650091    
 5.8184586      16.573565    
 8.1186829     0.19689709E-01
 5.9651046     0.50202522E-01
 2.2240632      4.9020748    
 5.0062809     0.21228470    
 6.6822567     0.74166006    
 4.5552263      4.2590055    
 7.4414177     0.22612515    
 4.7673979      1.1828786    
 6.6638165      1.2176768    
 8.2144670      6.2482314    
 4.4079080     0.40047511    
 4.3368764      5.4373908    
 4.9626837      24.529074    
 5.4547095      3.5824745    
 2.0886295      2.8932459    
 5.6997833      3.7673337    
 4.7953649      4.7755122    
 6.8523521      4.3275614    
 2.7718201     0.68667197    
 5.0008183     0.42466447E-01
 4.5899687      2.4176898    
 4.5513172     0.24100935    
 6.0895243     0.56084467E-03
 4.3729959      4.5845203    
 3.4914615      4.5107503    
 9.9929276     0.34923125E-01
 5.2401686      5.0477705    
 3.8482451      1.2729089    
 4.9413629     0.48727193    
0.96334147     0.90885997    
 3.7003856      1.1850649    
 5.4994535     0.27186096E-01
 5.5731130     0.61334926    
 3.3033650      3.4329565    
 3.1295156     0.46683967    
 8.6219292      1.4863425    
 8.7863712      1.1214427    
 6.2764912      7.9175749    
 3.0804574     0.79132533E-02
 2.9831445      8.8395882    
 3.6095879      4.3093038    
 1.3436995      1.7787541    
 3.5914660      8.5976686    
 5.3982983     0.55001861    
 2.2740521      2.3974335    
 6.2592072      5.5524845    
 4.9199667      5.8086276    
 4.0099401      10.183315    
 5.2173748      3.1093454    
 2.5542414     0.22472019    
 6.6116986      5.2671194    
 7.1084528      17.978230    
 8.1231232     0.91293626E-01
 4.6128411      21.186144    
 8.0578508      18.177889    
 4.5416613     0.18463233    
 1.4325455      2.0236356    
 1.2272595      1.4817208    
 3.6144609     0.87765016E-03
 8.1216860      25.687860    
 5.7691288      7.9137015    
 2.7454460     0.49549115    
 5.0930767     0.16424552    
 6.9578657     0.17849412E-01
 3.3045764      6.0482578    
 5.2806129      5.4201617    
 3.6613832     0.61560422    
 6.2678690      4.2821965    
 3.8628681      3.0446694    
 7.9652596     0.73343515    
 6.3106070      3.8750541    
 4.1735582      2.5095007    
 3.7663081      7.5486636    
 5.7966871      4.4082565    
 2.5685086      3.2843418    
 8.4609652      7.8994422    
 6.3146148      24.632759    
 3.5575976     0.65822467E-01
 3.7270446     0.75162810    
 5.5638752      7.3329010    
 4.0269327      6.8920646    
 7.3378716      15.362314    
 8.5089684     0.26008284E-01
 7.5984888     0.85170531    
 6.7430811     0.86798126    
 5.3191872     0.57394609E-01
 1.0478405     0.48901904E-01
 9.5267706      3.1699176    
 5.1100307      15.079012    
 8.7773771      1.0313507    
 7.4290113      3.4821422    
 3.5456576     0.21368945    
 1.6045170      2.5424843    
 1.4027565     0.71700484    
 1.9694760      2.8327446    
 5.1920190      3.3389289    
 6.8546190      4.0928264    
 4.2995391     0.47229567    
 6.9067116      13.237288    
 7.1004162     0.13873847E-02
 5.0187578     0.41017824    
 8.7862978      5.5064535    
 6.4264832     0.12503885    
 3.2483466      1.3062968    
 7.8772616      3.3950076    
 4.7955837     0.23185911E-01
 5.9810619     0.49106531E-01
 3.6029806      1.2182559    
 6.7228327     0.66418253E-01
 6.0386333     0.63225091E-03
 4.9120183      5.1104050    
 2.3517575      5.4838266    
 1.8336204      1.2534896    
 5.0903239      1.7287352    
 6.3801537     0.18466869    
 7.0393581     0.50831574    
0.43674099     0.15786340E-02
 6.9791727     0.22305217    
 8.5130033      3.3354375    
 3.8769746      8.5092773    
 3.9412518      2.0826311    
0.99999998E-02 0.19441358E-11
 9.4500809     0.71963030    
 6.2695880     0.12390366E-03
 4.5202866      10.969490    
 6.4640408     0.40169482E-04
 7.0699205      1.6674343    
 10.153165     0.25437638    
 3.3053453      3.2941759    
 8.2243757      8.2545719    
0.67280900     0.43931580    
 2.2090056      2.0478222    
 8.4765234     0.66314608    
 7.8815918     0.96880376E-01
 5.1675653      1.4347857    
 2.9967353      5.2966704    
 4.3241262     0.53492439    
 4.8474245      12.479851    
 8.7746201      8.7887726    
 5.0312910      1.7893765    
 3.6306720      4.3673849    
 6.7099843      7.0594921    
 5.0794754      9.9553080    
 7.5484943      3.3563118    
 5.0436659     0.13289137E-01
 3.9891045      1.3563170    
 1.9717190     0.88172518E-01
 10.388460     0.37918904    
 4.1009030     0.49197197    
 3.8645556      6.6688914    
 6.1441455      2.1145999    
 1.2757030     0.19657983    
 2.4759815     0.41960844    
 1.9830230      3.8928201    
 4.4598513      3.8329113    
 4.2085438     0.13638772    
 5.1708751      8.3549004    
 5.4505968     0.56693435    
 6.5662899      1.0990355    
 3.3840499     0.40629387    
 6.7285590      26.625069    
 5.5967145     0.60184711    
 8.4553909      1.7443479    
 5.2567034      10.079750    
 3.2714710      1.2142483    
 7.6473451      3.5524991    
 5.1404090     0.43589260E-01
 9.5869637      2.8961048    
 7.4425983      17.710482    
 5.8477550      4.4333396    
 7.6981039      3.7892871    
 11.069170     0.83803093    
 3.8193710     0.54296708    
 3.0384269     0.31187406    
 9.2269564     0.10133619    
 2.5101256     0.43635361E-01
 4.5976706      2.3337345    
 3.9801180      2.1881366    
 2.4336925      1.5362971    
 5.0551624      4.6642070    
 6.0635042      6.5202518    
 3.8394175     0.87994540    
 5.4333782      23.256737    
 7.2332630      1.6381466    
 4.4503918     0.25983188    
 6.3555145      4.5141087    
 5.7419281      8.8430099    
 5.6250038      3.6157904    
 8.5465450      24.756006    
 7.7533731      11.455243    
 4.8773456     0.29232416    
 2.0818434      1.2935684    
 2.0492237      4.1584325    
 3.2737384     0.23161541    
 4.5564752      9.6538954    
 5.0494614     0.11672853    
 7.1489601      50.964748    
 5.9324956      3.4577024    
 4.5171309     0.14813689E-01
 2.2774911      5.1415153    
 5.4965572     0.26588589    
 5.1215143     0.13251314E-01
 5.5700502     0.28030929    
 7.7599936      7.4250402    
 5.0856400     0.28352883    
 4.0018272      9.8726387    
 2.8820462      8.2486477    
 7.4374161      1.1466646    
 2.0288110     0.44547901    
 3.4976561      5.9849038    
 10.186214      1.4592893    
 1.6781275     0.10066553E-01
 4.1214347     0.89312679    
 3.5621119      1.1894767    
 8.8563013      9.7055302    
 3.5139585      2.9485724    
 4.5705781      20.728697    
 2.6378078     0.26607943    
 5.2913647     0.29511151    
 7.2255726      3.0772755    
 3.6845570      8.2884064    
 6.3834743      2.0886118    
 3.9098744     0.74926645    
 2.7761080      2.0033197    
 6.0758872      1.7644075    
 1.3282399     0.99936396E-01
 5.3709755      1.8542004    
 3.3848312      7.6966081    
 6.0442481     0.78225422    
 2.6387994     0.73923981    
 6.6621494      3.9228940    
 7.1084976     0.82939953    
 5.1407890     0.11539993    
 4.1584806      3.6372106    
 9.8917503      42.706772    
 5.7842751      1.0022718    
 8.6987762     0.11035983    
 5.8220601     0.41408667    
 2.6928186     0.98095793    
 2.6301236     0.11839709    
 6.6717854     0.18034272E-01
 8.1948433      2.6857834    
 5.7975683     0.20919308    
 5.9889326     0.57261235    
 1.5882655     0.80441082    
 5.0598783     0.67891926    
 4.0931849     0.40239406    
 2.9729009     0.18034074    
 7.1870308     0.61611433E-01
 6.0218291      2.4593527    
 6.4067745      5.4993792    
 9.7376556     0.36922476    
 8.6274157     0.41247141    
 8.5821028     0.30542058    
 3.3196459     0.39844164    
 2.3388150      5.2855520    
 3.2698159     0.20172596    
 5.6791687      2.1233361    
 3.4485927     0.63006443    
 8.5645027     0.84552890    
 2.3664527      5.5528684    
 5.2293181      24.859280    
 5.9580088      5.9337721    
 4.6892776     0.87018669E-01
 3.2855811      1.7941015    
 1.8551069      3.4044197    
 1.6890736     0.36570933E-01
 8.1431780     0.85326409    
 2.1680984     0.68314821    
 8.7713547      7.4086514    
 4.9792032      1.0293126    
 6.4365540     0.12965261E-01
 5.2730179      1.2335515    
 4.2733498     0.93455535    
 6.2483635      2.4273674    
 7.2919173     0.55190884E-01
 5.6375036      7.3885665    
 8.8151436     0.79483196E-01
 7.7619524      1.2526176    
 6.6166487      7.4057550    
 5.3831882      1.2619822    
 6.2492599     0.78271812    
 4.9364214     0.90510756E-01
 7.2472434      30.216957    
 4.7652049      6.5051236    
 10.988221     0.59137011    
 3.1117024      3.4941096    
 1.4225265      1.9952310    
 5.3512697     0.89554954    
 3.3025308      3.1224101    
 6.1332998     0.73018646    
 7.3330765     0.52906328    
 6.1862621      10.794507    
 7.1975298      1.4284369    
 3.2715459     0.47133420E-01
 6.9267216     0.15013907E-03
 3.1887341     0.45609966    
 5.6352019      4.5264664    
 5.3335791      1.3060338    
 8.4220676     0.17625955    
 7.1358037      3.7327828    
 7.0717497     0.22605124    
 5.7002983      4.4633555    
 3.7983470     0.92986465    
 4.0295396      5.5208139    
 8.5045395      11.098238    
 3.3028688      1.0368115    
 9.0227833      1.2372243    
 7.0531397      2.3029757    
 3.9005651     0.22749186E-02
 4.7097950      2.3591938    
 2.0839450     0.23950031E-01
 5.1345706      1.2884427    
 4.5868020      3.2510748    
 3.8253341      2.1133363    
 4.8594685      2.3987403    
 1.7018865      2.8624799    
 3.6838629     0.28198102    
 5.1149769     0.95977932E-01
 6.2742343     0.21992130E-01
 7.6046219      12.968020    
 5.9978628     0.74874125E-01
 9.5752411      5.5434647    
 6.4884024     0.55155176    
 8.6365337     0.88374233    
 5.6970348     0.75995010    
 5.3805604      2.1150930    
 3.6206710      3.7408123    
 3.4921460      4.2030334    
 5.2862692      4.6036940    
 4.6698132      4.9283624    
 3.6646352     0.68930924    
 6.2856541     0.22280696    
 7.4669394      55.605946    
 3.2725136      10.643992    
 2.7435546     0.62128848    
 5.5007629     0.99639833    
 4.6649404     0.56927741    
 2.9040918      1.6095521    
 6.7478914      1.2112921    
 6.0828471      5.5122156    
0.25740048     0.61207008E-01
 6.2768764      2.5705256    
 2.1526515      2.0294065    
 2.2277875      1.1052388    
 7.1686678     0.49487615    
 4.5098648     0.77255212E-01
 2.3219995      5.3453403    
 4.3941102      19.220421    
 6.0599928     0.43468797E-02
 3.6244421      5.0993528    
 8.3868122      22.937305    
 8.0932541     0.30376837E-02
 4.5776358     0.38420191    
 6.7342625      8.8362322    
 4.4424772      5.2185588    
 5.1046395      6.2303634    
 3.8920550      5.2019978    
 3.2777975      3.6750140    
 4.2163434      3.4764233    
 2.1426148      1.2466083    
 9.4888401     0.52259773    
 9.3637724      4.4627719    
 9.5016651     0.12585363    
 4.3989582      19.262951    
 4.8847542      8.6522570    
 5.4380136      11.854351    
 7.3034668     0.23238605    
 6.4440880     0.12924384    
 5.7864237      4.5521331    
 2.6645095     0.32331583    
 5.5321345      4.1882577    
 6.2948685     0.51756001    
 8.6095209      6.3130698    
 3.0355754     0.12289516    
 6.3879366     0.76016879    
 3.0531526     0.17634636    
 5.4670877     0.84377974    
 6.1617451      1.7443731    
 5.5283804      9.4680462    
 7.3706741     0.70932263E-04
 6.9939833      1.3792801    
 4.6175871      8.2880354    
0.66415650     0.42792073    
 4.9186864     0.59831995    
 4.9963169     0.48654726    
 8.9137201      3.7235186    
 6.1562443      3.0389841    
 2.9531126      1.0185678    
 3.4465322      2.0395691    
 6.9360380      5.2779388    
 5.4509673      6.9161553    
 7.9066539      1.6953881    
 3.2108085      7.0183053    
 3.3091261      10.884232    
 6.2731805      1.2092870    
 4.1320300      6.8277392    
 3.1238120      5.1710801    
 2.5579715     0.76218210E-02
 3.8233950      2.0945356    
 3.5759916      1.4329841    
 6.0739827      7.5150018    
 6.4941587      6.7181177    
 6.5243320      1.5258801    
 3.5273757     0.10412852E-01
 3.5633724      3.8098178    
 3.9105556      6.3459673    
 1.9757380      2.2386982    
 4.0745363     0.92949532E-02
 5.7960901      1.4669504    
 4.2896414      18.315327    
 1.5853385     0.19772024    
 3.0503685      3.7236817    
 4.4606423      17.275831    
 4.8983135     0.70531620E-03
 4.3295779     0.46501732    
 1.7239554     0.15987740    
 6.9359360      1.4628986    
 4.6132836      3.2596254    
 3.8152342      5.5684047    
 6.1094670      2.1458139    
 4.8233252      2.4630525    
 4.9702754      20.095316    
 5.9414291      31.361208    
 4.6005015      1.9213746    
 3.6798301     0.74795485E-01
 2.4440765      1.4376069    
 4.4754457     0.40678865    
 5.8814058      1.8469508    
 5.5595016      8.5126915    
 10.416236      10.795090    
 9.7546101      3.3802059    
 1.7283825      2.9528382    
 6.4201288     0.31480514E-01
 3.5694926      2.3337474    
 8.6724491      4.7965455    
 2.0563824      1.4051200    
 8.2359009     0.11397894E-01
 7.9259744      9.0253429    
 5.6736712      18.086206    
 2.2661722      5.0903120    
0.87909949     0.75533396    
 2.3179491      5.3266277    
 3.8042262      3.4551513    
 3.9915950      8.7693634    
 1.5436755      2.3521609    
 3.3117304      2.1709774    
 12.380180      3.0335023    
 6.1854525      8.7596598    
 6.1973009      1.2742666    
 9.4938107      6.6403103    
 2.4705856      3.7710552    
 2.8060169     0.40068597    
 3.7024140      8.5346251    
 4.7556849     0.21312009    
 3.9666867     0.34323722    
 6.3751001     0.80851865    
 5.5682001     0.53461057    
 3.9651511      8.4606123    
 3.0811434     0.64266008    
 6.4496822     0.25202880E-01
 5.3793545      5.0795779    
 3.6566544     0.30085501    
 7.8052835      3.1718481    
 6.7009101     0.23371574E-01
 7.4342422     0.15214797E-01
 5.2408638     0.64415694E-02
 6.1172981     0.47032243    
 7.0003242     0.54574192    
 3.7972045      9.1418953    
 6.9284658      3.8861735    
 5.9738994      21.540203    
 5.9160857      2.0636542    
 3.8923571     0.21104446    
 7.4520626     0.64510711E-01
 4.2330742      17.834352    
 3.8756390      2.0218534    
 5.0424547      5.9014854    
 8.0849733      9.3440065    
 1.3114605      1.6937994    
 7.1195078     0.80613530    
 6.3999853      2.1923335    
 5.6699104      18.190155    
 8.9990425      2.1032171    
 4.5208302     0.88513404E-01
 5.2038651      7.4586449    
 3.8488846      2.8260143    
 3.9305475     0.19897493E-01
 5.7878604     0.14838859    
 4.0822887      5.7659545    
 6.9493999      2.3342011    
 7.0005808      11.157164    
 5.4101238     0.91113940E-01
 7.5053635      2.4458482    
 5.8273206      1.6099733    
 3.5071287      12.229908    
 6.3470988      18.179497    
 4.8029032      4.4649067    
 2.1792226      4.7055254    
 8.0524979     0.37038896E-01
 3.1831710      2.0319471    
 5.5226498     0.15518254E-01
 3.9479740      10.266729    
 4.4857125     0.53931668E-01
 3.7744579     0.70723510    
 7.0684271      3.5587161    
 9.5653667     0.55416644    
 6.2384162      12.165187    
 4.1294460      4.9401646    
 7.8494887     0.36730379    
 4.6286926      2.5993230    
 7.8575640      6.5743394    
 7.8857698     0.36222100E-01
 6.4203062      1.0682882    
 6.0221415      5.8802853    
 6.0050950      7.2079649    
 4.0555563     0.41728560E-01
 2.5769627      6.5892963    
 2.7824359      1.8998122    
 5.8768167      9.5197153    
 6.9008217     0.10338006    
 6.0089755     0.53666618E-01
 5.4923954      1.0402406    
 5.9114146     0.14651245    
 1.8490285      3.3820257    
 3.3619649      5.8620152    
 3.8903279     0.71944118    
 7.9178867      7.5162525    
0.99803948     0.19826144E-01
 3.0566366      7.9001102    
 9.1122131     0.47497325E-01
 8.7991753      11.911367    
 3.9104300     0.26716280    
 1.9214414      1.7743022    
 5.7011495     0.52794260    
 3.2137556      1.4718399    
 6.7313094      32.208469    
 7.7043600      18.537941    
 5.3953648     0.98283160    
 6.1778264      3.8495977    
 6.8948164      2.1607676    
 7.4401007      22.423534    
 3.7046330      2.5647550    
 2.4426825      5.9179430    
 4.0287557      2.6889467    
 2.1255646      1.9090601    
 5.7500148      3.1863573    
 3.1214705      2.5809414    
 8.9053106     0.29165685    
 4.1119490      2.6665542    
 3.3124959      1.8372642    
 5.3220029      18.573105    
 4.6987791      17.677910    
 4.7523489      6.4595942    
 6.8115549     0.15752256E-01
 5.9253392      5.2511301    
 7.6563687      7.4544959    
 6.1152773      1.4978272    
 2.2203884     0.91499388E-01
 4.7241783      8.2369337    
 4.4092774      5.9133902    
 3.8513901     0.28570469E-01
 8.2285032      5.9369068    
 3.0912380      3.1274817    
 7.6600556      12.160103    
 4.2997184      1.9724476    
 3.8244860     0.32508325E-01
 7.0356417      4.5560284    
 6.1538439      4.7343049    
 3.0160921      1.6714249    
 1.8159006     0.93865663E-01
 6.4840431     0.76058292    
 9.3187122      1.1623347    
 4.1969695     0.60965580    
 8.6683989      3.0160801    
 6.6636658      2.6964571    
 4.2560802      11.678073    
 3.1876400      3.8040013    
 3.7929616      6.3066492    
 2.7061162      7.2690411    
 4.2369404      4.9467297    
 7.5132589      2.0404766    
 5.9576817     0.19637506    
0.84672397     0.70010698    
 5.7158976     0.24612144    
 8.0559893      1.6642541    
 2.6735959      5.2772055    
 3.7367501      13.888665    
 7.2818956     0.13386488E-01
 3.7972584     0.16121498    
 4.7272758      7.2288995    
 1.6850835     0.24807115    
 4.8052964      1.6251717    
 2.4378150      2.6432486    
 2.5442746      5.4076829    
 1.8697400      1.5307881    
 4.1948662      4.1288438    
 4.6081257      13.291717    
 4.2910929      11.506377    
 2.2475226     0.90189832    
 6.1610298      11.005358    
 4.9335184     0.57984829E-01
 4.5753508      9.9330816    
 7.9668798     0.55949569    
 3.3593326     0.42693898    
 4.1980677      5.3326659    
 2.9711475      1.2024871    
 2.9683156     0.31676609E-01
 2.9935195      4.0565076    
 1.4111619     0.47777262    
 6.5809865      3.3032341    
 3.3967292      11.469933    
 1.9062870     0.46723024E-02
 5.9355564      4.4667640    
 5.0836668      2.5796545    
 4.0013909      1.2944164    
 3.8779020      9.3775883    
 6.2018147      7.4261785    
 5.4384770      5.1384635    
 5.0381823      3.9463646    
 2.9158945     0.38374773    
 2.0158460     0.16249771    
 3.0038891     0.47294046E-02
 2.2084501     0.46818006    
 4.8273640      8.1707659    
 1.8944600     0.32927653    
 1.7470165      3.0172267    
 2.2046194     0.10582072    
 3.2994475      5.3175511    
 1.1913745      1.3956459    
 3.6522126      6.4659352    
 6.9528847      1.7317432    
 3.1789284      1.8924890    
 1.4219325      1.9935533    
 5.1877656      26.809256    
 3.0439229      1.9862825    
 6.5146761      1.0794688    
 5.8610120      1.8899860    
 3.5615106      2.5225575    
 3.8944221     0.52249891    
 7.8315911      15.818944    
 5.4551334      4.0470037    
 7.5714979     0.79403186    
 7.3280821      2.9981608    
 5.5916624     0.18553245    
 6.4342337      4.3020148    
 3.6351016      1.4130805    
 8.5062828     0.41574344    
 6.0694699      19.378016    
 5.8146033      8.7311478    
 6.3603816     0.23924093    
 1.9599135      3.8021626    
 4.1459565     0.44181621    
 7.4087315     0.29639643E-01
 6.7299290      2.0930238    
 4.5477796      4.7213035    
 7.6673508      9.3683863    
 5.6255426     0.21993107    
0.57227349     0.73157541E-01
 4.0494556     0.74032909    
0.83457649     0.53635055    
 10.431200      7.9123559    
 1.4093775      1.9582572    
 7.4676828     0.38244808    
 7.4409218      11.422188    
 3.1903996      6.8484783    
 5.5091190     0.27360803    
 4.2984619      6.2616115    
 1.8363115      2.4220743    
 3.1980774      5.7449169    
 7.7130442     0.21068995    
 8.5465136     0.42088929    
 4.8797917      11.754466    
 5.2013030      1.8918930    
 2.5801575     0.82860273    
 5.9944887      2.1068308    
 5.3777270     0.23451401E-01
 4.1910200     0.73289382    
 6.9095240     0.30442661    
 5.1338110     0.35262761    
 3.9080405      8.1108160    
 4.2685184      7.0257697    
 3.7657523      5.9800572    
 4.0207648      1.3829116    
 4.4894142      1.1151948    
 2.6949830     0.69811046    
 4.2403588      1.9682839    
 2.3990004      5.2929416    
 5.9354286     0.65319061E-01
 3.3479486     0.11116962    
 3.6161170     0.80259836    
 4.8303981     0.46827627E-05
 3.6992254      12.664455    
 5.8693438     0.34656242E-01
 7.5471530     0.19454202    
 9.1602249      4.1735849    
 6.7520280     0.11920869E-01
 3.6298692      13.103451    
 5.1804185     0.81436443    
 6.0351644      2.4622016    
 8.0154533      26.177687    
 4.9649391     0.28071120    
 5.9732704      3.0339801    
 4.4064136     0.76501906    
 7.0642929      2.0877779    
 6.1602130      6.2782087    
 3.0425420     0.89558530    
 5.4619131     0.51262277    
 4.9213576     0.41364625E-01
 7.5980463      4.4998331    
 4.0648580      1.9872981    
 5.4089394      1.5598499    
 4.5620375      12.159963    
 8.6334696      10.011353    
 3.6158829     0.24325165    
 2.6942124     0.32105142    
 6.5266995      3.7567005    
 7.9700766      1.0861255    
 4.3271880     0.81923091    
 6.0311646      4.8716540    
 4.3533525      18.864708    
 3.1062241     0.82671767    
 3.6025331      6.0186520    
 8.3486023      1.3613865    
 5.7450542      1.7907385    
 7.6545610      32.863697    
 7.2838793      8.5920334    
 6.3871422     0.33878381E-02
 8.9354687     0.83486006E-01
 7.3335886      8.7351599    
 9.4198971      2.2298334    
 5.2018356      9.2098923    
 2.4464824     0.10055056E-01
 6.7632432      8.7873497    
 8.0503578      1.1546143    
 6.3405523      2.7401605    
 6.0354881     0.15500204    
 3.9689355      4.2614155    
 3.1089244     0.18947741E-01
 7.2235465      11.587519    
 5.4838433      29.962957    
 6.0009990      2.4850321    
 8.8969059      2.7113297    
 3.1037495     0.15796535    
 5.7633224      14.908299    
 2.7159381     0.29721421    
 2.3407874      4.2642760    
 4.0606041      16.407391    
 5.4725876      10.434929    
 3.6892338     0.87888825    
 2.8783066      8.2271824    
 1.4500625     0.18914329E-01
 3.6435540      9.1025906    
 2.1003652      3.9790750    
 5.1921515     0.32570357E-02
 5.7892413      20.600359    
 6.7388210     0.64236444    
 6.7085781     0.10980595    
 6.1449614     0.12885422    
 6.3669891      1.9268997    
 3.5032191      1.9593188    
 6.0649700     0.49627861    
 5.9067631      3.6114659    
 5.1722827      25.982798    
 4.1295209     0.11007256    
 7.0183239      3.4849319    
 5.3830023     0.33461341    
 3.4019952      3.4013567    
 7.9381037      1.5950077    
 7.8110700     0.81248693E-02
 4.9570203      2.0244484    
 6.2236824     0.72585654    
 4.4917860      2.5176718    
 6.8991995      1.1226003    
 5.1138687      1.5756418    
 9.7031422      7.3686166    
 6.4719605      1.1080123    
 6.0439625     0.62564987    
0.60418248     0.35305282    
 2.2885497      5.1917872    
 9.3397999     0.57226110    
 7.2816725      17.894024    
 5.2228298     0.37400332    
 7.1019382     0.12919600    
 4.8060703     0.27104798    
 3.2480404      4.0497551    
 8.9666443     0.26831683E-03
 3.8277340      1.4628648    
 2.7689655      1.3276584    
 3.6121821      12.975715    
 10.135622     0.99508780    
 3.2748752      10.659409    
 3.6914556      4.6220036    
 4.7360048      6.0140886    
 2.7766449      1.0095288    
 2.9565349      2.9777822    
 3.2808936      10.698743    
 5.3292871      12.183195    
 4.2600698      3.3021834    
 6.5801640      2.9077525    
 2.6050165     0.89910513    
 8.6216583      1.6187060    
 3.6011682      3.0780070    
 6.4175954     0.90515456E-03
 2.8984876      6.3104272    
 9.9460993      1.2034203    
 5.1419683      5.1136751    
 6.6234975      10.512513    
 1.8819185     0.65109152    
 3.6347344     0.63835219E-01
 4.1835394     0.27405668E-01
 5.9056544      7.2954564    
 6.7206497      4.5301404    
 4.4659157      1.3386878    
 9.0706272      3.7138572    
 5.2832937      1.2928602    
 7.9979372      2.5871921    
 5.6317129     0.25466537    
 6.6886334     0.33864829    
 2.3841186      5.6364379    
 2.6245430     0.64377636E-01
 2.9099951     0.12696992    
 7.1969128     0.92867333E-02
 4.6331315     0.11120466    
 3.1600809      1.7595437    
 5.9400454      5.0017004    
 2.6998677      7.2353868    
0.54594648     0.22818981E-01
 3.9787331      15.044741    
 2.3534679      1.7013057    
 2.8097305      7.8384895    
 3.1275840      1.0621773    
 7.5013633     0.64771229    
 5.9648762      2.0093026    
 6.4698801      8.7408371    
0.99999998E-02 0.19441358E-11
 1.5676899     0.46467280    
 6.3297486      2.0081463    
 2.6119444      1.0186214    
 4.6629438     0.11550386    
 4.9709973      10.146783    
 1.7209870     0.88760895    
 5.1427488     0.33072561    
 3.1350105      5.6521130    
 7.2301798     0.15088041    
 2.4587841     0.61479831    
 6.6266832      2.7869594    
 6.0539370      28.490992    
 5.7709503      1.7641943    
 8.7458868      4.2762489    
 9.3297424      25.476917    
 6.7873254     0.82982928E-02
 6.4012270      1.6009874    
 2.7076936      1.3024545    
 5.1223073      3.9010594    
 5.2027302      1.5224266    
 8.2196140     0.51525384    
 6.0277400      4.9319258    
0.81524551     0.27767407E-01
 3.8551116      1.6340786    
 5.2371016     0.11944775    
 3.9956875     0.91094255    
 3.5741658      4.1277680    
 3.8383846      8.0305157    
 6.8213515      8.5862665    
0.89145899     0.77696997    
 1.2058240      1.4299952    
 4.0904756      9.2523069    
 10.027827      4.5466843    
 2.4492197      5.9497919    
 5.2547688      6.3851843    
 7.3701258      1.0728172    
 8.2310171     0.15189232    
 4.6602259     0.81862223    
 5.1906872      26.839516    
 2.7840450      3.1999125    
 5.7659807      1.7876308    
 5.7824812      2.3919785    
 3.7946446      6.7812142    
 2.1559536      4.6051159    
0.50492603     0.24495173    
 2.9349411     0.68846154    
 3.2437615     0.18553632    
 5.1488638      6.7258997    
 4.8839164     0.81948376    
 3.4656255      1.0244653    
 1.5754606      2.1198852    
 6.5808887      3.5528157    
 5.1733494      22.355288    
 5.7214503      1.5803863    
 5.4698219     0.29859974E-02
 4.1239390      1.8628836    
 2.2017710      4.8038597    
 4.1328192      1.7091314    
 5.9665308     0.43539032E-02
 4.4905376      4.5079250    
 5.1818347      10.724383    
 4.7692685     0.46970743    
 7.1474285     0.14050391    
 6.6487198     0.13721505E-01
 5.8116217      1.9134310    
 5.2695513      5.3709817    
 2.2427986     0.63080542E-01
 5.8486986      1.4445342    
 6.3718967     0.20093384    
 4.8605242      5.2314963    
 5.1453962     0.25473312    
 4.9153481      1.4369068    
 6.8088117      12.699749    
 4.6990647      2.6324365    
 4.1821203     0.82875538    
 5.5419545     0.12603837    
 5.1092939      1.1693884    
 5.2303772      8.1840324    
 1.5159340      2.2678373    
 4.3553972      7.0159450    
 5.0636210     0.71147609    
 6.3975897      1.8762280    
 1.6635890      2.7343566    
 3.9082756      15.136719    
 7.6631403      1.7413114    
 4.8826671     0.16764377    
 3.0369706     0.18438509    
 8.6605730      5.2632360    
 5.7634158      7.1679144    
 4.8868146      8.5754986    
 5.7889214      2.0007796    
 3.1383054     0.23135457E-02
 3.9941466      15.873423    
 4.1422544      13.023940    
 8.7683268     0.70747215    
 7.6242275     0.55785358    
 6.5533514      6.6976209    
 6.5668254     0.16544290E-01
 2.8961806      7.4837942    
 3.8895085      4.9420781    
 8.1354418     0.21076607E-01
 7.6518555      10.417782    
 2.8322570      3.0203247    
 4.7432189     0.16173871E-01
 5.6249523      5.4764047    
 4.2910538     0.80379933    
 6.8760309      8.7553625    
 3.9122121      15.227258    
 7.0079708     0.44637811    
 4.7971592      4.1951227    
 7.4154978      11.224543    
 7.5909815      11.317193    
 2.8592744      3.5770600    
 6.5675592      7.3245058    
 8.9237032      18.378408    
 5.6989794      2.7229242    
 7.2245646      3.0635366    
 2.4228895      3.9527783    
 5.2317591      7.2744679    
 6.7387333      6.3543587    
 4.0114660     0.68678282E-03
 6.6067963     0.90077124E-03
 1.8874110      3.5246720    
 4.7042618      2.3123841    
 2.5459647      3.2424641    
 6.8421564      4.2199373    
 5.5001965      8.5991993    
 5.2610617     0.32462329    
 3.2762461      6.8276644    
 8.3106184      7.1590705    
 2.9536724     0.18446444E-01
 1.8812095      3.5014250    
 4.2129021      1.0874585    
 1.7932320     0.44892032E-01
 5.4984808     0.46220264    
 3.3098540      10.889036    
 4.1071057      4.5095415    
 6.3766975      1.2077465    
 4.5695095      1.6592882    
 5.3328857      6.7174072    
 5.9221611      2.1690547    
 8.0726767      3.8433585    
 5.7623272      3.9346197    
 3.6808019     0.61723966E-01
 3.4971800      1.7098891    
 7.8027000     0.32632634E-01
 5.5871062      2.9526553    
 4.0730839     0.65462810    
 2.0188940     0.60185123E-01
 5.9914842      2.4772739    
 5.2274060     0.46488270E-03
 5.0121107      2.7680666    
 8.1736355      15.026232    
 10.210786     0.30037600    
 3.6909149      1.4131076    
 6.8934479      1.4053298    
 8.2075357      31.071285    
 2.0863695     0.88317436    
 5.9926224      32.855225    
 3.8470974      2.8347561    
 5.3909669     0.44506532    
 3.8855510      8.8938017    
 3.1715989     0.26649326    
 5.7046261      3.3590128    
 6.2997541      1.1546199    
 6.1068096     0.48238311E-01
 4.6637049      1.1742610    
 2.9748175     0.70964374E-01
 3.9085732      3.9077311    
 6.8477650     0.35105441E-01
 5.6738472     0.92766806E-01
 3.0089483     0.67585856    
 5.3841801      1.2131749    
 6.1194887     0.84202278    
 2.8128645     0.43718693    
 4.0268140      16.134794    
 7.4477310      9.8433294    
 4.6444468     0.50125700    
 2.8580720      7.4215045    
 3.0017514      1.2731082    
 5.9696774      1.3288363    
 4.1092978     0.58564864E-01
 4.3420124     0.30081889    
 6.4039192     0.97423606E-01
 4.6796913     0.60707146    
 7.1028290      20.806305    
 6.5001307      1.7838964    
 4.2680702      4.5054183    
 4.0847502     0.10057307    
 5.9601984     0.13368499    
 6.9409580     0.35330879E-02
 2.6390777      6.9120479    
 7.4463453     0.90595566E-01
 4.8522682     0.84242977E-01
 6.8816214      10.927673    
 4.1253705      9.4905424    
 7.7942328     0.93703765    
 3.4798951      2.4115627    
 7.5534964     0.78684819    
 8.5574532     0.84096414    
 2.1597590      2.1611669    
 3.2726731      10.645034    
 2.9110808      5.4696441    
 8.0272522     0.38168836    
 4.9196730     0.37010320E-01
 4.6436958      10.128244    
 3.2325366      2.7965493    
 2.3547320     0.31015265    
 6.4158454      5.2707391    
 5.3058157      4.1479454    
 4.2037373      7.6266928    
 5.3420081      8.7155552    
 3.7675030      14.118827    
 4.6600056     0.22611292    
 5.6706004      2.1485932    
 5.5812774     0.54382384    
 2.5973766      6.6945167    
 6.6082954      15.788755    
 6.0214276      5.1029286    
 1.9812804      3.8859468    
 3.3322039     0.11814191    
 8.2819796     0.84919083    
 7.3245192      1.2552468    
