With Rotated Coordinates:Synthetic point data – 140 samples      
 7
Xlocation                               
Ylocation                               
Primary                                 
Declustering Weight                     
Secondary                               
Rotated X
Rotated Y
31.8319  1.7255  4.6661  1.6047  4.3192  26.704480      17.410280    
33.6583  44.2168  7.6838  0.5447  6.1945  7.0405400      55.122020    
11.2133  25.2624  6.9699  1.4748  5.0447 -2.9201980      27.484530    
27.2021  11.3016  0.3744  0.5097  -1.1908  17.906910      23.388520    
39.9851  34.7088  4.0632  1.9358  3.5798  17.273710      50.051250    
16.9931  5.0445  9.7765  1.4056  8.5045  12.194210      12.865210    
40.0493  36.2569  0.01  1.0678  -0.9033  16.555260      51.424050    
27.55  41.1408  0.6121  1.366  -1.5937  3.2885980      49.403980    
35.024  2.7454  5.3433  0.6197  4.9683  28.958970      19.889590    
11.9068  5.4491  4.2545  1.0472  5.0769  7.5870410      10.672460    
18.6389  10.7658  4.2497  1.4721  6.4784  10.758860      18.642910    
30.3474  8.8858  4.7656  1.0692  2.4476  21.838720      22.869030    
48.9866  31.86  0.7311  1.7643  -0.2863  26.493640      52.084870    
38.524  11.7234  7.5589  0.9016  5.5528  27.501060      29.414760    
10.8382  46.7026  6.8599  1.4832  3.8878 -13.965140      45.864730    
19.886  45.3128  2.7247  0.8699  2.2082 -5.4346200      49.185040    
28.007  13.3743  0.01  1.0991  -1.6167  17.567620      25.585980    
11.2467  49.3793  3.6925  0.5707  2.5456 -14.949720      48.387080    
5.8728  31.2449  5.8211  0.5953  2.5584 -10.536460      29.995280    
19.1993  49.3099  0.01  1.7912  -0.7194 -8.0278670      52.303280    
1.0626  35.8154  3.4512  0.9002  0.7232 -16.987460      31.548350    
31.9071  5.9661  1.9743  1.9307  2.0393  24.649310      21.120340    
43.4168  13.4061  3.1178  1.8689  2.179  30.897000      33.318420    
43.1554  15.1238  2.3586  0.7293  0.0759  29.811770      34.675300    
37.863  26.9296  5.6598  0.5009  2.1474  19.325520      42.253220    
16.3836  1.4544  10.5609  1.7475  6.065  13.461410      9.4513470    
15.5682  3.3383  10.2372  0.6285  4.6447  11.813310      10.675150    
24.3135  3.8914  5.3403  0.6926  1.188  19.110410      15.526800    
23.7888  27.4404  4.4249  1.1347  6.1278  6.8815050      35.658480    
10.8781  26.9255  4.7471  0.9676  2.3257 -4.0420390      28.757220    
49.2623  32.344  1.6483  0.6815  1.8406  26.490400      52.641880    
11.5102  17.0662  3.1559  0.8303  1.6376  1.4350250      20.534860    
3.9787  31.424  5.8595  1.7895  7.3308 -12.266350      29.203330    
3.972  12.1622  3.9847  0.6985  1.8798 -2.6412470      12.518770    
46.3402  28.4811  0.01  1.7112  0.4561  25.891240      47.835460    
9.8301  5.2496  2.1419  1.2005  2.1603  5.8883160      9.4613370    
36.2247  33.4949  6.3589  1.1039  4.3834  14.624060      47.119790    
17.1258  42.722  5.0165  1.1729  4.4859 -6.5296240      45.561240    
21.1722  14.1487  5.0083  1.1647  6.9048  11.261310      22.839230    
42.7061  27.4659  15.8437  1.754  12.8744  23.251620      45.139220    
47.9808  45.892  6.0515  1.2285  3.4998  18.606590      63.734040    
10.9736  20.151  7.7318  1.978  5.9396 -.57208320      22.938080    
13.4949  38.9195  1.9787  1.936  1.8239 -7.7728240      40.452720    
49.2757  27.7326  4.6569  0.9451  2.407  28.807710      48.654990    
47.9668  28.8798  0.1932  0.5857  -0.5173  27.100570      48.994040    
29.1247  25.1397  6.0563  1.9412  3.538  12.652880      36.333970    
4.4255  9.6054  1.2794  0.8528  -0.3693 -.97010490      10.531270    
6.3744  44.1241  5.0958  1.4291  5.5819 -16.541660      41.399790    
21.042  29.0999  0.01  0.8064  -0.4929  3.6729560      35.722250    
35.5934  12.1956  1.4485  0.95  2.3774  24.726990      28.358400    
15.9927  37.3414  7.9827  1.9977  6.319 -4.8206170      40.334950    
49.3087  4.0898  5.5404  1.8999  5.0244  40.657690      28.196220    
43.6623  43.5842  3.8005  1.7506  3.3029  16.020560      59.576180    
34.9735  30.4722  9.3566  0.5117  6.3745  15.051840      43.876450    
40.5381  15.1696  1.3273  0.7014  -2.1055  27.522220      33.406310    
6.156  5.7448  2.7403  1.4072  1.5256  2.4588520      8.0531430    
35.663  10.4763  3.4383  1.2328  1.5296  25.646910      26.904240    
44.8615  41.9591  7.6342  0.915  6.2067  17.871650      58.768390    
0.6737  38.2848  3.4771  1.6118  1.5468 -18.558960      33.492460    
27.5323  21.4567  6.1844  1.8247  4.3651  13.115320      32.348200    
44.7925  27.2339  7.0098  0.7221  3.1978  25.174490      45.981500    
6.7448  15.6047  9.3082  1.7911  4.9295 -1.9611820      16.886470    
44.5473  10.7938  5.0041  1.6702  4.2015  33.182190      31.621360    
43.8226  20.4125  3.7377  1.8948  2.0188  27.745240      39.589050    
42.8657  48.3341  7.3084  0.5372  2.2414  12.955730      63.291410    
36.5917  16.7771  9.8988  1.7961  5.7919  23.300790      32.825240    
40.2267  13.5735  5.3339  1.8083  3.0359  28.050590      31.868350    
42.5711  11.3993  6.3537  0.9578  2.9253  31.168000      31.157630    
39.4719  11.6522  6.9437  0.9924  5.0062  28.357570      29.827050    
42.8533  47.8776  4.218  1.0995  5.0652  13.173240      62.889870    
48.5763  26.7746  6.3783  1.9556  4.1881  28.681010      47.475640    
9.2498  47.6642  4.8606  1.1518  4.1176 -15.821540      45.903310    
36.1987  15.8702  2.1796  1.0778  0.4146  23.413890      31.843350    
28.7528  12.9814  4.9553  1.8884  3.3843  18.409960      25.618620    
26.8841  35.7521  4.774  1.0463  1.1091  5.4062620      44.404280    
3.9287  33.0476  3.7426  1.772  3.76 -13.121450      30.584410    
35.768  15.2158  3.8813  1.1036  4.1484  23.368100      31.061270    
14.9871  6.7371  0.01  1.516  1.7142  9.6106590      13.328050    
44.7375  30.6602  3.8104  0.5006  4.4614  23.413710      48.921260    
14.5588  21.5645  1.166  1.1975  -0.2374  1.8260400      25.954810    
22.1658  10.9714  0.01  1.694  0.5481  13.710450      20.584410    
8.8149  4.655  0.7726  1.0028  0.335  5.3064270      8.4387990    
40.6027  37.3058  4.0021  0.7987  1.8549  16.510070      52.609120    
1.6968  12.4973  0.01  0.6092  0.4614 -4.7791780      11.671380    
20.8076  31.3585  6.5844  1.2416  6.7853  2.3406600      37.561060    
12.4552  32.6468  9.9993  1.6551  7.0866 -5.5368810      34.500560    
5.7228  21.3322  8.3914  1.2769  9.2483 -5.7100100      21.335630    
2.9607  12.7107  6.919  1.7021  3.4932 -3.7913090      12.488140    
33.2113  48.9067  0.01  1.8371  -2.0657  4.3084780      58.960090    
30.52  35.7444  0.01  1.3218  -0.0778  8.5588950      46.215560    
44.4632  36.9391  2.7055  0.8709  2.078  20.036710      54.221800    
31.7454  38.0249  0.8259  0.9119  0.2971  8.4798730      48.803230    
4.2967  14.5007  4.6418  1.3102  4.5537 -3.5292990      14.706320    
7.2803  11.8318  3.3799  0.5963  0.1616  .38902440      13.886790    
20.4724  27.0879  3.2371  1.1302  2.7815  4.1856680      33.695010    
44.8371  29.1199  3.015  1.6484  -0.6749  24.270120      47.637120    
19.1387  0.7889  2.0043  1.7802  3.4174  16.180150      10.252560    
47.2181  21.032  4.9411  1.4049  1.5736  30.376080      41.823300    
11.3064  11.2517  4.3302  1.0042  3.174  4.1657800      15.397460    
33.778  20.3115  6.7133  0.6914  6.1488  19.096860      34.479270    
30.9906  1.8214  1.9587  0.5407  2.5657  25.927950      17.072680    
31.9947  7.1493  4.0641  1.0687  2.9597  24.133570      22.188830    
10.8714  16.5154  5.2065  1.628  2.1837  1.1572080      19.738460    
41.2643  12.8613  5.5167  1.3091  4.0078  29.305280      31.770360    
49.4955  17.6481  1.9296  1.4776  -0.7663  34.040310      40.031450    
37.4574  47.031  5.1905  0.7286  3.9225  8.9235610      59.458740    
6.6848  33.3035  3.064  1.5492  1.7333 -10.862540      32.184080    
38.078  8.7217  1.1082  0.6718  -0.7782  28.615660      26.592210    
40.6458  47.7713  5.5324  0.9679  4.0876  11.314640      61.694060    
33.69  47.4505  1.2139  0.614  2.2869  5.4511440      57.938340    
34.3401  31.2349  9.1398  1.7754  7.9399  14.121950      44.220270    
29.9202  6.4317  10.2143  1.0208  6.8844  22.695800      20.530120    
21.4905  18.658  2.261  1.7744  1.5314  9.2823180      26.903550    
40.7942  5.6714  9.1339  1.7431  5.8739  32.493110      25.308680    
35.1581  21.8389  4.2088  0.9051  -0.9256  19.528360      36.492090    
40.1018  26.8705  1.8086  1.5965  1.4321  21.293930      43.321430    
13.6514  42.2339  5.6205  1.8224  3.3761 -9.2944910      43.401330    
12.4493  23.2707  2.7476  0.543  0.9877 -.85394070      26.377670    
42.1967  9.4102  6.2647  1.0105  6.9918  31.838310      29.247820    
43.6357  34.858  4.9296  1.9221  3.6621  20.360620      52.005760    
4.695  35.7837  0.01  1.5359  0.1882 -13.825860      33.337090    
32.1492  24.5502  5.3534  0.8324  3.1084  15.566920      37.335700    
34.3976  15.5041  2.0394  1.2964  0.5948  22.037140      30.625740    
21.3497  37.0508  2.7281  0.9064  3.9519 -.36017420E-01  42.761780    
12.8188  6.4121  5.5344  1.3038  4.5823  7.8953560      11.962440    
37.8473  9.5723  5.7237  1.5869  5.6943  27.990570      27.213510    
48.3537  26.2072  4.7157  0.7912  3.9767  28.771930      46.872950    
11.6467  9.2926  8.6934  0.9115  6.25  5.4400380      13.870980    
48.2405  27.6146  4.4943  1.8027  2.4088  27.970200      48.035190    
24.5531  43.2633  1.9817  1.1607  0.6294 -.36804280      49.743670    
9.5338  3.0175  8.1876  1.7332  5.1126  6.7477630      7.3801320    
20.1347  4.13  4.3157  0.7238  2.6592  15.372160      13.644040    
28.0791  15.3879  6.5053  1.6467  4.5249  16.623260      27.365860    
30.2096  39.2463  5.5551  1.1758  5.6913  6.5391310      49.093090    
22.1933  42.6482  7.556  1.4315  5.209 -2.1041390      48.031070    
30.3719  36.7644  6.9376  0.8165  4.5252  7.9206370      47.024860    
32.861  8.1958  5.5459  0.504  4.4081  24.360560      23.528270    
22.5747  29.5967  4.4419  1.5604  4.1614  4.7519120      36.918850    
34.9464  22.7475  2.3897  1.6817  -1.4717  18.890720      37.173110    
31.1278  32.898  7.8866  1.3168  4.8817  10.508470      44.054400    
