Variogram Volume: nx  21 ny  21nz   1
6
variogram
number of pairs
head mean
tail mean
head variance
tail variance
  -999.00000         0.     -999.00000     -999.00000     -999.00000     -999.00000
  -999.00000         1.     -999.00000     -999.00000     -999.00000     -999.00000
     7.97197         8.        5.99239        4.14151        0.00000        0.00000
     7.54051        16.        5.94936        4.96742        0.00000        0.00000
     8.68975        35.        4.84673        5.72748        0.00000        0.00000
    10.16906        38.        4.39854        6.31709        0.00000        0.00000
    11.45569        46.        3.76133        6.07632        0.00000        0.00000
    11.01756        39.        3.57491        5.19702        0.00000        0.00000
    11.37362        40.        3.09049        4.89942        0.00000        0.00000
     8.95434        44.        2.80130        4.65312        0.00000        0.00000
    10.37336        42.        3.00255        5.73799        0.00000        0.00000
     8.96428        46.        3.46733        5.68436        0.00000        0.00000
     9.39939        36.        3.64499        5.92625        0.00000        0.00000
     8.88366        33.        3.47977        4.88708        0.00000        0.00000
     6.82254        22.        3.55097        4.71181        0.00000        0.00000
     8.40826        14.        4.09546        5.13579        0.00000        0.00000
     5.45752         6.        3.99602        5.89505        0.00000        0.00000
     6.58121         5.        3.82310        6.25910        0.00000        0.00000
     0.93632         3.        5.13767        5.54040        0.00000        0.00000
     0.93632         3.        5.13767        5.54040        0.00000        0.00000
  -999.00000         0.     -999.00000     -999.00000     -999.00000     -999.00000
  -999.00000         0.     -999.00000     -999.00000     -999.00000     -999.00000
     7.48478         7.        5.64756        2.73450        0.00000        0.00000
     6.81899        24.        5.57890        3.33061        0.00000        0.00000
     6.25045        55.        5.40371        4.37400        0.00000        0.00000
     7.30070        83.        5.10322        5.09516        0.00000        0.00000
     8.72622        94.        4.54268        5.58865        0.00000        0.00000
     9.88620       102.        4.16691        5.56519        0.00000        0.00000
    10.00198       113.        3.84492        5.25548        0.00000        0.00000
     9.75023       133.        3.98815        5.07039        0.00000        0.00000
     8.64235       152.        3.94577        5.01598        0.00000        0.00000
     7.83906       150.        3.98068        5.18793        0.00000        0.00000
     7.45441       133.        3.80729        5.22851        0.00000        0.00000
     7.76874        96.        3.56141        5.17860        0.00000        0.00000
     8.40426        79.        3.56681        5.02919        0.00000        0.00000
     6.90652        69.        3.84338        4.85679        0.00000        0.00000
     6.70958        60.        4.13452        5.30177        0.00000        0.00000
     5.29216        37.        4.18282        5.41723        0.00000        0.00000
     4.12122        19.        4.40743        6.22761        0.00000        0.00000
     1.61375         8.        4.97228        6.01309        0.00000        0.00000
     0.72695         4.        5.12720        5.54040        0.00000        0.00000
  -999.00000         1.     -999.00000     -999.00000     -999.00000     -999.00000
     8.03711         4.        6.05150        3.04827        0.00000        0.00000
     6.99500        24.        5.76648        3.19893        0.00000        0.00000
     6.46530        59.        5.75400        3.72119        0.00000        0.00000
     7.10281       111.        5.10991        4.40097        0.00000        0.00000
     8.52321       143.        4.65617        5.08290        0.00000        0.00000
     9.17041       174.        4.13906        4.99171        0.00000        0.00000
    10.07360       206.        4.04552        4.98874        0.00000        0.00000
     9.30226       253.        4.03864        4.61250        0.00000        0.00000
     8.77350       296.        4.20694        4.71019        0.00000        0.00000
     7.29855       327.        4.25157        4.65602        0.00000        0.00000
     6.99372       317.        4.13043        4.87823        0.00000        0.00000
     7.00503       281.        3.90230        4.96513        0.00000        0.00000
     8.08067       217.        3.60584        4.94443        0.00000        0.00000
     7.84074       186.        3.72840        4.76953        0.00000        0.00000
     7.05515       160.        3.84798        4.64968        0.00000        0.00000
     5.26881       142.        4.12162        4.89465        0.00000        0.00000
     4.07297       100.        4.33465        5.00045        0.00000        0.00000
     2.93744        58.        4.64008        5.40434        0.00000        0.00000
     2.62465        22.        4.93612        5.52657        0.00000        0.00000
     3.00576         7.        4.65126        5.97714        0.00000        0.00000
     1.11372         2.        4.28645        5.54040        0.00000        0.00000
    10.36771         6.        6.31528        2.80748        0.00000        0.00000
     7.87100        38.        5.38298        3.51456        0.00000        0.00000
     8.07432        90.        5.02257        4.27079        0.00000        0.00000
     7.35934       172.        4.56552        4.57583        0.00000        0.00000
     8.40942       217.        4.25019        4.82622        0.00000        0.00000
     8.30291       268.        4.09432        4.64637        0.00000        0.00000
     9.29724       304.        4.08022        4.69397        0.00000        0.00000
     8.51661       374.        4.15010        4.57612        0.00000        0.00000
     8.32070       440.        4.46735        4.70596        0.00000        0.00000
     7.33464       494.        4.51832        4.64234        0.00000        0.00000
     7.10999       481.        4.44013        4.69001        0.00000        0.00000
     7.37394       444.        4.01413        4.73099        0.00000        0.00000
     8.13772       365.        3.76244        4.74571        0.00000        0.00000
     7.86660       325.        3.86797        4.76862        0.00000        0.00000
     6.69903       274.        4.06967        4.61755        0.00000        0.00000
     5.01385       244.        4.26168        4.69473        0.00000        0.00000
     4.52881       180.        4.32192        4.75832        0.00000        0.00000
     4.07913       106.        4.41818        4.94197        0.00000        0.00000
     4.96749        41.        4.48302        5.12505        0.00000        0.00000
     6.03260        13.        3.82730        5.27445        0.00000        0.00000
     4.06413         6.        3.14012        5.54040        0.00000        0.00000
     6.85219        10.        4.46249        2.36149        0.00000        0.00000
     6.10731        65.        4.10597        3.79966        0.00000        0.00000
     7.94575       157.        4.18310        4.49972        0.00000        0.00000
     9.36080       273.        4.03680        4.98683        0.00000        0.00000
    10.57279       334.        4.22755        5.06013        0.00000        0.00000
    10.14545       385.        4.28707        4.76528        0.00000        0.00000
     9.05296       444.        4.27983        4.49053        0.00000        0.00000
     8.24352       520.        4.26143        4.34575        0.00000        0.00000
     8.16164       590.        4.38167        4.59047        0.00000        0.00000
     7.57810       641.        4.45397        4.57893        0.00000        0.00000
     7.43092       634.        4.39969        4.65876        0.00000        0.00000
     7.41578       617.        4.10976        4.60568        0.00000        0.00000
     7.87962       518.        3.97281        4.65117        0.00000        0.00000
     7.45640       447.        3.99852        4.64934        0.00000        0.00000
     6.31698       369.        4.25812        4.55828        0.00000        0.00000
     5.08424       322.        4.38459        4.52613        0.00000        0.00000
     4.79032       261.        4.28369        4.60860        0.00000        0.00000
     4.65837       169.        4.02836        4.72510        0.00000        0.00000
     5.34389        88.        3.89268        4.93009        0.00000        0.00000
     5.00074        37.        3.55474        5.24187        0.00000        0.00000
     2.89317        11.        3.72061        4.89440        0.00000        0.00000
     5.48334        19.        2.51306        2.40836        0.00000        0.00000
     6.83034        92.        3.65931        3.65948        0.00000        0.00000
     9.36066       212.        3.95556        4.43577        0.00000        0.00000
    10.45231       352.        4.31235        4.82451        0.00000        0.00000
    10.71618       425.        4.54595        4.90003        0.00000        0.00000
     9.95205       479.        4.54848        4.80414        0.00000        0.00000
     8.21059       541.        4.35255        4.55823        0.00000        0.00000
     8.27285       656.        4.29083        4.53574        0.00000        0.00000
     8.33878       739.        4.40266        4.62096        0.00000        0.00000
     8.63761       807.        4.51181        4.67304        0.00000        0.00000
     8.13781       800.        4.61267        4.67496        0.00000        0.00000
     8.00326       788.        4.45509        4.65309        0.00000        0.00000
     7.74381       673.        4.30219        4.61251        0.00000        0.00000
     7.35317       564.        4.18734        4.58665        0.00000        0.00000
     6.83811       454.        4.35588        4.47708        0.00000        0.00000
     6.70572       391.        4.51006        4.52719        0.00000        0.00000
     6.80927       339.        4.32908        4.64366        0.00000        0.00000
     5.62882       255.        4.12693        4.63174        0.00000        0.00000
     4.88204       156.        4.04027        4.67774        0.00000        0.00000
     3.33326        66.        3.91060        4.52941        0.00000        0.00000
     2.42340        14.        3.41893        4.13032        0.00000        0.00000
     6.42370        45.        3.11874        3.17024        0.00000        0.00000
     8.90819       151.        3.91802        3.89543        0.00000        0.00000
     9.50062       294.        4.14835        4.46392        0.00000        0.00000
    10.58111       417.        4.43670        4.82634        0.00000        0.00000
    10.39736       479.        4.72297        4.84706        0.00000        0.00000
    10.17462       552.        4.63700        4.68585        0.00000        0.00000
     8.65507       650.        4.49390        4.41196        0.00000        0.00000
     8.35907       784.        4.29561        4.45314        0.00000        0.00000
     8.14020       900.        4.31932        4.57583        0.00000        0.00000
     8.66887       977.        4.54041        4.74171        0.00000        0.00000
     8.31216      1007.        4.68576        4.74187        0.00000        0.00000
     8.11006       917.        4.73552        4.66716        0.00000        0.00000
     7.48617       782.        4.47546        4.51045        0.00000        0.00000
     7.26379       627.        4.26802        4.45622        0.00000        0.00000
     7.30374       543.        4.38332        4.48928        0.00000        0.00000
     7.19505       470.        4.56059        4.60442        0.00000        0.00000
     7.21946       401.        4.59236        4.69571        0.00000        0.00000
     5.87954       305.        4.37204        4.55987        0.00000        0.00000
     5.03691       190.        4.27000        4.45699        0.00000        0.00000
     3.48997        84.        4.18046        4.09883        0.00000        0.00000
     2.39460        20.        3.99805        3.60698        0.00000        0.00000
     7.03525        56.        3.52356        3.53335        0.00000        0.00000
     9.17373       168.        4.25181        4.20778        0.00000        0.00000
     8.95517       317.        4.22619        4.47170        0.00000        0.00000
     9.24210       440.        4.59605        4.60005        0.00000        0.00000
     8.54017       526.        4.66707        4.68678        0.00000        0.00000
     8.86989       639.        4.59837        4.65312        0.00000        0.00000
     8.40337       738.        4.40801        4.59785        0.00000        0.00000
     8.39907       926.        4.25006        4.58905        0.00000        0.00000
     8.17535      1060.        4.33875        4.59452        0.00000        0.00000
     8.74006      1163.        4.59069        4.65678        0.00000        0.00000
     8.70064      1164.        4.74627        4.67809        0.00000        0.00000
     8.70413      1053.        4.77535        4.71429        0.00000        0.00000
     8.14072       932.        4.46950        4.65846        0.00000        0.00000
     7.71816       777.        4.30960        4.57211        0.00000        0.00000
     7.67885       675.        4.34037        4.51252        0.00000        0.00000
     7.35501       596.        4.54963        4.54476        0.00000        0.00000
     7.39387       477.        4.71446        4.60135        0.00000        0.00000
     6.87301       353.        4.72566        4.55820        0.00000        0.00000
     6.32937       206.        4.55952        4.49513        0.00000        0.00000
     6.54920       102.        4.20655        4.25201        0.00000        0.00000
     4.16576        41.        3.56162        4.09148        0.00000        0.00000
     7.03779        55.        4.03570        4.13998        0.00000        0.00000
     8.76665       160.        4.20739        4.58024        0.00000        0.00000
     7.80252       329.        4.17553        4.52882        0.00000        0.00000
     8.23223       483.        4.36299        4.55417        0.00000        0.00000
     7.62064       639.        4.51768        4.56339        0.00000        0.00000
     8.32953       755.        4.51028        4.65624        0.00000        0.00000
     8.19653       867.        4.40296        4.66544        0.00000        0.00000
     8.38110      1017.        4.27267        4.64163        0.00000        0.00000
     8.16501      1181.        4.31125        4.63170        0.00000        0.00000
     8.56109      1305.        4.51233        4.67461        0.00000        0.00000
     8.50898      1349.        4.56952        4.74598        0.00000        0.00000
     8.66949      1233.        4.58810        4.76359        0.00000        0.00000
     8.19621      1101.        4.39777        4.65787        0.00000        0.00000
     8.00772       898.        4.33190        4.50722        0.00000        0.00000
     7.37853       780.        4.39323        4.44782        0.00000        0.00000
     7.07107       675.        4.57815        4.56268        0.00000        0.00000
     7.34167       542.        4.85532        4.67508        0.00000        0.00000
     8.24845       394.        4.91314        4.73730        0.00000        0.00000
     8.22713       241.        4.70477        4.58087        0.00000        0.00000
     7.62644       133.        4.09609        4.31026        0.00000        0.00000
     3.95148        64.        3.73699        3.77426        0.00000        0.00000
     6.72065        40.        3.68209        4.56234        0.00000        0.00000
     6.26591       146.        3.92983        4.54894        0.00000        0.00000
     6.44988       330.        4.08286        4.42881        0.00000        0.00000
     7.40921       540.        4.48742        4.50572        0.00000        0.00000
     7.19374       734.        4.53343        4.53702        0.00000        0.00000
     7.94744       851.        4.56640        4.64202        0.00000        0.00000
     7.93298       972.        4.36659        4.61122        0.00000        0.00000
     8.62410      1124.        4.34541        4.58487        0.00000        0.00000
     8.61277      1310.        4.36865        4.58630        0.00000        0.00000
     7.86954      1626.        4.47196        4.57352        0.00000        0.00000
     7.93803      1679.        4.51059        4.66113        0.00000        0.00000
     7.86218      1598.        4.47314        4.66262        0.00000        0.00000
     8.67286      1283.        4.38352        4.64469        0.00000        0.00000
     8.44713      1061.        4.33758        4.51586        0.00000        0.00000
     7.76835       914.        4.34108        4.39449        0.00000        0.00000
     7.35040       782.        4.52773        4.56353        0.00000        0.00000
     7.19596       651.        4.70266        4.64376        0.00000        0.00000
     8.06739       490.        4.82071        4.84988        0.00000        0.00000
     7.87542       307.        4.57230        4.54997        0.00000        0.00000
     7.49016       166.        4.01761        4.29097        0.00000        0.00000
     4.67852        67.        3.77838        3.53249        0.00000        0.00000
     4.69101        52.        3.20968        4.30909        0.00000        0.00000
     6.10177       159.        3.89613        4.24784        0.00000        0.00000
     7.26462       341.        4.35174        4.51206        0.00000        0.00000
     8.09913       543.        4.72815        4.62389        0.00000        0.00000
     7.53021       728.        4.67215        4.57753        0.00000        0.00000
     7.67791       823.        4.57056        4.57323        0.00000        0.00000
     7.68625       972.        4.31527        4.48855        0.00000        0.00000
     8.53671      1111.        4.37828        4.49532        0.00000        0.00000
     8.52939      1355.        4.47193        4.50315        0.00000        0.00000
     7.82798      1687.        4.57477        4.53765        0.00000        0.00000
     0.00000       700.        4.51534        4.51534        0.00000        0.00000
     7.82798      1687.        4.53766        4.57477        0.00000        0.00000
     8.52939      1355.        4.50316        4.47192        0.00000        0.00000
     8.53671      1111.        4.49532        4.37828        0.00000        0.00000
     7.68624       972.        4.48855        4.31528        0.00000        0.00000
     7.67790       823.        4.57322        4.57056        0.00000        0.00000
     7.53021       728.        4.57752        4.67215        0.00000        0.00000
     8.09913       543.        4.62389        4.72815        0.00000        0.00000
     7.26461       341.        4.51206        4.35173        0.00000        0.00000
     6.10177       159.        4.24784        3.89613        0.00000        0.00000
     4.69101        52.        4.30909        3.20968        0.00000        0.00000
     4.67853        67.        3.53250        3.77838        0.00000        0.00000
     7.49016       166.        4.29097        4.01761        0.00000        0.00000
     7.87542       307.        4.54997        4.57231        0.00000        0.00000
     8.06739       490.        4.84988        4.82071        0.00000        0.00000
     7.19596       651.        4.64376        4.70267        0.00000        0.00000
     7.35040       782.        4.56353        4.52774        0.00000        0.00000
     7.76835       914.        4.39449        4.34108        0.00000        0.00000
     8.44714      1061.        4.51586        4.33757        0.00000        0.00000
     8.67286      1283.        4.64470        4.38351        0.00000        0.00000
     7.86218      1598.        4.66263        4.47314        0.00000        0.00000
     7.93803      1679.        4.66114        4.51058        0.00000        0.00000
     7.86954      1626.        4.57353        4.47195        0.00000        0.00000
     8.61277      1310.        4.58632        4.36863        0.00000        0.00000
     8.62410      1124.        4.58488        4.34540        0.00000        0.00000
     7.93297       972.        4.61122        4.36660        0.00000        0.00000
     7.94743       851.        4.64201        4.56640        0.00000        0.00000
     7.19374       734.        4.53701        4.53343        0.00000        0.00000
     7.40921       540.        4.50572        4.48742        0.00000        0.00000
     6.44988       330.        4.42881        4.08286        0.00000        0.00000
     6.26591       146.        4.54894        3.92983        0.00000        0.00000
     6.72065        40.        4.56234        3.68209        0.00000        0.00000
     3.95148        64.        3.77426        3.73699        0.00000        0.00000
     7.62644       133.        4.31026        4.09609        0.00000        0.00000
     8.22713       241.        4.58087        4.70477        0.00000        0.00000
     8.24845       394.        4.73730        4.91314        0.00000        0.00000
     7.34167       542.        4.67508        4.85532        0.00000        0.00000
     7.07108       675.        4.56268        4.57816        0.00000        0.00000
     7.37854       780.        4.44782        4.39324        0.00000        0.00000
     8.00772       898.        4.50722        4.33190        0.00000        0.00000
     8.19622      1101.        4.65786        4.39776        0.00000        0.00000
     8.66949      1233.        4.76360        4.58809        0.00000        0.00000
     8.50897      1349.        4.74600        4.56951        0.00000        0.00000
     8.56108      1305.        4.67463        4.51232        0.00000        0.00000
     8.16501      1181.        4.63172        4.31124        0.00000        0.00000
     8.38109      1017.        4.64164        4.27267        0.00000        0.00000
     8.19653       867.        4.66543        4.40296        0.00000        0.00000
     8.32953       755.        4.65623        4.51027        0.00000        0.00000
     7.62064       639.        4.56338        4.51768        0.00000        0.00000
     8.23222       483.        4.55417        4.36299        0.00000        0.00000
     7.80252       329.        4.52882        4.17553        0.00000        0.00000
     8.76664       160.        4.58025        4.20739        0.00000        0.00000
     7.03779        55.        4.13998        4.03570        0.00000        0.00000
     4.16576        41.        4.09148        3.56162        0.00000        0.00000
     6.54920       102.        4.25201        4.20655        0.00000        0.00000
     6.32937       206.        4.49513        4.55952        0.00000        0.00000
     6.87301       353.        4.55820        4.72566        0.00000        0.00000
     7.39387       477.        4.60135        4.71446        0.00000        0.00000
     7.35502       596.        4.54476        4.54963        0.00000        0.00000
     7.67885       675.        4.51251        4.34038        0.00000        0.00000
     7.71816       777.        4.57210        4.30960        0.00000        0.00000
     8.14072       932.        4.65845        4.46950        0.00000        0.00000
     8.70414      1053.        4.71429        4.77534        0.00000        0.00000
     8.70065      1164.        4.67809        4.74626        0.00000        0.00000
     8.74007      1163.        4.65679        4.59067        0.00000        0.00000
     8.17536      1060.        4.59452        4.33874        0.00000        0.00000
     8.39907       926.        4.58904        4.25005        0.00000        0.00000
     8.40338       738.        4.59784        4.40800        0.00000        0.00000
     8.86990       639.        4.65311        4.59836        0.00000        0.00000
     8.54018       526.        4.68678        4.66707        0.00000        0.00000
     9.24210       440.        4.60005        4.59606        0.00000        0.00000
     8.95517       317.        4.47170        4.22619        0.00000        0.00000
     9.17373       168.        4.20778        4.25182        0.00000        0.00000
     7.03525        56.        3.53335        3.52355        0.00000        0.00000
     2.39460        20.        3.60698        3.99805        0.00000        0.00000
     3.48997        84.        4.09883        4.18046        0.00000        0.00000
     5.03691       190.        4.45699        4.26999        0.00000        0.00000
     5.87954       305.        4.55987        4.37204        0.00000        0.00000
     7.21946       401.        4.69571        4.59236        0.00000        0.00000
     7.19505       470.        4.60442        4.56060        0.00000        0.00000
     7.30373       543.        4.48928        4.38332        0.00000        0.00000
     7.26380       627.        4.45621        4.26803        0.00000        0.00000
     7.48617       782.        4.51045        4.47546        0.00000        0.00000
     8.11006       917.        4.66716        4.73552        0.00000        0.00000
     8.31217      1007.        4.74187        4.68575        0.00000        0.00000
     8.66887       977.        4.74171        4.54041        0.00000        0.00000
     8.14021       900.        4.57583        4.31932        0.00000        0.00000
     8.35908       784.        4.45313        4.29560        0.00000        0.00000
     8.65508       650.        4.41195        4.49389        0.00000        0.00000
    10.17463       552.        4.68584        4.63700        0.00000        0.00000
    10.39736       479.        4.84706        4.72296        0.00000        0.00000
    10.58111       417.        4.82634        4.43671        0.00000        0.00000
     9.50062       294.        4.46392        4.14835        0.00000        0.00000
     8.90819       151.        3.89543        3.91802        0.00000        0.00000
     6.42369        45.        3.17024        3.11874        0.00000        0.00000
     2.42340        14.        4.13032        3.41893        0.00000        0.00000
     3.33326        66.        4.52941        3.91060        0.00000        0.00000
     4.88204       156.        4.67774        4.04027        0.00000        0.00000
     5.62882       255.        4.63175        4.12693        0.00000        0.00000
     6.80927       339.        4.64366        4.32908        0.00000        0.00000
     6.70572       391.        4.52719        4.51006        0.00000        0.00000
     6.83811       454.        4.47708        4.35588        0.00000        0.00000
     7.35316       564.        4.58665        4.18735        0.00000        0.00000
     7.74381       673.        4.61250        4.30219        0.00000        0.00000
     8.00325       788.        4.65308        4.45509        0.00000        0.00000
     8.13782       800.        4.67496        4.61266        0.00000        0.00000
     8.63762       807.        4.67304        4.51181        0.00000        0.00000
     8.33879       739.        4.62096        4.40265        0.00000        0.00000
     8.27285       656.        4.53573        4.29082        0.00000        0.00000
     8.21059       541.        4.55823        4.35254        0.00000        0.00000
     9.95205       479.        4.80414        4.54848        0.00000        0.00000
    10.71618       425.        4.90004        4.54595        0.00000        0.00000
    10.45230       352.        4.82451        4.31235        0.00000        0.00000
     9.36065       212.        4.43578        3.95556        0.00000        0.00000
     6.83034        92.        3.65948        3.65931        0.00000        0.00000
     5.48334        19.        2.40836        2.51306        0.00000        0.00000
     2.89317        11.        4.89440        3.72061        0.00000        0.00000
     5.00074        37.        5.24187        3.55474        0.00000        0.00000
     5.34388        88.        4.93009        3.89268        0.00000        0.00000
     4.65837       169.        4.72510        4.02836        0.00000        0.00000
     4.79032       261.        4.60860        4.28369        0.00000        0.00000
     5.08424       322.        4.52613        4.38459        0.00000        0.00000
     6.31699       369.        4.55828        4.25813        0.00000        0.00000
     7.45641       447.        4.64934        3.99853        0.00000        0.00000
     7.87962       518.        4.65116        3.97281        0.00000        0.00000
     7.41577       617.        4.60567        4.10977        0.00000        0.00000
     7.43093       634.        4.65876        4.39968        0.00000        0.00000
     7.57810       641.        4.57892        4.45397        0.00000        0.00000
     8.16165       590.        4.59047        4.38167        0.00000        0.00000
     8.24352       520.        4.34575        4.26143        0.00000        0.00000
     9.05296       444.        4.49053        4.27983        0.00000        0.00000
    10.14545       385.        4.76528        4.28707        0.00000        0.00000
    10.57279       334.        5.06013        4.22756        0.00000        0.00000
     9.36080       273.        4.98683        4.03680        0.00000        0.00000
     7.94575       157.        4.49973        4.18309        0.00000        0.00000
     6.10731        65.        3.79966        4.10597        0.00000        0.00000
     6.85218        10.        2.36149        4.46249        0.00000        0.00000
     4.06413         6.        5.54040        3.14012        0.00000        0.00000
     6.03260        13.        5.27445        3.82730        0.00000        0.00000
     4.96749        41.        5.12505        4.48302        0.00000        0.00000
     4.07913       106.        4.94197        4.41817        0.00000        0.00000
     4.52881       180.        4.75831        4.32192        0.00000        0.00000
     5.01385       244.        4.69473        4.26168        0.00000        0.00000
     6.69903       274.        4.61755        4.06967        0.00000        0.00000
     7.86661       325.        4.76862        3.86797        0.00000        0.00000
     8.13772       365.        4.74571        3.76245        0.00000        0.00000
     7.37394       444.        4.73099        4.01413        0.00000        0.00000
     7.10999       481.        4.69002        4.44012        0.00000        0.00000
     7.33464       494.        4.64235        4.51832        0.00000        0.00000
     8.32070       440.        4.70596        4.46735        0.00000        0.00000
     8.51661       374.        4.57612        4.15010        0.00000        0.00000
     9.29724       304.        4.69397        4.08022        0.00000        0.00000
     8.30291       268.        4.64637        4.09432        0.00000        0.00000
     8.40942       217.        4.82623        4.25019        0.00000        0.00000
     7.35934       172.        4.57584        4.56552        0.00000        0.00000
     8.07432        90.        4.27078        5.02257        0.00000        0.00000
     7.87100        38.        3.51456        5.38298        0.00000        0.00000
    10.36771         6.        2.80748        6.31528        0.00000        0.00000
     1.11372         2.        5.54040        4.28645        0.00000        0.00000
     3.00576         7.        5.97714        4.65126        0.00000        0.00000
     2.62464        22.        5.52657        4.93612        0.00000        0.00000
     2.93744        58.        5.40434        4.64007        0.00000        0.00000
     4.07297       100.        5.00045        4.33465        0.00000        0.00000
     5.26881       142.        4.89466        4.12162        0.00000        0.00000
     7.05515       160.        4.64968        3.84798        0.00000        0.00000
     7.84073       186.        4.76953        3.72839        0.00000        0.00000
     8.08067       217.        4.94443        3.60583        0.00000        0.00000
     7.00503       281.        4.96513        3.90230        0.00000        0.00000
     6.99372       317.        4.87823        4.13043        0.00000        0.00000
     7.29855       327.        4.65602        4.25158        0.00000        0.00000
     8.77350       296.        4.71019        4.20694        0.00000        0.00000
     9.30226       253.        4.61250        4.03864        0.00000        0.00000
    10.07360       206.        4.98874        4.04552        0.00000        0.00000
     9.17041       174.        4.99172        4.13906        0.00000        0.00000
     8.52321       143.        5.08291        4.65617        0.00000        0.00000
     7.10281       111.        4.40097        5.10991        0.00000        0.00000
     6.46530        59.        3.72119        5.75400        0.00000        0.00000
     6.99500        24.        3.19893        5.76648        0.00000        0.00000
     8.03711         4.        3.04827        6.05150        0.00000        0.00000
  -999.00000         1.     -999.00000     -999.00000     -999.00000     -999.00000
     0.72695         4.        5.54040        5.12720        0.00000        0.00000
     1.61375         8.        6.01309        4.97228        0.00000        0.00000
     4.12122        19.        6.22760        4.40743        0.00000        0.00000
     5.29216        37.        5.41723        4.18282        0.00000        0.00000
     6.70958        60.        5.30177        4.13452        0.00000        0.00000
     6.90652        69.        4.85679        3.84338        0.00000        0.00000
     8.40426        79.        5.02919        3.56681        0.00000        0.00000
     7.76874        96.        5.17860        3.56141        0.00000        0.00000
     7.45441       133.        5.22851        3.80729        0.00000        0.00000
     7.83906       150.        5.18794        3.98068        0.00000        0.00000
     8.64236       152.        5.01598        3.94576        0.00000        0.00000
     9.75023       133.        5.07039        3.98815        0.00000        0.00000
    10.00198       113.        5.25548        3.84492        0.00000        0.00000
     9.88620       102.        5.56519        4.16691        0.00000        0.00000
     8.72622        94.        5.58865        4.54268        0.00000        0.00000
     7.30070        83.        5.09516        5.10322        0.00000        0.00000
     6.25045        55.        4.37400        5.40371        0.00000        0.00000
     6.81899        24.        3.33061        5.57890        0.00000        0.00000
     7.48478         7.        2.73450        5.64756        0.00000        0.00000
  -999.00000         0.     -999.00000     -999.00000     -999.00000     -999.00000
  -999.00000         0.     -999.00000     -999.00000     -999.00000     -999.00000
     0.93632         3.        5.54040        5.13767        0.00000        0.00000
     0.93632         3.        5.54040        5.13767        0.00000        0.00000
     6.58121         5.        6.25910        3.82310        0.00000        0.00000
     5.45752         6.        5.89505        3.99602        0.00000        0.00000
     8.40826        14.        5.13579        4.09546        0.00000        0.00000
     6.82254        22.        4.71181        3.55097        0.00000        0.00000
     8.88366        33.        4.88708        3.47977        0.00000        0.00000
     9.39939        36.        5.92625        3.64499        0.00000        0.00000
     8.96428        46.        5.68436        3.46733        0.00000        0.00000
    10.37336        42.        5.73799        3.00255        0.00000        0.00000
     8.95434        44.        4.65312        2.80131        0.00000        0.00000
    11.37362        40.        4.89942        3.09049        0.00000        0.00000
    11.01756        39.        5.19702        3.57492        0.00000        0.00000
    11.45569        46.        6.07632        3.76133        0.00000        0.00000
    10.16906        38.        6.31708        4.39854        0.00000        0.00000
     8.68975        35.        5.72748        4.84673        0.00000        0.00000
     7.54051        16.        4.96742        5.94936        0.00000        0.00000
     7.97197         8.        4.14151        5.99239        0.00000        0.00000
  -999.00000         1.     -999.00000     -999.00000     -999.00000     -999.00000
  -999.00000         0.     -999.00000     -999.00000     -999.00000     -999.00000
