Gaussian realization                    
 1   50   50    1  .00000000      .00000000      .00000000      1.00000      1.00000      1.00000       1
value
-.19115960E+11
-.23246510E+11
-.10026470E+11
-.18615320E+11
-.20571340E+11
-.25153730E+11
-.20545070E+11
-.14038160E+11
-.25733640E+11
-.19461240E+11
-.10454190E+11
-.22317480E+11
-.18758200E+11
-.21204720E+11
-.13317660E+11
-.98539340E+10
-.16691910E+11
-.23983330E+11
-.12497600E+11
-.14126570E+11
-.18472140E+11
-.23743000E+11
-.21679020E+11
-.22264320E+11
-.16016550E+11
-.22357770E+11
-.29447410E+11
-.13424980E+11
-.26160470E+11
-.23815120E+11
-.19524090E+11
-.17134180E+11
-.10547990E+11
-.21228520E+11
-.23339450E+11
-.29398640E+11
-.16676930E+11
-.15286600E+11
-.16930150E+11
-.23449090E+11
-.18473490E+11
-.13546220E+11
-.21980670E+11
-.19907540E+11
-.20822820E+11
-.24055560E+11
-.14064490E+11
-.21822240E+11
-.19849940E+11
-.18116840E+11
-.20567450E+11
-.13202650E+11
-.26166010E+11
-.23190080E+11
-.23284970E+11
-.17029680E+11
-.19988500E+11
-.13747000E+11
-.25929910E+11
-.18087290E+11
-.12318280E+11
-.12572990E+11
-.20015990E+11
-.21358140E+11
-.11804660E+11
-.21555280E+11
-.79887420E+10
-.22765540E+11
-.23291200E+11
-.17195060E+11
-.20954240E+11
-.28355770E+11
-.21542520E+11
-.17913960E+11
-.23765310E+11
-.19778020E+11
-.22171380E+11
-.22323310E+11
-.25033580E+11
-.23237040E+11
-.22844040E+11
-.28819440E+11
-.18461040E+11
-.26392230E+11
-.22447270E+11
-.17246160E+11
-.21444810E+11
-.16685320E+11
-.22836590E+11
-.22441920E+11
-.10168090E+11
-.19772710E+11
-.22463080E+11
-.16866830E+11
-.24556260E+11
-.21821550E+11
-.29209590E+11
-.23217670E+11
-.19492560E+11
-.19957200E+11
-.17651350E+11
-.17373260E+11
-.20310100E+11
-.20988090E+11
-.28292930E+11
-.27360190E+11
-.21412850E+11
-.15034960E+11
-.17049930E+11
-.23209270E+11
-.18670830E+11
-.17691520E+11
-.22206530E+11
-.19823980E+11
-.28728210E+11
-.21490930E+11
-.15210190E+11
-.22374990E+11
-.17445920E+11
-.15634580E+11
-.22993040E+11
-.18257600E+11
-.26540530E+11
-.24500210E+11
-.15846770E+11
-.26560690E+11
-.22304260E+11
-.19837590E+11
-.21483020E+11
-.29380780E+11
-.10959010E+11
-.22037920E+11
-.11415340E+11
-.43278170E+10
-.19477170E+11
-.15686620E+11
-.31622780E+10
-.21771770E+11
-.23625410E+11
-.25881460E+11
-.16365510E+11
-.16823790E+11
-.20767040E+11
-.18098340E+11
-.21779810E+11
-.20190340E+11
-.16784220E+11
-.12126420E+11
-.20303690E+11
-.24262930E+11
-.16044000E+11
-.13119450E+11
-.21994320E+11
-.28282150E+11
-.44102150E+10
-.17847130E+11
-.22206980E+11
-.31622780E+10
-.23548250E+11
-.27939760E+11
-.31622780E+10
-.40914540E+10
-.21228990E+11
-.28319250E+11
-.46658330E+10
-.15930160E+11
-.17520270E+11
-.10739650E+11
-.27619560E+11
-.21026890E+11
-.16188270E+11
-.20479500E+11
-.27429910E+11
-.19146280E+11
-.15592630E+11
-.19253570E+11
-.19055450E+11
-.19411340E+11
-.19062000E+11
-.23118820E+11
-.15100990E+11
-.15869780E+11
-.23940760E+11
-.26721150E+11
-.20120640E+11
-.17991940E+11
-.10114840E+11
-.21386680E+11
-.15694270E+11
-.27519810E+11
-.15297390E+11
-.24307820E+11
-.22279360E+11
-.23448240E+11
-.17026450E+11
-.15538020E+11
-.25282800E+11
-.20010500E+11
-.22634710E+11
-.14670380E+11
-.21196700E+11
-.21729010E+11
-.16825280E+11
-.22853660E+11
-.16309510E+11
-.98381910E+10
-.16546600E+11
-.21029270E+11
-.25039370E+11
-.18357560E+11
-.23331740E+11
-.26270900E+11
-.20131570E+11
-.19557100E+11
-.75557930E+10
-.23035620E+11
-.29153220E+11
-.19818430E+11
-.28079170E+11
-.22296860E+11
-.31622780E+10
-.11119800E+11
-.15044270E+11
-.12934450E+11
-.13401870E+11
-.14190840E+11
-.20604610E+11
-.26171360E+11
-.12586900E+11
-.16894970E+11
-.21834830E+11
-.23956630E+11
-.19306740E+11
-.26563890E+11
-.18161500E+11
-.23177790E+11
-.21650410E+11
-.24670630E+11
-.15637450E+11
-.11537330E+11
-.20367870E+11
-.25857110E+11
-.31622780E+10
-.23699150E+11
-.17951880E+11
-.23202800E+11
-.20470470E+11
-.25660670E+11
-.21632150E+11
-.20524620E+11
-.19170550E+11
-.23649100E+11
-.21180890E+11
-.23824570E+11
-.21463220E+11
-.23933240E+11
-.14325500E+11
-.47244050E+10
-.21969750E+11
-.20742710E+11
-.19997250E+11
-.10849890E+11
-.11259220E+11
-.18933570E+11
-.20363940E+11
-.24739440E+11
-.18577940E+11
-.87028730E+10
-.25253910E+11
-.17359720E+11
-.31622780E+10
-.20704110E+11
-.26044390E+11
-.18648590E+11
-.17955500E+11
-.11762650E+11
-.24608940E+11
-.13458450E+11
-.28214000E+11
-.14804050E+11
-.21993410E+11
-.19828260E+11
-.99317670E+10
-.26708430E+11
-.10829130E+11
-.13920130E+11
-.31622780E+10
-.27578430E+11
-.18584670E+11
-.22970630E+11
-.28074010E+11
-.18043280E+11
-.17284390E+11
-.21456700E+11
-.20814900E+11
-.17260940E+11
-.27341180E+11
-.27340260E+11
-.15705730E+11
-.20760540E+11
-.23738580E+11
-.20595140E+11
-.11473450E+11
-.20505120E+11
-.21866180E+11
-.15501610E+11
-.16999120E+11
-.18956530E+11
-.14859340E+11
-.15746110E+11
-.22392410E+11
-.22235780E+11
-.18007220E+11
-.22983260E+11
-.20780760E+11
-.19086120E+11
-.22137970E+11
-.23128550E+11
-.20748490E+11
-.19128770E+11
-.18951780E+11
-.17369510E+11
-.15134730E+11
-.14581150E+11
-.21004520E+11
-.21436180E+11
-.17818530E+11
-.14766180E+11
-.22945370E+11
-.20918410E+11
-.18290160E+11
-.19903770E+11
-.11315480E+11
-.16174360E+11
-.19210930E+11
-.23231660E+11
-.19730940E+11
-.14523430E+11
-.31622780E+10
-.23084410E+11
-.17352810E+11
-.21682480E+11
-.20091790E+11
-.17542810E+11
-.26669080E+11
-.13765540E+11
-.31622780E+10
-.11302210E+11
-.31622780E+10
-.22664510E+11
-.70760160E+10
-.18214560E+11
-.23411750E+11
-.11851160E+11
-.22361800E+11
-.10607070E+11
-.17803090E+11
-.20079590E+11
-.21277220E+11
-.23160960E+11
-.26029980E+11
-.13249150E+11
-.12659780E+11
-.16125140E+11
-.22001140E+11
-.21296010E+11
-.18338480E+11
-.15968410E+11
-.20113430E+11
-.23388890E+11
-.73293930E+10
-.25880110E+11
-.29464560E+11
-.12927100E+11
-.21181830E+11
-.29579040E+11
-.23155780E+11
-.19446340E+11
-.18584670E+11
-.23982290E+11
-.10952630E+11
-.16288950E+11
-.16139700E+11
-.22745770E+11
-.27780390E+11
-.17507710E+11
-.24743890E+11
-.19273560E+11
-.19455330E+11
-.20590770E+11
-.13988210E+11
-.12912400E+11
-.27845640E+11
-.19531770E+11
-.18377160E+11
-.16960540E+11
-.11192410E+11
-.27359640E+11
-.25252330E+11
-.19544310E+11
-.23766780E+11
-.40546270E+10
-.20183660E+11
-.18863460E+11
-.17881550E+11
-.21184900E+11
-.26202860E+11
-.18341210E+11
-.18466730E+11
-.93573500E+10
-.14729560E+11
-.90757920E+10
-.19284190E+11
-.21318070E+11
-.13537360E+11
-.15711780E+11
-.19081930E+11
-.14058090E+11
-.17444200E+11
-.22372530E+11
-.25707780E+11
-.91695140E+10
-.91098850E+10
-.22791880E+11
-.83012050E+10
-.19003680E+11
-.22753680E+11
-.84154620E+10
-.13662720E+11
-.23756470E+11
-.15637450E+11
-.31622780E+10
-.22397320E+11
-.24221890E+11
-.24393650E+11
-.16038390E+11
-.21704380E+11
-.14080840E+11
-.29001210E+11
-.23960590E+11
-.23527220E+11
-.20526330E+11
-.14999000E+11
-.24100620E+11
-.24892170E+11
-.15458010E+11
-.28042820E+11
-.24231380E+11
-.20383820E+11
-.16905030E+11
-.19807070E+11
-.18961010E+11
-.25599610E+11
-.98005100E+10
-.21973620E+11
-.20221520E+11
-.27367320E+11
-.16847850E+11
-.13754640E+11
-.10621680E+11
-.88701750E+10
-.93840290E+10
-.16225290E+11
-.22263200E+11
-.17708750E+11
-.26806340E+11
-.22250390E+11
-.16408840E+11
-.17741480E+11
-.16283120E+11
-.13980340E+11
-.94488090E+10
-.21999090E+11
-.19353290E+11
-.17807860E+11
-.31622780E+10
-.18061010E+11
-.25771690E+11
-.20534610E+11
-.21995450E+11
-.12878280E+11
-.31622780E+10
-.22178140E+11
-.21564560E+11
-.15257130E+11
-.21705070E+11
-.31622780E+10
-.24371500E+11
-.27788490E+11
-.24890160E+11
-.25290510E+11
-.23781510E+11
-.10514280E+11
-.18182130E+11
-.16860010E+11
-.21131730E+11
-.20339620E+11
-.19609440E+11
-.23607630E+11
-.16725730E+11
-.24038510E+11
-.15740390E+11
-.23587070E+11
-.22245900E+11
-.14839810E+11
-.12466760E+11
-.19395360E+11
-.15954310E+11
-.24154090E+11
-.23286480E+11
-.23118820E+11
-.16420720E+11
-.27270860E+11
-.20175480E+11
-.21983400E+11
-.22887990E+11
-.19006310E+11
-.20807210E+11
-.24008330E+11
-.21408410E+11
-.12486790E+11
-.13138490E+11
-.12794920E+11
-.23448880E+11
-.19492820E+11
-.31622780E+10
-.19241880E+11
-.19598980E+11
-.20656480E+11
-.13648440E+11
-.18920890E+11
-.23089170E+11
-.21548320E+11
-.14590070E+11
-.31237800E+11
-.18921680E+11
-.18541310E+11
-.51312770E+10
-.11039470E+11
-.16222210E+11
-.21051840E+11
-.24216110E+11
-.21095730E+11
-.23051460E+11
-.21948810E+11
-.19113080E+11
-.17970530E+11
-.24225190E+11
-.12805080E+11
-.16347170E+11
-.22126910E+11
-.25207340E+11
-.31622780E+10
-.31622780E+10
-.17034380E+11
-.18301640E+11
-.16770510E+11
-.25357050E+11
-.25510390E+11
-.15397400E+11
-.31622780E+10
-.12218840E+11
-.19077740E+11
-.15423360E+11
-.22921610E+11
-.15348940E+11
-.20462160E+11
-.14539260E+11
-.21554350E+11
-.19050980E+11
-.16150230E+11
-.22094120E+11
-.25161080E+11
-.12028720E+11
-.20819700E+11
-.25135040E+11
-.16076380E+11
-.14275150E+11
-.21375220E+11
-.17370380E+11
-.21669790E+11
-.13855320E+11
-.18630620E+11
-.23778980E+11
-.20203460E+11
-.22482440E+11
-.24047040E+11
-.20398530E+11
-.23972690E+11
-.13203790E+11
-.92870880E+10
-.23960170E+11
-.20253890E+11
-.14517230E+11
-.16744250E+11
-.14096450E+11
-.20668580E+11
-.26844180E+11
-.12027470E+11
-.18934100E+11
-.16619570E+11
-.16458740E+11
-.22472200E+11
-.23500850E+11
-.24660090E+11
-.23598090E+11
-.17223820E+11
-.58283790E+10
-.16286500E+11
-.22483330E+11
-.14043860E+11
-.17218590E+11
-.12996920E+11
-.78930350E+10
-.23309440E+11
-.16971150E+11
-.10873360E+11
-.17831710E+11
-.22133680E+11
-.23484890E+11
-.21960420E+11
-.24570710E+11
-.23067510E+11
-.24193390E+11
-.13489250E+11
-.19750950E+11
-.16775280E+11
-.16339220E+11
-.11390790E+11
-.24590440E+11
-.21402340E+11
-.25678000E+11
-.25760050E+11
-.19911800E+11
-.24791330E+11
-.22144300E+11
-.23712870E+11
-.24508770E+11
-.25088050E+11
-.10953540E+11
-.20877260E+11
-.15898110E+11
-.10562670E+11
-.13203790E+11
-.25079470E+11
-.23324880E+11
-.18373080E+11
-.23850580E+11
-.18292620E+11
-.25452510E+11
-.11194190E+11
-.10573550E+11
-.13241600E+11
-.15275470E+11
-.23342020E+11
-.22929240E+11
-.18040510E+11
-.22530650E+11
-.24079450E+11
-.24572140E+11
-.65627740E+10
-.21037590E+11
-.17162460E+11
-.21982720E+11
-.10021980E+11
-.16966440E+11
-.21875100E+11
-.16376510E+11
-.21360240E+11
-.13478500E+11
-.19065680E+11
-.13786230E+11
-.15336230E+11
-.14553350E+11
-.20947550E+11
-.23780870E+11
-.17957730E+11
-.17217720E+11
-.26198280E+11
-.14804050E+11
-.25147760E+11
-.16375590E+11
-.15521280E+11
-.18349660E+11
-.24191740E+11
-.24813300E+11
-.20921040E+11
-.21853150E+11
-.32293650E+11
-.20828830E+11
-.15459630E+11
-.10657860E+11
-.22915710E+11
-.11370580E+11
-.25287350E+11
-.20162090E+11
-.21758450E+11
-.13519610E+11
-.12550300E+11
-.22495330E+11
-.21432690E+11
-.23907950E+11
-.20635160E+11
-.15770230E+11
-.20611160E+11
-.22609950E+11
-.22777620E+11
-.24642650E+11
-.18092540E+11
-.19701010E+11
-.19005530E+11
-.19528950E+11
-.23306440E+11
-.31622780E+10
-.20885160E+11
-.14880860E+11
-.10965860E+11
-.87715450E+10
-.21267820E+11
-.17190110E+11
-.26641880E+11
-.21632850E+11
-.11443340E+11
-.23100650E+11
-.21066800E+11
-.20886840E+11
-.22828930E+11
-.18492160E+11
-.18951780E+11
-.16424680E+11
-.25936070E+11
-.16304910E+11
-.23130930E+11
-.13745550E+11
-.16686520E+11
-.19013410E+11
-.20175980E+11
-.18883060E+11
-.17881280E+11
-.13298500E+11
-.18718440E+11
-.23277030E+11
-.25588670E+11
-.23173260E+11
-.21148520E+11
-.16250540E+11
-.19953450E+11
-.18416030E+11
-.23009130E+11
-.25925280E+11
-.31622780E+10
-.24774790E+11
-.18649400E+11
-.23288840E+11
-.23373280E+11
-.16976750E+11
-.31622780E+10
-.25386410E+11
-.17029090E+11
-.23939920E+11
-.22319270E+11
-.12875950E+11
-.23821210E+11
-.23555890E+11
-.24940330E+11
-.28888930E+11
-.20140750E+11
-.14994670E+11
-.16460860E+11
-.23635570E+11
-.15973730E+11
-.21447140E+11
-.17019110E+11
-.12097930E+11
-.16563210E+11
-.13056420E+11
-.22193470E+11
-.25900000E+11
-.21018560E+11
-.25782750E+11
-.17670880E+11
-.22106790E+11
-.19979740E+11
-.18572830E+11
-.18162600E+11
-.18721110E+11
-.22211710E+11
-.27202570E+11
-.10924280E+11
-.29560950E+11
-.24095850E+11
-.20860010E+11
-.22324430E+11
-.26118960E+11
-.28137340E+11
-.12758130E+11
-.26152820E+11
-.19170810E+11
-.25169230E+11
-.19950690E+11
-.18933570E+11
-.11475630E+11
-.12807810E+11
-.15956820E+11
-.20268700E+11
-.14014280E+11
-.11064360E+11
-.23299570E+11
-.20086310E+11
-.29758860E+11
-.20944210E+11
-.15677050E+11
-.20763430E+11
-.22028620E+11
-.25727220E+11
-.26345590E+11
-.31622780E+10
-.19587750E+11
-.24220860E+11
-.24563790E+11
-.23453360E+11
-.22240280E+11
-.24164850E+11
-.28292230E+11
-.23456980E+11
-.17854130E+11
-.12880220E+11
-.19449420E+11
-.20985950E+11
-.17886590E+11
-.19263180E+11
-.21246410E+11
-.20329040E+11
-.14629760E+11
-.17647100E+11
-.23958710E+11
-.79743340E+10
-.23473180E+11
-.18540770E+11
-.19347870E+11
-.19771440E+11
-.31476340E+11
-.17574980E+11
-.19203910E+11
-.15006000E+11
-.16567140E+11
-.25029380E+11
-.19999250E+11
-.23163330E+11
-.20887790E+11
-.15840770E+11
-.25361390E+11
-.30349460E+11
-.15222350E+11
-.26860750E+11
-.18346930E+11
-.27386130E+11
-.24906430E+11
-.19148110E+11
-.96052070E+10
-.18894180E+11
-.21979080E+11
-.78307090E+10
-.15815820E+11
-.18404620E+11
-.14086520E+11
-.17462820E+11
-.18816480E+11
-.19213280E+11
-.20508530E+11
-.25483720E+11
-.24174370E+11
-.14334920E+11
-.18126220E+11
-.22449940E+11
-.25739270E+11
-.19296110E+11
-.28119210E+11
-.23589400E+11
-.91383800E+10
-.12611500E+11
-.17794380E+11
-.25603520E+11
-.30505900E+11
-.23618850E+11
-.26482260E+11
-.23854770E+11
-.15995000E+11
-.22379900E+11
-.14998330E+11
-.18816750E+11
-.17271650E+11
-.23652270E+11
-.14840150E+11
-.21319710E+11
-.20435510E+11
-.16981760E+11
-.17247320E+11
-.14943230E+11
-.26408520E+11
-.18567440E+11
-.21607640E+11
-.17602840E+11
-.19488200E+11
-.16026230E+11
-.25655600E+11
-.15567590E+11
-.29828340E+11
-.25687740E+11
-.18779240E+11
-.16994410E+11
-.31622780E+10
-.18320750E+11
-.17780610E+11
-.82788890E+10
-.23260270E+11
-.14195770E+11
-.14717000E+11
-.20373510E+11
-.27502730E+11
-.31418780E+11
-.18365190E+11
-.15907230E+11
-.20642920E+11
-.21850400E+11
-.20961390E+11
-.26472630E+11
-.12222930E+11
-.16609640E+11
-.80572950E+10
-.13671870E+11
-.23542090E+11
-.22382800E+11
-.23133530E+11
-.23371780E+11
-.31622780E+10
-.26523570E+11
-.20516090E+11
-.18246920E+11
-.22711450E+11
-.23072280E+11
-.14457870E+11
-.22197070E+11
-.17773290E+11
-.17527690E+11
-.22041330E+11
-.11276520E+11
-.22964320E+11
-.21101420E+11
-.16719750E+11
-.27115860E+11
-.18462660E+11
-.22415400E+11
-.22835940E+11
-.22255790E+11
-.19773970E+11
-.23328090E+11
-.19680700E+11
-.25578510E+11
-.23005650E+11
-.13962090E+11
-.19535350E+11
-.21887670E+11
-.99844870E+10
-.24979590E+11
-.11715800E+11
-.21251120E+11
-.25495100E+11
-.19229670E+11
-.19479990E+11
-.24197110E+11
-.31622780E+10
-.15305230E+11
-.19778520E+11
-.90388050E+10
-.24767320E+11
-.13721150E+11
-.15749290E+11
-.24972580E+11
-.18488920E+11
-.20406860E+11
-.20590530E+11
-.13327420E+11
-.18049380E+11
-.24173130E+11
-.29406460E+11
-.17416370E+11
-.14348870E+11
-.31622780E+10
-.20330760E+11
-.20759570E+11
-.14841830E+11
-.22336520E+11
-.22005000E+11
-.28122950E+11
-.21959740E+11
-.27508910E+11
-.15029970E+11
-.15083770E+11
-.23517650E+11
-.25103980E+11
-.23797060E+11
-.24125920E+11
-.98929260E+10
-.15804430E+11
-.20365170E+11
-.17115490E+11
-.15139020E+11
-.21378960E+11
-.25195440E+11
-.21551100E+11
-.26416470E+11
-.31622780E+10
-.14132590E+11
-.19031550E+11
-.23124010E+11
-.63158530E+10
-.18105250E+11
-.16481200E+11
-.26406440E+11
-.12445480E+11
-.26711050E+11
-.12143310E+11
-.21262880E+11
-.28898440E+11
-.21101180E+11
-.19401550E+11
-.19984740E+11
-.25924510E+11
-.28743700E+11
-.16996470E+11
-.23840300E+11
-.22813810E+11
-.19522550E+11
-.26975360E+11
-.21746720E+11
-.17358570E+11
-.23073790E+11
-.22594470E+11
-.29431790E+11
-.17343590E+11
-.23374130E+11
-.25679950E+11
-.20031970E+11
-.16077310E+11
-.31622780E+10
-.14813850E+11
-.26647330E+11
-.26058780E+11
-.20801920E+11
-.18028030E+11
-.20467530E+11
-.31622780E+10
-.10191660E+11
-.24518560E+11
-.26670580E+11
-.20337900E+11
-.24461400E+11
-.12653850E+11
-.20600240E+11
-.20261290E+11
-.20451650E+11
-.30728330E+11
-.20961390E+11
-.88425110E+10
-.18678870E+11
-.21554810E+11
-.25068900E+11
-.15978420E+11
-.22729500E+11
-.23316730E+11
-.19779280E+11
-.66880490E+10
-.86492770E+10
-.17650500E+11
-.23969150E+11
-.20236600E+11
-.24643250E+11
-.23266710E+11
-.15528040E+11
-.23200000E+11
-.20890670E+11
-.95833190E+10
-.20235360E+11
-.24603050E+11
-.15739440E+11
-.22234210E+11
-.29479990E+11
-.15041940E+11
-.14280060E+11
-.21338930E+11
-.27906270E+11
-.25947640E+11
-.26314070E+11
-.29331040E+11
-.12936380E+11
-.19731450E+11
-.23390380E+11
-.26237380E+11
-.18539960E+11
-.18748070E+11
-.31932110E+11
-.20274860E+11
-.17975820E+11
-.11583610E+11
-.23289480E+11
-.99116090E+10
-.21378960E+11
-.11164680E+11
-.15027640E+11
-.20314280E+11
-.24008330E+11
-.22490440E+11
-.24528150E+11
-.18191760E+11
-.20753550E+11
-.23431820E+11
-.24002080E+11
-.24317070E+11
-.24866040E+11
-.94699530E+10
-.18620690E+11
-.21782790E+11
-.24924280E+11
-.21970210E+11
-.22571440E+11
-.21697460E+11
-.26078150E+11
-.18073740E+11
-.22498000E+11
-.18525660E+11
-.12348280E+11
-.23632390E+11
-.60679490E+10
-.19558890E+11
-.28950990E+11
-.23779820E+11
-.16845770E+11
-.26415900E+11
-.20366400E+11
-.24372930E+11
-.14743130E+11
-.23854350E+11
-.16200000E+11
-.13043390E+11
-.18309290E+11
-.13872630E+11
-.26400570E+11
-.87475710E+10
-.22959090E+11
-.17010290E+11
-.11566760E+11
-.17998610E+11
-.19663670E+11
-.23211200E+11
-.15901260E+11
-.17441620E+11
-.26987410E+11
-.18288250E+11
-.23963310E+11
-.15600960E+11
-.18760860E+11
-.19211190E+11
-.24436650E+11
-.18831890E+11
-.20254630E+11
-.19590560E+11
-.16527860E+11
-.21600230E+11
-.11664480E+11
-.19986500E+11
-.20358050E+11
-.25639420E+11
-.26772380E+11
-.23117090E+11
-.20921760E+11
-.20599760E+11
-.22738510E+11
-.23524670E+11
-.17552490E+11
-.12857680E+11
-.17102340E+11
-.19618870E+11
-.22474210E+11
-.14654010E+11
-.24545870E+11
-.25732280E+11
-.20497320E+11
-.17688130E+11
-.17068680E+11
-.16422240E+11
-.60224580E+10
-.20868400E+11
-.17529970E+11
-.24422740E+11
-.28236680E+11
-.18722450E+11
-.15577230E+11
-.17431290E+11
-.13085110E+11
-.10574500E+11
-.25767420E+11
-.21318070E+11
-.22698020E+11
-.26090800E+11
-.19643060E+11
-.23450590E+11
-.25715950E+11
-.11404390E+11
-.19996000E+11
-.20177960E+11
-.24520200E+11
-.21502320E+11
-.20162340E+11
-.31622780E+10
-.19799240E+11
-.14487930E+11
-.14294050E+11
-.20612130E+11
-.15302290E+11
-.25404530E+11
-.24342760E+11
-.77162160E+10
-.19231740E+11
-.25043760E+11
-.15122500E+11
-.18645370E+11
-.12381440E+11
-.19850190E+11
-.10376420E+11
-.33604320E+11
-.21389720E+11
-.14267450E+11
-.19669270E+11
-.27634760E+11
-.17391670E+11
-.11201340E+11
-.22239830E+11
-.23047120E+11
-.21627300E+11
-.25378730E+11
-.26062810E+11
-.23515100E+11
-.31622780E+10
-.17866450E+11
-.17850490E+11
-.97169950E+10
-.17964970E+11
-.16940190E+11
-.59523110E+10
-.10020980E+11
-.20429640E+11
-.24605280E+11
-.22004550E+11
-.18426340E+11
-.19600510E+11
-.18034690E+11
-.18580630E+11
-.20133550E+11
-.88221310E+10
-.21823380E+11
-.21360240E+11
-.19233040E+11
-.21425220E+11
-.27801620E+11
-.24975190E+11
-.17519420E+11
-.25532920E+11
-.20674380E+11
-.13532550E+11
-.26036700E+11
-.20066140E+11
-.19103660E+11
-.17362030E+11
-.17458240E+11
-.18284970E+11
-.16572270E+11
-.26684080E+11
-.23943680E+11
-.26295250E+11
-.26277940E+11
-.19775490E+11
-.20383820E+11
-.26429910E+11
-.20444800E+11
-.31622780E+10
-.21211790E+11
-.22014090E+11
-.17541380E+11
-.27935460E+11
-.25720810E+11
-.17120460E+11
-.19876620E+11
-.19875360E+11
-.15023980E+11
-.11086930E+11
-.23826670E+11
-.58745210E+10
-.21158680E+11
-.11537330E+11
-.27245370E+11
-.22380350E+11
-.21970660E+11
-.17631220E+11
-.13511850E+11
-.62201290E+10
-.16056770E+11
-.19324340E+11
-.15251560E+11
-.23316090E+11
-.18284420E+11
-.23518500E+11
-.16234530E+11
-.17825820E+11
-.18896560E+11
-.14180270E+11
-.25037370E+11
-.31622780E+10
-.19068560E+11
-.21545530E+11
-.20432570E+11
-.13018450E+11
-.15150580E+11
-.23614610E+11
-.22864820E+11
-.17104680E+11
-.24951550E+11
-.27345570E+11
-.18837990E+11
-.10795830E+11
-.18244450E+11
-.96467610E+10
-.18526470E+11
-.22585390E+11
-.21889270E+11
-.26580070E+11
-.17300290E+11
-.99909960E+10
-.28703140E+11
-.18698660E+11
-.16767230E+11
-.25485090E+11
-.28535240E+11
-.18751530E+11
-.15836350E+11
-.22876410E+11
-.19049930E+11
-.21272050E+11
-.20015740E+11
-.22658550E+11
-.23609110E+11
-.16064870E+11
-.19916580E+11
-.16922470E+11
-.20849220E+11
-.27829120E+11
-.14210910E+11
-.15194410E+11
-.22034520E+11
-.23671500E+11
-.21904800E+11
-.23859800E+11
-.18092260E+11
-.31622780E+10
-.19454820E+11
-.20867200E+11
-.15893710E+11
-.19791920E+11
-.25403740E+11
-.25756160E+11
-.21451340E+11
-.20355840E+11
-.28365300E+11
-.15822140E+11
-.20204700E+11
-.24153680E+11
-.73191530E+10
-.19917830E+11
-.86729470E+10
-.17528550E+11
-.19301040E+11
-.20087810E+11
-.19848680E+11
-.25471940E+11
-.15946790E+11
-.14698980E+11
-.19661890E+11
-.21459270E+11
-.18127880E+11
-.17653900E+11
-.19162980E+11
-.23949110E+11
-.10248900E+11
-.15024650E+11
-.21864350E+11
-.27069540E+11
-.18466460E+11
-.24339270E+11
-.23180600E+11
-.19233560E+11
-.23377980E+11
-.21912100E+11
-.74525160E+10
-.18595160E+11
-.15719410E+11
-.21952680E+11
-.24269530E+11
-.16146520E+11
-.19926360E+11
-.22891700E+11
-.15759440E+11
-.22029070E+11
-.20588350E+11
-.31622780E+10
-.25937620E+11
-.24554630E+11
-.13838350E+11
-.27668210E+11
-.20247720E+11
-.16598190E+11
-.26723020E+11
-.15567590E+11
-.21422880E+11
-.25046160E+11
-.14815190E+11
-.21350640E+11
-.22869630E+11
-.23443340E+11
-.19091360E+11
-.17254850E+11
-.24451790E+11
-.19436560E+11
-.22511550E+11
-.28193790E+11
-.18825780E+11
-.79359940E+10
-.19410820E+11
-.24375190E+11
-.21034500E+11
-.19925360E+11
-.23632820E+11
-.28588110E+11
-.18210160E+11
-.19670790E+11
-.31622780E+10
-.19622690E+11
-.16392990E+11
-.31622780E+10
-.25116130E+11
-.27929730E+11
-.14866400E+11
-.85317060E+10
-.25290710E+11
-.10476640E+11
-.19374730E+11
-.31622780E+10
-.17316180E+11
-.30832290E+11
-.15567590E+11
-.24828210E+11
-.21867330E+11
-.25295460E+11
-.20047940E+11
-.22380350E+11
-.31622780E+10
-.15914770E+11
-.20892340E+11
-.15115890E+11
-.85831230E+10
-.18776320E+11
-.18121260E+11
-.22372530E+11
-.22102940E+11
-.16962900E+11
-.18143320E+11
-.29460820E+11
-.31622780E+10
-.16175910E+11
-.18279770E+11
-.26195420E+11
-.25136030E+11
-.15679600E+11
-.28367410E+11
-.19719530E+11
-.11386830E+11
-.19270960E+11
-.14556780E+11
-.25607230E+11
-.31093410E+11
-.27605250E+11
-.23796010E+11
-.89403590E+10
-.21252530E+11
-.21793120E+11
-.22260950E+11
-.20039710E+11
-.31622780E+10
-.15663010E+11
-.23948700E+11
-.23151460E+11
-.13460680E+11
-.17029390E+11
-.23932400E+11
-.23838830E+11
-.19403870E+11
-.23877190E+11
-.12243360E+11
-.18633040E+11
-.15695860E+11
-.20135290E+11
-.18907670E+11
-.18036910E+11
-.21922820E+11
-.26218890E+11
-.90194230E+10
-.23704220E+11
-.21531840E+11
-.15269910E+11
-.23570320E+11
-.21757760E+11
-.13019600E+11
-.21057300E+11
-.23366860E+11
-.24284770E+11
-.24247470E+11
-.20497320E+11
-.23148000E+11
-.27964440E+11
-.23642340E+11
-.24958560E+11
-.23588560E+11
-.22938610E+11
-.18068200E+11
-.24649950E+11
-.18738730E+11
-.16531790E+11
-.14513440E+11
-.17638310E+11
-.21565950E+11
-.20299010E+11
-.14778700E+11
-.19857740E+11
-.10681290E+11
-.18181310E+11
-.16640310E+11
-.18641620E+11
-.17408330E+11
-.26003460E+11
-.25910620E+11
-.11323430E+11
-.28968600E+11
-.19019730E+11
-.23024770E+11
-.23297210E+11
-.22487550E+11
-.11311940E+11
-.19248900E+11
-.21401170E+11
-.14936200E+11
-.15215780E+11
-.19093980E+11
-.25325480E+11
-.23895400E+11
-.23550370E+11
-.19106280E+11
-.22584290E+11
-.14349560E+11
-.22389730E+11
-.22987390E+11
-.31622780E+10
-.19381180E+11
-.15654070E+11
-.25068510E+11
-.17725970E+11
-.17921220E+11
-.19107590E+11
-.16098760E+11
-.23320810E+11
-.22967150E+11
-.10302910E+11
-.31622780E+10
-.13522940E+11
-.23349300E+11
-.19884410E+11
-.83198560E+10
-.20583490E+11
-.83438600E+10
-.24916660E+11
-.15689170E+11
-.27717870E+11
-.19769930E+11
-.20856410E+11
-.24349330E+11
-.27626620E+11
-.17425840E+11
-.27623720E+11
-.97154520E+10
-.24350360E+11
-.24951750E+11
-.17712710E+11
-.12627750E+11
-.24572750E+11
-.21065370E+11
-.19324080E+11
-.15735310E+11
-.19609180E+11
-.27597830E+11
-.29850460E+11
-.15359040E+11
-.23016300E+11
-.24984800E+11
-.80845530E+10
-.21352990E+11
-.19460210E+11
-.15448950E+11
-.13452510E+11
-.22164610E+11
-.25160290E+11
-.96249670E+10
-.26728260E+11
-.17162170E+11
-.25989810E+11
-.13664550E+11
-.11990000E+11
-.12011660E+11
-.10620730E+11
-.19938400E+11
-.22295520E+11
-.21658260E+11
-.18526470E+11
-.16114900E+11
-.18008330E+11
-.15315020E+11
-.19550960E+11
-.74505040E+10
-.21961100E+11
-.22614600E+11
-.91219520E+10
-.25990380E+11
-.21777970E+11
-.25702140E+11
-.27016660E+11
-.23141950E+11
-.27848700E+11
-.21768330E+11
-.12611110E+11
-.24116390E+11
-.19969730E+11
-.22670690E+11
-.23038660E+11
-.22396650E+11
-.23242850E+11
-.16659230E+11
-.26267850E+11
-.13135450E+11
-.17564170E+11
-.19633140E+11
-.27107010E+11
-.26393180E+11
-.20548240E+11
-.23346950E+11
-.15773710E+11
-.18907670E+11
-.20768240E+11
-.20593690E+11
-.27207350E+11
-.26074320E+11
-.17084790E+11
-.15089070E+11
-.23291630E+11
-.18332210E+11
-.15794940E+11
-.26685200E+11
-.17223240E+11
-.31622780E+10
-.27558300E+11
-.22360010E+11
-.16018430E+11
-.21958140E+11
-.17175850E+11
-.11591810E+11
-.23809660E+11
-.18847810E+11
-.17098250E+11
-.19655280E+11
-.19752470E+11
-.19161680E+11
-.14388190E+11
-.23917990E+11
-.20456540E+11
-.11593960E+11
-.26065110E+11
-.16270530E+11
-.18250210E+11
-.17823300E+11
-.17372970E+11
-.21500000E+11
-.22948420E+11
-.25349360E+11
-.26411550E+11
-.21317370E+11
-.20078100E+11
-.18080380E+11
-.20127840E+11
-.13792750E+11
-.17341570E+11
-.22987390E+11
-.17573840E+11
-.23343520E+11
-.19699750E+11
-.20503900E+11
-.21225220E+11
-.27351230E+11
-.26504530E+11
-.24277970E+11
-.22609070E+11
-.17186910E+11
-.23821630E+11
-.10748490E+11
-.24547510E+11
-.24179950E+11
-.19042850E+11
-.25624600E+11
-.11169600E+11
-.17500280E+11
-.18286880E+11
-.18929340E+11
-.23121420E+11
-.10716340E+11
-.24031850E+11
-.20917460E+11
-.70703610E+10
-.19555560E+11
-.18789360E+11
-.20795670E+11
-.23942850E+11
-.10541350E+11
-.11805080E+11
-.13440240E+11
-.15518050E+11
-.18843300E+11
-.23788230E+11
-.24170640E+11
-.14953260E+11
-.13538100E+11
-.19871340E+11
-.17561040E+11
-.90625610E+10
-.18501080E+11
-.20193810E+11
-.19697970E+11
-.26133690E+11
-.21990680E+11
-.22167320E+11
-.22940580E+11
-.20804570E+11
-.20119640E+11
-.22890390E+11
-.19967720E+11
-.23392310E+11
-.16853190E+11
-.19820950E+11
-.31622780E+10
-.21226870E+11
-.24839490E+11
-.17244420E+11
-.21193630E+11
-.17431010E+11
-.16081670E+11
-.26760040E+11
-.19057020E+11
-.18898150E+11
-.20832190E+11
-.25404330E+11
-.17503720E+11
-.17813200E+11
-.17753030E+11
-.22203380E+11
-.17508860E+11
-.25179560E+11
-.13138490E+11
-.13536990E+11
-.31622780E+10
-.23999580E+11
-.19698480E+11
-.15777200E+11
-.20627890E+11
-.18455890E+11
-.15702230E+11
-.23301290E+11
-.12469160E+11
-.19872340E+11
-.18515940E+11
-.15510320E+11
-.16721840E+11
-.20766320E+11
-.23701260E+11
-.15213810E+11
-.46032590E+10
-.31622780E+10
-.17346180E+11
-.16835380E+11
-.25432460E+11
-.19133480E+11
-.18403810E+11
-.15304900E+11
-.22882530E+11
-.20784610E+11
-.14819580E+11
-.40286470E+10
-.27890860E+11
-.13148380E+11
-.20438200E+11
-.16818150E+11
-.16778560E+11
-.23407260E+11
-.11862120E+11
-.26858520E+11
-.21770390E+11
-.25330610E+11
-.31622780E+10
-.11981650E+11
-.27372250E+11
-.15587490E+11
-.31622780E+10
-.26932320E+11
-.19333650E+11
-.19738540E+11
-.26046500E+11
-.31622780E+10
-.37469990E+10
-.11081060E+11
-.12188930E+11
-.13809050E+11
-.19048620E+11
-.25924120E+11
-.22672010E+11
-.19572680E+11
-.22600000E+11
-.24355080E+11
-.24064290E+11
-.16961720E+11
-.23349300E+11
-.23363010E+11
-.14296150E+11
-.20383080E+11
-.25932030E+11
-.22985870E+11
-.21650870E+11
-.19831790E+11
-.19486920E+11
-.23157940E+11
-.23763840E+11
-.26976840E+11
-.16476040E+11
-.31622780E+10
-.20406860E+11
-.23347800E+11
-.14745850E+11
-.17961630E+11
-.28312360E+11
-.18250750E+11
-.18952840E+11
-.14265340E+11
-.25591210E+11
-.20496100E+11
-.17944080E+11
-.18909520E+11
-.28887540E+11
-.19856230E+11
-.22784640E+11
-.31622780E+10
-.21046380E+11
-.18077330E+11
-.18670030E+11
-.47518420E+10
-.16865940E+11
-.21106870E+11
-.20854730E+11
-.12417730E+11
-.18296720E+11
-.24452200E+11
-.15636180E+11
-.20777150E+11
-.18379610E+11
-.13138110E+11
-.15517730E+11
-.24537720E+11
-.24849950E+11
-.21924640E+11
-.13652470E+11
-.24084640E+11
-.20980700E+11
-.23463800E+11
-.12643180E+11
-.19296370E+11
-.31622780E+10
-.94609730E+10
-.27378460E+11
-.17776390E+11
-.20347970E+11
-.16072650E+11
-.18553700E+11
-.31622780E+10
-.23905650E+11
-.14480680E+11
-.22797590E+11
-.16933100E+11
-.26940490E+11
-.93450530E+10
-.11613790E+11
-.21468110E+11
-.21731770E+11
-.24209500E+11
-.20357060E+11
-.24709920E+11
-.23737950E+11
-.17242390E+11
-.22010910E+11
-.25473520E+11
-.17993330E+11
-.24359600E+11
-.20113680E+11
-.26887730E+11
-.23443760E+11
-.25354490E+11
-.15659500E+11
-.23074660E+11
-.18982360E+11
-.12708660E+11
-.17742600E+11
-.19037860E+11
-.18648060E+11
-.20437710E+11
-.19943170E+11
-.17311270E+11
-.12911620E+11
-.17894690E+11
-.19954700E+11
-.14543380E+11
-.27187500E+11
-.15331340E+11
-.21273930E+11
-.23295490E+11
-.82933700E+10
-.11885290E+11
-.24647310E+11
-.21015710E+11
-.17522270E+11
-.18283600E+11
-.20481940E+11
-.25037370E+11
-.21769240E+11
-.20884920E+11
-.17212210E+11
-.21016900E+11
-.23696830E+11
-.26053410E+11
-.18698130E+11
-.16289570E+11
-.19131130E+11
-.15593910E+11
-.93802990E+10
-.19485640E+11
-.16349920E+11
-.26853120E+11
-.20467530E+11
-.16006870E+11
-.22186260E+11
-.23103030E+11
-.22910910E+11
-.25339690E+11
-.22315020E+11
-.10200980E+11
-.20650910E+11
-.22693830E+11
-.19055180E+11
-.21677410E+11
-.25279240E+11
-.21529980E+11
-.21288500E+11
-.29259530E+11
-.15793990E+11
-.20910050E+11
-.16160750E+11
-.22628960E+11
-.19538680E+11
-.27032940E+11
-.13759360E+11
-.16896450E+11
-.16365210E+11
-.14805400E+11
-.21841240E+11
-.24408400E+11
-.22017950E+11
-.14731940E+11
-.21330020E+11
-.23006740E+11
-.19045730E+11
-.12989230E+11
-.23546970E+11
-.24468140E+11
-.48156000E+10
-.10678480E+11
-.19324600E+11
-.21592360E+11
-.27515810E+11
-.14493450E+11
-.15013660E+11
-.95848840E+10
-.21489070E+11
-.20514140E+11
-.16541160E+11
-.16020610E+11
-.26296960E+11
-.12054460E+11
-.20401230E+11
-.12169630E+11
-.23951410E+11
-.25297830E+11
-.28158840E+11
-.22094340E+11
-.26424990E+11
-.13913300E+11
-.13251420E+11
-.24192350E+11
-.23898120E+11
-.25678000E+11
-.31622780E+10
-.10977700E+11
-.22407590E+11
-.22763130E+11
-.22502000E+11
-.17418950E+11
-.16909760E+11
-.19885920E+11
-.21463920E+11
-.17434160E+11
-.21342440E+11
-.20657680E+11
-.27991070E+11
-.15514830E+11
-.11747340E+11
-.16615050E+11
-.15299020E+11
-.26060890E+11
-.15657590E+11
-.21370780E+11
-.19636700E+11
-.21152300E+11
-.20119140E+11
-.31092440E+11
-.14715980E+11
-.23719820E+11
-.19069350E+11
-.20888510E+11
-.27704690E+11
-.17487990E+11
-.19058070E+11
-.17846010E+11
-.16976160E+11
-.24576620E+11
-.21167900E+11
-.29430770E+11
-.31622780E+10
-.11949480E+11
-.16137220E+11
-.18588170E+11
-.81240390E+10
-.18615850E+11
-.21562930E+11
-.20420580E+11
-.22731700E+11
-.19724100E+11
-.23934070E+11
-.18258700E+11
-.20568670E+11
-.22099090E+11
-.84142740E+10
-.24755810E+11
-.20674140E+11
-.17389940E+11
-.17352230E+11
-.16550230E+11
-.26645260E+11
-.17389080E+11
-.23344590E+11
-.17916750E+11
-.26065110E+11
-.11676470E+11
-.13305640E+11
-.19617850E+11
-.20758610E+11
-.20687430E+11
-.12529170E+11
-.20816100E+11
-.17841520E+11
-.25655600E+11
-.22794740E+11
-.20829790E+11
-.19922100E+11
-.16905920E+11
-.18827370E+11
-.21815360E+11
-.20253640E+11
-.17706500E+11
-.17293350E+11
-.18862400E+11
-.21197880E+11
-.23987910E+11
-.26479240E+11
-.26119730E+11
-.22886240E+11
-.24335980E+11
-.22156490E+11
-.23356580E+11
-.21929660E+11
-.28307070E+11
-.26311020E+11
-.24713560E+11
-.19726880E+11
-.19129560E+11
-.15336560E+11
-.17360880E+11
-.24135660E+11
-.23131800E+11
-.21009760E+11
-.21352990E+11
-.24424780E+11
-.18327030E+11
-.20313540E+11
-.44373410E+10
-.25467630E+11
-.17325700E+11
-.14698640E+11
-.13969970E+11
-.31622780E+10
-.22620570E+11
-.17821900E+11
-.26749950E+11
-.25317780E+11
-.15193090E+11
-.21249470E+11
-.23936790E+11
-.23505320E+11
-.16568040E+11
-.23135900E+11
-.24525700E+11
-.18856300E+11
-.20965690E+11
-.10405770E+11
-.16924540E+11
-.21407240E+11
-.21066320E+11
-.15028310E+11
-.20812740E+11
-.17803930E+11
-.22711890E+11
-.74752930E+10
-.23246930E+11
-.25966130E+11
-.26086390E+11
-.21276980E+11
-.16235150E+11
-.21933540E+11
-.18967610E+11
-.24073010E+11
-.16788390E+11
-.15410390E+11
-.14345380E+11
-.18921950E+11
-.23914010E+11
-.17630660E+11
-.21637470E+11
-.23870480E+11
-.20005250E+11
-.15813600E+11
-.20123870E+11
-.13118310E+11
-.20097020E+11
-.21690780E+11
-.20589070E+11
-.23386320E+11
-.18043560E+11
-.26068760E+11
-.22903490E+11
-.24673870E+11
-.27192090E+11
-.14330040E+11
-.15808230E+11
-.60456600E+10
-.24575600E+11
-.23467000E+11
-.13776070E+11
-.26010960E+11
-.20894980E+11
-.21815820E+11
-.22033610E+11
-.26733500E+11
-.15996870E+11
-.24276120E+11
-.23340950E+11
-.31622780E+10
-.21911190E+11
-.27153080E+11
-.19485380E+11
-.18000560E+11
-.20600240E+11
-.95178770E+10
-.17609090E+11
-.15800000E+11
-.13622410E+11
-.18653150E+11
-.21992040E+11
-.18023870E+11
-.21246180E+11
-.23735840E+11
-.18905290E+11
-.17522560E+11
-.26177280E+11
-.28223750E+11
-.17148470E+11
-.24175810E+11
-.22539300E+11
-.22351960E+11
-.19339600E+11
-.22163940E+11
-.21016180E+11
-.21508140E+11
-.21754310E+11
-.92962370E+10
-.19866300E+11
-.22483770E+11
-.78930350E+10
-.22437910E+11
-.18960490E+11
-.61959660E+10
-.21194100E+11
-.15007000E+11
-.26842880E+11
-.20488530E+11
-.26400000E+11
-.22791660E+11
-.25797290E+11
-.27795320E+11
-.16425890E+11
-.21182070E+11
-.23451440E+11
-.20140260E+11
-.15846770E+11
-.20874390E+11
-.11361780E+11
-.26810070E+11
-.13831490E+11
-.23628160E+11
-.20097260E+11
-.16879280E+11
-.18030250E+11
-.19728410E+11
-.17586930E+11
-.17437890E+11
-.20208170E+11
-.15356110E+11
-.13979990E+11
-.15916970E+11
-.24560130E+11
-.24470190E+11
-.24996000E+11
-.18651000E+11
-.18243630E+11
-.15222680E+11
-.22287220E+11
-.63285070E+10
-.21385510E+11
-.21745340E+11
-.15050580E+11
-.24170230E+11
-.19348900E+11
-.19370600E+11
-.17636040E+11
-.13886680E+11
-.23992080E+11
-.23927810E+11
-.65726710E+10
-.22567900E+11
-.22477550E+11
-.31661970E+11
-.21571510E+11
-.31085370E+11
-.23916520E+11
-.13732810E+11
-.11369700E+11
-.18611290E+11
-.31622780E+10
-.30176150E+11
-.21567800E+11
-.31622780E+10
-.16226520E+11
-.19823720E+11
-.23122280E+11
-.19157510E+11
-.11169150E+11
-.25508240E+11
-.15552170E+11
-.21114690E+11
-.22044950E+11
-.24410860E+11
-.27623180E+11
-.22590260E+11
-.15470940E+11
-.70682390E+10
-.27033870E+11
-.12512790E+11
-.15891510E+11
-.26606390E+11
-.19044950E+11
-.22763570E+11
-.26477540E+11
-.24525500E+11
-.17184880E+11
-.13323660E+11
-.20612860E+11
-.22688760E+11
-.21535320E+11
-.24306380E+11
-.21524870E+11
-.14196130E+11
-.22138650E+11
-.19894470E+11
-.24373350E+11
-.21477660E+11
-.19297670E+11
-.21211320E+11
-.19901010E+11
-.21878070E+11
-.17770200E+11
-.17088300E+11
-.13517030E+11
-.21842620E+11
-.15023310E+11
-.18979990E+11
-.14660830E+11
-.23310940E+11
-.19374470E+11
-.30952870E+11
-.31622780E+10
-.20973320E+11
-.22422310E+11
-.24164640E+11
-.31622780E+10
-.21058490E+11
-.15994060E+11
-.11311940E+11
-.20652360E+11
-.23254250E+11
-.20481940E+11
-.19184890E+11
-.19428330E+11
-.20843460E+11
-.25305730E+11
-.20748490E+11
-.18680200E+11
-.23311370E+11
-.11442030E+11
-.22259830E+11
-.20257840E+11
-.28062610E+11
-.78974680E+10
-.21167900E+11
-.16822310E+11
-.27810970E+11
-.22405360E+11
-.14733300E+11
-.24842300E+11
-.22785740E+11
-.20501220E+11
-.19154370E+11
-.21738670E+11
-.23513400E+11
-.17205520E+11
-.19179420E+11
-.11854110E+11
-.10467570E+11
-.18843830E+11
-.18577410E+11
-.27345750E+11
-.18124850E+11
-.27258390E+11
-.14765500E+11
-.23383970E+11
-.28894980E+11
-.17434730E+11
-.19086650E+11
-.24310080E+11
-.45945620E+10
-.26293340E+11
-.19594130E+11
-.19626770E+11
-.27708120E+11
-.17692370E+11
-.15106620E+11
-.22768180E+11
-.13372730E+11
-.31622780E+10
-.22491330E+11
-.23734780E+11
-.10619790E+11
-.27270680E+11
-.21896800E+11
-.11208930E+11
-.25638450E+11
-.23331090E+11
-.15023650E+11
-.13761900E+11
-.19900250E+11
-.14557470E+11
-.14617800E+11
-.22353520E+11
-.21642780E+11
-.20370080E+11
-.23898530E+11
-.19368530E+11
-.24182020E+11
-.19072490E+11
-.20278070E+11
-.20968790E+11
-.20806250E+11
-.14323060E+11
-.25570100E+11
-.11481720E+11
-.18316930E+11
-.12804690E+11
-.22630950E+11
-.23966640E+11
-.19402830E+11
-.12068140E+11
-.19273040E+11
-.21226870E+11
-.22402680E+11
-.14263940E+11
-.23000870E+11
-.21933540E+11
-.26332490E+11
-.22264770E+11
-.25034380E+11
-.16807140E+11
-.23563950E+11
-.20931790E+11
-.15173330E+11
-.24703850E+11
-.26586090E+11
-.14262890E+11
-.17300580E+11
-.23315870E+11
-.24183050E+11
-.25210510E+11
-.19083500E+11
-.23134180E+11
-.31622780E+10
-.16809820E+11
-.26949030E+11
-.26164670E+11
-.21984540E+11
-.13566130E+11
-.18128150E+11
-.22340100E+11
-.17135340E+11
-.22384370E+11
-.19854470E+11
-.17347330E+11
-.16720950E+11
-.21060150E+11
-.17659280E+11
-.17846010E+11
-.16366120E+11
-.20839390E+11
-.18843830E+11
-.12818350E+11
-.16022170E+11
-.19224460E+11
-.21504880E+11
-.12546310E+11
-.12209010E+11
-.16685920E+11
-.21745340E+11
-.19054920E+11
-.24138350E+11
-.21251120E+11
-.22616810E+11
-.22442150E+11
-.15792720E+11
-.18940430E+11
-.11855800E+11
-.24599390E+11
-.31622780E+10
-.20768000E+11
-.12791790E+11
-.25818210E+11
-.24963570E+11
-.19853460E+11
