Variogram Volume: nx  21 ny  21nz   1
 6   21   21    1 -10.000000     -10.000000         0.00000000  1.00000      1.00000      1.00000       1
variogram
number of pairs
head mean
tail mean
head variance
tail variance
  -999.00000         0. -999.00000     -999.00000     -999.00000     -999.00000    
  -999.00000         0. -999.00000     -999.00000     -999.00000     -999.00000    
     0.00000       962.     0.00000000     0.00000000     0.00000000 0.14322672E-40
     0.00000 **********     0.00000000     0.00000000     0.00000000     0.00000000
     0.00000 **********     0.00000000     0.00000000     0.00000000     0.00000000
     0.00000 ********** 0.47100405E-24 0.12917102E-24     0.00000000     0.00000000
     0.00000 **********     0.00000000     0.00000000     0.00000000     0.00000000
     0.00000 ********** 0.36341159E-19 0.72838588E-17     0.00000000     0.00000000
     0.00000 **********     0.00000000     0.00000000     0.00000000     0.00000000
     0.42853        16. 0.61664981E-03 0.65123767         0.00000000     0.00000000
  -999.00000         1. -999.00000     -999.00000     -999.00000     -999.00000    
     0.00000 ********** 0.24398829E-12 0.69782954E-12     0.00000000     0.00000000
     0.00000 ********** 0.19227152E-30 0.10436556E-30     0.00000000     0.00000000
  -999.00000         1. -999.00000     -999.00000     -999.00000     -999.00000    
  -999.00000         2. -999.00000     -999.00000     -999.00000     -999.00000    
     0.00000 **********     0.00000000     0.00000000     0.00000000     0.00000000
     0.00000 **********     0.00000000     0.00000000     0.00000000     0.00000000
     0.00000 **********     0.00000000     0.00000000     0.00000000     0.00000000
     0.00000 **********     0.00000000     0.00000000     0.00000000     0.00000000
     0.00000 **********     0.00000000     0.00000000     0.00000000     0.00000000
     0.00000 **********     0.00000000     0.00000000     0.00000000     0.00000000
     0.00000 **********     0.00000000     0.00000000     0.00000000     0.00000000
     0.00000       962.     0.00000000     0.00000000     0.00000000     0.00000000
     0.00000 ********** 0.23839883E-16 0.32255051E-16     0.00000000     0.00000000
     0.00000 ********** 0.15974559E-18 0.95130158E-19     0.00000000     0.00000000
     0.00000 ********** 0.11449098E-28 0.11230052E-28     0.00000000     0.00000000
     0.00000 ********** 0.26188267E-18 0.45502239E-18     0.00000000     0.00000000
     0.75492        24.  1.6568385      2.7139125         0.00000000     0.00000000
     0.00000 ********** 0.48180652E-22 0.76015426E-22     0.00000000     0.00000000
     0.00000 ********** 0.25192261E-23 0.28117592E-23     0.00000000     0.00000000
     0.00000 ********** 0.23195768E-19 0.46485059E-19     0.00000000     0.00000000
     0.08133       206. 0.25555718     0.44840243         0.00000000     0.00000000
     0.00000 ********** 0.11159414E-28 0.18909862E-28     0.00000000     0.00000000
     0.00000 ********** 0.19068831E-18 0.27303404E-18     0.00000000     0.00000000
     0.00000 ********** 0.16350939E-23 0.27900350E-23     0.00000000     0.00000000
     0.00000 ********** 0.94786990E-16 0.10913016E-15     0.00000000     0.00000000
  -999.00000         4. -999.00000     -999.00000     -999.00000     -999.00000    
     0.00000 ********** 0.13267251E-28 0.52582744E-28     0.00000000     0.00000000
     0.00000 **********     0.00000000     0.00000000     0.00000000     0.00000000
     0.00000 ********** 0.73495659E-16 0.79256866E-16     0.00000000     0.00000000
     0.00000 **********     0.00000000     0.00000000     0.00000000     0.00000000
     0.00000 **********     0.00000000     0.00000000     0.00000000     0.00000000
     0.00000 **********     0.00000000     0.00000000     0.00000000     0.00000000
     0.00000       962.     0.00000000     0.00000000     0.00000000     0.00000000
     0.00000 ********** 0.13189996E-15 0.43152891E-16     0.00000000     0.00000000
     0.00000 ********** 0.12033590E-25 0.82211301E-26     0.00000000     0.00000000
     0.00000 ********** 0.44541042E-15 0.43861259E-15     0.00000000     0.00000000
     1.07181        15.  5.6918917      4.8187962         0.00000000     0.00000000
     0.00000 ********** 0.38594089E-11 0.65214882E-11     0.00000000     0.00000000
     0.00000 ********** 0.56338702E-29 0.60997530E-29     0.00000000     0.00000000
     1.31626        33.  3.8924031      5.3135095         0.00000000     0.00000000
     0.79443        51.  3.3511970      3.6611242         0.00000000     0.00000000
     0.00000 ********** 0.78545964E-18 0.86740940E-18     0.00000000     0.00000000
     0.00000  57771472. 0.21281453E-05 0.26803698E-05     0.00000000     0.00000000
     0.00000 ********** 0.42238568E-25 0.75796979E-25     0.00000000     0.00000000
     0.00000 ********** 0.55596614E-27 0.61792162E-27     0.00000000     0.00000000
     0.00000 ********** 0.18165615E-25 0.24555510E-25     0.00000000     0.00000000
     0.00000 ********** 0.42639754E-23 0.50293267E-23     0.00000000     0.00000000
     0.00000 ********** 0.44969430E-13 0.60564990E-13     0.00000000     0.00000000
     0.00000 ********** 0.68283708E-25 0.91932858E-25     0.00000000     0.00000000
     0.00000 **********     0.00000000     0.00000000     0.00000000     0.00000000
     0.00000 ********** 0.18983886E-16 0.20640198E-16     0.00000000     0.00000000
  -999.00000         0. -999.00000     -999.00000     -999.00000     -999.00000    
     0.00000 **********     0.00000000     0.00000000     0.00000000     0.00000000
     0.00000 ********** 0.12604264E-29 0.63490476E-30     0.00000000     0.00000000
     0.80036        13.  5.7427902      3.4953389         0.00000000     0.00000000
     0.40199        32.  3.3588703      2.5800660         0.00000000     0.00000000
     0.00000 ********** 0.39124816E-18 0.53212529E-18     0.00000000     0.00000000
     0.00000  57771472. 0.93875047E-06 0.17908976E-05     0.00000000     0.00000000
     0.00000 ********** 0.14464440E-24 0.11124913E-24     0.00000000     0.00000000
     0.00000 ********** 0.11689844E-25 0.13728443E-25     0.00000000     0.00000000
     0.96114        53.  4.2614951      4.0473113         0.00000000     0.00000000
     0.00000 ********** 0.18844372E-10 0.18407123E-10     0.00000000     0.00000000
     0.00000 ********** 0.14552044E-28 0.14556996E-28     0.00000000     0.00000000
     1.08509        46.  3.2891598      5.0695658         0.00000000     0.00000000
     0.81011        43.  3.8791277      4.6888108         0.00000000     0.00000000
     0.00000 ********** 0.68665003E-26 0.83653907E-26     0.00000000     0.00000000
     0.00000 ********** 0.18052934E-29 0.20510191E-29     0.00000000     0.00000000
     0.00000 ********** 0.54392851E-29 0.63322651E-29     0.00000000     0.00000000
     0.00000 ********** 0.55584007E-15 0.58006547E-15     0.00000000     0.00000000
     0.00000 ********** 0.53277267E-22 0.52479928E-22     0.00000000     0.00000000
  -999.00000         2. -999.00000     -999.00000     -999.00000     -999.00000    
     0.00000 **********     0.00000000     0.00000000     0.00000000     0.00000000
     0.00000 ********** 0.90787990E-30 0.14466130E-29     0.00000000     0.00000000
     0.00000 **********     0.00000000     0.00000000     0.00000000     0.00000000
     0.00000 ********** 0.18249419E-27 0.62030189E-28     0.00000000     0.00000000
     0.00000 ********** 0.32410011E-26 0.33402023E-26     0.00000000     0.00000000
     0.00000 ********** 0.11172607E-29 0.16831385E-29     0.00000000     0.00000000
     0.00000 ********** 0.62006666E-15 0.68806217E-15     0.00000000     0.00000000
     0.00000 ********** 0.84023930E-29 0.10304809E-28     0.00000000     0.00000000
     0.00000 ********** 0.46164446E-19 0.51174139E-19     0.00000000     0.00000000
     0.00000 ********** 0.67120999E-27 0.81235850E-27     0.00000000     0.00000000
     0.00000 ********** 0.12161477E-26 0.12649665E-26     0.00000000     0.00000000
     0.00000 ********** 0.40244219E-09 0.36313605E-09     0.00000000     0.00000000
     0.00000 ********** 0.11187082E-26 0.12039802E-26     0.00000000     0.00000000
     0.00000 ********** 0.28402656E-07 0.27376316E-07     0.00000000     0.00000000
     0.02730      3278. 0.82267478E-01 0.11235691         0.00000000     0.00000000
     0.98751        53.  3.7758620      4.7364111         0.00000000     0.00000000
     0.71646        42.  4.7029757      4.5539865         0.00000000     0.00000000
     0.00656      3498. 0.49303319E-01 0.48971113E-01     0.00000000     0.00000000
     0.44966        46.  2.9155312      3.3195150         0.00000000     0.00000000
     0.06018       188. 0.32653579     0.35783130         0.00000000     0.00000000
  -999.00000         5. -999.00000     -999.00000     -999.00000     -999.00000    
  -999.00000         3. -999.00000     -999.00000     -999.00000     -999.00000    
     0.00009      3110. 0.11095728E-02 0.17812579E-02     0.00000000     0.00000000
     0.00000 **********     0.00000000     0.00000000     0.00000000     0.00000000
     0.00000 ********** 0.77539355E-11 0.77963148E-11     0.00000000     0.00000000
     0.00000 ********** 0.46501740E-12 0.61392270E-12     0.00000000     0.00000000
     1.18029        50.  3.8970399      4.8901820         0.00000000     0.00000000
     1.83880        61.  3.8499224      6.1199503         0.00000000     0.00000000
     0.29984       265.  1.1833192     0.93246973         0.00000000     0.00000000
     0.00000 ********** 0.20179673E-07 0.19389317E-07     0.00000000     0.00000000
     0.00000  54526256. 0.61182586E-05 0.64852061E-05     0.00000000     0.00000000
     0.00000 ********** 0.24637732E-16 0.22657355E-16     0.00000000     0.00000000
     0.00000 ********** 0.93160465E-10 0.12089704E-09     0.00000000     0.00000000
     0.00000  54332732. 0.74851400E-05 0.80419040E-05     0.00000000     0.00000000
     0.00000 ********** 0.83979204E-22 0.79894993E-22     0.00000000     0.00000000
     0.00000 ********** 0.87133046E-07 0.10506173E-06     0.00000000     0.00000000
     0.00000 ********** 0.22224311E-09 0.24554250E-09     0.00000000     0.00000000
     0.63759        53.  3.5516531      3.2285054         0.00000000     0.00000000
     0.00005    820331. 0.30899741E-03 0.31021275E-03     0.00000000     0.00000000
     0.00000 ********** 0.36114920E-10 0.39542678E-10     0.00000000     0.00000000
     0.78466        27.  3.5584991      4.5948505         0.00000000     0.00000000
     0.65161        19.  3.1412945      5.5150261         0.00000000     0.00000000
     0.00441       213. 0.12742174     0.12252115         0.00000000     0.00000000
     0.00000 **********     0.00000000     0.00000000     0.00000000     0.00000000
     0.00000 ********** 0.79385656E-11 0.48162138E-13     0.00000000     0.00000000
     0.00000 ********** 0.74265403E-11 0.99268562E-11     0.00000000     0.00000000
     1.12402        31.  4.5581121      3.6448226         0.00000000     0.00000000
     1.29300        59.  3.7474449      3.8457661         0.00000000     0.00000000
     1.48954        57.  5.6868944      4.3078108         0.00000000     0.00000000
     0.00000 ********** 0.63767580E-07 0.64226185E-07     0.00000000     0.00000000
     0.00000 ********** 0.30806319E-09 0.37427447E-09     0.00000000     0.00000000
     0.00007    914810. 0.39965933E-03 0.40446685E-03     0.00000000     0.00000000
     0.00000 ********** 0.15266347E-09 0.16398795E-09     0.00000000     0.00000000
     0.03561      3327. 0.14323984     0.14660031         0.00000000     0.00000000
     0.00000 202626336. 0.27585422E-05 0.26639527E-05     0.00000000     0.00000000
     0.97589       115.  5.0532131      4.7831717         0.00000000     0.00000000
     0.00000 ********** 0.24106946E-22 0.25059094E-22     0.00000000     0.00000000
     0.90050        71.  3.8299105      4.0622392         0.00000000     0.00000000
     0.00000 ********** 0.46123850E-26 0.43138631E-26     0.00000000     0.00000000
     1.64085        44.  4.5333562      4.7370501         0.00000000     0.00000000
     0.00000 ********** 0.29631078E-09 0.31096500E-09     0.00000000     0.00000000
     0.00000 ********** 0.75554131E-27 0.83518520E-27     0.00000000     0.00000000
     0.21790        28.  4.5788851      4.1122785         0.00000000     0.00000000
     0.01950        12. 0.29033065     0.47185081         0.00000000     0.00000000
     0.00000 ********** 0.10098299E-21 0.56249525E-22     0.00000000     0.00000000
     0.00000 ********** 0.10813701E-20 0.23220815E-23     0.00000000     0.00000000
     0.94398        27.  3.7638478      3.7608817         0.00000000     0.00000000
     0.31311       253. 0.87198442     0.84852946         0.00000000     0.00000000
     0.00000 ********** 0.61770919E-07 0.71490732E-07     0.00000000     0.00000000
     0.01195      3318. 0.61941560E-01 0.67496642E-01     0.00000000     0.00000000
     1.18368        66.  4.9134350      4.2499003         0.00000000     0.00000000
     0.00000 ********** 0.45067054E-07 0.45961599E-07     0.00000000     0.00000000
     0.03537      3220. 0.13252272     0.12434731         0.00000000     0.00000000
     0.00000 ********** 0.18339382E-08 0.20894817E-08     0.00000000     0.00000000
     0.00000 ********** 0.11851694E-10 0.12862063E-10     0.00000000     0.00000000
     0.00000 ********** 0.20987378E-06 0.19590271E-06     0.00000000     0.00000000
     0.85580       133.  4.7027087      4.5348554         0.00000000     0.00000000
     0.00000 ********** 0.38981963E-07 0.34941458E-07     0.00000000     0.00000000
     0.00000 ********** 0.16741589E-08 0.17503519E-08     0.00000000     0.00000000
     0.77308        86.  3.3397453      3.9719131         0.00000000     0.00000000
     0.23439       251.  1.2987361      1.1998706         0.00000000     0.00000000
     0.00000 ********** 0.65459043E-28 0.64349268E-28     0.00000000     0.00000000
     0.00000 ********** 0.52230769E-18 0.47788369E-18     0.00000000     0.00000000
     0.00000 ********** 0.11668839E-29 0.73165514E-30     0.00000000     0.00000000
     0.00000 ********** 0.18968353E-09 0.16332372E-09     0.00000000     0.00000000
     0.00000        13.     0.00000000     0.00000000     0.00000000     0.00000000
     0.00000  52762932.     0.00000000     0.00000000     0.00000000     0.00000000
     0.06796       204. 0.31180137     0.30332467         0.00000000     0.00000000
     0.00000 ********** 0.37507097E-28 0.43881318E-28     0.00000000     0.00000000
     0.00000 ********** 0.68791607E-18 0.82637675E-18     0.00000000     0.00000000
     0.00000 ********** 0.22972936E-22 0.22367706E-22     0.00000000     0.00000000
     0.87080        84.  4.7626829      5.2730889         0.00000000     0.00000000
     1.16241       104.  4.3064833      4.6505694         0.00000000     0.00000000
     0.00000 ********** 0.17730776E-08 0.20319235E-08     0.00000000     0.00000000
     0.97046       175.  3.8984580      4.3406730         0.00000000     0.00000000
     0.00000  52762932. 0.12494687E-04 0.12395903E-04     0.00000000     0.00000000
     0.00000 ********** 0.89203861E-12 0.76776850E-12     0.00000000     0.00000000
     1.16818       139.  4.3954992      4.9104428         0.00000000     0.00000000
     0.00000 ********** 0.34829828E-07 0.41157943E-07     0.00000000     0.00000000
     0.00000 ********** 0.94925536E-28 0.10566751E-27     0.00000000     0.00000000
     0.00770     10361. 0.40516064E-01 0.41528542E-01     0.00000000     0.00000000
     0.00000 ********** 0.18589539E-28 0.18806831E-28     0.00000000     0.00000000
     0.83277        77.  4.8457537      4.2930250         0.00000000     0.00000000
     0.00000 ********** 0.19431484E-07 0.17541366E-07     0.00000000     0.00000000
     0.00000 ********** 0.33423392E-09 0.46062726E-09     0.00000000     0.00000000
     0.64891        20.  3.6213250      4.2463293         0.00000000     0.00000000
     0.46959         7.  2.9560282      5.2276244         0.00000000     0.00000000
     0.00000 ********** 0.13056167E-09 0.67662553E-12     0.00000000     0.00000000
     0.00000 ********** 0.10916986E-28 0.13995990E-28     0.00000000     0.00000000
     0.00179     10291. 0.73396927E-02 0.10600197E-01     0.00000000     0.00000000
     0.00000 ********** 0.16278599E-28 0.15005194E-28     0.00000000     0.00000000
     0.00000 221577216. 0.18031000E-05 0.17085049E-05     0.00000000     0.00000000
     0.00000  55906620. 0.90525209E-05 0.89047981E-05     0.00000000     0.00000000
     0.00000 ********** 0.11742241E-09 0.14377641E-09     0.00000000     0.00000000
     0.96813       128.  4.2057896      4.7861857         0.00000000     0.00000000
     0.00000 ********** 0.92952975E-20 0.93527171E-20     0.00000000     0.00000000
     0.00000 ********** 0.41177229E-19 0.46380605E-19     0.00000000     0.00000000
     0.00000 ********** 0.16823209E-21 0.18492959E-21     0.00000000     0.00000000
     0.00000 ********** 0.11341177E-19 0.12982687E-19     0.00000000     0.00000000
     0.00000 ********** 0.51924350E-30 0.56468172E-30     0.00000000     0.00000000
     0.00000 ********** 0.90414923E-26 0.81123813E-26     0.00000000     0.00000000
     0.00000 ********** 0.53436025E-20 0.49265056E-20     0.00000000     0.00000000
     0.00000 ********** 0.12301968E-14 0.12979758E-14     0.00000000     0.00000000
     0.00000 ********** 0.20643031E-19 0.20825151E-19     0.00000000     0.00000000
     0.00000 ********** 0.19013193E-07 0.17619488E-07     0.00000000     0.00000000
     0.00000 ********** 0.33174504E-28 0.39801840E-28     0.00000000     0.00000000
     0.00000 ********** 0.80857879E-25 0.70825202E-25     0.00000000     0.00000000
     0.00000 ********** 0.21802136E-27 0.74875516E-28     0.00000000     0.00000000
     0.00000 **********     0.00000000     0.00000000     0.00000000     0.00000000
     0.92853        13.  2.4307222      4.3342438         0.00000000     0.00000000
     0.00000 ********** 0.26155217E-26 0.25530921E-26     0.00000000     0.00000000
     0.00000 ********** 0.65899123E-25 0.67344809E-25     0.00000000     0.00000000
     0.00000 ********** 0.42355002E-24 0.39063699E-24     0.00000000     0.00000000
     0.00000 ********** 0.17518984E-11 0.18068639E-11     0.00000000     0.00000000
     0.00000 ********** 0.70179793E-26 0.64557865E-26     0.00000000     0.00000000
     0.00000 ********** 0.10001051E-25 0.96008671E-26     0.00000000     0.00000000
     0.00000 ********** 0.59585276E-09 0.59369465E-09     0.00000000     0.00000000
     0.00000 ********** 0.73797962E-24 0.75557423E-24     0.00000000     0.00000000
     0.00000 ********** 0.95078673E-19 0.95078666E-19     0.00000000     0.00000000
     0.00000 ********** 0.47518157E-28 0.46411589E-28     0.00000000     0.00000000
     0.00000 ********** 0.29472952E-14 0.29580078E-14     0.00000000     0.00000000
     0.17975       971. 0.63777834     0.66436183         0.00000000     0.00000000
     0.00000 ********** 0.19180534E-14 0.20850840E-14     0.00000000     0.00000000
     0.00000 ********** 0.56760168E-29 0.55033550E-29     0.00000000     0.00000000
     0.93428        90.  4.8961725      5.3086977         0.00000000     0.00000000
     0.00000 ********** 0.16266606E-25 0.15917412E-25     0.00000000     0.00000000
     0.00000 ********** 0.97666052E-29 0.10005421E-28     0.00000000     0.00000000
     0.00000 ********** 0.77158023E-21 0.43271613E-21     0.00000000     0.00000000
     0.00000 **********     0.00000000     0.00000000     0.00000000     0.00000000
     0.00000 ********** 0.42577482E-32 0.12397645E-31     0.00000000     0.00000000
     0.00000 ********** 0.39609338E-15 0.45220151E-15     0.00000000     0.00000000
     0.00000 ********** 0.62471266E-30 0.52069303E-30     0.00000000     0.00000000
     1.34834        58.  4.9631410      5.3557277         0.00000000     0.00000000
     0.00000 ********** 0.24788109E-07 0.24571339E-07     0.00000000     0.00000000
     0.00000 ********** 0.77613195E-28 0.73560310E-28     0.00000000     0.00000000
     0.00755     10351. 0.33355672E-01 0.36179699E-01     0.00000000     0.00000000
     0.00000 ********** 0.27122242E-28 0.30228554E-28     0.00000000     0.00000000
     1.13090       141.  4.7405777      4.3591151         0.00000000     0.00000000
     0.00000 230855520. 0.39555453E-05 0.34554109E-05     0.00000000     0.00000000
     0.00000 ********** 0.11558781E-25 0.10515123E-25     0.00000000     0.00000000
     0.00000 ********** 0.10330930E-28 0.91719149E-29     0.00000000     0.00000000
     0.00000  54873216. 0.12241057E-04 0.12165903E-04     0.00000000     0.00000000
     0.00000 ********** 0.13487504E-27 0.11851945E-27     0.00000000     0.00000000
     0.00000 ********** 0.17496210E-14 0.14289182E-14     0.00000000     0.00000000
     0.00000 ********** 0.25093559E-14 0.25509839E-14     0.00000000     0.00000000
     0.00000 ********** 0.32695965E-24 0.34506263E-24     0.00000000     0.00000000
     0.00000 ********** 0.42296334E-26 0.45885793E-26     0.00000000     0.00000000
     0.00000 ********** 0.10478528E-09 0.72554449E-10     0.00000000     0.00000000
     0.00000 ********** 0.56124544E-25 0.43777614E-25     0.00000000     0.00000000
     0.00000 ********** 0.56633527E-24 0.10928006E-21     0.00000000     0.00000000
     0.00000 ********** 0.20257014E-29 0.11454592E-29     0.00000000     0.00000000
     0.64889        20.  4.2461720      3.6211905         0.00000000     0.00000000
     0.00000 ********** 0.13144993E-26 0.95380852E-27     0.00000000     0.00000000
     0.00000 ********** 0.34596740E-25 0.38324610E-25     0.00000000     0.00000000
     0.00000 ********** 0.29304119E-24 0.33077051E-24     0.00000000     0.00000000
     0.00000 231159376. 0.14788410E-05 0.14617552E-05     0.00000000     0.00000000
     0.00000 ********** 0.57360314E-26 0.55961854E-26     0.00000000     0.00000000
     0.00000 ********** 0.66328787E-29 0.59585940E-29     0.00000000     0.00000000
     0.00000  54873216. 0.11085236E-04 0.93808585E-05     0.00000000     0.00000000
     0.00000 ********** 0.15031219E-27 0.13454938E-27     0.00000000     0.00000000
     0.00000 ********** 0.20826378E-14 0.24197294E-14     0.00000000     0.00000000
     0.00000 ********** 0.32965752E-14 0.33228457E-14     0.00000000     0.00000000
     0.00000 ********** 0.65660058E-24 0.58970809E-24     0.00000000     0.00000000
     0.00000 ********** 0.70374543E-26 0.61409528E-26     0.00000000     0.00000000
     0.00000 ********** 0.46457246E-09 0.43019974E-09     0.00000000     0.00000000
     0.00000 ********** 0.38747558E-24 0.34997015E-24     0.00000000     0.00000000
     0.00000 ********** 0.18963456E-19 0.19476583E-19     0.00000000     0.00000000
     0.00000 ********** 0.12705741E-28 0.10576875E-28     0.00000000     0.00000000
     0.00000 ********** 0.12669747E-10 0.10829337E-10     0.00000000     0.00000000
     0.06420       216. 0.28653494     0.29454240         0.00000000     0.00000000
     0.00000 **********     0.00000000     0.00000000     0.00000000     0.00000000
     0.00000 **********     0.00000000     0.00000000     0.00000000     0.00000000
     0.00000 ********** 0.13810178E-30 0.16039088E-30     0.00000000     0.00000000
     0.00000 ********** 0.12130539E-19 0.19346451E-19     0.00000000     0.00000000
     0.02956       890. 0.15002021     0.16396609         0.00000000     0.00000000
     0.75525        57.  4.6591115      4.7394652         0.00000000     0.00000000
     0.00000 ********** 0.44714431E-20 0.48398770E-20     0.00000000     0.00000000
     0.00000 ********** 0.48906759E-20 0.41122775E-20     0.00000000     0.00000000
     0.00000 ********** 0.20633506E-22 0.19735329E-22     0.00000000     0.00000000
     0.00000 ********** 0.61872311E-28 0.69027008E-28     0.00000000     0.00000000
     0.00000 ********** 0.32928723E-28 0.34147559E-28     0.00000000     0.00000000
     1.29518       131.  5.0511174      5.4113445         0.00000000     0.00000000
     0.00000 ********** 0.91556302E-29 0.84364135E-29     0.00000000     0.00000000
     0.00000 ********** 0.26208927E-25 0.23003588E-25     0.00000000     0.00000000
     0.00000 ********** 0.14628237E-17 0.15589990E-17     0.00000000     0.00000000
     0.00000 ********** 0.71698664E-09 0.70303224E-09     0.00000000     0.00000000
     0.00009    865654. 0.32426964E-03 0.37489773E-03     0.00000000     0.00000000
     0.65110        61.  3.6777112      3.3750303         0.00000000     0.00000000
     0.19905       237.  1.0682601     0.92302018         0.00000000     0.00000000
     0.00000 ********** 0.28531383E-26 0.29320051E-26     0.00000000     0.00000000
     0.00000 ********** 0.18413712E-09 0.18428242E-09     0.00000000     0.00000000
     0.00000  53548320. 0.18674721E-09 0.86966310E-07     0.00000000     0.00000000
     0.00000 ********** 0.18402284E-16 0.33037038E-16     0.00000000     0.00000000
     0.00000 ********** 0.50119643E-23 0.30838707E-23     0.00000000     0.00000000
     0.21790        28.  4.1122789      4.5788856         0.00000000     0.00000000
     0.00000 ********** 0.35620691E-20 0.32223887E-20     0.00000000     0.00000000
     0.00000 ********** 0.14205832E-22 0.13536388E-22     0.00000000     0.00000000
     0.00000 ********** 0.12186502E-22 0.11662482E-22     0.00000000     0.00000000
     0.00000 ********** 0.10493608E-17 0.11219774E-17     0.00000000     0.00000000
     0.00000 ********** 0.56029612E-20 0.52825172E-20     0.00000000     0.00000000
     0.00000 ********** 0.81503554E-09 0.78406726E-09     0.00000000     0.00000000
     0.00000  56176928. 0.97916491E-05 0.10344452E-04     0.00000000     0.00000000
     0.00000 ********** 0.98039366E-09 0.10152046E-08     0.00000000     0.00000000
     0.03381      3504. 0.13920310     0.13601220         0.00000000     0.00000000
     0.00018    861375. 0.67464716E-03 0.62805845E-03     0.00000000     0.00000000
     0.24344       274.  1.3490690      1.3330342         0.00000000     0.00000000
     0.00000 ********** 0.91492359E-13 0.75306860E-13     0.00000000     0.00000000
     0.00000 206914864. 0.10952303E-05 0.10874101E-05     0.00000000     0.00000000
     0.00000 ********** 0.68943233E-10 0.91014418E-10     0.00000000     0.00000000
     0.00000 ********** 0.10787418E-14 0.10511627E-14     0.00000000     0.00000000
     0.04070       856. 0.13197455     0.16504371         0.00000000     0.00000000
     0.69154        12.  2.8605919      2.1400833         0.00000000     0.00000000
     0.00000 ********** 0.72592691E-12 0.11965454E-09     0.00000000     0.00000000
     0.00000 **********     0.00000000     0.00000000     0.00000000     0.00000000
     0.00000 ********** 0.57509178E-29 0.59809420E-29     0.00000000     0.00000000
     0.00000 ********** 0.15546739E-20 0.88552401E-21     0.00000000     0.00000000
     0.00000 ********** 0.47483561E-15 0.36773824E-15     0.00000000     0.00000000
     0.01649       993. 0.13362315     0.12203999         0.00000000     0.00000000
     0.00000 ********** 0.10025127E-14 0.99858546E-15     0.00000000     0.00000000
     0.00000 ********** 0.65203851E-18 0.71730228E-18     0.00000000     0.00000000
     0.00000 ********** 0.35547655E-20 0.32174553E-20     0.00000000     0.00000000
     0.00000 ********** 0.16800111E-09 0.13933195E-09     0.00000000     0.00000000
     0.95380        84.  4.3713036      4.5947628         0.00000000     0.00000000
     0.00000 ********** 0.96139823E-28 0.89483809E-28     0.00000000     0.00000000
     1.19177        81.  5.3161216      4.0964804         0.00000000     0.00000000
     0.00000 ********** 0.28673289E-24 0.31179496E-24     0.00000000     0.00000000
     0.00000 ********** 0.16024534E-09 0.15117842E-09     0.00000000     0.00000000
     0.29232       247.  1.0269063      1.0687659         0.00000000     0.00000000
     0.00000 ********** 0.14634618E-28 0.18571565E-28     0.00000000     0.00000000
     0.00000 ********** 0.13620575E-14 0.85683989E-15     0.00000000     0.00000000
     0.00000 ********** 0.16344209E-31 0.13024880E-31     0.00000000     0.00000000
     0.00000 ********** 0.49132818E-27 0.37215799E-27     0.00000000     0.00000000
     0.00000 ********** 0.94831126E-31 0.94315642E-31     0.00000000     0.00000000
     0.00000 **********     0.00000000     0.00000000     0.00000000     0.00000000
     0.00000 ********** 0.20817560E-16 0.12967577E-16     0.00000000     0.00000000
     0.00000 ********** 0.56557437E-28 0.23195041E-28     0.00000000     0.00000000
     0.00000 ********** 0.15227885E-08 0.16057220E-08     0.00000000     0.00000000
     0.42309        27.  2.5158792      2.2958434         0.00000000     0.00000000
     0.00000  58543368. 0.26160114E-05 0.22976435E-05     0.00000000     0.00000000
     0.00000 827380288. 0.20705933E-06 0.20846396E-06     0.00000000     0.00000000
     0.13012       231. 0.82708955     0.85414881         0.00000000     0.00000000
     0.00000 ********** 0.60826206E-28 0.48490589E-28     0.00000000     0.00000000
     0.00000 ********** 0.13179665E-17 0.96501227E-18     0.00000000     0.00000000
     0.00000 ********** 0.33056327E-29 0.34295618E-29     0.00000000     0.00000000
     0.00000 ********** 0.52941095E-26 0.49191544E-26     0.00000000     0.00000000
     1.04038        70.  4.9062586      5.4373174         0.00000000     0.00000000
     0.00000 ********** 0.15142532E-28 0.14558135E-28     0.00000000     0.00000000
     0.23440       255. 0.95883191     0.79223365         0.00000000     0.00000000
     0.00000 ********** 0.77227451E-27 0.69667256E-27     0.00000000     0.00000000
     0.00000 ********** 0.45609970E-11 0.37189717E-11     0.00000000     0.00000000
     0.00000 ********** 0.26018341E-26 0.23447163E-26     0.00000000     0.00000000
     0.00000 ********** 0.58689536E-15 0.38957901E-15     0.00000000     0.00000000
     0.00000 ********** 0.89458382E-21 0.86801539E-21     0.00000000     0.00000000
     0.00000 ********** 0.76766088E-13 0.22584754E-12     0.00000000     0.00000000
     0.00000 **********     0.00000000     0.00000000     0.00000000     0.00000000
     0.00000 ********** 0.60561773E-11 0.38007965E-11     0.00000000     0.00000000
     0.00000 **********     0.00000000     0.00000000     0.00000000     0.00000000
     0.00000 844124992. 0.16748704E-07 0.10155961E-07     0.00000000     0.00000000
     0.29993        12.  4.9451580      5.0202913         0.00000000     0.00000000
     0.00000 ********** 0.57414218E-09 0.55016397E-09     0.00000000     0.00000000
     0.43540        39.  3.0546594      2.6238899         0.00000000     0.00000000
     0.00000 ********** 0.59762506E-09 0.52602550E-09     0.00000000     0.00000000
     0.00005    840760. 0.18817310E-03 0.15445669E-03     0.00000000     0.00000000
     0.00000 ********** 0.90154378E-09 0.74586143E-09     0.00000000     0.00000000
     0.00000  52762940. 0.44197736E-05 0.28675711E-05     0.00000000     0.00000000
     0.00000 ********** 0.18203897E-13 0.18197710E-13     0.00000000     0.00000000
     0.01441      3443. 0.80902323E-01 0.82824141E-01     0.00000000     0.00000000
     0.00000 202695968. 0.10583414E-05 0.11143488E-05     0.00000000     0.00000000
     0.00000 ********** 0.35527020E-20 0.30251443E-20     0.00000000     0.00000000
     0.87012        38.  3.1908336      4.1486745         0.00000000     0.00000000
     0.00000 ********** 0.48831611E-09 0.25596497E-09     0.00000000     0.00000000
     0.00243     13294. 0.90656690E-02 0.66655865E-02     0.00000000     0.00000000
     0.70774        18.  4.5424490      5.9136081         0.00000000     0.00000000
     0.00000 ********** 0.30024993E-11 0.49330631E-11     0.00000000     0.00000000
     0.00000 ********** 0.63490476E-30 0.12604264E-29     0.00000000     0.00000000
  -999.00000         0. -999.00000     -999.00000     -999.00000     -999.00000    
     0.00000 **********     0.00000000     0.00000000     0.00000000     0.00000000
     0.00000    216386. 0.25604228E-04 0.23549566E-04     0.00000000     0.00000000
  -999.00000         0. -999.00000     -999.00000     -999.00000     -999.00000    
     0.00000 ********** 0.12041183E-15 0.89436641E-16     0.00000000     0.00000000
     0.00000 ********** 0.40363555E-11 0.29969887E-11     0.00000000     0.00000000
     0.00000 ********** 0.40635185E-29 0.34451411E-29     0.00000000     0.00000000
     0.86604        19.  5.6358304      4.1692615         0.00000000     0.00000000
     0.38797        25.  1.8703755      1.6828433         0.00000000     0.00000000
     0.00000 ********** 0.36476672E-18 0.20326964E-18     0.00000000     0.00000000
     0.00000 ********** 0.65438721E-09 0.51956678E-09     0.00000000     0.00000000
     0.00000 ********** 0.10952849E-22 0.99180618E-23     0.00000000     0.00000000
     0.00000 ********** 0.10901079E-25 0.99782646E-26     0.00000000     0.00000000
     0.00000 ********** 0.10281364E-25 0.75315971E-26     0.00000000     0.00000000
     0.00000 ********** 0.70869477E-17 0.65456651E-17     0.00000000     0.00000000
     0.00000 ********** 0.34082819E-30 0.20170171E-30     0.00000000     0.00000000
     0.00000 ********** 0.26382813E-15 0.31162999E-15     0.00000000     0.00000000
     0.00000 ********** 0.15128424E-29 0.15362895E-29     0.00000000     0.00000000
     0.00000 ********** 0.12093816E-27 0.17702192E-27     0.00000000     0.00000000
     0.00000 ********** 0.54796043E-19 0.16748812E-18     0.00000000     0.00000000
     0.00000 **********     0.00000000     0.00000000     0.00000000     0.00000000
     0.00000 **********     0.00000000     0.00000000     0.00000000     0.00000000
     0.00000 **********     0.00000000     0.00000000     0.00000000     0.00000000
     0.00000 **********     0.00000000     0.00000000     0.00000000     0.00000000
     0.00000 ********** 0.38465135E-26 0.35669089E-26     0.00000000     0.00000000
     0.00000 **********     0.00000000     0.00000000     0.00000000     0.00000000
     0.69016         5.  2.6952307     0.68003875         0.00000000     0.00000000
     0.00000 ********** 0.79427676E-16 0.77806580E-16     0.00000000     0.00000000
     0.00000 ********** 0.66983738E-29 0.58179947E-29     0.00000000     0.00000000
     0.00000 ********** 0.22363700E-23 0.13106197E-23     0.00000000     0.00000000
     1.28674        14.  5.4503989      3.8065856         0.00000000     0.00000000
     1.33090        10.  7.8040991      4.6054902         0.00000000     0.00000000
     0.01989       844. 0.10965437     0.62495120E-01     0.00000000     0.00000000
     0.07102       199. 0.23712499     0.11832397         0.00000000     0.00000000
     0.00001    882129. 0.59337937E-04 0.53164469E-04     0.00000000     0.00000000
     0.00000 ********** 0.36773473E-12 0.23308029E-12     0.00000000     0.00000000
     1.78534        10.  6.4182467      3.9183271         0.00000000     0.00000000
     0.00000 ********** 0.10814089E-07 0.62239200E-08     0.00000000     0.00000000
     0.00000 ********** 0.10110406E-28 0.10307611E-28     0.00000000     0.00000000
     0.00075     10274. 0.24278434E-02 0.40769121E-02     0.00000000     0.00000000
     0.00000 ********** 0.45044234E-30 0.33292438E-30     0.00000000     0.00000000
     0.00000 **********     0.00000000     0.00000000     0.00000000     0.00000000
  -999.00000         0. -999.00000     -999.00000     -999.00000     -999.00000    
  -999.00000         0. -999.00000     -999.00000     -999.00000     -999.00000    
  -999.00000         0. -999.00000     -999.00000     -999.00000     -999.00000    
     0.00000 **********     0.00000000     0.00000000     0.00000000     0.00000000
     0.00000 **********     0.00000000     0.00000000     0.00000000     0.00000000
  -999.00000         0. -999.00000     -999.00000     -999.00000     -999.00000    
     0.00000 **********     0.00000000     0.00000000     0.00000000     0.00000000
     0.00000 ********** 0.13909992E-29 0.15506174E-29     0.00000000     0.00000000
     0.00000 ********** 0.59866274E-34 0.12830045E-36     0.00000000     0.00000000
     0.00000 ********** 0.25714524E-34 0.47373585E-34     0.00000000     0.00000000
     0.00000 ********** 0.57014142E-27 0.19934355E-27     0.00000000     0.00000000
     0.00000 ********** 0.61148042E-09 0.30508426E-11     0.00000000     0.00000000
     0.00000 ********** 0.75833985E-18 0.71806366E-21     0.00000000     0.00000000
  -999.00000         0. -999.00000     -999.00000     -999.00000     -999.00000    
     0.00000 ********** 0.13561607E-09 0.67662553E-12     0.00000000     0.00000000
     0.00000 **********     0.00000000     0.00000000     0.00000000     0.00000000
     0.00017     10268. 0.19519213E-03 0.71174081E-03     0.00000000     0.00000000
     0.00000 **********     0.00000000     0.00000000     0.00000000     0.00000000
     0.00000 **********     0.00000000     0.00000000     0.00000000     0.00000000
     0.00000 **********     0.00000000     0.00000000     0.00000000     0.00000000
     0.00000 **********     0.00000000     0.00000000     0.00000000     0.00000000
     0.00000 **********     0.00000000     0.00000000     0.00000000     0.00000000
