With Rotated Coordinates:Clustered 140 primary and secondary data
 7
Xlocation                               
Ylocation                               
Primary                                 
Secondary                               
Declustering Weight                     
Rotated X
Rotated Y
39.5 18.5   .06   .22 1.619     24.95800     35.77147
 5.5  1.5   .06   .27 1.619      4.01314      4.04904
38.5  5.5   .08   .40 1.416     30.59198     24.01314
20.5  1.5   .09   .39 1.821     17.00352     11.54904
27.5 14.5   .09   .24 1.349     16.56570     26.30737
40.5 21.5   .10   .48  .944     24.32403     38.86954
15.5  3.5   .10   .21 1.214     11.67339     10.78109
 6.5 25.5   .11   .36 1.619     -7.12083     25.33365
38.5 21.5   .11   .22 1.146     22.59198     37.86954
23.5 18.5   .16   .30 1.821     11.10160     27.77147
  .5 25.5   .16   .31 1.349    -12.31699     22.33365
 9.5 19.5   .17   .30 1.012     -1.52276     21.63750
36.5 43.5   .18  1.60  .944      9.85993     55.92210
21.5  5.5   .19   .59 1.416     15.86954     15.51314
13.5  3.5   .19   .18 1.146      9.94134      9.78109
40.5  7.5   .19   .75 1.012     31.32403     26.74519
31.5 17.5   .22   .44 1.619     18.52980     30.90545
46.5 40.5   .24   .58 1.821     20.02018     58.32403
10.5  7.5   .26   .54 1.281      5.34327     11.74519
28.5 11.5   .28   .62 1.551     18.93172     24.20929
 8.5  7.5   .28   .97 1.281      3.61122     10.74519
47.5   .5   .31  2.88 2.023     40.88621     24.18301
 4.5 37.5   .32   .35  .944    -14.85289     34.72595
14.5 21.5   .33   .48 1.619      1.80737     25.86954
22.5 48.5   .34   .48 2.023     -4.76443     53.25223
18.5  6.5   .34   .23 1.619     12.77147     14.87917
 3.5 38.5   .34   .51  .944    -16.21891     35.09198
11.5 46.5   .40   .47 1.079    -13.29071     46.02018
31.5 26.5   .45   .74 1.619     14.02980     38.69967
14.5 29.5   .46  2.52 1.025     -2.19263     32.79775
14.5 43.5   .51  1.21 1.079     -9.19263     44.92210
38.5 28.5   .57  5.55 1.083     19.09198     43.93172
45.5 14.5   .62  2.30 1.281     32.15416     35.30737
 4.5 30.5   .65  1.06 1.416    -11.35289     28.66377
 6.5 41.5   .67   .43 1.821    -15.12083     39.19005
 7.5 12.5   .71  2.07 1.551      0.24519     14.57532
26.5 23.5   .79  1.40 1.281     11.19967     33.60160
 8.5 45.5   .81   .80 1.821    -15.38878     43.65416
14.5 46.5   .83   .72 1.079    -10.69263     47.52018
13.5 24.5   .84   .60 1.012     -0.55866     27.96762
26.5  1.5   .89  1.01 1.619     22.19967     14.54904
33.5  7.5   .92   .99 1.619     25.26185     23.24519
45.5 22.5   .93  1.29 1.416     28.15416     42.23557
48.5 25.5   .94  1.06 1.619     29.25223     46.33365
35.5 10.5   .96   .66 1.214     25.49390     26.84327
34.5 14.5   .99   .52 1.214     22.62788     29.80737
13.5 39.5   .99  1.53 1.821     -8.05866     40.95800
 7.5 18.5  1.01   .67 1.214     -2.75481     19.77147
15.5 27.5  1.02   .66 1.146     -0.32661     31.56570
 3.5 33.5  1.10  1.09 1.146    -13.71891     30.76185
11.5 15.5  1.11   .42 1.315      2.20929     19.17339
22.5 30.5  1.21  2.16 1.416      4.23557     37.66377
45.5 29.5  1.21  2.07 1.619     24.65416     48.29775
13.5 12.5  1.27   .61 1.517      5.44134     17.57532
22.5 11.5  1.34  2.15 1.821     13.73557     21.20929
17.5 34.5  1.36  2.58 1.619     -2.09456     38.62788
39.5 43.5  1.37  1.45 1.146     12.45800     57.42210
 3.5 23.5  1.38   .99  .944     -8.71891     22.10160
30.5 22.5  1.38  1.37 1.416     15.16377     34.73557
46.5 13.5  1.66  4.68 1.079     33.52018     34.94134
30.5  9.5  1.70  1.30 1.349     21.66377     23.47724
27.5 32.5  1.71  3.61  .944      7.56570     41.89582
12.5 34.5  1.78  6.25 1.497     -6.42468     36.12788
25.5  4.5  1.81  1.37 1.416     19.83365     16.64711
27.5 34.5  1.82  4.73 1.146      6.56570     43.62788
45.5  6.5  1.89  1.89 2.023     36.15416     28.37917
 3.5 47.5  1.96  3.47 2.023    -20.71891     42.88621
33.5 31.5  1.98  4.96  .571     13.26185     44.02980
41.5 26.5  2.13  1.80 1.281     22.69005     43.69967
19.5 20.5  2.17  1.41 1.416      6.63750     27.50352
  .5 41.5  2.33  1.98 1.619    -20.31699     36.19005
 5.5 22.5  2.34  1.25  .944     -6.48686     22.23557
43.5 10.5  2.47  1.80  .877     32.42210     30.84327
41.5 45.5  2.75  2.65 1.619     13.19005     60.15416
28.5 42.5  2.76  7.66  .573      3.43172     51.05608
21.5 34.5  2.84  3.66 1.416      1.36954     40.62788
16.5 13.5  2.99  2.74  .870      7.53942     19.94134
23.5 24.5  3.04  1.66 1.079      8.10160     32.96762
 2.5  1.5  3.33  1.89 1.619      1.41506      2.54904
47.5 44.5  3.35  2.94 1.821     18.88621     62.28813
39.5 38.5  3.51   .87  .958     14.95800     53.09198
46.5 34.5  3.81  4.44 2.023     23.02018     53.12788
35.5 45.5  4.60  4.70  .787      7.99390     57.15416
25.5 25.5  4.89  2.10 1.281      9.33365     34.83365
28.5 44.5  5.05  5.18  .587      2.43172     52.78813
19.5 42.5  5.15  2.19 2.023     -4.36250     46.55608
38.5 36.5  5.31  3.29  .347     15.09198     50.85992
 2.5  9.5  6.26 17.02  .292     -2.58494      9.47724
32.5 36.5  6.41  2.45  .348      9.89582     47.85992
  .5  8.5  6.49 14.95  .328     -3.81699      7.61122
31.5 45.5  7.53 10.21  .306      4.52980     55.15416
 9.5 29.5  8.03  5.21  .445     -6.52276     30.29775
39.5 31.5  8.34  8.02  .341     18.45800     47.02980
17.5 15.5  9.08  3.32  .445      7.40544     22.17339
 2.5 14.5 10.27  5.67  .429     -5.08494     13.80737
30.5 41.5 17.19 10.10  .360      5.66377     51.19005
35.5 32.5 18.76 10.76  .261     14.49390     45.89582
37.5 36.5  3.64  3.86  .311     14.22595     50.35992
38.5 35.5  3.59  4.99  .324     15.59198     49.99390
38.5 37.5  9.08  1.68  .499     14.59198     51.72595
39.5 36.5  2.22  3.23  .482     15.95800     51.35992
 1.5  9.5  7.56 19.74  .272     -3.45096      8.97724
 2.5  8.5  8.90 12.32  .348     -2.08494      8.61122
 2.5 10.5  2.55 15.91  .309     -3.08494     10.34327
 3.5  9.5  7.92 12.01  .444     -1.71891      9.97724
31.5 36.5  4.29  2.49  .438      9.02980     47.35992
32.5 35.5  2.33  2.30  .335     10.39582     46.99390
32.5 37.5  3.21  2.75  .510      9.39582     48.72595
33.5 36.5  7.71  2.82  .315     10.76185     48.35992
  .5  7.5 12.74 14.04  .682     -3.31699      6.74519
  .5  9.5 15.77 22.46  .272     -4.31699      8.47724
 1.5  8.5 20.35 14.09  .328     -2.95096      8.11122
30.5 45.5  5.54  9.00  .339      3.66377     54.65416
31.5 44.5  5.38  9.08  .306      5.02980     54.28813
31.5 46.5 15.77 11.87  .665      4.02980     56.02018
32.5 45.5 10.20  9.61  .360      5.39582     55.65416
 8.5 29.5  9.01  4.38  .566     -7.38878     29.79775
 9.5 28.5  9.27  4.40  .769     -6.02276     29.43172
 9.5 30.5  3.56  5.84  .546     -7.02276     31.16377
10.5 29.5  2.52  6.19  .479     -5.65673     30.79775
38.5 31.5 18.64 11.79  .298     17.59198     46.52980
39.5 30.5  7.94  7.09  .425     18.95800     46.16377
39.5 32.5  2.28  9.32  .341     17.95800     47.89582
40.5 31.5  2.51  4.96  .493     19.32403     47.52980
16.5 15.5 19.44  3.60  .445      6.53942     21.67339
17.5 14.5  2.96  3.17  .546      7.90544     21.30737
17.5 16.5  2.97  3.62  .566      6.90544     23.03942
18.5 15.5  4.92  2.86  .769      8.27147     22.67339
 1.5 14.5  5.54  5.92  .733     -5.95096     13.30737
 2.5 13.5  8.71 11.72  .345     -4.58494     12.94134
 2.5 15.5  2.74  4.07  .789     -5.58494     14.67339
 3.5 14.5  3.61  5.03  .497     -4.21891     14.30737
29.5 41.5 58.32 10.26  .450      4.79775     50.69005
30.5 40.5 11.08  9.31  .396      6.16377     50.32403
30.5 42.5 21.08 10.26  .326      5.16377     52.05608
31.5 41.5 22.75  8.21  .427      6.52980     51.69005
34.5 32.5  9.42  6.76  .413     13.62788     45.39582
35.5 31.5  8.48 12.78  .419     14.99390     45.02980
35.5 33.5  2.82  9.21  .271     13.99390     46.76185
36.5 32.5  5.26 12.40  .252     15.35993     46.39582
