SISIM_LM SIMULATIONSSynthetic point data – 140 samples                          
1
Simulated Value
 15.3955
 14.8250
 10.1607
 14.6908
 18.5754
 19.1110
 10.7692
 19.1802
 14.1850
 12.0955
 12.8954
 15.9683
 19.0861
 12.5885
 16.3346
 17.8878
 13.4460
 12.6255
 17.8464
  2.0043
 12.1260
 12.2837
 17.4603
 16.4332
 18.7016
 15.0237
 13.8997
 14.1115
 14.9885
 17.9192
 17.5184
 14.5525
 10.3692
 17.2161
 18.9286
 15.8006
 10.6337
 17.6835
 13.1144
 12.6840
 16.8843
 16.2699
 17.6078
 13.8871
 17.7545
 19.8656
 18.9028
 19.3882
 16.4418
 15.1599
 19.8191
 14.0865
 17.8723
 17.6281
 13.1209
 14.4278
 18.9716
 14.6415
 11.3533
 12.1245
 13.3650
 16.9968
 10.3885
 14.7476
 14.8194
 16.7604
 10.5609
 11.0449
 14.3716
 11.1112
 16.4174
 18.6004
 18.1551
 12.8581
 11.4668
 18.1435
 15.7149
 15.8906
 18.3910
 16.5356
  1.9587
  4.6661
 13.9421
 16.8992
 11.2107
 16.4951
 11.7276
 18.2984
 15.9276
 15.8170
 18.7377
 12.5443
 10.6476
 13.9225
 15.6922
 15.4101
 10.0217
 13.4893
 16.9960
 12.9788
 15.1266
 14.0604
 18.4566
 15.2413
 13.2641
 18.4574
 13.3543
 16.0609
 12.4636
 14.9858
 19.0604
 13.6369
 12.7230
 13.4772
 14.0355
 17.9379
 16.4729
 17.1683
 16.1425
 13.5781
 16.5449
 18.9317
 13.5767
 17.1849
 18.1419
 11.2661
 15.6480
 14.4816
 19.2307
 18.5100
 18.7775
 15.0526
 18.7646
 19.8672
 15.0798
  5.3433
 17.3118
 19.0738
 13.7037
 11.6963
 13.5132
 10.0444
 10.6177
 12.3689
 12.7829
 10.5732
 10.0144
 17.7697
 10.4250
 19.7433
 14.6794
 14.1652
 13.6885
 11.8894
 15.9852
 10.2176
 11.3770
 17.4468
 15.8086
  8.1876
 14.0800
 16.3728
 19.8967
 14.2490
 13.5130
 10.2372
 13.6518
 11.8849
 10.0503
 19.8642
 14.0024
 19.0539
 10.8800
 15.5663
  5.3403
 14.5569
 19.7919
 18.6590
 16.3639
 14.2249
 16.7177
 16.8429
 11.3482
 12.8451
 13.4155
 18.2832
 11.6375
 16.5631
 12.4078
 15.4098
 17.4702
 13.3643
 15.0363
 16.0244
 13.5787
 18.6623
 14.3197
 13.6493
 15.9024
 11.2727
 13.0743
 11.0425
 10.2316
 16.4008
 15.3197
 15.9885
 11.0047
 19.6491
  0.7726
 15.5487
 12.7606
 16.1224
 17.8922
 15.3367
 18.7404
 13.1479
 15.7347
 15.0542
 11.4927
 16.1028
  4.3157
 17.0890
 14.3390
 13.4294
 10.4346
 12.6170
 19.0661
 10.0774
 10.5268
 17.9778
 12.0544
 13.4896
 15.5596
 14.7294
 17.4855
 13.7671
 15.2779
 12.2878
 17.2669
 14.9494
 13.2776
 16.1472
 10.6949
 11.5942
 17.1066
 10.5501
 18.0427
 17.5500
 14.0271
  5.5404
 10.3828
 18.5686
 10.3319
 11.4359
 16.6476
 14.7448
  2.7403
 12.2618
 10.7641
  2.1419
 11.2014
  4.2545
 18.9496
 10.3453
 11.3583
 15.1277
  9.7765
 10.6935
 19.8286
 12.5338
 13.9136
 15.0865
 12.7213
 14.0589
 13.5382
 12.2548
 15.0888
 18.4783
 16.7574
 12.8772
 10.6654
  1.9743
 10.7490
 18.6251
 14.7352
 14.8879
 19.7113
 17.6969
 16.3446
 18.8248
  9.1339
 12.7787
 12.9438
 13.4629
 15.5867
 10.8496
 12.2892
 13.0939
 16.4453
 17.5814
 15.7553
 19.4980
 19.8642
 17.6328
 12.0810
 15.4659
 16.7346
 10.5960
 17.9777
 16.5045
 18.0027
 14.0745
  5.5344
 14.3726
  0.0100
 14.3803
 14.8264
 12.4339
 19.1038
 18.6679
 10.6280
 11.0287
 16.1773
 11.7637
 18.4957
 19.2724
 14.8485
 16.0194
 11.6948
 10.2143
 19.9186
 14.2400
 18.7272
 16.7410
 15.8053
 17.4356
 18.8827
 16.1854
 13.7795
 18.4564
 11.2151
 17.7627
 19.5402
 19.7397
 11.5006
 13.6004
 16.9717
 14.4615
 17.6197
 17.3797
 16.4231
 18.3766
 16.6321
 18.6709
 19.3704
 12.7018
 16.6415
 13.9077
 19.9674
 19.6286
 14.8824
 14.8659
 19.6396
 19.2492
 14.0988
 15.5796
 17.9357
 11.6221
 12.5576
 14.3882
 10.4254
 16.1459
 12.4506
 16.8375
 16.0298
 15.6681
 15.6685
 13.7428
 17.6296
 19.6981
 14.6264
  4.0641
 15.4836
 11.8804
 12.5012
 15.8235
 13.3295
 15.4319
 19.9212
 19.8560
 10.6440
 15.8357
 15.0837
 12.4946
 11.4897
 14.3156
 19.2590
 17.6647
 19.5741
 11.5261
 17.3841
 15.2124
 12.4241
 10.2524
 10.8912
 15.0826
 15.4780
 18.4872
 14.0085
 11.3323
 18.6594
 18.1091
 10.6685
 14.8852
 14.8402
 12.6232
 10.9518
 14.9598
 12.9219
 16.1623
 11.0874
 11.1881
 14.8894
 11.1410
 19.5017
 18.8459
 18.7680
 14.7946
 13.2011
 15.3006
  4.7656
 17.3907
  5.5459
 12.9621
 14.8037
 16.3291
 10.3041
 18.5286
  1.1082
 13.8650
 17.9488
 13.7165
 15.9261
 15.4455
 13.6364
 10.0779
 16.9748
 14.3363
 17.1994
 18.1127
 10.2435
 18.0135
 12.0591
 19.9795
  1.2794
 10.8926
 14.7561
 18.9940
 14.5668
 13.5459
 11.5963
  8.6934
 16.6657
 12.0417
 17.0968
 16.5051
 15.8015
 16.0009
 10.5157
 18.5441
 17.8418
 12.7618
 15.4842
 10.8623
 12.7080
 14.5060
 10.0152
 17.9566
 16.1909
 19.1727
 13.8476
 15.4527
 14.6911
 16.5555
 15.9289
 19.8473
 15.9821
  5.7237
 18.8448
 18.4712
 18.7776
 15.1649
  6.2647
 10.4444
 10.8032
 14.6577
 14.3746
 13.6972
 19.1155
 16.0922
 18.3415
 19.7643
 19.6352
 10.6337
 13.0770
 10.3135
 14.2990
 17.1067
 16.6202
 10.0898
 17.5512
 13.8567
 13.9239
 15.0678
 11.1495
 16.8435
 17.2860
 19.1406
  4.2497
 10.4537
 13.8632
 10.6159
  0.0100
 14.6579
 11.1851
 12.9491
 12.6817
 13.1037
 13.1355
 18.9777
 14.3448
 16.3833
 16.9190
 12.8766
 10.0283
  3.4383
 15.0779
 11.1528
 16.3856
 17.8251
 13.6447
 10.6837
 12.6049
 16.9502
  5.0041
 15.4242
 14.5547
 18.9321
 13.4065
 14.7543
 13.0320
 13.2211
 19.6427
 17.6645
 10.6384
 19.5915
 17.3335
  3.3799
 10.5610
 11.7318
 18.5295
  4.3302
 15.8896
 12.7747
 15.7548
 14.9397
 13.2484
 16.7311
 18.3741
 11.4531
 18.3043
 10.4253
 16.8682
 16.5727
 18.8366
 17.3929
 15.0135
  0.3744
 15.6084
 16.1452
 13.1713
 16.9951
 15.3661
 15.5212
 13.7642
 10.1999
 13.8897
 18.8126
  7.5589
  6.9437
 14.2530
 15.2416
  6.3537
 10.7210
 11.5318
 11.4558
 19.3696
 19.5222
 11.6275
 10.2041
 17.6435
  0.0100
  6.9190
  3.9847
 13.2391
 11.0749
 10.7040
 13.8149
 10.8231
 13.2566
 14.1360
 12.2660
 18.6869
 19.4265
 18.3645
 16.5702
 16.9687
 11.8323
 14.3384
 11.3645
 14.1640
 13.1309
 10.8727
 19.1874
 10.6168
 11.2775
 13.7662
 13.5253
  4.9553
 11.3824
 14.3576
 10.9503
 12.8040
 17.9587
 17.6755
  1.4485
 15.1697
 11.2817
 17.6062
 14.4954
 19.3529
  5.5167
 12.1509
 12.7259
 16.8080
 18.6715
 19.7669
 12.4885
 17.7014
 19.9578
 19.7499
 16.9128
 19.6239
 10.6701
 10.0379
 12.9421
 11.6637
 14.4181
 18.4430
 16.8223
 16.9499
 11.0927
 15.2708
 11.9598
 10.1293
 17.8742
 16.8973
 13.8595
 19.4121
 15.4222
 14.4539
 16.5334
 10.7088
 13.2977
 10.3596
 17.8476
 17.9590
 19.7534
  0.0100
 17.6478
 15.1420
 11.4558
 10.6773
 12.3430
 11.3583
 12.0020
 17.7564
 18.3486
 14.9340
 11.9731
  5.3339
 12.9315
 17.0790
  3.1178
 19.0269
 15.6562
 17.9036
 10.3747
 19.0714
 14.3268
 16.5914
 18.6525
 13.4035
 13.5206
  4.6418
 19.8721
 10.1665
 18.0750
 11.0960
 12.4300
 12.9985
 11.7689
 12.5651
 13.0178
 12.9343
 19.2769
 19.3966
 15.8706
 14.9111
 11.8776
 11.0243
  5.0083
 14.0400
 17.8716
 10.8233
 18.0622
 11.6376
 13.2767
 11.1804
 10.8217
 15.4835
 14.0942
 15.0957
 11.0143
 13.8876
 18.7828
 10.7638
 15.0680
 15.3186
 17.5360
 11.7264
 14.0453
 11.4231
 17.0332
 16.1733
 14.2776
 10.9562
 18.7293
 11.4234
 17.1424
 16.9404
 10.6802
 13.4932
 14.1127
 19.0428
 19.8121
  9.3082
 19.7628
 16.3761
 16.2476
 18.2081
 16.7162
 17.0838
 10.8428
 18.2963
 14.1053
 14.0127
 15.3344
 14.4062
 17.4282
 13.9004
 17.2079
 18.1019
 15.0390
 16.2275
 19.3296
 14.0007
 10.5955
  6.5053
 18.1519
 19.8836
 11.5347
 15.7000
 16.4190
  2.0394
  3.8813
  2.1796
 17.4718
 14.5427
 16.7283
  1.3273
 16.7105
 15.6246
  2.3586
 15.1011
 11.3301
 10.6209
 10.2185
 19.0419
 10.9007
 16.2708
 18.5605
 15.3572
 11.1751
 15.8117
 13.8067
 16.7085
 13.8179
 11.2922
 13.9314
  5.2065
 11.1481
 16.6488
 15.0375
 16.4000
 19.8140
 15.2580
 12.8612
 14.3894
 11.1528
 17.5673
 18.2501
 13.0739
 14.7811
 13.7826
 14.6469
 11.7290
 13.5208
 18.0682
 13.6727
 15.8129
 12.8754
 18.2719
 15.5291
 18.7140
 17.3185
  9.8988
 17.6609
 14.6807
 18.7884
 18.5902
 14.4172
 13.7054
 11.9039
 15.5254
 18.9618
 17.2914
 11.6382
 13.3187
 12.0006
 12.5452
 14.0317
 14.6660
 17.3221
 10.8474
 10.7599
 15.2657
 10.1973
 12.1760
 15.7532
 13.4153
  3.1559
 13.1265
 14.5094
 17.0104
 13.4211
 16.2753
 17.9308
 13.6479
 16.4578
 12.3610
 15.0961
 19.7549
 17.7583
 12.1121
 17.2415
 15.7456
 16.5621
 15.6903
 17.3539
 10.4760
 18.4945
 12.9267
 12.8761
 10.7895
 10.5035
 10.1459
 13.8741
 16.8102
 13.6610
 17.4395
 16.7826
 11.4528
 13.1290
 18.1067
 11.3479
 17.0056
 15.5732
 19.9402
  1.9296
 18.0650
 15.9400
 10.7910
 15.1137
 11.3863
 16.0781
 17.8003
 11.1523
 10.4280
 16.2335
 13.9187
 11.8921
 10.3322
 19.8343
 13.6992
 17.8695
 11.1938
 12.8643
 13.6083
 19.0022
 10.1751
  2.2610
 17.4500
 12.2575
 13.2043
 16.4971
 10.9034
 19.4358
 10.2721
 17.2328
 12.9521
 10.9722
 16.7212
 10.0806
 19.0617
 16.5722
 13.5420
 14.6902
 11.7974
 18.8868
 18.0273
 13.9864
 17.0012
 17.9729
 19.0408
 17.3203
 10.0491
 14.6314
 17.8280
 15.1491
 18.1065
 18.7994
 18.9932
 19.5385
 11.7553
 18.8904
 16.4720
 18.9483
 19.3991
 18.4254
 10.6639
 19.0313
 13.4837
 19.1778
 19.4581
 10.9854
 14.0434
 12.1251
 11.4245
 11.3044
 12.8519
 16.5917
 10.7561
 18.8547
 17.1175
 14.4080
 11.1748
 11.6816
 10.0472
 16.0699
 18.8523
 18.1629
 13.6147
 15.8445
 19.1703
 17.9417
 10.0581
 15.9150
 10.8079
 14.7426
 12.7548
 11.6449
 18.3110
 16.9592
 10.6583
 17.1864
 17.5101
 17.9332
 19.1622
 14.9785
 12.1738
 10.6622
 13.2105
 18.1508
 15.4518
 17.5721
 15.1022
 18.7858
 12.9132
 15.3971
  7.7318
 18.6889
 14.8933
 18.4102
 10.7623
 19.7686
 11.0041
 10.2570
 10.2499
 16.5608
 13.5487
 10.1402
 15.2509
 11.4266
 11.4417
 16.9156
 10.3023
 10.5274
 10.4972
 10.0209
 13.3841
 13.3246
 17.0366
  6.7133
 12.2326
 16.4841
 19.4510
 10.9655
 18.3584
 14.9999
 12.4155
 10.1041
 14.8821
  3.7377
 16.4730
 10.1180
 10.9995
 13.3094
 12.2450
 19.7158
 11.0879
 14.4765
 11.4445
 16.8324
 13.3933
  8.3914
 16.9721
 18.6635
 14.5286
 13.1390
 15.7891
 19.9910
 14.9478
 16.3238
  1.1660
 12.0218
 14.1208
 13.7399
 12.3118
 16.9314
 16.3299
 14.0244
 11.3418
 15.9010
 12.5819
 10.3919
 10.7777
  6.1844
 15.3604
 16.6093
 10.4521
 19.7329
 16.4644
 12.1873
 12.7035
  4.2088
 12.4487
 16.8702
 14.7793
 15.7586
 19.4432
 10.0031
 10.2147
 12.8064
 17.1473
 18.2282
 15.0454
  4.9411
 15.4822
 18.7596
 14.2848
 19.2680
 15.3080
 11.5628
 12.8408
 12.6915
 12.5073
 12.1817
 10.4988
 10.3281
 18.3837
 12.7249
 14.5219
 12.9910
 14.3608
 17.0092
 14.4320
 15.7663
 14.0109
 18.5428
 12.9943
 19.9541
 12.4949
 17.3533
 13.0894
 18.6135
 10.0222
 17.8670
 16.0318
 15.5223
 11.0751
 10.7587
 15.7625
 17.3512
  2.3897
 14.5448
 19.4718
 15.2941
 15.4366
 17.0698
 10.3261
 15.6122
 14.0883
 12.0679
 17.0191
 18.0267
 19.4479
 16.8478
 15.5183
 19.8662
 19.4721
 19.5509
 11.1369
 12.7646
 12.5697
 11.6517
 16.4220
 15.9418
 13.2154
 16.8125
 15.7659
 16.1704
  2.7476
 18.9248
 17.7034
 18.8312
 17.1670
 12.8792
 18.1700
 10.8429
 11.1204
 18.2567
 17.1146
 17.8785
 11.3913
 17.6534
 18.2627
 10.2267
 12.3741
 14.1358
 11.7174
 16.5763
 12.4443
 18.1013
 18.6235
 15.8593
 10.3305
 18.0435
 17.1047
 19.4952
 14.2371
 16.5925
 13.5434
 18.7863
 17.3693
 12.1413
 10.7816
 16.0088
 16.1570
 19.9785
 12.4675
 11.9322
 10.3451
 18.1773
 17.2795
 18.0740
 14.4107
 10.7137
 14.5033
 15.9559
 13.5673
 18.8560
 15.9900
 16.3912
 11.1701
 16.5445
 18.6933
 10.9466
 16.0506
 12.4241
 11.4617
 16.1582
 14.7158
 12.4117
 11.1361
 13.2917
 13.6962
 18.2610
 16.4426
 19.7569
 10.6480
 15.1940
  5.3534
 16.7005
 11.4858
 18.2518
 18.5864
 16.9827
 10.5988
 11.7727
 13.1390
 11.2686
 10.5688
 16.6864
 19.8122
 15.8819
 15.4483
 15.7943
 18.2639
 14.0592
 19.2021
 11.3854
 12.3647
 10.8175
 12.8409
 14.4961
 19.9482
 12.8869
 14.1274
 15.9898
 13.0049
  6.9699
 16.8384
 15.8225
 13.1555
 15.0742
 19.9234
 13.4433
 17.8884
 10.8571
 19.0737
 12.8910
 10.3832
 17.8893
 12.4494
 19.5409
 15.5144
 17.6121
 16.4927
  6.0563
 11.6121
 17.7474
 12.6080
 15.7569
 17.7322
 11.4537
 15.3660
 18.4439
 18.8677
 16.5651
 11.5446
 15.4099
 14.6125
 17.6861
 14.0797
 11.2926
 17.3742
 17.6902
 19.5596
 19.7105
 10.5307
 10.9531
 18.5893
 16.0205
 10.9156
 14.1462
 16.6230
 12.0697
 19.9602
 10.7095
  4.7471
 13.3558
 19.4072
 11.4421
 12.7945
 19.6940
 19.2503
 12.7189
 12.8300
 13.8073
 16.4772
 16.1720
 17.2617
 11.1611
 10.3855
 17.6454
 12.6507
 10.0882
 11.3650
 12.0538
 17.4176
 10.9501
 19.4337
 18.4817
 12.2520
 17.8963
 19.3160
  5.6598
 18.4879
 18.4098
  1.8086
 12.7651
 16.0535
 12.7900
 18.1291
 15.1569
 16.3567
 13.4582
  6.3783
 17.6904
 15.2166
 10.0370
 18.7111
 12.9136
 14.5717
 12.6470
 17.2445
 17.5526
 16.5336
 15.0714
 17.3684
 10.1716
 14.5401
 16.4403
 13.1320
 11.1922
 12.8587
 16.2557
 17.1523
 10.0504
  3.2371
 16.4037
 18.7573
  4.4249
 16.4512
 12.5365
 12.7538
 16.9632
 15.8655
 19.0983
 18.0998
 15.7251
 17.6449
 11.2945
 14.7790
 18.7904
 12.8510
 10.4801
 14.4984
 18.3787
 10.3369
 17.8461
 15.8437
 14.2252
  7.0098
 16.1084
 15.7376
 15.4524
  4.4943
  4.6569
 16.1326
 13.2066
 10.0280
 19.8793
 10.7923
 15.9399
 17.7539
 17.0369
 16.2792
 19.8689
 12.6255
 19.1777
 16.4619
 13.0535
 16.6415
 10.3188
 11.1760
 12.5915
 14.8782
 14.0153
 16.2215
 16.4707
 16.9916
 19.7370
 19.0107
 18.9756
 13.6753
 18.8853
 11.8641
 19.1184
 13.6179
 10.7744
 13.2422
 11.4750
 19.0855
 12.1535
 11.4618
 19.7081
 16.1969
 15.8777
 16.9429
 15.2316
 12.7014
 12.0109
 17.8617
 14.8117
  0.0100
  0.1932
 18.2984
 13.8584
 15.5043
 19.9918
 19.0804
 10.6549
 19.6838
 15.8397
 14.0598
 15.4487
 12.7369
 16.3574
 15.4752
 13.3641
 11.4377
 11.4051
 12.5907
 13.0655
 12.9267
 12.1826
 10.7188
 12.6438
 16.3206
  0.0100
  4.4419
 14.7704
 13.8273
 12.8765
 18.5227
 13.8705
 13.0242
 12.4748
 19.7248
 17.6158
 12.3987
 10.2006
 18.0421
 10.2330
 12.6837
 12.5341
 15.9020
 18.7003
 17.1675
 11.7248
 18.1546
 15.0576
  3.0150
 18.3671
 11.7410
 14.9087
 10.6936
 10.7916
 19.0257
 10.8795
 19.6794
 12.7940
 11.9095
 17.4571
 12.4079
 10.3724
 12.5536
 10.4510
 17.5340
 14.9753
 10.0608
 17.7689
 10.8480
 15.8784
 17.6121
 11.9578
 17.0778
 12.6698
 11.0222
 18.3810
 15.0301
 17.1142
 13.0975
 12.0951
 14.1893
 14.1158
 19.6946
 11.9685
 10.2214
 18.3088
 10.5461
 19.4778
  9.3566
 15.7436
 18.6411
 11.2074
 14.1627
 12.6083
 14.4682
 16.8249
 19.1625
 13.3960
  3.8104
 10.6548
 18.1227
 10.8333
 14.7274
 19.5095
 17.7814
 17.3841
 15.9994
  5.8595
 10.0003
  5.8211
 17.3492
 10.5662
 12.3572
 14.0535
 14.4473
 12.4546
 11.7550
 19.4251
 10.1724
 17.2602
 13.1608
 18.0460
 11.0115
 10.8876
  6.5844
 19.8511
 12.4868
 17.5832
 13.8616
 12.4643
 18.6976
 19.5012
 19.1328
 12.0320
 19.2216
 19.2366
 14.1037
 16.3366
  9.1398
 14.1438
 12.1735
 13.3226
 17.3887
 10.8788
 17.3545
 17.8806
 13.6650
 17.2450
 18.3108
 19.5599
 11.3125
 16.7094
  0.7311
 17.9286
 19.1527
 14.7987
 18.4721
 14.0748
 11.5902
 12.1419
 16.3218
 18.1018
 11.3296
 18.8166
 18.4628
 12.0252
  9.9993
 15.1771
 18.0516
 12.4530
 12.6100
 16.1831
 17.5659
 10.5413
 15.8223
 18.4153
 18.3905
 17.6937
 14.3728
 10.2482
 11.5895
 15.7273
 14.9627
 18.0420
 11.3238
  7.8866
 19.2089
 13.1037
 14.2347
 12.7825
 17.7657
 15.9760
 14.8460
 19.8305
 17.8283
 15.0990
 12.4926
 17.1089
 15.7219
 12.0652
 11.3240
 11.2777
 17.4680
  1.6483
 17.3999
 10.6384
 15.5717
  3.7426
 16.3961
 17.4296
  3.0640
 11.3821
 15.3053
 12.7257
 15.1018
 13.1919
 11.8144
 11.6055
 12.0679
 18.7927
 13.9586
 17.6046
 10.6150
 13.0397
 13.5703
 15.4559
 12.1825
 15.0027
 12.1218
 19.3732
 10.6150
 19.5659
 11.9544
 16.3975
 10.5496
 19.0101
 13.4706
 15.7064
 11.2244
 11.6417
  6.3589
 11.7692
 17.8763
 16.6542
 12.4961
 10.8351
 15.8826
 17.0750
 18.3525
 12.7010
 19.1583
 10.5798
 18.5997
 13.3068
 15.4410
 11.2772
 17.5341
 13.3534
 10.0863
 18.9140
 12.8502
 18.2299
 17.6231
 17.4313
 10.8389
 18.4834
 15.1501
 17.7265
 14.4969
 13.8550
 19.5957
 10.1173
 13.8940
 18.1139
 15.5269
 11.6391
 18.9836
 11.8506
 15.8824
 12.2427
 14.2609
 14.1890
 12.2699
 19.8093
 12.7864
 14.7881
 18.3711
 16.3134
 10.2188
 15.8516
 13.5801
 12.6371
 15.2011
  4.0632
 17.7489
 15.5547
 14.6825
  4.9296
 14.0437
 17.8245
 17.4204
 15.6541
 17.7176
 15.1714
 14.1860
  3.4512
 14.7637
 14.6952
  0.0100
 18.4689
 13.7176
 14.0418
 12.5306
 15.4551
 11.2326
 15.9271
 16.9565
 14.7972
 18.1194
 18.3885
 14.2075
 11.4211
 15.6900
 14.2324
 15.1436
 16.2111
 15.5368
 16.5867
 10.2663
 11.0427
  4.7740
 14.4681
 18.2646
 16.0355
  0.0100
 17.0975
 14.4474
 15.0157
 16.8161
 17.3742
 13.7956
 12.1782
 19.4096
 13.5157
 13.3851
 19.9614
 16.8813
 15.4116
 14.1245
 15.7509
 17.0253
 14.2209
 15.5635
 10.0130
 10.1745
 12.0244
 13.2770
 17.1837
 15.9376
 18.7281
 11.5219
 12.2474
 10.3559
 11.9616
 12.6967
 15.2929
 15.6207
 12.3333
 10.8792
 17.0882
 15.5275
 16.1474
 10.6657
 14.7231
 13.7926
 10.9891
 13.7262
 18.8185
 10.1005
 11.6430
 16.7116
 17.1078
 11.3086
 17.6425
  6.9376
 14.3129
 16.8621
 12.0312
 13.2158
 13.4411
 12.2244
 11.4627
 13.9962
 18.2845
  0.0100
 17.5197
 10.0336
 13.9369
  2.7055
 14.2916
 17.8704
 13.2048
 19.3880
 19.5310
 12.4374
 12.8411
 18.3958
 17.8256
 14.6373
 14.5774
 17.2855
 15.6193
 18.9705
 15.8957
 14.2692
 16.6083
 19.3590
 17.4507
 18.1504
  7.9827
 18.4011
 15.6361
 13.9491
 12.7579
 10.9833
  2.7281
 13.1179
 16.6469
 10.2125
 14.8991
 10.0963
 13.5826
 11.6832
 16.5352
 18.6033
 14.4595
 13.8484
 10.5793
 13.6830
 12.5532
 19.4370
 14.0354
 15.9579
 14.3698
  4.0021
 16.4517
 12.1943
 11.5089
 17.1958
 15.5351
 14.7998
 10.9656
 18.0368
 12.8527
  3.4771
 16.8679
 11.4236
 14.8448
 19.8843
 13.8736
 17.5616
 14.6720
 17.3882
 18.9999
 17.0260
 16.3844
 16.3824
  1.9787
 10.0759
 17.5622
 17.4383
 12.6090
 11.1482
 14.9876
 17.8596
 11.9869
 16.0366
 13.9842
 19.2691
 15.9854
 13.4582
 19.3368
 19.4476
 19.0649
 10.4963
  0.8259
 17.2199
 18.3270
 17.0709
 13.4714
 19.7443
 13.2036
 14.7949
 17.6767
 13.9638
 13.3647
 19.2991
 18.7202
 10.1909
 18.2381
 15.0093
 10.1450
 10.7693
 10.0650
 15.5228
 11.2660
 14.1092
 11.0996
 15.8095
 18.6522
 14.5867
 16.7491
 13.2097
 13.7756
 17.2245
 12.6853
 16.7285
 12.8206
 10.7077
 15.8778
 10.1723
 18.2362
 16.0060
 18.0048
 14.6542
 17.9589
 18.3071
 10.3061
 12.8336
 13.4861
 14.0468
 19.1980
 18.5761
 10.8111
  5.5551
 15.0391
 17.8529
 19.2760
 13.3459
 10.0680
 13.6480
 14.6238
 12.0489
 15.0800
 16.1540
 18.3534
 13.0875
 15.6149
 17.4538
 19.2026
 12.6114
 15.1032
 16.2892
 17.4134
 11.1750
 15.3055
 19.6384
 10.7637
 19.6105
 17.7784
 12.4390
 10.2460
 15.0765
 15.4893
 12.1733
 12.4462
 17.0315
 16.2577
 19.1573
 17.1885
 12.0750
 17.5072
 11.0898
 19.4314
 19.8883
 11.4821
 17.6978
 18.9253
 14.1373
 18.7456
 12.3387
 19.4412
 13.9430
 17.5219
 16.1410
 16.6753
 13.1047
 11.8003
 16.0021
 11.6533
 10.7821
 11.9940
 19.9602
 14.9605
 15.4577
 14.7745
 17.8279
 16.8009
 19.6201
 15.2250
 16.0817
 13.4108
 10.9916
 11.7074
 14.2055
 13.5425
 12.1676
 17.3338
 16.8554
 13.2591
 13.9286
 18.6042
 18.8193
 10.2551
 19.5708
 13.0622
 18.6194
 19.5101
 11.4927
 14.6186
 13.7402
 10.1022
 15.0325
 12.2446
 18.0734
 16.7170
 16.4290
 19.7681
 12.1410
 16.9004
 15.7130
  0.6121
 14.9531
 17.0560
 17.9001
 17.9054
 13.8255
 12.4423
 16.3668
 10.3643
 16.5898
 19.4459
 13.2549
 12.4014
 16.1878
 11.7738
 10.1194
 13.9910
  7.6342
 15.1160
 15.3541
 17.8832
 12.6123
 17.9343
 12.2791
 18.3713
 14.0996
 19.2218
 14.4323
 17.1922
 15.5822
 13.3741
 16.0913
 17.5938
 19.3926
 12.8201
 10.1625
  5.6205
 18.5735
 15.1132
 15.9678
  5.0165
 19.9857
 19.6164
 16.0421
 15.1486
  7.5560
 13.3235
 12.7372
 17.1365
 11.1334
 16.3140
 13.3460
 15.5709
 14.4554
 13.3045
 11.5362
 16.7434
 17.1669
 16.3890
 19.3585
 18.8338
 10.0766
 11.2355
 13.4067
 16.3515
 12.4942
 18.9856
 16.9151
 13.7199
 10.7031
 13.6924
 13.4427
 10.6400
 13.4487
 17.9549
 19.3082
 16.3895
 11.1057
 14.5598
 10.9664
 16.8345
 14.5560
 14.9265
 18.2335
 17.9808
 17.3055
 19.5141
 18.3759
 16.8309
 19.2770
 12.5618
 15.0121
 19.8077
 12.1050
 10.7085
 12.5626
 12.8089
  1.9817
 11.6735
 12.3721
 18.3110
 19.5830
 15.4321
 18.0467
 18.8339
 11.6853
 14.4469
 15.6574
 18.4328
 11.7498
 10.3984
 11.8755
 18.3266
 19.5684
 16.4411
 14.0254
  3.8005
 19.3855
 12.8947
 14.9250
 13.0665
 18.8718
 14.5804
 19.4716
 12.0814
 13.7481
 16.5778
 17.8536
 18.5092
  5.0958
 19.6185
 16.0279
 12.4966
 16.0255
 12.1036
 19.2255
 15.9620
 18.5756
 14.8281
 12.0840
 19.8119
 19.3925
 17.7594
 17.1872
 19.3260
 18.7650
 16.4146
 15.4146
 11.4391
 17.1659
 10.0467
 16.8052
 18.4581
 10.7911
 13.8616
 16.8904
  7.6838
 15.6731
 18.1561
 19.3074
 19.2867
 11.1421
 14.0973
 15.0669
 19.1040
 13.3913
 19.0185
 11.5071
 18.2274
 19.7796
 12.2450
 14.2280
 12.4501
 15.2645
 14.6128
 11.7028
 15.9187
 18.8348
 14.6950
 18.0489
 14.3412
 16.8675
 17.4650
 12.1997
 14.7023
 16.2337
 16.3822
 14.5607
 15.0205
 14.3061
 19.6853
 12.9553
  2.7247
 19.8788
 16.5044
 17.0180
 16.3818
 10.6413
 19.1310
 16.6607
 18.4677
 10.1747
 18.2135
 15.8449
 16.3856
 16.4161
 12.5534
 17.3071
 15.4149
 18.3991
 17.3389
 11.5595
 18.2564
 17.5427
 13.3634
 14.5915
 15.1040
 18.1216
 14.2092
 17.7150
  6.0515
 14.5022
 11.9716
 15.4416
 14.7665
 12.3281
 17.0044
 10.2344
 16.9798
 17.6910
 13.2637
 10.0503
 12.0942
  6.8599
 15.1302
 12.3858
 19.4519
 13.4816
 14.1046
 15.8760
 17.6089
 17.5099
 15.1262
 11.9384
 19.7895
 15.2693
 12.9729
 19.5859
 10.5306
 13.5179
 17.2908
 10.8298
 16.2521
 10.2860
 13.6235
 10.8523
 15.2973
 17.9230
 11.5888
 18.8014
 15.5672
 18.8869
 10.6927
 13.5841
 15.9803
 10.5113
 14.0896
 19.8616
 10.8673
 13.0131
 17.7225
 14.1612
 18.9032
 16.8987
 18.8281
 18.8839
 15.6496
 15.9250
 14.2177
 18.2106
 13.8424
 12.2729
  4.8606
 16.2921
 15.0522
 17.3928
 19.2343
 11.6510
 15.7210
 17.9590
 10.0781
 10.5358
 16.9913
 17.9194
 17.2251
 15.6044
 17.9647
 12.7213
 17.5365
 19.4272
 17.1437
 16.0247
 14.7882
 12.5412
 18.4032
 10.4120
  1.2139
 14.7824
 13.0846
 18.4467
  5.1905
 12.2870
 15.0042
  5.5324
 13.5019
  4.2180
 16.9998
 16.5692
 16.8288
 18.5829
 17.8021
 13.7509
 19.6054
 12.7836
 11.0982
 13.4515
 19.5035
 15.6107
 11.9639
 12.3247
 13.3009
 14.0752
 14.1231
 16.2567
 10.1169
 14.6505
 12.5710
 12.5554
 12.7785
 14.6354
 16.1863
 14.9542
 13.5288
 10.8297
 12.6769
 12.0538
 13.6481
 19.6628
 15.3566
 19.9477
 17.6462
 18.4626
 10.8811
 11.6889
 19.3019
 11.9459
  0.0100
 19.2371
 13.9516
 10.0333
 15.0561
 11.5469
 16.8155
 15.8430
 16.6999
  7.3084
 16.9024
 13.5954
 11.6703
 19.4851
 12.4791
 19.8424
 17.5287
 16.8730
 19.5959
 10.8971
 18.1208
 18.9537
 12.3241
 10.5332
 18.0523
 16.7319
 14.8075
 18.1574
  3.6925
 10.7142
 15.4710
 13.9869
 12.0283
 12.6382
 12.2409
 11.1474
  0.0100
 19.4730
 15.6480
 17.6861
 12.5320
 17.6200
 10.9795
 16.1741
 18.2485
 13.2196
 10.8608
 13.7331
 16.2887
 11.3500
 18.3292
 15.8662
 17.7545
 17.3370
 11.0532
 11.0465
 12.7716
 16.6286
 10.6963
 10.9582
 18.1075
 11.0469
 12.4221
 14.0093
 13.8729
 12.6930
 18.8359
