Model Indicator Variogram: cutoff =   -0.674 Direction 
  1    0.000        0.000      1      1.17810      0.00000
  2    1.000        0.103      1      0.53184      0.54856
  3    2.000        0.121      1      0.41848      0.64478
  4    3.000        0.136      1      0.32192      0.72675
  5    4.000        0.149      1      0.23902      0.79712
  6    5.000        0.161      1      0.16845      0.85701
  7    6.000        0.170      1      0.10978      0.90682
  8    7.000        0.177      1      0.06307      0.94646
  9    8.000        0.183      1      0.02872      0.97562
 10    9.000        0.186      1      0.00738      0.99374
 11   10.000        0.188      1      0.00000      1.00000
 12   11.000        0.188      1      0.00000      1.00000
 13   12.000        0.188      1      0.00000      1.00000
 14   13.000        0.188      1      0.00000      1.00000
 15   14.000        0.188      1      0.00000      1.00000
 16   15.000        0.188      1      0.00000      1.00000
 17   16.000        0.188      1      0.00000      1.00000
 18   17.000        0.188      1      0.00000      1.00000
 19   18.000        0.188      1      0.00000      1.00000
 20   19.000        0.188      1      0.00000      1.00000
Model Indicator Variogram: cutoff =    0.000 Direction 
  1    0.000        0.000      1      1.57080      0.00000
  2    1.000        0.131      1      0.74831      0.52361
  3    2.000        0.155      1      0.59825      0.61914
  4    3.000        0.176      1      0.46766      0.70228
  5    4.000        0.194      1      0.35288      0.77535
  6    5.000        0.210      1      0.25268      0.83914
  7    6.000        0.223      1      0.16718      0.89357
  8    7.000        0.235      1      0.09735      0.93802
  9    8.000        0.243      1      0.04482      0.97147
 10    9.000        0.248      1      0.01160      0.99262
 11   10.000        0.250      1      0.00000      1.00000
 12   11.000        0.250      1      0.00000      1.00000
 13   12.000        0.250      1      0.00000      1.00000
 14   13.000        0.250      1      0.00000      1.00000
 15   14.000        0.250      1      0.00000      1.00000
 16   15.000        0.250      1      0.00000      1.00000
 17   16.000        0.250      1      0.00000      1.00000
 18   17.000        0.250      1      0.00000      1.00000
 19   18.000        0.250      1      0.00000      1.00000
 20   19.000        0.250      1      0.00000      1.00000
Model Indicator Variogram: cutoff =    0.674 Direction 
  1    0.000        0.000      1      1.17810      0.00000
  2    1.000        0.103      1      0.53184      0.54856
  3    2.000        0.121      1      0.41848      0.64478
  4    3.000        0.136      1      0.32192      0.72675
  5    4.000        0.149      1      0.23902      0.79712
  6    5.000        0.161      1      0.16845      0.85701
  7    6.000        0.170      1      0.10978      0.90682
  8    7.000        0.177      1      0.06307      0.94646
  9    8.000        0.183      1      0.02872      0.97562
 10    9.000        0.186      1      0.00738      0.99374
 11   10.000        0.188      1      0.00000      1.00000
 12   11.000        0.188      1      0.00000      1.00000
 13   12.000        0.188      1      0.00000      1.00000
 14   13.000        0.188      1      0.00000      1.00000
 15   14.000        0.188      1      0.00000      1.00000
 16   15.000        0.188      1      0.00000      1.00000
 17   16.000        0.188      1      0.00000      1.00000
 18   17.000        0.188      1      0.00000      1.00000
 19   18.000        0.188      1      0.00000      1.00000
 20   19.000        0.188      1      0.00000      1.00000
