SGSIM Realizations
1
value
      7.9411
      4.4651
      4.2123
      5.5529
      6.4033
      5.9070
     12.4455
      6.3580
      8.1926
      5.6404
      7.6720
      5.4295
      5.2756
      7.1410
      6.5537
      7.6021
      7.5567
      7.5606
      5.0115
      2.0043
      9.7900
      6.5224
      5.5448
      4.9442
      5.0890
      4.6454
      5.3415
      1.6032
      0.0100
      0.0100
      0.0100
      0.0100
      3.5962
      4.7306
      2.6589
      6.3574
      6.1840
      4.7700
      3.7384
      6.0113
      4.8099
      5.0082
      4.2315
      5.0630
      5.5414
      5.5320
     10.1120
      7.5564
      9.3455
      6.9884
      6.5722
      5.0060
      6.3542
      6.3675
      7.9735
      9.8314
     11.2866
      9.1377
      7.9041
      6.0542
      6.7732
      7.8832
      5.7183
      9.7339
      6.9425
     10.5773
     10.5609
      4.4406
      1.9804
      6.3647
      5.5366
      6.9610
      5.7723
     10.1693
      6.2866
      4.6574
      5.5516
      9.1349
      2.1714
      3.4468
      1.9587
      4.6661
      4.6701
      5.5832
      3.7412
      5.5306
      5.5340
      8.4715
      9.1612
      4.2239
      3.4428
      5.5335
      4.2106
      6.8996
      6.1216
      5.9267
      7.5568
      8.1257
      5.2174
      6.5275
      6.4707
      6.2660
      7.5499
      5.0084
     10.0687
      9.3304
      9.1345
      9.1361
      5.6297
      6.3717
      9.9718
     10.4755
      9.3498
     13.0657
      6.1265
      9.9103
      9.1377
      6.3604
      7.9437
      3.8286
      6.9789
      8.0538
      6.3760
      9.9788
      4.7020
      7.9092
      4.7524
      5.0940
      5.3405
      5.0030
      2.1517
      2.4686
      4.2541
      5.5190
      9.1616
      5.3433
      6.9285
      5.2087
      5.9578
      4.8380
      5.0151
      4.0088
      3.4036
      3.8165
      4.9189
      6.9857
      5.5267
      8.7007
      9.9100
      5.5451
      8.1792
      4.2103
      5.5432
      3.1188
      4.2871
      5.9668
      4.4254
      8.1069
      5.5341
      8.1876
      4.8643
      9.1378
     10.4262
      9.1361
     10.7122
     10.2372
     16.5739
      4.3162
      7.7291
      7.9806
      6.9332
      9.9139
      9.9504
      7.5589
      5.3403
      1.9833
      5.1730
      5.7178
      5.8027
      5.8576
      3.5658
      1.2089
      4.2502
      5.3405
      9.8499
      6.0528
      7.8784
      7.6513
      5.2046
      5.0101
      4.2144
      5.5334
      5.2051
      3.7852
      2.3894
      7.6950
      4.0639
      6.0524
      5.8241
      6.9864
      4.0638
      6.9651
      6.9488
      4.3741
      2.2209
      7.1516
      3.9696
      3.1487
      0.7726
      6.3907
      4.6586
      5.3344
      8.7431
      7.9416
     11.2885
     10.3258
      7.9189
      5.5413
      7.8038
      9.1358
      4.3157
      4.9986
      6.3686
      6.2493
      4.4874
      4.7557
      5.3263
      5.6301
      4.6637
      5.1166
      1.9694
      1.8618
      4.6988
      4.9349
      5.5572
      5.0034
      6.8606
      6.6626
      5.9259
      8.1424
      5.5504
      4.9300
      4.7275
      5.2428
      6.0522
      4.6500
      3.7128
      4.7659
      4.7696
      5.5404
      3.7619
      9.2505
      5.0280
      2.7279
      0.0100
      2.7451
      2.7403
      0.7712
      3.0269
      2.1419
      5.3361
      4.2545
      5.7846
      7.7973
      8.6266
      6.9197
      9.7765
      6.9425
      6.2263
      6.1063
      5.9991
      2.1099
      3.8896
      7.8302
      5.5327
      3.6657
      5.3418
      4.7210
      5.5888
      4.6734
      2.3489
      1.9743
      3.6228
      1.9991
      1.9745
      3.6356
      3.4910
      4.2519
      4.9471
      6.9827
      9.1339
      4.9876
      5.5785
      4.4748
      4.0541
      1.5947
      1.2943
      6.1676
      5.5266
      5.3340
      4.3220
      7.0098
      2.3512
      3.7464
      1.4878
      1.3992
      3.7213
      0.0100
      2.1744
      0.0100
      4.4531
      7.5465
      5.5344
      5.4327
      0.0100
      4.7614
      3.6964
      6.3518
      4.0431
      5.8327
      4.9321
      3.7248
      6.7025
      4.9193
      4.3201
      4.2534
      5.3677
      5.5310
      5.5404
     10.2143
      3.7389
      6.1727
      2.1015
      1.7850
      0.4497
      3.7291
      0.0100
      4.0635
      5.1019
      6.0044
      4.9134
      4.7648
      6.6062
      0.9755
      1.9793
      5.7640
      6.0548
      3.7423
      6.2215
      7.7530
      1.1592
      0.7120
      4.7679
      4.9374
      0.0100
      4.2579
      5.9399
      4.1746
      5.5738
      1.9858
      3.7963
      5.3369
      5.3402
      1.9938
      3.7734
      0.7475
      3.1249
      5.6150
      3.0624
      4.7555
      7.6651
      5.3404
      4.5393
      7.7187
      4.0632
      6.2524
      6.7297
      7.5570
      5.2028
      5.5368
      6.9819
      4.0641
      1.9794
      4.4844
      3.1264
      0.0100
      1.5712
      4.3929
      2.0386
      5.0088
      5.5439
      3.7310
      3.6975
      4.2118
      0.2054
      5.1315
      6.6600
      5.0042
      6.9567
      3.7624
      0.6754
      2.2532
      1.1929
      0.8204
      0.0100
      3.0509
      6.3712
      3.7395
      6.9820
      8.3611
      4.4828
      4.8980
      7.4421
      1.9614
      3.1194
      0.7447
      6.4078
      4.2511
      2.1375
      4.2155
      4.9942
      9.1389
      3.7404
      4.9416
      1.2587
      2.8887
      4.2013
      2.5725
      4.7311
      4.2144
      4.7656
      4.4889
      5.5459
      5.5447
      1.1430
      4.8942
      3.1368
      4.0634
      1.1082
      2.7068
      1.5330
      5.0632
      5.2827
      5.5835
      2.0242
      4.7585
      4.4296
      5.0157
      5.7342
      5.0032
      3.4223
      2.0262
      2.2474
      0.8900
      1.2794
      0.0100
      1.9599
      4.9880
      4.9479
      4.5358
      6.6172
      8.6934
      4.7472
      4.9536
      6.3589
      7.2160
      5.9036
      6.0331
      3.7399
      3.1260
      6.6157
      2.7163
      1.9794
      2.7293
      1.1567
      2.2665
      0.7367
      0.0100
      1.6391
      1.9803
      4.9395
      5.3428
      5.3396
      4.9441
      6.0557
      4.6559
      8.0076
      5.7237
      4.6524
      4.6628
      3.9804
      6.9294
      6.2647
      4.9535
      2.9936
      5.6921
      4.6435
      6.1812
     10.7070
      5.3363
      1.7540
      4.6833
      1.2766
      0.0100
      0.0100
      0.0100
      1.7604
      6.3733
      3.7369
      4.4417
      3.8584
      5.5386
      1.9634
      3.7134
      5.5000
      5.5375
      5.6542
      8.3152
      4.2497
      3.3876
      5.0144
      3.0336
      0.0100
      0.0100
      1.7459
      1.3134
      1.9774
      2.2236
      0.7560
      0.0100
      4.4355
      3.0466
      4.8626
      4.4632
      2.3155
      3.4383
      4.2537
      6.8955
      8.4095
      4.0634
      4.7720
      4.9009
      2.7271
      5.5667
      5.0041
      5.3468
      5.5794
      5.5725
      7.7143
      4.9442
      1.9121
      2.1767
      0.0100
      5.8509
      0.0100
      2.2767
      4.4310
      3.3799
      2.3660
      4.7695
      4.0072
      4.3302
      1.9810
      4.4948
      8.9238
      5.5247
      4.5722
      2.3664
      4.2530
      2.3749
      3.7423
      2.0130
      0.0100
      0.0100
      0.0100
      0.0100
      2.2045
      0.3744
      2.0800
      1.1350
      4.6520
      2.7423
      0.9613
      1.2234
      3.1912
      4.3548
      3.2241
      5.5409
      7.5589
      6.9437
      5.0880
      5.9297
      6.3537
      6.3555
      5.7222
      6.5161
      4.7732
      4.7717
      5.8382
      6.3660
      0.0100
      0.0100
      6.9190
      3.9847
      1.9886
      2.7270
      3.8032
      5.5444
      3.7116
      4.7501
      4.4794
      2.7376
      1.9805
      6.1585
      5.0981
      9.1390
      4.5204
      5.0089
      5.0114
      5.5329
      4.7209
      1.7921
      1.9466
      1.9537
      0.0100
      5.0106
      6.8770
      2.0300
      4.9553
      2.7422
      3.7422
      4.3201
      4.0240
      3.7409
      0.0100
      1.4485
      4.0228
      9.0366
      6.9044
      6.9565
      5.0061
      5.5167
      5.8507
      5.3424
      9.1367
      3.8080
      5.5337
      2.7173
      1.9995
      1.9408
      0.0100
      4.2921
      4.7704
      4.9359
      0.0100
      3.7967
      4.0632
      2.1456
      6.9154
      4.5334
      3.0677
      4.3982
      6.1493
      9.1341
      8.1353
      4.1785
      3.1556
      5.5431
      5.5340
      3.6935
      6.6022
      2.7224
      3.3796
      0.0100
      0.1198
      2.7467
      4.7720
      2.1550
      0.0100
      4.0641
      6.4039
      3.8236
      0.8674
      3.1431
      0.2723
      1.1904
      4.4687
      4.4588
      8.3896
      9.1693
      5.3339
      6.5359
      8.6281
      3.1178
      3.4263
      4.2752
      4.8115
      6.5200
      3.0169
      3.1091
      0.0100
      0.0100
      0.7774
      2.7453
      4.6418
      0.8925
      5.5173
      6.6135
      5.5214
      5.2239
      5.2758
      0.7530
      3.0202
      5.1009
      4.4453
      5.5392
      4.0634
      7.7696
      3.1172
      4.5844
      5.9944
      5.0083
      0.0100
      0.0100
      0.6704
      2.4891
      7.7884
      4.0547
      1.9781
      1.3816
      3.8743
      1.9776
      0.7627
      0.0100
      0.0100
      4.3734
      4.9366
      5.5344
      7.4991
      6.9944
      3.2031
      5.1322
      4.8791
      1.3019
      4.7497
      3.4623
      4.7238
      4.0695
      4.1324
      4.9342
      3.0324
      2.0103
      4.6611
      5.8530
      4.6629
      7.1576
      9.3082
      9.1352
      4.7725
      5.1316
      3.1037
      3.7243
      0.0100
      0.7657
      1.9813
      2.9609
      5.0064
      6.5312
      4.7389
      6.1932
      6.2712
      4.6400
      0.9601
      0.0100
      0.1917
      0.0100
      2.0232
      3.7741
      6.5053
      5.4765
      3.8075
      3.8078
      0.0100
      0.7054
      2.0394
      3.8813
      2.1796
      1.9798
      3.8031
      5.5382
      1.3273
      4.7689
      1.9897
      2.3586
      2.0877
      4.7550
      6.4455
      4.6493
      5.5192
      3.2348
      1.9244
      6.3788
      3.1400
      4.0635
      9.9029
      7.7200
      9.9332
      5.0062
      6.8194
      6.3609
      5.2065
      0.0160
      0.0100
      1.9888
      3.8079
      4.4880
      9.1359
      4.6012
      6.0998
      5.5867
      5.5591
      1.4273
      2.3231
      0.6410
      2.1499
      2.7290
      3.3722
      8.0895
      6.5112
      5.9067
      4.2293
      4.4590
      3.4648
      2.0116
      0.5563
      6.9489
      9.8988
      5.0079
      4.6708
      5.5780
      2.7457
      1.7161
      2.1500
      3.6936
      0.0100
      0.7371
      3.4547
      1.9668
      0.5958
      1.8567
      4.9175
      5.3384
      5.1157
      4.9852
      3.6606
      6.3708
      6.8068
      9.1349
      8.5786
      4.4379
      6.8828
      3.1559
      0.0100
      1.9749
      0.8118
      6.9207
      8.3333
      6.9267
      8.0755
      4.3203
      3.7357
      3.1975
      3.0537
      2.7204
      4.2508
      4.5105
      3.9936
      6.8435
      4.9420
      4.0502
      0.8230
      4.0636
      7.5307
      4.9190
      5.5473
      3.7377
      4.8613
      5.5525
      5.5339
      3.8280
      1.9322
      5.3394
      1.1882
      1.2669
      1.1479
      0.0100
      0.0100
      2.7426
      1.8698
      1.9296
      1.7135
      6.5519
      1.2067
      2.3764
      4.7659
      6.9442
     10.0579
      5.3407
      8.0701
      6.3034
      4.0637
      4.9471
      4.3236
      0.0100
      3.3127
      3.4416
      5.2456
      4.6514
      4.6453
      1.3188
      5.5596
      2.2610
      3.8035
      3.7384
      6.8904
      9.2421
      7.6379
      4.7750
      8.1105
      0.0100
      4.2617
      0.8630
      1.9707
      6.5147
      5.0136
      2.7465
      5.3369
      5.2063
      5.5370
      6.3762
      2.0200
      4.7104
      4.7623
      4.0121
      0.1574
      1.3713
      0.0100
      0.6400
      3.0806
      3.1352
      6.8732
      4.2372
      5.6855
      1.9835
      6.9247
      6.0538
      6.7251
      9.0141
      6.9280
      6.0532
      4.2335
      4.8063
      4.7582
      7.9178
      3.0250
      3.0578
      4.0640
      3.8077
      4.9531
      0.4079
      3.0680
      1.0135
      4.9752
      5.5395
      4.7722
      3.1752
      6.0925
      5.9917
      5.3380
      4.3292
      5.5474
      5.3369
      5.5617
      4.9355
      8.0838
      4.9619
      5.6741
      6.9515
      3.7400
      4.0035
      4.2684
      3.8908
      2.7370
      5.3982
      5.3097
      1.9782
      4.0637
      0.0100
      2.5283
      3.5920
      5.6231
      5.6942
      2.7438
      5.5410
      5.7840
      7.5583
      9.9350
      7.5582
     10.4057
      8.6213
      7.7318
      1.9955
      4.7733
      5.2742
      3.7406
      4.4331
      6.0548
      1.9917
      5.4051
      4.9375
      3.4620
      1.2591
      0.0100
      4.1530
      5.5391
      6.9423
      4.2952
      6.2161
      6.3589
      8.0491
      6.0545
      4.6545
      5.5328
      6.7133
      4.2536
      4.5283
      4.1445
      6.1861
      7.5735
      4.0635
      2.7257
      1.8870
      4.4342
      3.7377
      3.1063
      5.3419
      4.6604
      1.8843
      4.1020
      5.1994
      7.7605
      8.7409
      3.0879
      6.8058
      9.2329
      8.3914
      4.7427
      6.9230
      7.9435
      9.1359
      9.1397
      1.1938
      3.4679
      3.0909
      1.1660
      2.1766
      1.9298
      4.3016
      6.0620
      2.1607
      4.0363
      5.5422
      4.6168
      6.3540
      2.3862
      6.2009
      3.4587
      6.1844
      4.9704
      6.8766
      4.7903
      3.7083
      5.9292
      4.4392
      5.5473
      4.2088
      7.7124
      5.1725
      8.8462
      3.4069
      5.2012
      3.4454
      4.7329
      4.4435
      1.6661
      4.0151
      4.7574
      4.9411
      4.3169
      6.0946
      6.3842
      6.0223
      2.2686
      5.5921
      3.7422
      6.0520
      6.3724
      4.9495
      5.5314
      4.9704
      4.6627
      9.1395
      3.4494
      3.8073
      2.2519
      0.0100
      2.7369
      3.7414
      3.0165
      0.0100
      3.8035
      3.1235
      4.5550
      5.1952
      1.4228
      4.9552
      5.4506
      6.8610
      4.8701
      6.6341
      4.4391
      3.4089
      4.7697
      7.6229
      2.3897
      5.0069
      5.0557
      5.5349
      5.7149
      5.5448
      5.5530
      4.0636
      4.3233
      4.1667
      1.9800
      3.4048
      3.9050
      5.5315
      4.4362
      6.3597
      5.0143
      4.5740
      4.9472
      1.9772
      3.0722
      4.8811
      7.9231
      8.2548
      6.0530
      2.7550
      5.5336
      3.4607
      2.7476
      4.3260
      4.2241
      5.3372
      2.1505
      5.6296
      4.9161
      1.7649
      0.0610
      4.0634
      3.0395
      4.6715
      1.2971
      5.5414
      4.2545
      5.3416
      3.3191
      4.6591
      5.7022
      5.3532
      1.9749
      5.0070
      5.8097
      1.9746
      3.4646
      5.5353
      4.0269
      5.5483
      9.8980
      9.0595
      5.3450
      4.0651
      0.5967
      5.8491
      4.2534
      0.5472
      4.7506
      3.7379
      7.5583
      4.7607
      3.4549
      4.2991
      5.6592
      5.1970
      5.8485
      4.9606
      7.7255
      5.5454
      8.1294
      5.7093
      3.4336
      5.3824
      6.3283
      4.9590
      5.6982
      5.5503
      4.6589
      3.7890
      1.1732
      1.2396
      2.0319
      0.0100
      0.0100
      1.9374
      3.4453
      2.6972
      2.9428
      4.4613
      3.4128
      4.6533
      5.3534
      5.1964
      6.9538
      4.4575
      1.7097
      5.6453
      6.0523
      6.9393
      5.9681
      8.6159
      6.0529
      6.0268
      2.7432
      4.9312
      2.7281
      3.7385
      2.7274
      4.4378
      5.5486
      4.7575
      4.7705
      5.5411
      6.2571
      5.4059
      6.8938
      9.0273
      6.1990
      4.9406
      5.7410
      6.9699
      6.4279
      4.9317
      4.2278
      9.1800
      6.0560
      7.7057
      6.1983
      4.2523
      2.0350
      0.0100
      0.0100
      1.9205
      1.9692
      0.9016
      0.0100
      1.9788
      6.4331
      6.0563
      1.2106
      4.7473
      4.4577
      4.3249
      8.0250
      5.0058
      4.4917
      7.9810
      7.4391
      4.9392
      6.1314
      6.3546
      5.5837
      4.7782
      5.6011
      5.5905
      3.4671
      6.4921
      5.1913
      7.2294
      2.8137
      1.9746
      6.2245
      5.0229
      7.8917
      6.9184
      5.5414
      7.4637
      2.1449
      1.7902
      4.7471
      5.9853
      6.8489
      4.9491
      5.7182
      9.8961
      4.0636
      4.0381
      1.9793
      1.9811
      0.1673
      2.0316
      1.2134
      3.7632
      0.0100
      1.3630
      3.7377
      3.0586
      6.3525
      4.9067
      2.6439
      0.0100
      5.5225
      7.3695
      6.0213
      6.7234
      5.5186
      5.6598
      6.2195
      4.4718
      1.8086
      3.0566
      5.3353
      3.0372
      4.9387
      6.0548
      4.3861
      2.9707
      6.3783
      7.6938
      4.9458
      1.9991
      3.5546
      7.8201
      8.0567
      8.6459
      5.3448
      1.9966
      3.4554
      6.0547
      5.9831
      7.7184
     10.2132
      5.4714
      7.6534
      5.0064
      4.4749
      4.9416
      3.2812
      6.2485
      3.2371
      2.7257
      3.1026
      4.4249
      2.0861
      1.9611
      1.1222
      2.7273
      3.1680
      3.7371
      2.0014
      2.0085
      3.0975
      5.5569
      4.3896
      6.4715
      9.1367
      6.5987
      5.5449
      4.0167
      6.4747
      9.6732
     15.8437
      5.1764
      7.0098
      0.0992
      1.0776
      1.7025
      4.4943
      4.6569
      1.7657
      5.0081
      3.0702
      6.8950
      6.9421
      5.1913
      5.8675
      4.9556
      5.5359
      6.3702
      5.3365
      9.3806
      9.8165
      6.3582
      6.0362
      2.7384
      5.0927
      4.5280
      7.6889
      2.3612
      2.0229
      2.3878
      0.8213
      5.3494
      2.7402
      1.4924
      0.0100
      0.0100
      3.7708
      3.8602
      4.2534
      4.1797
      6.5037
      4.8944
      4.9596
      9.9912
      5.5546
      5.5414
      5.4454
      4.9439
      6.3222
      8.2725
      7.5576
      9.2296
      9.7879
      2.0308
      0.0100
      0.1932
      2.0335
      4.3381
      4.5871
      5.3358
      7.3925
      9.2362
      6.9182
      5.3376
      4.9360
      5.3362
      6.3721
      6.0537
     10.2253
      5.5217
      3.4483
      9.9561
      4.8585
      4.7180
      3.8071
      4.9601
      3.5653
      0.6319
      3.7716
      0.0100
      4.4419
      1.9807
      4.9338
      0.0100
      1.9871
      5.0070
      3.0333
      5.5219
      6.1429
      3.0603
      5.1874
      5.8308
      6.1899
      5.5512
      6.0520
      4.2108
      4.9471
      5.1944
      7.8516
     10.0364
      9.9100
      9.8047
      3.0150
      0.0100
      1.9363
      1.9803
      4.4466
      0.0100
      4.0452
      6.3169
      5.8188
      9.9372
      7.8417
      6.1635
      4.3184
      4.9764
     15.6558
      6.2035
      5.5340
      6.3766
      6.4813
      6.8379
      9.1379
      4.0835
      7.3577
      9.1779
      3.9272
      4.1136
      1.3064
      0.7953
      0.5779
      3.1369
      2.7263
      3.0200
      4.8726
      1.9726
      5.8623
      6.9063
      7.2218
      6.5164
      3.7410
      5.5204
      9.3566
      9.1362
      9.2888
      5.5416
      4.0302
      5.5363
      6.3184
      6.3588
      7.4715
      7.9783
      3.8104
      2.7414
      1.9248
      5.0354
      4.2120
      3.4387
      6.1956
      4.0537
      4.4331
      5.8595
      8.3112
      5.8211
      5.3420
      9.3219
      9.2499
     14.4744
      7.5568
      2.7468
      9.3427
     10.0399
      9.8510
      9.9660
      9.5603
      6.8705
      7.0368
      6.0749
      6.5844
      2.7248
      3.0504
      4.9368
      1.8010
      3.0233
      3.6999
      2.0374
      1.9761
      6.3721
     10.3417
      6.8685
      8.1040
      8.1983
      9.1398
      7.9000
      4.9656
      3.8003
      5.5276
      6.9254
      4.9467
      5.7194
      6.9788
      5.0500
      3.1489
      4.8133
      6.3650
      1.9449
      0.7311
      2.7466
      6.8562
      4.2529
      3.7115
      2.5914
      5.2061
      5.2739
      5.5342
     10.6615
     10.2352
      8.2988
      7.5963
      6.7981
      9.9993
      9.9288
      9.9709
      6.9362
      7.8656
      8.2304
      6.1952
      6.2001
      7.0046
      8.9608
      5.0438
      2.0134
      0.7102
      2.1766
      4.2174
      4.7545
      4.4729
      4.7508
      6.9561
      7.8866
      6.0926
      9.8939
      9.3354
      6.8501
      5.5451
      7.4354
      3.7393
      2.4514
      1.9674
      3.7838
      2.3817
      3.0874
      2.7678
      0.0100
      4.4657
      1.9612
      2.3690
      1.6483
      1.9884
      4.0506
      4.9411
      3.7426
      3.0415
      2.0840
      3.0640
      5.6508
      9.1371
     10.2655
      9.8585
      9.8986
      9.8963
      7.0023
      8.8129
      9.9415
     10.3886
     14.8544
      6.9387
      6.4586
      4.6444
      4.0485
      4.3640
      1.9372
      4.7937
      5.6272
      5.5327
      4.6442
      4.9469
      5.5370
      3.9218
      4.9470
      6.7241
      9.0022
      6.3732
      9.1381
      6.3589
      5.5386
      1.9199
      3.4750
      5.3385
      1.1415
      0.0100
      4.2415
      1.0430
      0.0771
      0.7391
      0.0100
      1.9813
      2.0245
      1.9815
      2.2437
      1.9757
      0.3015
      3.1107
      0.4559
      4.2536
      7.6719
      6.4511
      9.9847
     10.5483
     12.3915
      8.0601
      6.1732
      7.8650
      7.7601
      6.9270
      5.3370
      3.1489
      3.7414
      0.0100
      1.7738
      4.3031
      1.9812
      2.0996
      5.1146
      8.3716
      5.4132
      5.0552
      1.1273
      4.2513
      2.0470
      5.5362
      5.3379
      3.0251
      5.3380
      1.9723
      5.2043
      2.2559
      4.0632
      1.7968
      3.7566
      2.2094
      4.9296
      0.0100
      0.0100
      0.0100
      0.6614
      0.6678
      0.0100
      2.2181
      3.4512
      2.3784
      0.0089
      0.0100
      0.1947
      1.5537
      1.9754
      6.5279
     10.2252
      8.0261
     10.2291
      9.1430
      7.0913
      7.9510
      7.5564
      4.9364
      4.7369
      5.3353
      0.2473
      1.1216
      1.9746
      0.0100
      5.0135
      6.2238
      6.7812
      4.7740
      8.1673
      1.1806
      3.7831
      0.0100
      3.1524
      3.4402
      4.7944
      5.5648
      7.3576
      8.4700
      3.7915
      0.0100
      0.0100
      1.9755
      3.6654
      2.2522
      2.0945
      2.3943
      0.0091
      0.0100
      1.8112
      0.0100
      1.7026
      0.0100
      1.2676
      0.0100
      0.0100
      0.8434
      0.0100
      0.0100
      1.9718
      5.0123
      6.8162
      7.8944
      9.8664
      4.7592
     10.0436
      9.8488
      5.0070
      6.3761
      6.1419
      8.5057
      3.8216
      0.0100
      4.6979
      6.4085
      6.9573
      5.5347
      4.7344
      1.4271
      4.7051
      3.7664
      6.4259
      6.9376
      3.0899
      1.1172
      5.7217
      3.7845
      5.5838
      6.3048
      4.0599
      1.9797
      1.9967
      0.0100
      1.0485
      4.7605
      4.3235
      2.7055
      0.0100
      0.7382
      0.0100
      0.0100
      1.9045
      1.9792
      2.3570
      1.9711
      0.0100
      0.0100
      1.4989
      0.0100
      0.6488
      3.8034
      4.8949
      6.9336
      5.0111
      7.5560
      6.8836
      9.7880
      7.9827
      6.5489
      8.0724
      4.2182
      1.9214
      0.6197
      2.7281
      8.2593
      4.3247
      5.8015
      4.7585
      5.3377
      6.3279
      0.1304
      5.1994
      6.2899
      5.3361
      5.5661
      4.7737
      3.2802
      1.9754
      3.7696
      3.7939
      5.5447
      0.0100
      4.0021
      1.8669
      0.3816
      1.9771
      2.3463
      0.0100
      0.0100
      4.0100
      3.7773
      1.7083
      3.4771
      0.0100
      0.0100
      0.0100
      5.0688
      0.0100
      1.9746
      1.5509
      1.2889
      5.1579
      5.3352
      3.8353
      4.0634
      1.9787
      7.6501
      8.2055
      6.9550
      6.6694
      4.9387
      0.6173
      4.1890
      5.2041
      6.9513
      4.4304
      5.7445
      2.4157
      3.7829
      7.5588
      3.5977
      6.9386
      3.1464
      0.8259
      5.5378
      3.4324
      2.0339
      1.9613
      5.0075
      3.4906
      2.7849
      4.4490
      4.8108
      3.9862
      3.8230
      4.9507
      0.0100
      0.0100
      0.2670
      3.0947
      0.7901
      0.0100
      6.4433
      3.1150
      0.0100
      0.0100
      1.9800
      0.0100
      4.0640
      3.1368
      1.9323
      4.2157
      6.5734
      4.4152
      5.5325
      4.2238
      4.7561
      6.6887
      2.7436
      4.4385
      3.7804
      1.9990
      5.5440
      1.9789
      4.7669
      2.0139
      0.0100
      4.6464
      2.7243
      2.7399
      3.0233
      0.0100
      5.5551
      2.3455
      1.1924
      3.7381
      0.0100
      4.2507
      5.3348
      5.0071
      4.0229
      4.7737
      4.2519
      4.2477
      4.9346
      8.0482
      2.7364
      1.8092
      4.4533
      1.9718
      3.8066
      0.7349
      3.0741
      4.5245
      1.2532
      0.0100
      0.0100
      0.0100
      0.0100
      3.8103
      0.0100
      3.6937
      4.4407
      1.2056
      5.5280
      5.6148
      6.9201
      6.1895
      6.9318
      5.6867
      2.7391
      2.2565
      5.4609
      2.7417
      2.7352
      1.9400
      0.0100
      3.2369
      1.9780
      1.2363
      1.9756
      3.2082
      0.0100
      3.0143
      3.8094
      0.7546
      1.9759
      0.7694
      2.7208
      5.6801
      4.2088
      5.4304
      3.9767
      1.9611
      8.0843
      9.1344
      7.6458
      4.6638
      4.0639
      2.7270
      0.0100
      1.3492
      3.1479
      0.0100
      0.0100
      2.7376
      0.0100
      0.7638
      0.0100
      2.0490
      4.7713
      4.3080
      6.4870
      5.5413
      6.1880
      9.3166
      5.6858
      5.8788
      4.2810
      3.8064
      5.8288
      3.1338
      4.9144
      5.5909
      4.9433
      5.1760
      2.7376
      5.9902
      1.9818
      0.6121
      0.0100
      3.0321
      0.0100
      4.0186
      4.1639
      2.0032
      2.1348
      4.7638
      5.5431
      9.1366
      6.2394
      6.3754
      3.7004
      5.0044
      3.7529
      4.8706
      7.6342
      5.3491
      2.2346
      3.9435
      5.2020
      3.7762
      0.0100
      0.0100
      0.7827
      2.3133
      0.0100
      0.6171
      1.9768
      4.6860
      5.0081
      4.2664
      6.3542
      5.7812
      6.9277
      5.6205
      6.1536
      5.0274
      4.9267
      5.0165
      3.7382
      4.6636
      3.4068
      6.9505
      7.5560
      4.4719
      3.7328
      3.4739
      2.0014
      1.6367
      0.1324
      0.0100
      2.3210
      4.0787
      6.3726
      8.4864
      3.7354
      5.6408
      5.0076
      5.3430
      5.6275
      5.0526
      6.1158
      6.9280
      5.5301
      4.3600
      5.3385
      5.5334
      2.2419
      5.0192
      2.7503
      4.7535
      0.0100
      0.0100
      0.0100
      3.1441
      0.0100
      3.7078
      1.9188
      1.7621
      5.9627
      5.5445
      5.6462
      7.9449
      7.5584
      5.8253
      6.4587
      6.8909
      6.0547
      3.5923
      4.2678
      3.8056
      4.4883
      1.9611
      3.7292
      5.1004
      1.9817
      1.1777
      0.0100
      2.5677
      1.9749
      1.8086
      4.6597
      5.0538
      9.2325
      4.6647
      6.0540
      9.1344
     10.3149
      6.1849
      6.3390
      4.9401
      3.3984
      5.6008
      2.0412
      3.8005
      8.3162
      4.9985
      1.9801
      5.5272
      2.1030
      6.3064
      0.2815
      0.0100
      0.0100
      2.1225
      0.0100
      1.9701
      5.0958
      6.3719
      5.5290
      5.6485
      5.3394
      5.4403
      6.7308
      9.2361
      7.6563
      5.5478
      5.5343
      4.9406
      4.6589
      3.1168
      0.5430
      3.1414
      3.4546
      5.3282
      4.0550
      1.0956
      0.7853
      0.0100
      1.9623
      4.2305
      3.1221
      4.2538
      6.1310
      7.6838
      6.8960
      9.9304
      9.2243
      8.0227
      5.5177
      4.6481
      1.5142
      3.1028
      0.7432
      1.9776
      4.0195
      5.6285
      5.5885
      5.2266
      4.7208
      6.1349
      0.0100
      0.0098
      0.0100
      1.3595
      2.3635
      1.5505
      2.3730
      0.7101
      4.9502
      4.9579
      5.1911
      9.3090
      7.6808
      7.5830
      8.3155
      3.3022
      1.9880
      1.8916
      1.9576
      2.7247
      3.4528
      2.1015
      3.3856
      4.6709
      2.7273
      0.7842
      1.9379
      3.1965
      2.7279
      2.1717
      4.0639
      2.2178
      2.3601
      5.5374
      5.3363
      9.2760
      4.8995
      4.9923
      4.7677
      1.7678
      4.8741
      3.0859
      5.2244
      3.7312
      6.1449
      3.3721
      4.2148
      6.0515
      4.2139
      4.7769
      0.0068
      0.0100
      2.3821
      1.4454
      1.9604
      3.5509
      4.1205
      0.7494
      5.0255
      6.1686
      6.8599
      9.7353
      7.9547
      3.9930
      2.3648
      1.9816
      5.3404
      0.6879
      1.8263
      0.6641
      4.4926
      3.0425
      5.0118
      4.6038
      5.5425
      6.3600
      4.0474
      1.9795
      0.0100
      3.4492
      3.7393
      4.7367
      0.0100
      3.3814
      5.7078
      9.8039
      6.7097
      3.7380
      3.1237
      4.2474
      5.5484
      1.9685
      4.3281
      3.1574
      1.9721
      0.0100
      1.5666
      0.7390
      4.3109
      3.3246
      0.0046
      0.1253
      1.9605
      2.4449
      2.7128
      4.9721
      5.6577
      6.9472
      4.8578
      4.8606
      6.9934
      9.3354
      1.9381
      4.9427
      2.0850
      1.9753
      3.0648
      4.6484
      0.3195
      1.8854
      1.9764
      4.0669
      4.9527
      5.3644
      1.9887
      2.0069
      3.2003
      0.0100
      1.9921
      3.4433
      1.7929
      4.3669
      2.0074
      1.2139
      4.6754
      2.3836
      4.7891
      5.1905
      6.9900
      5.0489
      5.5324
      4.7248
      4.2180
      4.9693
      3.5525
      1.3238
      2.3048
      1.2614
      4.4595
      2.2606
      0.0100
      3.1990
      0.0100
      2.7378
      6.1064
      5.3473
      6.8303
      7.5562
      8.7858
      6.5869
      5.8284
      6.5141
      2.0385
      3.7481
      0.7571
      5.3340
      5.6684
      4.7653
      5.0164
      0.0100
      0.0100
      1.9974
      5.5751
      7.8998
      6.9558
      7.6846
      5.2807
      4.4388
      0.0100
      0.0100
      4.6105
      5.5358
      4.6447
      0.0100
      2.7377
      2.1458
      3.0813
      2.0011
      4.6600
      6.1511
      8.1090
      7.5587
      7.3084
      6.4272
      3.8096
      1.4236
      0.0100
      0.0100
      3.0851
      5.1908
      0.1212
      0.0100
      3.3977
      2.0032
      2.1868
      1.3174
      5.8949
      8.4880
      7.8625
      9.8581
      4.7812
      3.6925
      0.0100
      3.7975
      4.8759
      4.2230
      3.7419
      0.0973
      1.9953
      0.0100
      0.0482
      3.7830
      2.0247
      4.6421
      7.8501
      8.0210
      9.1632
      5.5399
      5.0070
      3.1886
      2.3607
      6.9590
      1.9793
      1.6526
      2.3446
      1.2696
      2.3667
      5.1998
      2.7451
      5.1450
      8.0257
      9.2192
      6.0522
      3.7067
      4.0212
      3.0895
      3.4420
      1.9982
      5.5351
      5.7102
