Simulation output
1
Simulated Value
4.524364
8.438679
7.375324
6.342611
5.401573
5.196208
4.683077
6.467551
3.148301
9.589166
9.095838
5.93597
8.532119
9.006969
4.831061
2.941482
7.756159
1.108427
7.738075
6.394064
2.919246
0.01
6.073069
7.017812
6.207911
0.01
6.082231
5.723169
5.019412
2.380452
0.354023
9.004709
4.883598
0.590582
8.280171
1.402049
6.591891
0.997641
4.121358
4.417624
10.572813
1.444279
2.497074
8.384528
8.512179
5.37433
3.212685
3.24885
0.103651
7.916618
7.052939
7.593511
7.530624
6.526206
8.055593
2.220466
10.83613
6.075432
3.018293
1.949604
4.392565
7.46433
6.713552
8.818725
11.871164
7.221211
8.352004
7.524829
2.472112
3.693647
4.428211
8.175174
1.171529
12.031573
2.776083
2.134078
3.185286
2.006472
5.382188
5.516974
10.683781
3.917254
8.406916
7.317985
6.39022
0.01
6.467955
5.631611
1.82303
7.554567
9.017057
7.298203
5.095948
1.737036
6.735264
2.580595
6.473306
2.451043
2.614301
6.682638
3.449309
0.01
8.60053
6.756553
7.35708
1.04501
5.285688
7.841744
6.579565
3.628713
7.86715
4.146092
0.330221
4.401797
3.319751
1.360498
7.888829
1.827635
8.7671
2.811663
4.126904
4.462387
6.817969
3.824893
5.145771
5.942043
2.91236
3.008131
1.839817
0.501582
10.050517
3.065193
6.551061
2.504312
9.854587
6.685104
8.343463
4.897406
8.124754
2.708805
0.743143
8.740466
7.631684
6.087409
4.586571
3.832195
2.191886
4.013194
5.570354
8.009798
4.816609
0.534994
0.643587
2.180171
1.669644
7.131106
8.575027
7.576402
2.908407
1.347526
7.584219
0.01
3.633859
0.01
3.630991
3.004204
7.975133
1.672553
3.824109
3.794019
2.49154
3.911629
0.01
1.859414
4.561622
5.403461
7.687686
7.58799
5.524888
4.209116
2.679067
6.436377
1.068173
6.51905
2.612363
4.958997
8.725119
1.000615
6.243703
4.06507
2.851406
4.519466
10.638871
8.915104
3.216939
2.208787
5.587277
0.01
3.602098
5.305304
7.905858
2.930166
3.285777
5.9693
0.01
4.238191
6.505015
4.312688
11.777034
11.317441
0.792393
4.376133
3.947974
2.089394
0.213212
8.73583
4.539686
4.547234
10.560779
6.359852
0.869568
2.246228
0.27553
5.012159
3.358079
7.346828
3.630388
7.093671
10.813662
3.051941
4.153192
4.752959
9.885069
2.560269
0.01
0.01
5.130058
0.901701
2.809561
8.571325
3.361805
5.873276
5.748213
6.213505
3.826814
2.33736
11.663076
4.497686
4.701068
6.356265
7.887247
0.01
1.547075
8.735206
8.021141
3.769923
1.106874
6.460392
7.632726
1.135269
6.665875
4.872701
6.258028
5.853108
7.345498
4.076404
6.534428
5.763605
8.664445
5.512483
3.381854
3.157375
5.829903
5.101375
4.947465
4.871649
5.234196
8.263962
0.01
8.678717
8.22675
3.544679
2.875558
3.145431
4.361563
4.198893
7.128977
10.180691
1.617532
5.903829
7.163247
1.212665
6.601407
7.951731
6.705227
2.799541
6.882797
4.415644
3.456652
6.19086
4.571776
7.070199
2.130911
0.916592
6.170452
3.849075
9.572387
4.876357
4.435583
9.450319
2.877158
3.174773
4.80958
6.255344
6.263506
10.788968
1.966735
8.137302
2.919355
5.702935
3.059304
5.896159
3.229477
5.847062
8.648389
8.89356
3.278921
9.220551
10.964705
2.027226
6.786418
1.968894
4.436282
4.942889
3.405507
1.826234
1.801683
9.93595
5.073575
0.01
3.061905
8.019985
6.122778
0.01
0.250863
5.384083
3.022646
4.150605
7.600855
2.315379
6.829509
8.506135
6.117094
3.62566
7.157141
8.67177
8.306834
8.875658
2.361145
2.842864
0.01
7.366992
3.707838
8.659068
0.01
8.131294
4.792571
5.191528
1.467161
6.286907
4.937353
0.733454
6.700583
3.543137
1.193083
0.785011
9.14417
1.499181
3.322736
2.357818
9.378573
2.70237
0.01
7.972765
10.857914
0.01
11.906062
2.727528
2.369053
6.529377
5.705742
4.889488
10.29598
3.169677
6.55861
8.927662
1.381611
8.402659
9.35329
2.513509
6.323538
2.936748
1.62146
4.992063
6.930566
4.21716
4.15006
0.533304
0.907473
10.688001
6.875974
3.648916
3.071578
8.830271
6.676398
6.796289
8.513427
8.131325
3.625885
5.085898
6.959871
1.800746
3.76956
3.143867
3.857765
2.533505
6.110244
4.86287
7.852664
5.862205
6.080297
6.211144
5.16132
1.222186
4.373572
3.251048
1.740369
1.01344
6.603608
5.95204
2.421492
5.682462
7.177566
1.839107
2.072084
5.579056
5.958692
6.675995
4.930569
5.473687
7.017442
8.44736
1.482353
4.875487
1.219744
3.925924
8.641731
4.992565
5.326616
2.47511
6.271152
1.515277
9.78709
0.01
7.061625
10.984121
0.769313
0.253529
10.487332
6.684757
4.85239
0.01
4.444325
7.598011
3.366084
2.724102
0.01
3.368483
0.01
11.81007
8.782465
1.908668
5.344105
4.554266
0.316738
0.453673
2.791098
8.442545
9.138946
7.922083
6.540768
13.337211
4.253254
4.382759
3.480663
4.673922
2.985833
8.981541
9.881984
7.834728
3.312475
0.835724
4.363128
6.293026
0.632285
4.098154
9.138747
3.500629
4.928477
1.655651
5.466715
8.701395
8.47038
3.445095
9.000412
6.453401
7.137936
2.274622
4.286786
3.367146
3.301745
1.691419
6.036709
1.643517
1.944733
6.083568
12.042747
0.01
2.780897
4.656715
4.78051
2.71037
6.069375
4.101565
0.01
8.956669
10.529807
6.239615
1.243461
2.146821
9.530965
6.890537
5.5688
4.798207
5.575565
10.584531
6.139695
1.172004
8.620435
3.525821
5.750402
10.316838
4.424323
7.055026
4.734785
6.75485
6.607285
10.023379
4.865255
5.046962
6.643532
4.423201
4.746304
8.546214
0.772753
10.376992
7.501671
0.01
3.888513
5.145251
4.953226
6.716302
8.010764
5.861425
4.855545
7.096792
7.039895
5.511676
7.685578
4.619792
4.160314
2.078031
3.510473
7.692202
1.967668
5.683381
6.16352
4.433425
7.342643
0.862886
7.755876
0.499269
5.827089
4.058559
2.674149
8.43385
5.288954
4.674461
3.821409
6.58938
4.227013
10.20251
0.01
0.01
4.117415
4.521111
4.943215
7.798941
9.190332
8.156542
11.430645
4.299894
10.521396
5.483952
7.007897
4.324234
5.116061
6.97821
0.01
8.237165
5.69856
3.648867
8.863137
8.704149
8.618519
1.112072
3.882937
8.418438
9.874456
0.01
1.534939
7.139017
7.638284
0.01
6.217109
5.937693
3.944002
6.717902
6.830263
4.3316
3.245161
6.690274
5.831418
0.680804
3.418699
6.623239
5.165111
3.56694
6.242927
4.037961
5.503732
4.801781
7.14697
3.197589
12.182298
6.160951
2.446612
3.82588
8.476534
9.184767
3.347956
5.069155
5.999857
8.983885
1.755798
4.085138
7.192899
2.411379
7.812425
6.807724
5.8933
4.330197
5.102442
8.257064
8.463912
8.19736
3.424062
1.127154
7.710977
12.411506
5.850344
3.195293
1.782685
5.173101
5.59594
5.738494
6.840838
6.00325
10.353286
3.99859
5.877411
5.482927
5.834326
8.550616
4.935777
12.920471
9.232477
2.68277
7.14377
7.451666
4.254375
6.731975
2.894693
7.198158
6.237678
7.350876
4.570763
9.097196
3.691339
4.389652
4.576496
7.791438
7.264622
5.290091
6.412177
7.552669
6.09905
4.66351
5.743611
7.08812
3.994099
9.844672
4.202059
5.511897
7.80795
3.439922
3.332019
0.323517
9.092337
8.923292
6.201606
1.720852
4.112415
2.353694
4.41779
1.766011
3.831415
4.794535
8.083264
4.381083
8.109612
2.360737
10.199473
10.486287
6.56547
0.01
1.767087
5.94401
3.197442
1.739484
3.764699
9.242755
4.592087
6.044308
9.589603
8.215308
7.769017
10.256776
7.736382
1.851337
10.634626
6.29737
7.217711
8.44964
9.889492
3.438923
6.367748
5.987198
8.561843
4.18363
6.215628
0.01
3.19032
3.771672
4.091934
1.972434
5.90284
1.814373
3.549357
9.041654
2.342055
2.68952
4.334893
0.01
0.01
6.022251
0.777293
6.979733
1.154704
3.098849
4.855661
0.973988
5.244169
5.474694
4.851921
6.563297
3.260407
4.35117
10.380404
5.337638
6.232632
2.851379
6.038921
4.653027
5.02182
0.146156
10.009247
1.257669
5.831464
10.669454
6.448504
3.447896
2.511112
6.607907
3.929258
6.49284
7.39544
3.040032
5.8036
6.019906
8.159932
9.939763
4.644952
0.01
0.01
3.138104
2.853861
3.394083
2.156296
4.728172
5.120041
8.555237
4.46187
4.585309
5.435268
3.966637
3.64303
4.73421
1.453034
6.356734
2.99695
0.592685
10.99166
3.67653
4.826744
5.985543
2.651012
4.441022
6.676493
6.667871
5.549493
10.348332
0.01
4.181897
0.01
5.677227
1.057497
8.922886
6.510667
7.830318
0.873938
5.854703
2.695914
1.482741
4.944062
6.034618
0.483453
0.452693
3.616786
2.717643
5.681635
2.422001
4.63392
0.01
5.445389
6.368706
0.01
2.24933
0.89213
6.688544
1.132877
6.035707
1.937534
5.827165
3.832474
6.290553
6.22898
6.764321
2.577006
6.470248
8.633555
5.12005
12.042139
6.654945
5.636578
7.268093
6.096732
2.590331
4.153293
8.305463
0.01
5.443174
6.608456
8.974949
8.285557
6.072199
5.142123
1.001812
7.232913
5.346694
0.01
11.888417
7.502592
0.01
4.556322
8.506013
3.932654
8.478465
4.542592
3.870359
8.422352
4.671917
7.867825
1.653964
3.845503
8.209352
4.246612
5.334614
6.351517
7.162973
2.752469
2.254025
6.558673
8.352843
6.35464
2.668984
0.485656
3.864462
6.422636
3.576696
0.01
7.666515
7.924764
9.271517
5.154598
6.672165
3.253696
3.840228
11.726593
4.32521
7.597117
4.577465
0.134924
3.922165
9.625994
0.469419
4.687773
1.614036
10.05702
4.355795
6.288191
5.844886
0.725776
4.685967
9.571695
5.049038
10.459769
10.396067
0.911538
6.895083
8.07318
0.01
6.221125
0.01
6.473887
8.796933
5.815371
8.527144
11.043247
6.225117
0.01
7.042345
5.535547
11.318799
2.173059
8.018274
5.445693
2.641562
9.50317
8.508158
7.023201
5.185158
6.223568
6.631893
0.834578
0.01
8.211683
6.484821
7.585798
5.805588
9.615981
8.686415
3.761486
7.185566
8.744627
1.726281
0.01
4.79087
5.142672
7.031512
3.570677
4.847189
4.602739
6.735441
7.348198
2.402467
7.465994
5.81162
7.444823
5.843065
4.412264
5.827862
1.900757
11.751287
1.604438
3.809663
5.501065
0.594462
5.366164
0.403371
6.024643
7.509642
6.290672
7.190759
7.842615
7.26143
7.193663
6.300414
16.353721
9.126774
0.01
8.297871
8.580054
7.21617
2.392729
4.362165
3.484642
0.416004
9.405819
5.178941
10.408501
6.27301
3.713012
4.991082
4.503824
2.66117
4.655076
3.76107
7.377531
7.944216
10.744346
6.403183
0.01
5.512363
2.484338
6.069251
4.420501
6.464549
1.638188
2.075758
12.184528
5.44123
11.843934
3.559474
6.211985
6.37654
5.68563
6.540905
4.385425
4.289925
7.037873
4.056895
5.304982
6.077943
8.548086
7.483134
4.692649
7.949701
0.374253
1.47388
5.908394
8.484463
1.766204
4.458363
5.787292
5.301326
7.439982
6.750722
6.650677
6.230147
1.552216
4.901674
0.865155
6.246328
5.122955
3.310161
0.548881
10.342026
6.101411
2.205522
8.199127
1.273592
7.057086
6.467567
6.583582
8.429772
2.7893
1.552409
7.162957
0.375839
6.02116
7.641322
3.843848
7.928995
3.566302
1.241778
6.338879
10.078992
3.828282
0.01
8.121147
12.072254
6.985084
6.809327
6.315423
3.854065
4.688844
6.435166
7.724878
5.514958
3.635839
8.446212
0.01
6.789335
7.912444
8.639975
2.791774
7.445429
3.562168
6.748198
3.439479
1.790963
7.491684
6.110634
0.382884
5.931461
6.428471
0.01
3.923819
6.631554
8.356557
6.973554
4.084853
7.298629
2.051827
5.78201
5.211349
6.973905
3.670376
5.219222
0.01
4.919989
5.628818
4.5482
3.291399
6.601131
9.118553
6.175445
3.551788
6.476187
5.471668
4.012079
0.01
2.364418
2.200663
10.528146
7.965593
5.456192
6.919555
5.616576
1.445034
1.514225
6.280655
5.047376
5.801818
0.666623
5.208912
7.56987
0.01
5.710929
0.557142
4.696558
6.041537
0.166096
2.151254
1.084358
4.870731
5.09236
3.228012
5.878444
4.608954
5.04074
6.898723
5.737746
8.248033
4.118523
7.758869
6.135358
7.099355
4.51472
7.209051
4.496405
8.403777
2.285985
5.433817
1.427081
4.516108
0.861038
4.202146
3.513694
5.20623
3.894656
3.458693
0.01
4.42749
6.578362
5.724375
7.533334
5.86875
2.766903
7.778049
5.025382
5.948717
1.034643
0.773543
7.266472
5.233092
5.679672
0.175654
4.758855
0.01
6.161342
6.723995
4.326106
2.333929
6.738657
4.320872
7.961928
5.246516
0.01
4.569909
10.930152
6.04013
3.235633
5.571412
8.865231
4.654248
4.381847
8.317144
10.926115
5.130208
0.34422
11.500884
4.938724
0.574494
4.948898
7.304361
6.058342
1.790351
4.289319
8.165141
9.949125
10.417861
8.234178
4.474312
4.285273
9.866304
3.644554
6.283783
0.807307
5.834718
7.206295
4.816159
0.843873
1.292475
2.525069
7.684362
8.815197
2.492607
4.765263
5.385661
6.217483
2.028718
4.454918
0.01
7.028174
2.946344
6.290471
1.5756
5.419218
8.493717
6.407295
0.311971
9.530049
4.098835
0.01
3.415194
4.770872
6.213227
0.606079
6.340982
7.205738
5.240473
3.050423
10.732314
4.986766
5.10155
6.703049
6.111283
8.253759
6.41971
1.284228
9.180494
0.562757
0.198939
0.955936
5.675062
4.326258
8.1412
9.654652
3.213834
6.162276
3.052062
9.69983
7.384241
4.537184
9.146694
2.517073
6.251852
0.990644
0.864472
2.865008
5.718297
5.824909
8.151914
6.898623
3.737751
1.009446
2.634159
6.640946
4.893429
9.733646
1.505867
1.119392
6.909407
1.938987
5.28719
6.424607
2.973641
5.923822
5.265515
6.405679
0.186509
2.54585
9.503182
8.528043
4.517248
2.354136
3.12368
4.130335
3.3455
0.01
9.032128
2.17011
9.579383
2.276042
0.564214
6.82435
4.960663
7.770368
0.01
11.698615
7.68936
2.530159
3.011739
2.379234
6.837785
2.254631
4.918463
6.858396
6.524509
10.345204
3.588834
3.532392
9.165405
4.559822
8.041875
9.579474
8.300505
5.544812
6.410248
4.969954
5.161218
4.142906
2.195643
2.987014
2.600484
9.211827
2.340214
0.01
7.833138
5.064411
8.154347
0.489427
4.742426
9.481073
5.363751
0.029498
4.075156
4.682778
0.01
7.047237
5.935598
4.073871
1.015353
3.792934
5.685083
6.964757
3.524307
3.596184
1.747395
8.258982
6.189169
0.01
4.545533
7.543453
2.491491
7.916948
3.679796
7.767301
10.714113
5.040738
2.005055
0.01
7.347452
0.387675
3.758822
2.610071
8.932631
1.943163
4.794738
3.035076
5.042242
6.065918
6.514145
1.367609
9.806051
7.486893
2.720012
5.639412
1.916683
2.611778
5.334575
4.789947
1.450541
3.812773
9.841086
9.845351
3.462672
3.169416
0.01
1.533702
2.677399
6.523644
6.13993
0.725687
8.615578
2.509857
0.81881
6.980708
3.028288
4.316678
2.868379
7.820985
9.215682
3.794298
4.111969
2.855091
2.444519
3.64409
13.190005
2.955998
3.449357
4.687802
6.824279
0.845256
2.952489
4.445988
8.337216
5.607766
7.108855
4.342092
5.757699
6.513791
3.697102
0.756233
11.27156
11.277755
3.301037
4.59401
2.855943
6.652207
11.25735
8.670246
8.521365
5.811424
5.558763
0.826703
7.746342
8.993201
9.792929
5.562963
4.007924
3.199034
0.555995
3.652552
3.364745
8.877692
3.612301
10.54502
7.063137
4.378304
6.439715
6.072878
2.105413
9.719815
4.947846
5.759463
4.706727
6.980555
6.06378
7.172639
4.693515
0.714027
6.405137
6.80988
6.326399
0.397009
7.45146
6.686683
6.794041
5.384384
0.01
8.601766
6.25841
7.832309
6.470214
5.77863
10.65752
5.120332
11.097453
1.335618
3.640027
9.290857
8.192855
3.96974
0.695286
5.055512
8.380108
11.739206
3.693615
1.540843
4.053014
1.924273
5.716472
5.158952
2.824494
2.268658
9.772671
4.80231
6.446975
4.689979
0.83233
1.82821
0.01
6.417633
4.577849
2.280391
4.697648
7.614639
2.746639
11.888508
4.820926
7.134654
2.081842
2.169542
5.762538
5.349188
7.885173
11.650981
3.742205
9.644712
11.984603
3.082508
3.596883
9.545296
2.719018
3.070014
5.459353
3.673167
2.895485
8.616982
2.901364
0.610854
5.95336
3.940658
8.480158
8.715648
3.723481
13.522086
4.368813
4.336675
3.219195
4.088447
3.755002
7.663547
5.391115
14.28792
4.073006
4.395408
0.01
6.012197
5.236617
5.04061
10.484886
4.553166
0.859752
5.754092
6.366591
2.696253
5.944062
11.394227
1.577795
5.066489
4.652743
11.971671
1.796818
0.0177
3.153636
4.748124
5.471357
6.563516
4.93827
3.044273
1.360721
7.404197
1.644367
4.009285
6.159107
6.928699
3.49859
4.681519
6.197782
5.480495
6.065628
3.356708
6.785412
9.030969
6.465557
3.683252
2.974213
6.537474
6.556007
5.340196
6.745645
2.485155
4.235915
3.458841
2.548236
7.435256
4.453597
8.75185
10.345297
7.985177
8.029454
3.950868
4.637848
2.820678
7.136335
4.242359
7.644978
4.722905
10.215226
8.393942
4.984264
4.625022
3.700214
1.497838
9.066898
1.341571
11.493238
3.964651
6.550414
6.383672
5.240075
7.806364
7.526849
8.355696
8.533225
8.881156
3.895297
6.506569
5.364549
4.635566
12.744239
2.214691
10.219214
1.242449
0.01
6.297606
1.535497
5.278792
6.60571
9.471762
6.002355
3.488649
6.938988
3.864086
3.507653
6.476397
8.841908
5.203763
6.596303
7.812963
4.762642
6.379181
5.173138
4.321108
10.135087
5.535586
3.852857
3.173828
1.929186
3.999475
6.389876
2.371602
6.408255
0.01
3.152844
5.424775
6.125931
4.003509
5.724225
11.929698
5.745739
7.696462
6.568784
3.926225
1.686553
5.542276
7.431891
6.889805
2.834388
5.813628
14.923879
6.535027
1.955336
4.502566
5.419445
4.172773
5.647305
3.735037
0.01
4.673591
0.728079
3.279091
7.872139
4.231913
4.633999
8.77822
6.125888
5.882617
13.176103
8.038185
5.197474
9.706842
6.726894
7.600709
6.172844
5.19483
2.351827
3.259131
10.211744
7.251247
9.856404
0.01
7.826226
8.881028
6.821404
6.80359
3.652852
3.233118
3.485611
5.575452
11.122103
3.386139
7.259812
3.473089
6.385664
7.482494
8.605399
7.378982
8.168411
7.496482
0.01
5.692198
5.693847
10.843364
4.412977
1.943871
2.018397
4.638663
8.080826
9.208725
0.5616
6.608252
5.173504
6.745024
0.849811
2.645276
2.376144
4.773065
8.815333
3.902226
7.759598
3.425326
1.611497
1.391435
0.47951
4.170941
7.007269
8.569283
1.140681
4.980053
0.304222
4.871748
3.647656
2.123802
8.145439
6.418727
1.455487
7.574327
6.392737
0.487495
11.541537
5.986638
3.406342
1.245074
3.837644
7.240431
2.641849
13.701823
11.593146
3.446765
6.597549
2.041832
6.482346
3.24176
8.129096
4.921754
9.926459
4.522344
1.748199
0.01
5.66303
1.030284
3.077351
4.785154
14.121874
9.145124
5.068465
12.07069
4.412506
3.439015
6.623822
4.294033
4.552551
5.475923
6.299369
1.056438
2.279483
6.608447
3.125562
4.205156
6.024315
6.548029
7.310901
5.160591
6.803097
7.739071
6.820761
8.899804
1.332757
7.352628
3.432961
7.198071
0.01
2.45372
2.613157
11.14177
2.612921
6.221657
7.880637
9.934902
7.548792
4.223316
7.934917
2.167809
4.071608
6.173073
6.483529
5.421592
10.340815
5.711978
9.069285
7.096168
0.01
2.083357
2.68987
4.348445
8.244926
1.757707
5.398085
7.152148
4.253481
4.615431
8.954884
8.820945
9.726279
6.352094
8.455544
6.240935
5.293517
8.076102
5.386725
8.447071
3.32033
4.259828
0.01
1.404099
2.791413
6.5793
5.777317
4.472475
6.294184
0.01
0.940805
4.738527
5.176309
0.857234
0.245923
8.894243
12.250461
4.427307
3.253471
4.974553
4.42695
12.40656
3.39879
4.403988
8.139866
5.424862
12.17545
2.103148
4.875365
5.668556
0.743877
3.964978
4.728001
8.365253
2.47899
1.957039
9.631656
0.494268
2.210776
6.686036
3.633804
10.386662
4.891421
1.9179
7.594184
6.841024
3.682363
5.791928
4.859707
4.172921
2.89528
3.644185
4.901157
8.329689
1.723256
2.122276
5.611931
10.396825
3.416165
10.405085
5.021577
0.83876
5.138025
1.281657
5.402232
6.461065
8.94171
6.400827
1.683448
5.219792
6.76593
4.970813
7.4635
7.397591
3.395742
7.415937
1.187016
6.080118
4.063622
0.218832
0.63249
6.226822
8.253906
0.898988
3.197206
9.478462
5.174318
1.423672
8.714874
2.705927
1.888811
4.067727
2.790334
5.007597
2.102373
4.763506
6.783458
1.97464
3.822084
6.689797
5.139115
0.815617
8.926916
3.171659
3.051637
3.535368
2.418956
3.072666
2.892687
1.968909
1.320634
3.484033
2.52992
5.605429
0.01
6.195033
5.636926
4.554606
2.833865
10.365531
4.453278
5.475699
4.486244
1.973254
4.617264
3.854287
7.46685
8.462585
9.059601
6.022395
4.360103
2.446371
9.151059
1.667423
8.769455
5.871259
3.909827
3.481263
7.580894
5.283199
6.720636
4.60657
6.094513
0.84275
4.90988
1.566936
13.244091
0.01
8.086105
10.820594
0.57344
6.032194
1.796141
3.392613
0.801222
7.254028
7.897757
8.30827
3.825842
3.490434
7.445982
5.224589
3.334928
7.461274
5.727635
6.75599
1.617902
1.320337
2.844793
3.433385
3.530513
2.837404
4.69964
6.191002
3.681369
2.720238
4.828183
7.257941
6.0555
7.106086
11.203158
6.861205
7.249738
4.277997
4.466024
13.131866
5.494764
4.231437
3.531759
5.619378
8.665849
3.988896
6.177888
4.717973
5.476764
2.655143
6.657879
8.049151
11.797543
4.109088
2.127599
4.588478
9.012252
5.232301
3.823982
0.01
2.196983
1.149239
9.515389
7.083238
13.387248
4.352662
6.445354
9.224387
4.378059
10.913161
8.236616
2.546758
9.72759
6.975824
4.685209
6.429189
6.033255
2.971278
10.627591
10.957686
4.424601
7.250292
3.501198
1.902196
2.170764
0.275775
0.01
8.702902
4.626724
0.01
1.587592
6.660604
4.095127
5.135074
10.328003
7.540297
6.377215
5.785997
4.97886
4.902976
5.3605
4.006376
10.269615
3.79775
5.151525
4.804541
5.246272
9.201039
7.720942
6.379851
7.075655
6.078503
7.958728
3.858622
6.98862
5.419338
6.834944
0.01
4.567099
10.096279
3.05154
4.611272
7.461381
5.326695
1.23564
8.949895
5.037224
3.921206
7.214364
11.133166
6.53975
1.541571
2.283641
3.781398
4.68216
0.01
8.819731
2.442879
8.285377
3.553228
9.893943
5.355593
6.447651
5.410544
8.849094
7.403312
9.865798
1.075016
3.88739
4.349078
8.606665
4.592238
3.308898
10.997764
6.420333
9.606414
5.12707
7.270568
0.01
2.370816
2.553665
7.293267
4.299657
1.833603
3.703597
0.01
0.394887
0.099978
1.049127
0.01
4.158204
8.306169
7.382374
3.51339
0.01
0.886021
4.912658
1.602677
5.0028
1.785596
0.778857
5.717837
5.512428
6.841753
1.674693
8.296103
11.391632
4.442719
6.677979
14.377209
6.878421
5.135926
1.566442
3.147198
6.436596
8.937424
3.806946
0.981881
2.5768
4.891489
3.041254
1.542475
6.672201
9.751585
0.01
2.401648
1.048715
7.895534
0.01
7.781661
8.405896
7.841294
5.565003
0.01
0.995215
7.103003
7.329084
1.190568
4.301907
0.01
2.105205
3.674502
2.555429
3.978663
4.477784
0.119478
4.695996
0.445211
6.978585
5.524444
2.759064
4.393542
5.440157
5.900528
6.613725
8.456645
5.454621
6.772591
6.531571
7.194891
2.952013
1.99164
4.646813
6.820157
7.147771
4.640688
6.114059
3.245141
3.076586
3.271762
5.186937
6.190676
8.091152
3.021868
7.00416
4.220131
5.027833
3.317178
7.798869
6.343554
5.29211
2.607569
6.366398
8.440712
1.958419
7.20341
3.186406
7.978293
7.751124
9.60944
6.877333
3.965375
6.438205
0.160528
1.66643
8.280632
4.424196
1.094349
4.870393
7.965124
5.187601
9.834977
0.01
7.676084
6.845359
4.065193
10.955085
0.967963
9.273942
4.636699
4.04885
5.474268
4.411049
2.534637
9.259519
4.03766
6.576732
0.01
3.18361
0.74528
8.896405
8.432635
5.830818
5.889226
10.986263
2.817856
0.01
5.255715
2.005109
4.818628
6.609708
1.983538
7.475673
3.281376
2.741089
4.449392
6.11223
7.745914
3.432361
2.189553
7.622055
7.305435
3.263994
2.264221
7.56542
5.205827
6.675862
12.050004
9.662717
2.502173
8.078915
13.781698
1.146596
0.260674
2.163424
4.723835
6.867799
3.687828
3.871865
5.225222
5.887168
3.580072
3.241209
5.885371
7.035136
5.369264
2.186843
6.485622
7.037108
3.474066
0.01
10.585138
3.936453
5.582316
1.873431
4.816925
4.351298
3.793544
6.091795
3.900544
2.541436
5.164506
6.390667
4.401879
6.325825
7.000389
5.268155
7.747345
4.562028
10.187325
1.044698
8.762239
5.032816
6.666454
7.640417
0.689668
6.535346
0.572354
8.645056
4.727293
7.826186
4.904825
1.797818
4.120036
7.342467
6.965384
8.29422
0.01
4.184492
7.136409
4.843833
5.184753
2.634788
3.762462
3.952561
3.675921
7.360463
6.204143
4.389665
7.102952
3.766967
1.341331
5.402095
3.363938
5.385748
4.061079
9.162359
8.615799
7.575996
1.19651
2.971416
7.267936
4.799861
4.85514
0.01
3.468446
0.938883
8.040773
2.24219
8.502313
7.675124
2.631533
4.308529
3.863955
11.34433
14.15185
1.454918
2.412781
6.166913
7.697001
5.893478
1.683537
4.926969
7.140244
0.599792
1.480112
3.849097
5.819032
9.84009
1.150972
7.666421
7.967772
2.99504
6.137084
4.847152
6.352475
10.661401
6.732726
0.251282
1.634866
1.738799
8.8332
6.494812
5.822988
7.94523
2.225057
6.057033
8.846579
6.849228
4.287656
2.355682
4.132308
7.485234
0.280715
3.36188
3.196704
9.17188
3.998532
0.01
5.181326
6.585722
1.902272
7.547906
0.391372
9.810172
4.884302
3.277355
3.656231
2.799227
6.162028
1.23356
7.308986
5.089215
7.666414
6.248105
2.564835
4.380689
4.304182
7.23571
5.864603
0.01
3.679179
2.220464
8.993699
1.734045
6.603572
8.319992
9.52089
1.46702
5.274932
5.228537
5.897645
4.466841
0.01
3.672251
3.168156
2.558652
5.430355
7.100889
4.170802
6.49591
4.366504
6.213964
6.057928
6.426227
7.996147
5.14275
3.318441
7.584729
0.01
5.418656
2.049054
6.057973
7.014152
0.01
0.01
5.148781
0.969872
9.091354
3.635791
2.050646
6.399767
7.425043
2.674512
4.189702
5.357799
5.998727
4.861871
7.80451
2.482016
8.403329
8.131901
4.637976
0.830583
3.635024
3.018505
4.17424
5.365803
3.58795
11.193816
1.669141
6.013406
5.45365
5.043669
0.580113
4.916723
1.717214
3.758034
3.297986
7.483111
2.938748
0.01
0.01
2.218544
7.437978
6.550014
1.825803
7.210685
2.426706
4.27804
0.01
0.01
2.406351
2.098789
5.8602
8.558012
4.414394
5.63552
8.191619
6.04814
9.183429
4.819684
6.878417
7.698435
7.347804
6.004465
5.448943
6.86705
2.655951
2.218773
5.543622
1.831272
7.324811
4.71076
8.032477
4.461495
6.181175
0.355994
10.540822
0.743621
6.51328
7.356256
4.387522
4.635683
7.609342
4.225398
0.36612
4.049105
3.266618
4.185041
8.839753
0.01
0.027689
6.923215
6.281871
4.937267
5.713076
3.177489
6.495957
5.649037
8.745774
9.08959
7.748823
8.191983
6.795019
4.257292
6.564232
7.68477
1.500442
11.199209
2.998868
6.385185
3.703038
2.889552
2.575643
3.03838
7.777441
2.36234
5.533767
9.727509
1.712142
8.287446
3.626209
6.034461
8.22286
2.853206
7.480692
4.707412
3.501344
4.789619
5.696814
2.107544
7.225341
11.471326
2.862157
6.989378
2.76593
3.676826
3.128476
4.765641
2.707292
3.595858
2.453394
6.417257
0.042201
4.723469
5.811399
3.167411
5.316183
7.423701
5.507215
4.044172
1.518704
5.170871
3.862739
7.964257
3.354457
4.09221
9.920958
5.193303
2.688132
0.906344
2.891637
1.940328
4.922812
6.477694
4.960865
4.235982
0.01
5.40426
0.858124
3.262737
5.098218
3.247934
1.72656
10.031358
6.277024
8.757101
4.097115
3.032822
4.752543
6.098503
4.789529
7.008226
3.656659
4.917896
0.01
0.019415
10.830685
7.778137
8.634372
5.306983
3.382906
9.165687
8.584344
2.055234
0.01
2.415934
1.919821
4.045382
7.669587
8.401651
3.938538
7.562265
1.180432
6.128327
1.50131
3.541649
0.01
6.515964
7.408242
5.575174
2.557139
0.01
5.822816
4.675753
12.775403
7.409604
6.217409
5.859955
7.450894
5.156047
0.01
8.554336
1.780582
3.617293
5.259011
2.298665
4.047039
8.244605
2.138085
2.061748
3.426202
4.718271
5.227601
0.01
8.234086
1.668997
0.01
5.5122
8.45517
7.839247
2.832606
5.531747
1.719354
4.682736
9.288708
6.153306
5.791856
1.658401
7.003875
3.487859
5.328973
9.097489
0.01
1.898067
5.94107
10.151135
6.701383
11.048239
3.550131
7.231495
7.556429
7.34705
1.081381
0.397481
5.906318
4.369402
1.007147
5.024424
0.190157
0.01
2.413882
5.428834
3.015868
4.476897
7.726444
7.035719
4.295933
3.965546
11.273766
0.01
0.01
3.396731
9.999709
0.01
2.44224
8.810886
7.262857
8.680945
8.668489
1.446986
0.01
7.020166
2.019622
8.003478
9.946819
4.468527
6.037355
5.596806
5.993056
0.817213
1.078798
2.003166
7.371396
0.708835
7.249321
8.374877
4.501225
9.372195
0.01
2.603344
8.668984
3.810861
8.936415
6.609321
5.972426
3.495808
5.883327
10.871793
3.466253
10.039185
2.154063
4.271563
2.70007
8.005392
4.46802
8.169191
12.32746
0.01
4.349549
1.972258
2.840609
3.930289
3.230175
3.658059
6.114716
6.965831
4.336706
6.04661
4.936824
5.116516
4.903856
8.132424
0.01
0.01
9.402737
6.513212
5.948478
5.561605
5.129408
4.99367
2.694582
6.36085
6.153115
7.165807
1.549594
2.827717
6.573507
5.757405
10.448186
4.271042
3.54171
7.112557
4.78107
3.56354
2.070579
7.485971
5.662368
4.562413
7.636057
8.350222
6.797981
1.930244
0.823985
8.358188
6.745691
7.706
4.228623
5.141203
7.186403
4.098552
4.860686
7.989802
6.160813
2.90411
1.88173
6.141786
2.221453
6.396701
6.45788
4.884454
10.860325
1.110263
2.577594
10.490746
2.856932
7.39455
6.861921
6.93544
4.259604
6.220211
4.892729
5.69306
3.562917
8.396306
0.706529
3.234391
10.55703
3.406674
5.264999
2.421397
5.722215
3.253652
3.923215
2.985599
5.788811
0.348501
5.413607
0.30174
6.621037
2.999872
4.668245
3.23642
5.663624
5.544776
5.398584
9.14049
5.580632
6.624023
2.558831
2.317486
6.581892
0.01
3.911427
7.212119
3.706582
8.415214
2.40407
5.181708
0.666413
5.300884
3.83792
5.764542
3.23032
3.908263
7.629929
6.917177
5.403499
10.042664
4.680677
4.237447
5.489841
0.01
4.020467
7.670769
3.594239
3.257552
3.919507
6.952146
6.714283
3.284217
1.393289
12.084599
0.01
1.997103
5.842384
5.520726
6.56944
3.831324
7.26351
3.549745
5.956759
1.980336
4.503472
2.724678
0.01
5.321275
4.393315
9.67827
5.946625
9.127563
0.01
5.901249
4.922185
9.199551
3.042408
0.553693
4.212912
5.917851
4.725117
6.19249
7.663397
6.421729
6.387228
6.195505
0.01
3.172206
6.383025
8.077312
0.01
2.735087
10.152292
3.776153
2.377863
4.602046
6.420993
6.981443
3.839682
6.139362
5.722669
2.395903
5.90365
11.366774
0.954488
5.960174
0.385636
9.334843
0.843739
6.623659
0.023802
5.616848
6.715203
9.181739
8.298638
0.295014
1.029409
1.092273
6.802856
1.596179
2.947413
3.991365
14.025733
5.563639
4.400744
3.924606
2.497298
1.41051
4.161003
6.294854
11.281153
5.273513
6.926949
7.245052
0.096058
4.444997
5.49849
4.23189
4.026324
3.453183
6.7439
1.193657
2.884448
9.099219
2.673602
1.592833
8.001757
4.867916
8.781197
5.493909
5.835472
4.386471
2.890382
2.125671
2.321675
5.00853
4.339306
6.597311
3.748565
6.100456
6.02409
0.01
6.793779
5.561641
5.979848
2.336465
7.300912
0.270475
5.446194
0.01
8.53018
4.442944
0.478142
6.761057
4.881979
1.785315
2.546488
2.511304
6.432156
5.37893
9.991091
5.215102
6.898811
6.802805
7.378089
4.709392
0.263316
5.466754
6.018164
5.392905
5.723748
0.685114
7.464033
4.446805
5.166641
6.818064
0.683814
5.349402
0.01
4.918834
3.297359
3.00232
10.558987
5.905835
8.478044
0.194673
12.127656
10.623581
9.089302
1.712344
3.031412
1.904379
7.710577
2.391796
2.975341
6.821859
6.667567
3.477767
6.185356
12.207012
4.614462
10.143497
7.920126
5.85315
7.189263
4.967872
2.263395
5.304107
2.937062
0.01
1.204716
6.871795
9.17449
7.839288
6.486131
3.753863
1.116471
4.173021
4.952382
3.087067
0.01
4.603296
6.370809
6.524793
7.261778
2.346667
8.80789
3.447385
7.145749
0.01
5.513433
6.990197
3.505362
7.935403
1.553733
6.137351
4.054518
6.188238
8.059405
5.683029
6.819911
12.174402
2.74536
8.55807
10.459503
1.629813
5.707213
2.362373
2.591152
0.824638
8.170052
2.206999
3.08777
6.790964
5.718715
4.325142
5.444867
0.01
0.01
9.92944
7.150782
7.507209
2.506762
1.190641
6.046972
3.854215
0.395337
3.052805
6.14932
7.794632
3.075826
9.223235
3.446983
3.250211
6.533296
2.806059
5.250968
1.6066
0.01
5.030488
6.625237
7.731846
5.663299
3.400566
4.175805
5.235461
5.488917
4.08293
0.01
1.910765
1.528895
8.381922
3.627365
4.140645
2.235463
5.07791
0.01
6.837995
6.488907
3.324059
2.061475
5.106442
5.048071
3.387107
7.169725
0.688514
2.615716
2.320413
11.179384
11.768882
1.866586
9.707862
1.149227
1.489421
8.905927
5.624066
6.769344
10.056017
0.542542
6.042952
2.424846
9.51149
3.347612
2.492987
5.946476
8.382072
4.636324
5.015275
1.440246
5.905353
3.022324
6.216054
8.479979
2.398167
6.074261
7.227844
3.938925
6.191818
8.866543
8.602562
0.01
4.82738
3.73318
2.266969
5.616196
4.377856
6.755444
3.686549
7.764426
5.26809
2.362649
4.570462
8.138428
5.867342
10.756902
7.878508
5.514208
6.720836
4.332012
5.863795
2.83982
0.840706
2.235245
4.708849
3.710134
12.061108
2.674198
5.681743
1.237082
1.7109
0.541639
2.73332
4.910397
1.960469
10.190682
3.855184
9.670649
5.534548
0.01
6.737339
9.4923
7.94901
4.388454
2.219026
4.494554
6.975909
6.317685
6.015071
8.679052
6.559255
3.016509
2.914522
0.544747
8.500114
2.682154
4.324071
7.431041
3.018488
6.641943
5.560229
9.484428
8.542256
5.853007
5.42487
4.803532
6.756577
3.10068
6.881951
0.789529
9.743163
2.246834
4.080915
10.238628
3.230981
7.03898
0.080542
6.969346
8.065776
5.941887
2.874536
2.565085
8.861593
5.679976
5.917731
1.666351
8.162119
2.604469
8.443753
4.544893
4.662171
4.25903
3.88309
4.126179
6.021172
5.774687
5.158418
6.775503
6.706842
3.747587
5.300069
9.295908
5.198223
5.985273
8.726234
7.173827
2.624516
8.87991
3.505056
3.225908
14.467245
5.846998
3.721844
9.646899
1.871488
1.059661
7.381114
7.844743
4.336187
1.340445
2.941615
5.067511
6.53013
6.123819
0.01
5.350198
4.443749
0.01
0.23432
7.473389
5.802522
5.210358
5.067821
3.198934
1.46954
6.761331
0.01
5.231456
8.14024
4.912802
7.921729
4.99913
4.452105
4.56392
9.796872
4.567671
1.150771
7.186754
4.912984
3.204456
6.990532
0.01
2.581047
8.393063
9.598515
6.495954
4.042374
2.214527
8.625109
4.50294
10.603176
9.020795
10.17459
4.596618
3.205331
6.381651
8.044497
0.914024
8.572458
5.329838
1.83838
4.582453
4.008858
7.089496
7.293119
4.780133
12.488791
3.428648
0.228356
6.381715
6.990487
1.657535
3.404645
0.01
6.113272
10.201756
11.21256
3.815189
1.643861
0.043156
8.00755
7.430383
3.163602
4.920416
0.01
3.914351
0.556612
7.629369
5.177346
0.164473
8.361253
3.135104
1.573829
8.849587
2.05743
6.911922
3.661976
1.771493
0.01
5.425861
4.887356
5.732314
0.01
3.764079
9.557074
7.624699
3.645445
6.411893
4.277169
7.040799
3.674059
8.090911
2.538809
5.555074
5.289183
8.562917
7.611335
4.450467
2.817912
2.548972
7.415731
2.66548
3.921974
1.316557
6.937945
6.160076
4.402061
4.197238
8.326397
6.145493
4.26013
6.672671
3.408758
5.913567
4.891989
0.19756
7.971469
0.206299
8.965123
5.270366
2.683622
7.836997
10.998635
5.766033
0.563712
6.250916
3.685099
2.041621
0.159303
7.421624
2.946774
0.600919
1.23244
5.228616
4.966543
5.995159
5.61525
2.556358
2.935791
0.663123
3.370972
2.632921
3.811177
8.76238
3.24666
8.360996
5.244593
1.756416
3.519868
7.130859
8.851043
4.831356
6.078869
8.372683
5.073905
1.063839
3.710875
6.408953
0.078579
4.798674
4.233674
1.70484
9.228159
3.108885
0.01
3.143008
7.034306
4.587421
5.611426
5.115833
4.038271
2.73397
3.754233
4.152134
3.051776
5.27714
5.45998
4.799486
6.781489
3.354224
1.613338
0.01
2.344298
2.125922
6.695079
1.998683
5.909966
3.274973
4.301538
8.420437
3.854095
7.208949
5.405552
13.113978
5.017114
7.442545
6.445089
4.110376
0.01
8.299114
2.969969
7.802464
4.746155
9.588912
14.030722
4.698472
4.229648
5.597058
6.765725
4.847799
8.491584
7.378232
3.700002
10.057037
6.260797
4.32705
11.220979
5.997448
2.983513
7.478011
2.424194
0.930286
0.965477
2.465899
0.01
3.966421
5.737273
10.371668
2.857399
6.684083
7.956881
4.181861
5.337585
5.44954
0.01
5.642035
7.425983
4.212584
9.153686
9.217601
0.01
9.898096
8.542664
8.638763
5.119692
4.077032
4.152333
8.675942
3.944375
6.631051
0.135622
9.263743
2.059865
8.014312
6.826913
2.111629
7.833054
4.700233
6.152361
5.390487
4.218991
5.11606
5.055653
1.106624
0.01
9.375173
7.998977
4.317089
7.583312
8.354693
5.555219
6.104703
9.642622
6.771752
5.201808
2.750473
4.998485
5.410115
2.156428
7.828908
5.691143
4.972667
5.148453
6.813029
8.413349
4.794927
1.927577
7.37385
3.740338
3.651478
1.041728
3.977662
4.222206
5.409569
2.570873
2.892867
9.268415
6.996277
4.39266
10.018063
7.093321
3.273022
9.456851
5.41095
4.659937
7.249338
3.73703
2.508814
6.344198
7.399777
7.74401
7.423047
5.427329
5.895715
4.144984
8.499522
6.657475
5.901715
2.368164
3.171576
3.988121
6.220052
13.235413
2.271666
4.198042
0.01
8.178529
2.644134
8.62725
8.545514
3.864653
5.213886
2.320638
3.770877
3.407799
7.315415
7.965713
2.466172
7.521651
2.185035
7.344842
0.01
0.501228
0.01
1.498238
3.180694
4.603835
5.369404
2.909288
0.01
0.01
3.103235
2.36723
4.443663
3.540342
4.012574
4.301986
5.708969
4.177816
9.345351
2.692542
6.521778
5.517185
2.823728
9.777706
0.933393
3.560917
1.59004
6.437456
1.106004
2.47373
3.62876
6.672036
7.529516
7.368598
8.082494
9.557596
7.803426
9.319754
5.071527
3.516277
4.316651
4.118894
4.084551
7.645767
0.128015
5.645539
7.450821
3.101326
1.454878
8.762037
8.983049
2.194269
2.176387
2.088358
5.722531
0.07544
8.110398
5.753834
7.751416
7.131706
8.600758
2.570195
6.119262
3.479831
2.773418
5.690464
4.796007
7.459473
3.294892
6.937412
0.791685
0.01
0.01
8.989986
5.008969
6.218501
3.311316
6.098191
9.889523
7.978385
5.74104
4.438126
5.467028
5.82106
6.618962
6.965887
5.855
5.560332
5.714821
3.775078
6.668698
9.915367
3.561967
3.789584
7.640745
6.980659
4.772074
3.600477
5.206898
6.144861
4.060393
6.113131
2.231847
5.615314
10.179804
2.993444
4.976478
4.243314
0.01
4.788993
5.664332
6.356279
5.156189
2.446258
7.402772
7.727392
9.09031
2.991499
5.956289
5.685474
0.01
0.659288
4.656667
3.822417
3.902837
7.330076
7.201071
3.454042
2.080195
8.906719
11.348527
8.425262
0.01
12.321404
4.971353
0.01
0.01
3.584832
3.053366
8.582259
2.041535
5.498351
7.091453
5.763897
7.608737
2.876778
4.198521
2.11797
8.821665
8.279122
2.589417
1.018825
7.896272
4.380784
5.65037
1.351475
3.814158
2.860079
8.271808
1.401658
3.418393
8.347691
6.675613
7.674738
5.079611
1.268978
11.307199
1.22686
7.761826
9.29506
3.083391
0.01
2.249518
0.2864
7.019293
4.831546
4.986777
3.268403
7.137695
5.659211
11.132881
6.780089
4.39128
6.034708
4.643322
6.202661
2.499234
6.46511
6.013487
2.651398
0.01
2.953214
3.775511
5.950428
7.752318
0.476473
6.506885
10.339323
0.959908
2.498119
0.01
10.298395
6.280766
1.208264
6.457868
8.361212
9.648809
1.490359
5.351298
0.01
0.777984
7.66219
7.570328
6.365391
5.298185
3.59274
1.314741
5.810034
6.368967
5.720501
9.366955
8.234678
9.380517
4.928379
5.153715
1.67478
11.004249
3.399496
1.282136
7.598312
1.719076
3.123753
3.956046
2.50207
3.839239
8.061359
6.203546
5.517941
4.021461
1.56861
6.372503
9.776128
8.431565
4.3734
9.532152
4.93163
11.288755
3.234216
7.953305
5.751496
10.153738
4.556234
2.479971
8.908617
2.301233
6.125327
2.500883
1.194218
7.21484
3.510026
4.777471
10.255902
8.513165
4.960126
4.230871
2.768209
7.526527
3.571003
11.137933
5.418016
0.944492
0.01
2.792475
1.449403
4.707808
0.01
7.791985
4.638853
4.544982
4.980918
5.006412
6.099491
5.035101
5.618114
7.143903
0.01
8.508241
1.361369
1.05125
8.978201
1.77846
3.17638
2.471481
5.740932
5.231099
9.123456
2.12198
5.834605
8.979789
0.805598
7.828678
4.775476
4.191495
4.747577
1.012113
6.732666
0.610555
5.159797
1.779009
8.642779
8.019213
4.801083
2.251333
16.426792
4.783138
8.366585
5.178563
1.702385
2.286034
6.806096
9.833679
6.254941
5.23222
0.691376
5.883842
4.727529
3.397566
6.938805
7.590061
4.061699
9.130014
9.269654
9.134751
2.688424
0.039782
3.718954
4.222003
2.654826
9.484028
0.01
0.24341
3.522076
4.394292
1.94614
0.01
1.880309
7.219458
2.994626
6.049471
5.993755
6.322694
4.162363
3.306624
4.690363
7.056986
2.919311
9.097062
6.642749
9.338
4.259807
7.133971
5.237276
1.750248
7.315719
11.757228
4.980956
2.835053
4.404933
5.069565
6.987808
8.060443
2.900762
8.392704
3.054443
6.914455
2.513382
7.762751
4.190761
8.002226
9.067844
7.547197
3.587634
2.834052
1.679898
11.835941
2.28463
7.91048
8.570694
3.948273
6.245762
2.238704
6.269666
2.783728
5.279066
3.310682
3.393773
4.214882
4.805179
6.422538
11.205735
6.2715
7.220784
7.231066
9.576606
4.825286
6.834896
5.554789
1.442016
3.140648
2.449821
4.494882
6.75768
0.01
0.01
3.531773
6.49896
3.910436
1.635411
7.848478
8.430657
0.504801
7.880162
3.577224
1.176484
6.465197
4.787816
0.01
0.01
5.994098
1.366267
3.597522
8.148324
3.957798
3.761683
2.15806
2.60857
1.611266
1.360765
6.08086
1.026099
8.765937
11.476298
9.146927
8.787916
1.943282
1.994999
7.78553
6.084586
7.919996
2.095901
7.578658
7.014285
6.096939
2.685012
5.516062
2.633216
4.548511
4.840996
2.451362
7.362366
5.819555
1.738692
1.318313
4.145175
4.298786
6.984076
7.899512
3.962354
4.874667
9.233414
2.821109
6.604583
5.860017
0.01
7.372857
1.519036
5.397813
2.470667
5.270646
2.378918
3.332632
9.086092
5.289066
3.629425
5.515248
6.429676
3.471966
3.978132
4.584911
0.01
2.029996
1.120684
8.617063
4.924879
5.0115
1.324109
5.726433
2.80784
6.174981
4.644607
3.253913
9.453055
0.341321
3.214365
3.953318
3.643079
5.113247
4.522381
8.477154
7.130649
7.916073
0.01
6.242709
5.097153
10.862552
0.871005
8.342705
10.930195
1.420883
0.01
0.01
4.625898
1.945422
6.952906
0.01
1.838307
10.638487
3.225781
7.326136
6.916932
0.528665
2.173019
0.781006
5.217336
3.380823
7.274277
4.837032
6.873864
3.882804
6.290917
7.633147
3.108153
9.586252
6.853791
7.557584
5.321136
5.4315
6.261577
0.773648
4.957127
10.615042
4.479543
4.351753
7.706054
8.456148
5.297558
7.471752
5.028176
0.01
8.017359
4.919334
1.404919
10.449292
4.818344
2.472813
5.52996
3.789487
5.402648
1.681048
8.477208
3.660347
5.108269
5.941441
4.558473
7.004257
10.610841
6.915936
0.01
7.86007
4.608635
5.647215
0.7438
4.717944
2.933485
5.18197
10.309789
2.750553
1.906798
7.243433
3.01645
10.421611
7.695437
7.453887
3.597212
8.68986
3.851285
5.143925
4.160773
8.96222
7.222344
6.240634
6.512316
5.528645
3.688057
5.783125
3.042129
10.659465
1.138845
5.86735
9.330182
5.347889
3.393553
0.589412
6.427746
2.000561
1.056059
12.009931
6.386742
4.215787
8.364771
2.704751
5.306118
0.01
2.388955
3.507252
7.535052
1.51494
9.445368
5.744908
4.667953
1.01235
8.90329
7.293922
6.937073
8.216874
4.926076
7.339134
2.522877
1.854173
1.977531
4.020417
10.665079
1.322769
11.14719
5.704157
4.004787
9.170127
3.977999
4.308928
1.509525
7.356156
8.240601
4.977774
6.931713
8.305755
7.6734
1.237255
6.304266
0.01
2.012816
6.084808
5.514536
0.01
6.212003
9.346048
0.376379
0.01
7.1662
4.198775
2.038615
2.183151
3.530475
0.812008
4.869717
3.10699
2.16291
0.962345
7.683198
1.297839
2.843597
4.692719
7.72703
7.218886
4.012738
6.507324
1.874568
3.146297
0.979442
0.719951
8.398467
0.01
1.837934
8.049028
3.477537
2.863667
6.940187
3.476713
7.705295
7.024728
2.296421
1.612736
2.935112
1.524213
7.685819
2.468286
0.01
1.879319
0.993466
2.372749
1.109392
8.268843
1.803251
0.01
0.01
1.634568
7.553653
7.23578
5.149767
3.17158
11.808895
3.443417
6.68041
5.596564
5.16093
8.508364
4.823832
7.861507
10.471517
2.859752
6.849504
0.01
4.81065
7.236569
8.176659
2.374923
10.728132
5.156572
0.301797
3.189031
0.102217
7.618309
2.808755
6.849261
4.06125
5.807359
4.986044
6.800783
0.28001
5.594933
8.17206
9.195271
1.451313
6.576764
1.669881
4.542995
5.530865
5.047112
6.357774
4.539987
1.060091
6.919135
6.211168
5.196737
5.545443
1.859453
5.643314
0.098361
5.679856
3.014528
4.511996
4.832613
0.14051
5.683188
7.98822
7.117292
6.642851
0.01
6.08284
7.604305
2.899041
4.435114
7.715103
5.281068
8.509208
3.654577
2.096188
4.745939
5.124742
9.719328
5.474573
4.16
1.074923
5.469396
3.122678
3.260826
8.464921
6.927901
3.422075
8.238347
8.696705
4.015465
6.055827
7.181814
4.406871
1.921874
10.215096
6.32893
8.646551
10.289119
7.926632
2.167055
2.346207
3.798897
9.124891
7.995896
5.641787
1.904616
3.246571
3.819502
0.01
7.577397
10.543519
2.706301
9.624449
3.261112
4.4058
8.111208
2.242273
2.751744
5.746613
1.312533
0.626504
0.105603
5.249229
1.25048
5.937345
7.039942
6.503926
7.755118
2.103462
6.76944
7.80715
0.07495
4.461292
8.885122
5.961463
1.557718
6.675168
7.901198
3.53419
5.37171
2.905069
5.839671
6.369115
12.417664
7.524583
5.252981
1.198365
0.01
8.583321
11.511806
5.834388
6.742495
4.285445
5.260441
8.983393
2.618244
1.616725
0.01
9.138077
0.01
5.84134
7.188369
1.771892
1.23091
6.551787
1.838843
6.077261
4.874952
1.656805
7.349374
1.846743
6.38754
0.386431
11.043104
2.880624
3.381197
2.688821
3.382079
4.018001
3.204644
8.849062
5.622933
7.143491
4.146255
6.38946
6.136356
6.106699
4.758237
2.87827
3.266325
7.100559
4.966606
4.486559
8.176494
5.389735
0.697006
7.857488
3.657809
5.609461
2.096964
6.696558
4.547379
9.426371
0.01
2.249359
7.746839
3.621212
4.323088
8.156399
2.663117
4.567661
0.757593
7.618607
3.242875
4.957264
0.716242
7.099181
10.813795
4.282277
6.69623
7.666528
3.848945
7.097417
3.968865
7.501805
8.248534
0.64861
5.133423
5.582714
4.950121
5.605857
1.004568
3.891118
1.772918
0.01
7.132236
12.160121
4.888439
2.727877
6.334355
8.620741
3.755449
10.371374
4.572875
4.428959
4.235878
6.398721
0.01
0.999852
3.764677
2.813021
7.742298
5.78917
2.453467
3.031443
8.465781
9.901487
4.464316
5.4152
5.488814
0.01
2.825481
6.032533
2.36735
1.907024
4.083916
7.522266
6.765868
4.428352
7.587089
2.493957
7.050585
5.923636
2.573277
5.650105
3.716637
10.372482
6.321543
5.092479
5.896972
4.027912
2.369602
0.01
1.706635
5.907111
7.767346
0.01
0.017682
8.982727
4.473224
3.466372
10.954748
3.08612
7.81521
4.374433
3.090205
0.01
0.533385
7.927214
8.371122
9.141328
6.695446
5.631833
6.112587
7.990251
10.879515
4.570165
4.616045
3.284781
3.394507
3.917085
7.814424
6.339858
2.74896
10.765802
4.226878
4.750586
3.861176
13.210708
7.349108
8.974861
0.43473
7.928881
4.217948
3.985272
6.63686
3.764822
6.224914
4.346649
4.787907
2.567758
4.691305
0.663266
5.634973
3.089489
3.752419
3.170089
1.581355
6.178334
0.01
6.230674
5.277722
5.857643
7.924682
7.394931
10.033124
3.778741
3.929243
4.804807
7.983345
3.868777
4.882174
1.773567
4.417548
5.248985
3.348359
4.297267
10.758855
4.879657
5.707981
2.633373
3.026143
11.72457
5.530771
6.058099
0.903303
2.65537
7.537387
7.374286
6.326451
5.747338
2.708426
1.931775
6.660393
5.97843
3.831054
4.282738
5.201869
2.151663
8.043628
4.310324
5.352441
0.133828
4.130072
7.12243
3.867298
4.890481
6.716044
5.458839
11.664222
7.835756
2.145474
3.767622
5.594572
6.881527
0.01
7.145345
5.142509
3.575918
7.206043
6.826226
1.926974
8.440539
9.47449
3.62985
0.01
5.249808
7.409449
5.112053
1.461206
1.560248
2.911646
8.711655
3.269164
1.442091
2.389796
7.525006
5.135519
4.204792
6.318722
0.01
10.581802
8.280394
0.01
2.988487
9.203496
8.444896
