DRAW output
  3
Xlocation   
Ylocation   
Primary     
      30.372       36.764        6.938
      17.126       42.722        5.016
      32.149       24.550        5.353
      44.861       41.959        7.634
      13.495       38.919        1.979
      36.199       15.870        2.180
      40.603       37.306        4.002
       3.929       33.048        3.743
      43.636       34.858        4.930
      11.510       17.066        3.156
      43.823       20.413        3.738
       3.972       12.162        3.985
      22.166       10.971      0.01000
      40.049       36.257      0.01000
       2.961       12.711        6.919
      15.993       37.341        7.983
      32.149       24.550        5.353
      44.792       27.234        7.010
      16.384        1.454       10.561
      19.199       49.310      0.01000
      44.861       41.959        7.634
      10.878       26.926        4.747
      11.213       25.262        6.970
      21.490       18.658        2.261
      49.309        4.090        5.540
      48.241       27.615        4.494
      44.737       30.660        3.810
      31.995        7.149        4.064
       2.961       12.711        6.919
      49.276       27.733        4.657
      43.636       34.858        4.930
      26.884       35.752        4.774
       2.961       12.711        6.919
      44.463       36.939        2.705
      44.463       36.939        2.705
      38.524       11.723        7.559
       8.815        4.655       0.7726
      35.024        2.745        5.343
       4.425        9.605        1.279
       3.929       33.048        3.743
      16.384        1.454       10.561
      49.495       17.648        1.930
      48.576       26.775        6.378
      15.993       37.341        7.983
      27.532       21.457        6.184
      41.264       12.861        5.517
      10.871       16.515        5.207
      40.603       37.306        4.002
       7.280       11.832        3.380
      43.417       13.406        3.118
      10.974       20.151        7.732
      40.049       36.257      0.01000
       9.534        3.017        8.188
      22.575       29.597        4.442
      20.472       27.088        3.237
       6.745       15.605        9.308
      31.832        1.725        4.666
      10.878       26.926        4.747
      39.985       34.709        4.063
      40.102       26.871        1.809
      40.538       15.170        1.327
      38.524       11.723        7.559
      43.662       43.584        3.800
      44.837       29.120        3.015
      40.646       47.771        5.532
      37.847        9.572        5.724
       3.929       33.048        3.743
      31.832        1.725        4.666
      20.135        4.130        4.316
      20.135        4.130        4.316
      20.472       27.088        3.237
      42.853       47.878        4.218
      35.158       21.839        4.209
       4.695       35.784      0.01000
       8.815        4.655       0.7726
      11.907        5.449        4.254
      34.340       31.235        9.140
      36.199       15.870        2.180
      48.354       26.207        4.716
       6.745       15.605        9.308
      40.102       26.871        1.809
      47.218       21.032        4.941
      28.079       15.388        6.505
      28.007       13.374      0.01000
      18.639       10.766        4.250
      11.306       11.252        4.330
      30.372       36.764        6.938
      39.985       34.709        4.063
      42.853       47.878        4.218
       9.534        3.017        8.188
      44.792       27.234        7.010
      43.662       43.584        3.800
      35.663       10.476        3.438
       3.972       12.162        3.985
      28.753       12.981        4.955
       2.961       12.711        6.919
      24.313        3.891        5.340
       3.929       33.048        3.743
      40.227       13.573        5.334
      10.871       16.515        5.207
