KB2D Output
 2   50   50    0  .50000000      .50000000      .00000000      1.00000      1.00000      1.00000       1
 Estimate
Estimation Variance
 3.2267860      1.2916710    
 3.3167410      1.2649880    
 4.4299590      1.2328090    
 4.5373140      1.1825400    
 5.2077300      1.1361290    
 5.4954590      1.0570160    
 5.6272980      .98812540    
 6.5293460      .91655770    
 6.9066580      .85218570    
 7.3426650      .81263760    
 7.7496470      .80416210    
 8.1628990      .80751740    
 8.5409590      .79488450    
 8.5802530      .74889040    
 8.7513440      .67059870    
 8.7005680      .57014070    
 7.9095640      .50247460    
 6.5258750      .49388430    
 4.7904370      .44513710    
 3.5815050      .43841860    
 3.5120330      .58134300    
 3.2146260      .69116620    
 3.7272200      .76853550    
 3.8960210      .81896720    
 4.2607750      .85083500    
 4.3680720      .87077110    
 4.1928510      .87289010    
 4.3554660      .85278760    
 4.0623350      .78486190    
 3.9248490      .68765850    
 3.7472450      .58456370    
 3.8807680      .53466730    
 4.1415490      .56942830    
 4.7740750      .63103990    
 5.1728250      .68505350    
 5.6236410      .74568930    
 5.5712830      .82406340    
 5.8627730      .90850280    
 6.1839760      .98202170    
 6.2688120      1.0399370    
 6.5061570      1.0523560    
 6.4833390      1.0794750    
 6.6063360      1.0876360    
 6.6671160      1.1053060    
 6.4449880      1.0953830    
 6.2018410      1.0676220    
 5.9744760      1.0285380    
 5.7896130      .98631340    
 5.2275400      .95027520    
 5.1972840      .94184990    
 3.4973580      1.2912600    
 3.2653410      1.2320750    
 3.3520840      1.1778700    
 4.3376630      1.1171470    
 4.8563980      1.0498220    
 4.9007430      .96579330    
 5.2636050      .86945970    
 5.6001060      .77856190    
 6.5132870      .68968620    
 7.0849900      .63880190    
 7.5034140      .65307610    
 7.8632680      .68698570    
 8.2929620      .69359810    
 8.8172220      .65647410    
 9.1083350      .57441860    
 9.1297910      .46545860    
 9.0587880      .34961130    
 7.2807720      .43583780    
 5.4150390      .43454080    
 4.1618770      .44322800    
 3.8446090      .53654350    
 3.6410310      .62325880    
 3.8790910      .67907420    
 4.0919460      .70912610    
 4.3729640      .73263350    
 4.4957800      .76225380    
 4.5579790      .78090800    
 4.5823530      .76768130    
 4.2711460      .70307520    
 3.8940930      .59107700    
 3.4789680      .43664150    
 3.7113270      .35578960    
 4.1567320      .43260500    
 4.4278810      .51738800    
 5.0116370      .54392990    
 5.5059190      .59499540    
 5.6688620      .69886950    
 6.0445440      .80286530    
 6.3465560      .88317330    
 6.5182220      .94207290    
 6.7819850      .96114440    
 6.9332710      .98795240    
 7.0525010      1.0198070    
 6.9485510      1.0346590    
 6.7481920      1.0287640    
 6.4433940      .99808990    
 6.1439850      .94695580    
 5.8916140      .88539640    
 5.4919490      .84217450    
 5.2706720      .82944300    
 3.4133420      1.2651550    
 3.4151040      1.2054390    
 3.1882860      1.1218120    
 3.8616500      1.0448120    
 4.0525100      .94558290    
 4.3576540      .85116680    
 4.4849500      .75250980    
 4.8071220      .65003920    
 5.8027040      .53610340    
 6.5832640      .44640150    
 7.0002430      .51309240    
 7.3088770      .58623720    
 7.7669220      .61157390    
 8.3185700      .58463170    
 9.0508080      .50566540    
 9.3182350      .41541680    
 9.0110490      .40653680    
 7.7393720      .45019520    
 6.1573000      .46961270    
 4.9420700      .47461790    
 4.3386230      .50946270    
 4.0887820      .56581390    
 4.1914670      .59756610    
 4.3768960      .59111320    
 4.6847750      .59578110    
 4.9381000      .64978360    
 5.1085810      .70160040    
 4.9353930      .70504840    
 4.6781230      .65862070    
 4.2753910      .56657780    
 3.7781150      .44884700    
 3.8147850      .39699500    
 4.1185810      .43815180    
 4.3998450      .47311090    
 4.8993730      .42772170    
 5.3061880      .45505790    
 5.6683020      .60882780    
 6.0650190      .72100230    
 6.4149480      .79268970    
 6.7372790      .83596020    
 7.1767780      .85142570    
 7.2998930      .88488420    
 7.2883850      .92225990    
 7.1530700      .95061370    
 6.9336440      .95504020    
 6.6478760      .92612860    
 6.0775640      .86976980    
 5.7883050      .78356630    
 5.4721040      .69921000    
 5.3393360      .67356670    
 3.2135340      1.2307570    
 3.1643520      1.1550140    
 3.1734250      1.0596300    
 3.5253570      .95884230    
 3.5444510      .84025440    
 3.7617400      .72874420    
 3.7815270      .63282340    
 3.9208050      .54150240    
 4.4700800      .43849640    
 5.3404930      .37024970    
 5.8133900      .44255750    
 6.3271800      .50975680    
 6.8523080      .54009260    
 7.4501650      .53077080    
 8.2410500      .46532180    
 9.0780180      .34924780    
 8.8204480      .40644190    
 7.9004650      .45119340    
 6.5506420      .46901640    
 5.3441610      .43887080    
 4.6615040      .44041790    
 4.3340350      .51714500    
 4.3344520      .54020630    
 4.5900140      .48609300    
 5.1572210      .43791370    
 5.3809820      .56026800    
 5.5485630      .64529490    
 5.4742920      .66727880    
 5.2952140      .63697050    
 4.9326980      .57396240    
 4.4717030      .51645490    
 4.1247750      .47931190    
 4.0855170      .48695520    
 4.2846470      .49434650    
 4.3400520      .46774520    
 5.0986170      .49156600    
 5.5186330      .59527530    
 5.9875040      .67539750    
 6.4920850      .71484200    
 6.8922370      .72474040    
 7.4339970      .73657530    
 7.5482530      .75615590    
 7.4983890      .81223550    
 7.3103520      .86221150    
 7.0483350      .88307730    
 6.6156590      .86775960    
 6.2760860      .80391190    
 5.8293070      .69710990    
 5.5671390      .56062410    
 5.4039140      .49529720    
 2.9749610      1.1835520    
 2.8896230      1.0947960    
 2.8619590      .98664340    
 2.8850650      .86264930    
 3.1320200      .73148610    
 3.1134220      .59858170    
 3.1115620      .51551700    
 2.9761770      .46483170    
 2.7066980      .36374340    
 3.3217980      .35461330    
 4.0217600      .40301140    
 4.9784340      .43140590    
 5.6967610      .45798980    
 6.2741130      .48118440    
 6.8759980      .46239490    
 7.7051970      .42105670    
 8.2324230      .39158100    
 7.8216260      .41470680    
 6.6096560      .46628400    
 5.5674380      .43497810    
 4.8891030      .42749260    
 4.3409190      .51972800    
 4.3184490      .54530990    
 4.6241360      .49840590    
 5.0662260      .46382280    
 5.4708620      .56063490    
 5.9871080      .63564330    
 6.0325410      .64718250    
 6.0195520      .61056970    
 5.7406960      .55144620    
 5.1139350      .50833270    
 4.3324530      .47751020    
 3.9840490      .48747520    
 4.1109740      .52137820    
 3.9226500      .54446420    
 4.7823630      .57492100    
 5.2438050      .62197260    
 5.7327910      .65457340    
 6.3317410      .65262040    
 6.9871210      .61659900    
 7.6217360      .57873860    
 7.8331320      .62654550    
 7.6419540      .70325720    
 7.3944230      .78514120    
 7.0942740      .82584350    
 6.7415240      .82252090    
 6.3519160      .77202500    
 5.9557970      .67385700    
 5.6317340      .53628360    
 5.4202380      .46038010    
 1.9608350      1.1344860    
 2.6250750      1.0299070    
 2.5595800      .91532890    
 2.5455340      .78652570    
 2.8817420      .64445390    
 2.6926970      .48012520    
 2.5865930      .40094690    
 2.5413070      .44698600    
 2.4207120      .41486560    
 2.8805390      .36157980    
 3.6453760      .38352770    
 4.3889060      .36050450    
 4.8487820      .36893620    
 5.0262600      .42233460    
 5.0604220      .43493290    
 5.7372760      .42581070    
 6.8524160      .40395800    
 7.0025410      .42803620    
 6.2170360      .50357540    
 5.6012500      .52670850    
 4.7233280      .54075500    
 4.3119900      .58189520    
 4.1629880      .60462500    
 4.5009620      .59303240    
 4.9306020      .59027710    
 5.2372470      .62363730    
 5.7702640      .65350540    
 6.1781730      .63592820    
 6.7552940      .57265170    
 6.7631520      .48017700    
 5.8736010      .43615280    
 4.3285800      .39569000    
 3.7459500      .42410180    
 3.9927840      .51569860    
 3.6233730      .57270390    
 3.9559590      .61963920    
 4.8633050      .63323110    
 5.3424310      .63371590    
 5.8997610      .60603080    
 6.7783570      .53481610    
 7.7990820      .41519900    
 7.9603290      .49693450    
 7.5992880      .62326910    
 7.2938500      .71986910    
 6.9822790      .77698320    
 6.7419680      .79367880    
 6.3781650      .77047490    
 5.9899750      .71318380    
 5.6404910      .64502730    
 5.5912880      .63040920    
 1.8058380      1.0731380    
 1.8581070      .96571930    
 1.9037490      .84863470    
 1.9771150      .72668840    
 2.5294430      .60659860    
 2.3300930      .49249730    
 2.4635840      .45413960    
 2.5859870      .49809690    
 2.7979410      .50187860    
 3.3102720      .47647370    
 4.1832040      .45342740    
 4.6118330      .41479710    
 4.8687150      .35094020    
 4.4796750      .38599020    
 3.5569300      .38313020    
 3.8339540      .40298110    
 4.9389530      .46848530    
 5.5437330      .51632700    
 5.5120670      .56941550    
 4.8982870      .59559890    
 4.4365640      .61948060    
 4.0951100      .64493790    
 4.0075790      .66202400    
 4.0584640      .66732560    
 4.3964520      .67232050    
 4.8749450      .67839830    
 5.3670270      .67118560    
 5.9944270      .63089780    
 6.6288830      .54044670    
 7.3031650      .40833340    
 6.5218270      .37163660    
 4.6451600      .35188790    
 3.9455140      .37711250    
 4.0072670      .48283360    
 3.6572750      .55780410    
 4.2395680      .60240300    
 4.4428970      .61032700    
 4.7767590      .59098020    
 5.2962760      .56246970    
 6.2726040      .52644250    
 7.1319700      .46119950    
 7.4412500      .49633870    
 7.3657180      .60258190    
 7.0493660      .67216970    
 6.9342100      .73441960    
 6.6247900      .77050310    
 6.2854430      .78012150    
 5.9414850      .76976770    
 5.6964220      .75663410    
 5.5942870      .77214420    
 1.6901820      1.0024540    
 1.7483460      .89039920    
 1.8122460      .77310000    
 1.8979290      .66168660    
 2.0000250      .57625420    
 2.0550220      .53378460    
 2.4086170      .53356660    
 2.7205290      .55666100    
 3.5187770      .56491670    
 4.0083880      .55269430    
 4.8408470      .50923120    
 5.2334290      .45792400    
 5.1273580      .43271580    
 4.3842960      .44553090    
 3.5440690      .44967930    
 3.4340210      .46622200    
 4.2138340      .52997460    
 4.3416740      .57245140    
 4.1578820      .60172250    
 4.3207750      .62633830    
 3.6191040      .64769410    
 3.3956740      .66800800    
 3.1110530      .68401200    
 3.1881750      .69936390    
 3.5661750      .70427320    
 3.9533960      .69928460    
 4.6673430      .67500810    
 5.4927060      .62957020    
 6.0627180      .54231670    
 6.3886120      .44893500    
 6.0077570      .39686710    
 5.0318560      .36183590    
 4.4962270      .35298220    
 4.0336720      .43957150    
 3.6140620      .53757580    
 3.8963170      .56518440    
 4.1298500      .57216420    
 4.3037470      .52639590    
 4.6444250      .50313220    
 5.5425910      .50440500    
 6.3499160      .50183310    
 6.7829280      .51229380    
 6.9052320      .55919310    
 6.7893560      .64206180    
 6.4923650      .68268780    
 6.1918870      .73739600    
 5.9643450      .78008160    
 5.7741800      .81242660    
 5.6408500      .84215070    
 5.5716870      .88163000    
 1.6110370      .92251970    
 1.7060510      .80688820    
 1.7939140      .68814070    
 1.8406050      .57222110    
 1.9034340      .50065430    
 2.1222000      .51785800    
 2.6571680      .55595040    
 3.1858620      .58419990    
 3.8317270      .58853980    
 4.7462290      .56169420    
 5.6852360      .49768420    
 6.2267310      .42846870    
 5.7270280      .45221970    
 4.8069840      .51104340    
 3.9087970      .53521140    
 3.7527060      .55914640    
 4.1180210      .58264240    
 3.9773500      .58951650    
 3.6703410      .59232470    
 3.4835580      .60673960    
 3.1044320      .62524990    
 2.8132720      .63953890    
 2.3934040      .65448180    
 2.4265670      .67621580    
 2.6128380      .69093950    
 3.1825910      .68246590    
 3.7600810      .65212670    
 4.5136550      .64420220    
 5.0440700      .54845940    
 5.3605630      .44592400    
 5.2818350      .37012820    
 5.0202060      .40303520    
 4.7671780      .37616800    
 4.4756480      .42392280    
 3.9796210      .49766460    
 3.5430140      .51467380    
 3.4732850      .48762370    
 3.6769850      .40173120    
 3.9797440      .38773420    
 5.1292750      .46894200    
 5.9166030      .49121330    
 6.3403980      .46847990    
 6.4905280      .47209320    
 6.4205920      .54938380    
 6.2010170      .64144160    
 5.8990810      .68311340    
 5.7329910      .76089300    
 5.5943150      .83310130    
 5.5223400      .89852150    
 5.0864560      .93961700    
 2.0155990      .83587050    
 1.9372050      .71767170    
 1.9480160      .60450210    
 1.9343270      .48198000    
 1.9021280      .36025860    
 2.2471560      .47337280    
 2.8148820      .53631870    
 3.3865950      .56660710    
 4.0044150      .57333340    
 4.9384950      .54636250    
 5.8832750      .46824010    
 6.6893940      .36163100    
 5.9713230      .45014650    
 5.1576110      .54133710    
 4.2885110      .59756020    
 4.0377960      .61784960    
 4.1316440      .60657500    
 4.0699330      .56686060    
 3.5065380      .52575770    
 3.1496460      .53927730    
 2.9044810      .56322870    
 2.2603540      .56082550    
 1.7398030      .57139590    
 1.4115100      .61689880    
 1.4770350      .64905180    
 2.1118290      .63520070    
 2.7396100      .59379490    
 3.2284410      .56014060    
 4.0752020      .52278360    
 4.5089000      .46361950    
 4.7064010      .42412100    
 4.7705530      .46781340    
 4.4698110      .47762390    
 4.2047730      .48498420    
 3.8818850      .47666120    
 3.6470930      .44171280    
 3.7988900      .41991290    
 4.2326350      .34698330    
 4.5106520      .37101780    
 4.9608720      .45290260    
 5.8496690      .46632580    
 5.6892890      .42009820    
 6.1992350      .36853720    
 6.1016400      .45987420    
 5.8181100      .52549420    
 5.6088040      .64110270    
 5.4248990      .72551200    
 5.3592190      .83707740    
 4.6206410      .91380580    
 4.5297510      .98860090    
 1.8946450      .74032990    
 1.9386180      .61860430    
 2.1994900      .52749400    
 2.4303860      .45184180    
 2.5592900      .41747730    
 2.7852990      .46276070    
 2.9054090      .49392520    
 3.5797950      .50729980    
 4.0974090      .53141950    
 4.6593270      .52051430    
 5.4661690      .44960910    
 5.7168300      .40070480    
 5.6028860      .48118760    
 5.1435870      .58228560    
 4.5740660      .64537920    
 4.3725630      .66266380    
 4.2061500      .62518380    
 4.0847230      .53238340    
 3.9257120      .40149090    
 3.3113610      .46106560    
 2.7028290      .49884050    
 1.8532910      .45730560    
 1.1046350      .44508340    
 1.0498760      .54701300    
 .94519960      .60819040    
 1.4267220      .58419800    
 1.6832720      .50649000    
 2.1854260      .45886750    
 3.1171920      .48527840    
 3.7679940      .50205090    
 4.2987140      .52669630    
 4.1196860      .54521340    
 4.1328740      .55221140    
 3.8128730      .53672120    
 3.4732220      .46372120    
 3.4747380      .34512860    
 3.9793230      .38937300    
 4.8026280      .39002520    
 5.4548830      .38913910    
 5.8531020      .41500170    
 5.9161700      .44004100    
 6.3326580      .42143220    
 6.0252400      .38417260    
 5.5869610      .40175600    
 5.1639170      .38701570    
 4.8912780      .55280940    
 4.8645430      .70065930    
 4.4314540      .81518750    
 4.3168180      .91935500    
 4.2507270      1.0044370    
 1.8353150      .64344540    
 1.9522660      .49816840    
 2.7098570      .43394760    
 3.3155780      .39518870    
 3.4706950      .40680580    
 3.5654160      .45160870    
 3.6481210      .43436700    
 3.8981180      .40157460    
 4.4657710      .49129690    
 4.8380020      .51007830    
 5.0601760      .44925410    
 4.9093440      .39264290    
 4.9354910      .52978120    
 4.8866630      .62380530    
 4.5394850      .68918680    
 4.5297410      .71311010    
 4.3403080      .66770210    
 4.1736590      .57218680    
 3.9440870      .47043360    
 3.4271420      .47589430    
 2.8150960      .48458220    
 1.8973400      .44020400    
 1.2756820      .43357120    
 1.1702390      .53041600    
 1.1189660      .57739140    
 1.2234540      .54783410    
 1.2052750      .44434880    
 1.5815300      .37084450    
 2.7239840      .43877560    
 3.5609780      .50018080    
 4.1121020      .57586370    
 3.7626320      .60049990    
 3.6353340      .59207230    
 3.2149330      .56192140    
 2.9485940      .47144630    
 2.8273290      .38207320    
 3.8621920      .40096170    
 5.0981130      .40561080    
 6.2744060      .33098330    
 6.5195460      .32419940    
 6.3500580      .39809130    
 6.0668130      .39496620    
 5.7982690      .32558700    
 5.1876160      .38703330    
 4.7543500      .41806760    
 4.5311510      .55081880    
 4.0089200      .69323910    
 3.8014040      .83643490    
 3.9620950      .91209600    
 3.9323990      .99775600    
 1.9696150      .59164700    
 1.8587430      .37588580    
 3.5659640      .34817110    
 4.4662010      .33682320    
 4.3879270      .38416870    
 4.4613310      .44760180    
 4.5374720      .44238270    
 4.5462310      .43484540    
 4.8158090      .50138460    
 4.9360280      .53316710    
 4.9729900      .51847620    
 4.8593430      .52346290    
 4.7744590      .58938150    
 4.7085430      .67332080    
 4.5053540      .73354740    
 4.3608910      .75109100    
 4.4363820      .72063650    
 4.1711710      .66081380    
 3.9543710      .58370020    
 3.6644940      .53316060    
 3.2611070      .49443340    
 2.6689850      .47367640    
 2.1311550      .50153570    
 1.8022210      .55925740    
 1.6181680      .58770900    
 1.5171890      .55659530    
 1.4765730      .47546010    
 1.7504600      .39494670    
 2.9069600      .36770210    
 3.6246560      .45175370    
 3.6845600      .55460460    
 3.6066690      .61043420    
 3.2590710      .60975440    
 3.1248300      .56029770    
 2.5811950      .48005460    
 2.5219620      .37035930    
 3.6200800      .41983320    
 4.8503830      .43526300    
 5.6369690      .39865830    
 5.9610390      .37104360    
 5.8564210      .36346760    
 5.4437620      .35200850    
 4.9649710      .37761550    
 4.4493060      .39363610    
 4.1942030      .47030540    
 4.0644880      .59918550    
 3.5922140      .69766650    
 3.4472220      .81452570    
 3.3643990      .91660590    
 3.5980470      .96866820    
 2.8658420      .63960020    
 3.1008550      .49271430    
 4.1172800      .41664760    
 4.8114410      .38703240    
 5.0213980      .40072100    
 5.3232200      .44885240    
 5.5927190      .47406020    
 5.4306130      .49456740    
 5.3141120      .53381260    
 5.1603420      .55946020    
 4.9858860      .56599320    
 4.8241550      .58639120    
 4.5801320      .63784870    
 4.5019050      .71059990    
 4.4626260      .76891580    
 4.6544690      .79393990    
 4.5500150      .78080760    
 4.2361250      .72563240    
 4.1296280      .65216460    
 3.9912860      .56781380    
 3.8376900      .46863530    
 3.4989720      .43681140    
 2.9157090      .51795690    
 2.5017790      .58745790    
 2.2826240      .61270980    
 2.1537870      .58177960    
 2.1793990      .50050670    
 2.2644140      .38294880    
 3.0641540      .34310860    
 3.7998680      .44619770    
 3.7658860      .55859550    
 3.5539780      .61494020    
 3.0787320      .61648800    
 2.4871110      .55801210    
 2.3741070      .49281290    
 2.8324690      .43734880    
 3.8203870      .45391980    
 4.4563360      .47094430    
 4.6650880      .45300660    
 5.2100940      .40079590    
 4.8814080      .32866660    
 4.3840080      .36430850    
 3.9172850      .37908370    
 3.5043990      .33572830    
 3.5516690      .48517330    
 3.6043380      .64025130    
 3.2091500      .70226070    
 3.0869640      .79135930    
 3.1275690      .86477120    
 3.1553630      .93458560    
 3.5524100      .74069010    
 3.9128700      .61956830    
 4.5346480      .52485990    
 5.0531430      .43184080    
 5.3433290      .35577510    
 6.1083830      .43383320    
 6.6321540      .44839980    
 6.3513930      .48417990    
 5.8749020      .53309830    
 5.3955710      .55237470    
 4.9986040      .55219190    
 4.7349980      .57567120    
 4.4498490      .63540950    
 4.4090850      .71941210    
 4.1117790      .78368200    
 4.0569950      .82374050    
 4.4020080      .82018350    
 4.0509450      .77340870    
 4.0225110      .69948110    
 4.0028770      .59811940    
 4.1238530      .47254870    
 3.9574380      .42431870    
 3.4135220      .53458430    
 3.0570200      .61169820    
 2.9120500      .63836930    
 3.0777250      .61107710    
 3.1326740      .52583690    
 3.7163690      .42229120    
 4.0863390      .40246060    
 4.1712860      .49028750    
 4.0185590      .57943980    
 3.5142420      .62292920    
 3.0392190      .59695460    
 2.8748810      .51372050    
 2.5614110      .43739990    
 3.1124270      .39300970    
 3.7535190      .42000930    
 4.3405040      .47042700    
 4.7629490      .47780420    
 4.3254460      .42193920    
 3.4457450      .36624760    
 3.2074240      .39472290    
 3.0422500      .38871300    
 2.9334470      .39173840    
 3.0612570      .52399580    
 2.8182310      .61424960    
 2.7745060      .69986890    
 2.8733380      .75259020    
 2.8466320      .79524440    
 2.8782890      .84217730    
 4.1641790      .84385470    
 4.5560080      .73338130    
 5.0826360      .63232680    
 5.6318290      .53613470    
 6.2464870      .47399740    
 6.9516940      .45341690    
 7.5919060      .37650750    
 7.1211790      .44682780    
 6.4984300      .51772330    
 5.7898020      .51614030    
 5.1176300      .47593800    
 4.6074760      .49236160    
 4.2299540      .58790850    
 3.8437010      .69152520    
 3.8597990      .77925570    
 3.5073660      .82716050    
 3.4491380      .83581250    
 3.8223140      .80225090    
 3.8174990      .73463550    
 3.8059120      .64322730    
 3.8342910      .55593170    
 3.7901840      .52869250    
 3.5443790      .57761700    
 3.3772050      .63739890    
 3.5848080      .66386020    
 3.8213640      .63777460    
 4.2470180      .55765970    
 4.9491040      .43327420    
 5.2588350      .40714440    
 4.9809470      .52711720    
 4.6425330      .60917760    
 3.8401560      .64419950    
 3.4968090      .59906610    
 3.3188220      .47612760    
 2.8855520      .33409400    
 3.5669780      .32901750    
 4.1885190      .34873200    
 4.7985460      .44619570    
 4.6670770      .49079800    
 3.7868850      .46045340    
 3.1366690      .38434890    
 2.4575680      .43934420    
 2.5303300      .41743520    
 2.6410100      .41994960    
 2.8788090      .55685010    
 2.6894670      .62577750    
 2.7332360      .68013500    
 2.6789460      .70180280    
 2.6394820      .70496400    
 2.6727350      .72494210    
 4.6758680      .93587680    
 5.1037950      .83324850    
 5.6344140      .73594620    
 6.2282960      .64923100    
 6.7558780      .58347200    
 7.4254000      .52975800    
 7.7652630      .47954200    
 7.6224310      .49726750    
 6.9173870      .52757840    
 6.1195010      .49113610    
 5.3283950      .37650290    
 4.3693990      .37171960    
 3.9153890      .51422780    
 3.8282390      .66618830    
 3.6557540      .75959520    
 3.2793380      .81674380    
 3.1680610      .83598460    
 3.3165670      .81274040    
 3.3231260      .75207780    
 3.4767810      .66925270    
 3.4614610      .59330870    
 3.5962520      .56305370    
 3.6362920      .59337100    
 3.7283610      .64781780    
 3.9755920      .67884700    
 4.3393380      .66536710    
 4.8119910      .60953690    
 5.2725040      .54076050    
 5.5655620      .52984250    
 5.4562020      .58903500    
 5.0079880      .64198500    
 4.5796000      .65500620    
 4.3985870      .60603980    
 4.1990830      .52046660    
 4.1421950      .44045300    
 4.9390400      .38443610    
 6.1504870      .33102460    
 5.8093380      .44430020    
 5.0929230      .53188910    
 4.0840090      .54806450    
 3.3781560      .54098620    
 2.9964120      .51994860    
 2.4296700      .51955980    
 2.6125070      .53853230    
 2.6240920      .58138710    
 2.7758100      .63494590    
 2.7789930      .65841010    
 2.7308450      .64294450    
 2.5932830      .59579540    
 2.5210240      .57465700    
 5.0729010      1.0106770    
 5.5366120      .91320040    
 6.0817580      .81757630    
 6.5619860      .73075500    
 7.1406690      .66050950    
 7.6483120      .60870330    
 7.8843820      .57502680    
 7.7168940      .56892110    
 7.1836360      .55982410    
 6.5265310      .50982580    
 5.5852270      .42556040    
 4.4564280      .37909260    
 3.9591190      .49582340    
 3.4150980      .62762290    
 3.3486360      .72765610    
 3.0536070      .79071110    
 2.8973450      .81750790    
 2.8326730      .80418280    
 2.9596920      .75038370    
 3.0941430      .66468880    
 3.0703760      .56759690    
 3.2128210      .51378670    
 3.4513130      .56057330    
 3.8020990      .63701550    
 4.1988250      .68277010    
 4.6413750      .68526880    
 5.1130400      .65648500    
 5.6031820      .62522490    
 5.7568450      .62192430    
 5.7740580      .64751400    
 5.3928860      .67312110    
 5.0915490      .68281410    
 5.0293980      .62973870    
 4.6686520      .58007120    
 5.1680680      .51014640    
 5.9660220      .46340390    
 6.6698950      .43539040    
 6.2013900      .50873810    
 5.3176970      .61695020    
 4.5119240      .62427040    
 3.8420120      .62050940    
 3.3885730      .60584090    
 3.1402670      .59001110    
 2.7116440      .58596890    
 2.7923510      .60400870    
 2.8358240      .62719660    
 2.9115010      .62931530    
 2.8146720      .59184680    
 2.6353560      .50661370    
 2.4268420      .38975450    
 5.3349400      1.0647080    
 5.8251240      .96881650    
 6.3193970      .86608560    
 6.8514870      .77177870    
 7.3668280      .69161100    
 7.8172880      .63692400    
 7.9145570      .61175570    
 7.8523720      .60459920    
 7.4472940      .58494430    
 6.8741810      .53407420    
 5.9811230      .47179540    
 5.0235280      .45694510    
 4.1933880      .51853590    
 3.5553290      .61096080    
 2.9707800      .68702860    
 2.7099440      .74604670    
 2.6012010      .78182290    
 2.5166880      .78453510    
 2.5096310      .74361340    
 2.7323890      .65698700    
 2.7683230      .52676640    
 2.7920890      .38539120    
 3.3032660      .52028600    
 3.8141030      .62744520    
 4.3097120      .68125930    
 4.7578040      .68764720    
 5.2180830      .66854650    
 5.6955930      .65040860    
 5.7823860      .65521340    
 5.8726780      .67419860    
 5.7342150      .68403610    
 5.5680650      .66307180    
 5.4213110      .62167390    
 5.3101050      .56342440    
 5.7080900      .52249840    
 6.0814090      .52184590    
 6.2420350      .54461340    
 5.9138060      .60473390    
 5.4458190      .68656510    
 4.6476250      .68500340    
 4.2154580      .69451630    
 3.7551700      .65687310    
 3.4887950      .60949010    
 2.9691770      .57570890    
 3.0744890      .57555410    
 3.1445930      .59127220    
 3.1984480      .58821480    
 3.2016280      .56055960    
 2.9793470      .51171060    
 2.8434120      .48822890    
 5.8174410      1.0873360    
 6.2030560      .99715440    
 6.6083140      .88861930    
 7.0890940      .77578240    
 7.7394200      .67196970    
 7.9415280      .60206530    
 7.9344610      .59005520    
 7.7880700      .60250380    
 7.6038200      .58971760    
 7.0968100      .53272630    
 6.5244430      .44329740    
 5.5592700      .43599960    
 4.3732630      .50706290    
 3.4861490      .56822670    
 2.7542440      .61668900    
 2.3960510      .67631160    
 2.2248960      .73613600    
 2.2178370      .76049080    
 2.2281700      .74232120    
 2.3356690      .67768970    
 2.5998780      .57951030    
 2.8445630      .50994760    
 3.2884140      .56929730    
 3.8446400      .64721910    
 4.3440720      .68361880    
 4.8317400      .67319420    
 5.3252340      .63687310    
 5.7466470      .61239150    
 6.2140720      .63050740    
 6.0799710      .65853690    
 5.9537290      .66967740    
 5.7272370      .63864690    
 5.5842700      .57145790    
 5.7002650      .47791300    
 5.8122420      .47049090    
 5.8800630      .52235280    
 5.8034730      .58741520    
 5.5212470      .66713640    
 5.1238380      .70630610    
 4.6215310      .73424630    
 4.2774410      .72374480    
 4.0992220      .68520050    
 3.8193180      .58935490    
 3.2871040      .49950950    
 3.4258030      .49837850    
 3.6555540      .53343190    
 3.7233960      .53001960    
 3.6466520      .51955400    
 3.4767020      .53677850    
 3.2998210      .58429710    
 5.9454880      1.1105220    
 6.3267750      1.0163340    
 6.7448200      .90055470    
 7.1960330      .76477560    
 7.7964790      .61855620    
 7.9711270      .50300430    
 7.9963800      .52000430    
 7.8111190      .57925010    
 7.5968540      .58904690    
 7.1568110      .53726690    
 6.6884670      .43032070    
 5.7445930      .41835110    
 4.4069250      .48321800    
 3.3082930      .50295400    
 2.4330910      .51013680    
 2.0340740      .58915260    
 1.8744180      .68306750    
 1.9953820      .74207100    
 2.0512140      .75453670    
 2.3331290      .72591820    
 2.7143420      .67641810    
 3.0610670      .64687930    
 3.3780870      .66322550    
 3.9046610      .69174110    
 4.4385830      .69252990    
 4.9836760      .64977520    
 5.4808090      .57004260    
 5.8935330      .50973230    
 6.2769840      .55418610    
 6.1397990      .61745590    
 6.0196630      .64198150    
 5.8719240      .61217360    
 5.6158970      .52758490    
 5.7442280      .39139100    
 5.5748660      .40582910    
 5.4009870      .47903730    
 5.4277430      .58335050    
 5.0133190      .69296450    
 4.8002780      .73858700    
 4.3383390      .75804940    
 4.0718970      .74276610    
 3.7975210      .68145760    
 4.2092810      .57562140    
 4.2488280      .41675720    
 3.9635270      .44097800    
 4.1131160      .49252950    
 4.2188070      .45726880    
 4.1898960      .43516150    
 3.9822320      .53534230    
 3.7699580      .63662430    
 6.3763720      1.0974040    
 6.6073790      1.0115660    
 6.9931090      .91591440    
 7.4843520      .77202550    
 7.6560190      .60594460    
 7.9885440      .42006560    
 7.9443550      .48510800    
 7.6617670      .57752990    
 7.2892550      .60365750    
 6.8818500      .56926460    
 6.2753370      .50625260    
 5.2975790      .47070310    
 4.0886570      .46614250    
 2.9896920      .44571150    
 1.9839690      .36030200    
 1.8569710      .52657110    
 1.8005090      .65524090    
 1.8461010      .73765920    
 2.1112320      .77260870    
 2.5336170      .76992430    
 2.8292140      .75064720    
 3.0872650      .73472050    
 3.6220800      .73417780    
 4.2242000      .73255640    
 4.5216710      .70622750    
 5.0096760      .63937370    
 5.5094770      .52415050    
 5.9979540      .36270580    
 6.1641090      .49242460    
 6.1197790      .57860860    
 5.9909250      .61012360    
 5.4846340      .59006690    
 5.3403660      .52576790    
 5.1360880      .44344140    
 4.7856910      .38167950    
 4.6966350      .39411060    
 4.9372870      .54245300    
 4.7751860      .67332700    
 4.6377110      .73173840    
 4.1661350      .76364010    
 4.5149050      .75416580    
 4.3446630      .70905500    
 4.4330980      .62668680    
 4.5536330      .53255360    
 5.0981170      .51458930    
 4.9452120      .51539520    
 4.6710730      .46275600    
 4.6289160      .43837580    
 4.3745690      .55665820    
 4.1496040      .67192890    
 6.4903020      1.1064440    
 6.6537140      1.0294830    
 7.1567080      .92872420    
 7.2456200      .80856340    
 7.4364270      .68874370    
 7.6329500      .58434800    
 7.6389360      .58215550    
 7.4003200      .62152920    
 7.1513460      .62851920    
 6.6849180      .59411940    
 5.9680720      .53347100    
 4.9242020      .46530990    
 3.7534870      .41790210    
 2.9195740      .44196530    
 2.2966980      .46941640    
 1.9741120      .56220070    
 1.8988930      .67299040    
 1.9589830      .74898570    
 2.1205600      .78600350    
 2.5306600      .79163780    
 2.8644330      .78424820    
 3.2770630      .77537010    
 3.7278940      .76800070    
 4.2728030      .75471510    
 4.6877700      .71908340    
 5.0391930      .65541180    
 5.4660080      .56447240    
 5.8811270      .49306820    
 6.0614720      .51070560    
 6.0247470      .55316840    
 5.9045240      .57099470    
 5.3834010      .55210330    
 5.0627090      .51196240    
 4.5667080      .45692430    
 3.9931930      .36603840    
 3.8426350      .37954080    
 4.1415640      .52671600    
 4.1105940      .63748720    
 4.2830940      .71380120    
 4.5777010      .74996080    
 4.5457640      .75617140    
 4.8765800      .72353480    
 5.4162140      .67745830    
 5.4271890      .62387110    
 5.4846770      .59644080    
 5.6343600      .57740710    
 4.9459060      .54955360    
 4.8534360      .54812360    
 4.6599080      .60644830    
 4.6172780      .69490130    
 6.6092960      1.1218500    
 6.7650770      1.0560890    
 7.0549980      .97092540    
 7.3057110      .87692750    
 7.4021330      .78017850    
 7.4032190      .71179380    
 7.2766540      .68774930    
 7.1895290      .68421170    
 6.9456690      .65472800    
 6.5334240      .59668630    
 5.8890100      .51864600    
 4.8999830      .43590920    
 3.6933930      .36269670    
 3.1001640      .46983010    
 2.6509490      .55816820    
 2.2954320      .63929040    
 2.1309720      .71465390    
 2.1010440      .76542710    
 2.3392180      .78586470    
 2.3176240      .78431030    
 2.7497530      .77180920    
 3.3770630      .76605980    
 3.7454030      .76026330    
 4.1308850      .74487280    
 4.7694990      .71855940    
 5.1951670      .67249170    
 5.5673710      .60979750    
 5.7947190      .55029070    
 5.9566300      .51578060    
 5.9207010      .51367350    
 5.7291050      .51603510    
 5.3957930      .48678050    
 5.0216410      .46404860    
 4.5351990      .46601170    
 4.0077200      .43726330    
 3.6660050      .46024330    
 3.8633170      .55048450    
 4.2012590      .63550220    
 3.9409080      .68025280    
 4.3373600      .71096690    
 5.1591630      .71668610    
 5.7677650      .70733310    
 6.0887800      .68877240    
 6.2601120      .65850420    
 6.1203270      .63821650    
 6.1348290      .61874300    
 5.1609190      .59820880    
 5.1885810      .59091700    
 5.3626270      .62631080    
 4.8715420      .68582620    
 6.1586670      1.1324950    
 6.9773610      1.0838070    
 6.9065110      1.0182420    
 6.9464440      .93555760    
 7.0977040      .86043720    
 7.1479180      .80258360    
 7.0619080      .76289730    
 6.9666270      .72355940    
 6.7770530      .66522310    
 6.4671130      .57741250    
 6.0280670      .46992530    
 5.3317830      .40963210    
 4.4246150      .45102940    
 3.6790450      .53807350    
 3.0193480      .63161260    
 2.5805220      .70455410    
 2.3388130      .75327840    
 2.5369040      .77513120    
 2.2485350      .76470690    
 2.4160310      .73667290    
 2.8083940      .71215200    
 3.1561350      .70528800    
 3.7283920      .70548250    
 4.1172910      .69878870    
 4.7792450      .68928560    
 5.1829400      .66773830    
 5.5280060      .62568690    
 5.7501340      .55844840    
 5.8868990      .46841350    
 5.8680270      .43733180    
 5.7433860      .47044030    
 5.5128070      .42406100    
 5.2051140      .39318110    
 4.8427150      .48796830    
 4.5064440      .52218660    
 4.2293180      .54254510    
 3.8807080      .57119430    
 4.0942430      .60117740    
 4.0372810      .61825260    
 4.8027750      .63438920    
 5.4612140      .64568630    
 6.3491230      .65872450    
 6.9177310      .65025140    
 7.0848610      .63632250    
 7.5484580      .62759360    
 6.5022050      .60865000    
 5.4749580      .59994450    
 5.4070300      .56302170    
 5.3781860      .56525590    
 5.3274110      .63363030    
 6.1496590      1.1459220    
 6.3791310      1.0903770    
 6.8184230      1.0310560    
 6.9149750      .96310130    
 6.8667420      .90107160    
 6.8959850      .84889480    
 6.8129800      .80209820    
 6.6397240      .74648920    
 6.4987440      .66562890    
 6.2042190      .55385340    
 6.0033980      .42287020    
 5.7036970      .37195940    
 4.8075550      .49018700    
 4.2034260      .59987430    
 3.6936880      .69045500    
 3.3065410      .75270470    
 2.8700810      .78768610    
 2.8218440      .78271480    
 2.7819920      .73424950    
 2.5357840      .65209850    
 2.8680310      .60420160    
 3.3641540      .60791010    
 3.6795160      .61439100    
 4.0914720      .61359300    
 4.5198180      .62355800    
 5.0780320      .64126100    
 5.3717230      .62888660    
 5.7577540      .57349660    
 5.7614130      .46942540    
 5.9475720      .42829270    
 5.9796100      .49333080    
 5.8246120      .49080850    
 5.5882460      .49390860    
 5.3459280      .54753720    
 5.1397730      .57950040    
 4.8657070      .58117870    
 4.6204930      .56020650    
 4.3735430      .53187640    
 4.5029630      .52888270    
 4.7466040      .52735120    
 5.5747950      .53823640    
 6.9881480      .56212900    
 7.9264940      .56770320    
 7.9913440      .56482600    
 7.6654480      .59570560    
 7.5489980      .59276910    
 5.3285700      .57513720    
 5.2154870      .47245010    
 5.2804060      .43626220    
 5.2813670      .52764960    
 5.7290830      1.1382620    
 6.3095080      1.0748280    
 6.4622480      1.0113920    
 6.5944650      .95307340    
 6.6491750      .89762430    
 6.6685400      .85104120    
 6.5787310      .80547350    
 6.3510270      .74928370    
 6.1150380      .66483040    
 6.0688810      .54377700    
 5.7247720      .40490650    
 5.5331520      .41392680    
 5.1595510      .53467080    
 4.6771470      .64960880    
 4.1889780      .73702150    
 4.1498040      .79329230    
 3.1136910      .80821720    
 3.0100280      .77310440    
 2.8785180      .68078360    
 2.6352030      .55107680    
 2.9076540      .45040020    
 3.2279050      .49084260    
 3.5926940      .51102900    
 4.0729300      .49222700    
 4.6187170      .53173880    
 4.9638450      .60469650    
 5.2528990      .64179860    
 5.8242320      .62252070    
 6.0104610      .57876060    
 6.2033050      .56090920    
 6.3671380      .58187240    
 6.2886460      .58933410    
 6.0879140      .59772330    
 5.9545970      .61081710    
 5.9532320      .61596320    
 5.5718320      .59056310    
 5.0256510      .52958480    
 4.9828170      .42837070    
 4.8469160      .42208810    
 4.6074540      .41707360    
 5.4632200      .41543070    
 7.7488200      .46694800    
 9.5637940      .46699390    
 9.1921890      .46567550    
 8.4604580      .44895570    
 6.5745980      .45948240    
 4.7163010      .46669230    
 4.7468610      .39902030    
 5.2018130      .30880880    
 5.1426480      .43795110    
 5.7519560      1.1020220    
 5.9931100      1.0353430    
 6.1972790      .96510940    
 6.4726550      .90077690    
 6.5422220      .84865400    
 6.4232730      .81042900    
 6.3315480      .77658230    
 6.1547310      .73443370    
 6.1077180      .66812940    
 5.9453430      .56951750    
 5.7385970      .45893040    
 5.7191030      .47876900    
 5.5761350      .58931770    
 5.1688670      .69276420    
 5.1476810      .77488330    
 4.7311970      .81618580    
 3.3422660      .83063620    
 2.9021730      .76654090    
 2.9789630      .65883500    
 2.8180740      .50987530    
 2.7359930      .38387340    
 2.9542680      .42494560    
 3.4695680      .44000280    
 4.1130090      .37642350    
 4.5700560      .46470080    
 4.9051940      .59732780    
 5.1765790      .67766340    
 5.8552500      .68438530    
 6.0270760      .67888670    
 6.4390850      .66879620    
 6.6298440      .66536970    
 6.7805380      .66311000    
 6.7877570      .65364550    
 6.7590340      .64063840    
 6.6970330      .62021270    
 6.4581680      .58622190    
 6.0679160      .52817770    
 5.7135880      .44141590    
 5.5141220      .43388620    
 5.1965770      .43407550    
 6.1484100      .42838380    
 8.4043760      .44275850    
 10.997700      .35800890    
 9.5119420      .39010070    
 7.4289940      .35771220    
 5.0789040      .37966910    
 3.4416270      .39624210    
 3.6073280      .36267050    
 4.3135130      .30592630    
 4.4454510      .36199980    
 5.8005950      1.0602720    
 5.8883400      .96331200    
 6.0581790      .88008100    
 6.1806370      .80772970    
 6.3323480      .75533380    
 6.2940620      .72614530    
 6.1151630      .71406900    
 5.9747920      .70966080    
 6.0342440      .67453830    
 6.1117010      .62077070    
 6.2121420      .57449000    
 6.3676460      .58560540    
 6.3268770      .64825360    
 6.1287370      .72536660    
 5.7901800      .79089220    
 5.3512110      .82556070    
 4.9360180      .81504890    
 4.6632450      .75899040    
 3.9987950      .65411660    
 3.0634480      .52393160    
 2.5029730      .40791660    
 2.5964070      .38363690    
 3.4697620      .40518560    
 4.1131180      .43196510    
 4.5448060      .51560710    
 5.2214260      .62478600    
 5.6081630      .70246760    
 5.9282000      .73891350    
 6.1799860      .74535990    
 6.5432760      .73296950    
 7.2162260      .71622500    
 7.3879440      .68944730    
 7.5060950      .65614740    
 7.5635900      .61664990    
 7.4944170      .58064710    
 7.1599660      .55817530    
 6.5858820      .54680760    
 6.3655430      .53450690    
 5.9204760      .53376050    
 6.1100290      .54581980    
 6.9444270      .53829720    
 7.9154640      .50793410    
 8.9839740      .45937320    
 7.9220880      .42117080    
 5.8864010      .37041640    
 3.4397580      .35740430    
 1.7564070      .32516600    
 1.9683730      .34967980    
 2.5707680      .34952260    
 3.3462700      .41924450    
 5.6723800      .98666540    
 5.7863460      .88281870    
 5.8553940      .76939190    
 5.9732510      .67888360    
 5.7421240      .63404630    
 5.9584850      .60998460    
 5.9712730      .61983040    
 6.0382310      .64726660    
 6.1888870      .66055570    
 6.3724930      .65108180    
 6.6466560      .63457420    
 6.9170630      .63794750    
 6.9428060      .67078800    
 6.8125680      .72626610    
 6.4528040      .78457600    
 5.9777870      .81716970    
 5.4617460      .81197180    
 5.0673560      .75732760    
 4.2435650      .65999260    
 3.7199480      .53543960    
 2.9219080      .40768090    
 2.9345780      .36250780    
 3.9083270      .33420260    
 4.3519580      .45882660    
 4.8560090      .57274720    
 5.2429530      .66753910    
 5.6110870      .73405360    
 6.1009330      .76959540    
 6.2244990      .77340690    
 6.8956180      .75457560    
 7.3338430      .71649380    
 7.8104020      .67476100    
 8.1425870      .61958060    
 8.1583220      .55081650    
 8.2041590      .48516870    
 7.8210950      .48548520    
 7.2192780      .53923450    
 6.7451800      .58137080    
 6.1907660      .60933360    
 6.1146120      .62196990    
 6.4774720      .61763020    
 6.9846450      .58796190    
 7.3013160      .53919980    
 6.2215670      .46322670    
 4.6955710      .36587130    
 2.7471200      .37429750    
 1.7424540      .41079630    
 1.2692470      .39626660    
 1.5556240      .40928280    
 2.3497490      .48004840    
 5.4693590      .90599330    
 4.9969750      .79303060    
 5.2109600      .65976100    
 5.4449590      .53142190    
 5.6671440      .47423610    
 5.6795500      .45542780    
 5.7452880      .49483710    
 5.8518500      .57898390    
 6.1304670      .63387640    
 6.5374360      .65163860    
 7.0108170      .64126100    
 7.4397970      .62706620    
 7.7602920      .63769490    
 7.8862950      .69162830    
 7.2092200      .75180150    
 6.7729760      .79506300    
 6.2601090      .79989850    
 5.6340580      .75302850    
 5.0630460      .66415490    
 4.5896500      .53978420    
 4.1662460      .42479660    
 4.1759400      .40408570    
 4.4022220      .43749980    
 4.6081630      .52648240    
 5.0879230      .62799940    
 5.3950630      .70628480    
 5.8592580      .75926870    
 6.1088540      .77737720    
 6.3334050      .76573050    
 6.6797420      .73013930    
 7.2662490      .67860440    
 7.7519160      .62199230    
 8.2287460      .56185040    
 8.5740870      .46964810    
 8.8055260      .36391430    
 8.2236520      .40050660    
 7.3420500      .51656720    
 6.9345710      .59481930    
 6.7012370      .64440380    
 6.1153100      .66518960    
 5.8285470      .66549720    
 5.9592340      .63651890    
 6.0129930      .57554290    
 5.4263310      .49004800    
 4.3064050      .36278400    
 2.6531680      .40990170    
 1.7479280      .45995920    
 1.4437210      .45798950    
 1.4193280      .44255720    
 1.7656410      .47816670    
 4.6267400      .83487910    
 4.7409140      .71019420    
 4.9002160      .56763430    
 5.1483140      .40698110    
 5.2160580      .36889710    
 5.2104370      .36596080    
 5.2402740      .41659190    
 5.4377660      .52547760    
 5.8971050      .60314800    
 6.5114360      .63476870    
 7.2004510      .61693670    
 7.7851550      .56633840    
 8.3328130      .54427670    
 8.4820980      .61083010    
 7.9239070      .70218370    
 7.3315440      .76474260    
 6.6329750      .78374240    
 6.1422900      .75163290    
 5.6479050      .67143960    
 5.3572470      .55173300    
 5.2723540      .40215590    
 5.0518740      .43315230    
 4.8391730      .52240810    
 4.8957090      .60106340    
 5.0776120      .67406490    
 5.5266490      .73253790    
 5.5128200      .76660560    
 5.4928640      .75718650    
 5.8826560      .72539220    
 6.8416690      .67656440    
 7.2124730      .58857460    
 7.7412110      .55076950    
 7.9636800      .51149370    
 8.3003340      .44106790    
 8.4930240      .35638530    
 8.0404180      .42354400    
 7.1929010      .50292680    
 6.2932730      .57751290    
 6.4440780      .63586250    
 6.4777940      .67309640    
 5.3220370      .67047390    
 5.1548210      .64876620    
 5.3373840      .59437720    
 5.2710020      .52564140    
 4.1267190      .46053240    
 2.9137790      .47329110    
 2.2547300      .50394410    
 1.5750090      .48345090    
 1.3493300      .39488450    
 1.5187150      .40006530    
 4.3485110      .76179500    
 4.3461520      .64827360    
 4.5023850      .52410490    
 4.3618420      .39600030    
 4.2785370      .37530170    
 4.2597790      .39882880    
 4.3615440      .40335870    
 4.8093390      .48388340    
 5.5012210      .58182290    
 6.3187600      .62498440    
 6.9931930      .59854060    
 7.9709400      .50772700    
 8.8726170      .38686370    
 8.7225610      .53925070    
 8.2519940      .66164630    
 7.7161160      .73747760    
 7.1654210      .76574950    
 6.6604670      .74900950    
 6.0130510      .68987080    
 5.6738440      .60519150    
 5.2890770      .53129890    
 5.1288020      .53463050    
 4.8971200      .59259710    
 4.9261950      .65061280    
 5.0715020      .69462660    
 5.3564830      .72412400    
 5.4423670      .73031250    
 5.3036780      .71528710    
 5.8236530      .67815070    
 6.3709500      .60796730    
 6.8998520      .47768740    
 7.3028350      .42527020    
 7.3770380      .48302320    
 7.5347300      .48248900    
 7.5670370      .45448300    
 7.3656900      .44061350    
 6.8272420      .46090900    
 5.9390980      .53453270    
 5.5956360      .59711890    
 5.0812780      .62983790    
 5.7773670      .62631270    
 5.4371190      .62193760    
 5.1322610      .58605800    
 4.7809890      .54756670    
 3.6890020      .53049330    
 3.2079770      .53924100    
 2.6217640      .54817410    
 2.0460980      .51190080    
 1.5072490      .42045070    
 1.5824450      .38009670    
 4.5017230      .68148650    
 4.1388680      .59146680    
 3.7503940      .50616700    
 3.4145130      .40730350    
 3.2280580      .39532820    
 3.2345590      .41695900    
 3.4209240      .36895430    
 4.1352850      .47524960    
 4.8111820      .58859010    
 5.6317260      .63792000    
 6.5611810      .62133380    
 7.4895250      .55083300    
 8.1912180      .49710530    
 8.4308680      .56089500    
 8.1530810      .64879910    
 7.7162250      .70905050    
 7.2995320      .73856560    
 6.8097620      .73647770    
 6.3146890      .70459430    
 5.6860990      .65358350    
 5.1332230      .61458300    
 4.9335160      .60950670    
 4.7570700      .63739580    
 4.7126970      .67037510    
 5.0408160      .69028700    
 4.9295240      .68470700    
 4.8833420      .66135950    
 5.2376700      .64038940    
 5.2699150      .60511390    
 5.5443800      .54274980    
 5.8836410      .44807820    
 6.2104610      .42676380    
 6.3368160      .49725800    
 6.5006910      .52924220    
 6.5579710      .50974210    
 6.3501390      .43681230    
 6.0752690      .38501130    
 5.6249510      .49738990    
 5.0063310      .53303220    
 4.5453010      .52241870    
 4.0687300      .52789010    
 4.0094990      .54818430    
 4.5338480      .53331910    
 4.0511330      .50613230    
 3.8817310      .52027080    
 3.3617380      .56096880    
 2.8339490      .58605260    
 2.3470790      .57376530    
 1.9708270      .53676010    
 2.0133920      .56074140    
 3.7941460      .57987790    
 3.4901290      .51607840    
 3.0826760      .49220380    
 2.5614290      .45445320    
 2.2516230      .42985180    
 2.3761310      .44811710    
 2.8785540      .48322490    
 3.3690310      .55307750    
 4.1410690      .63520290    
 4.9532450      .67923100    
 5.8234420      .67238240    
 6.6710190      .63321690    
 7.2545270      .60258950    
 7.7346110      .61150740    
 7.8158430      .64268620    
 7.5883090      .67131250    
 7.1906220      .69311770    
 6.7773830      .70418930    
 6.2247120      .69308510    
 5.6668770      .66230850    
 4.8949380      .63051670    
 4.6296320      .62053500    
 4.4805120      .63854410    
 4.4462740      .66205590    
 4.6233430      .65837280    
 4.6047730      .61649120    
 4.7411250      .55852010    
 4.7613470      .54822220    
 4.7925170      .53862520    
 4.5670150      .49319700    
 4.4224020      .44609940    
 4.6851220      .46587680    
 5.0229440      .52671070    
 5.3231940      .56908850    
 5.5402040      .56831180    
 5.1999040      .52270590    
 5.1209780      .49500990    
 4.9389800      .51695560    
 4.4071450      .49354380    
 3.9902010      .40835220    
 3.7055200      .40785810    
 3.6992890      .47789730    
 3.9401860      .46729770    
 4.2015600      .39439510    
 3.8798980      .46361760    
 3.3492230      .55162820    
 2.9354890      .61349490    
 2.5175320      .64567800    
 2.1861290      .66443320    
 2.0248420      .70710650    
 3.5758950      .46092580    
 3.1824530      .41441890    
 2.6426530      .47129360    
 2.0242760      .45737950    
 1.3726090      .38122000    
 1.7378290      .45725310    
 2.4800420      .56383900    
 2.8244460      .63880920    
 3.5148400      .70097980    
 4.2492060      .73115780    
 5.0524570      .72333260    
 5.7320750      .68837340    
 6.3426000      .64945760    
 6.9535920      .62493650    
 7.2261350      .61051060    
 7.2965880      .60318490    
 7.1073200      .61839290    
 6.6364060      .64853200    
 6.0179240      .65790750    
 5.3716800      .63229750    
 4.6742530      .58713390    
 4.2931750      .56740360    
 4.1567010      .59921410    
 4.1036490      .63365760    
 4.0484430      .62722750    
 4.3222360      .56318850    
 4.4577120      .43654390    
 4.5555300      .43818640    
 4.3667780      .47974760    
 3.9190040      .43494230    
 2.9892950      .35208570    
 3.5470830      .44114260    
 3.9826100      .53207550    
 4.3850690      .59821510    
 4.6163260      .62890980    
 4.0878550      .61907290    
 4.2273090      .59778390    
 3.7771040      .56411830    
 3.6725500      .50054720    
 2.9951380      .39588000    
 2.8202900      .38088030    
 3.2480440      .44415040    
 3.6158780      .44861750    
 3.9080730      .40007780    
 3.6486520      .43970450    
 3.2703860      .53617130    
 2.9146640      .63322720    
 2.9489460      .70400940    
 2.3006200      .77070730    
 2.1956440      .83630810    
 3.4274970      .44779730    
 3.0044700      .42572500    
 2.4603050      .48553950    
 1.8682910      .49507050    
 1.3799360      .46466790    
 1.4645590      .53239790    
 2.3786530      .65497660    
 2.4493840      .72035590    
 3.0166940      .76768330    
 3.7486700      .77996760    
 4.3440050      .75654690    
 4.8840830      .70627420    
 5.4186700      .64532320    
 5.9482220      .59439170    
 6.5463100      .54799080    
 6.9503570      .49515990    
 6.8813490      .50875550    
 6.3624800      .58417460    
 5.7297780      .61887580    
 5.0308820      .59204370    
 4.3687350      .50900850    
 3.8561840      .45004940    
 3.6945830      .54028910    
 3.7230680      .60974730    
 4.0024620      .62020680    
 3.8484460      .56995960    
 4.1207750      .47726700    
 4.2750880      .46310740    
 4.2969410      .47346030    
 4.1381000      .41104930    
 4.0354980      .32993730    
 3.3099650      .41563490    
 3.3545850      .51291100    
 3.6964320      .61138660    
 3.3435470      .66851820    
 3.4223540      .68899300    
 3.3835990      .67480550    
 3.1537370      .62286410    
 2.8298460      .53225970    
 2.4822600      .40348210    
 2.4786380      .35200020    
 3.1059670      .42908230    
 3.4427590      .46310540    
 3.6273820      .43074950    
 3.4704460      .39284880    
 3.4576820      .51439960    
 3.4492110      .64462020    
 3.3143660      .74931090    
 3.1946330      .83462930    
 3.0625930      .91219720    
 3.3959280      .43727030    
 2.9928960      .45562390    
 2.5269520      .52873470    
 2.0801930      .57275720    
 1.7867790      .59837250    
 1.7845620      .65276430    
 2.0121970      .73968120    
 1.9218980      .78013250    
 2.9605890      .80514670    
 3.3671360      .81875190    
 3.8080070      .76464550    
 4.2777400      .68953040    
 4.5682350      .59857090    
 4.9774960      .52442090    
 5.6950990      .48493840    
 6.4458870      .41361910    
 6.5642280      .43487880    
 6.0451230      .55392140    
 5.4893910      .60380190    
 4.9366070      .58309020    
 4.3400460      .50061080    
 3.6864510      .43484230    
 3.5798630      .53586600    
 3.5333850      .61160100    
 3.6698060      .63327650    
 3.7509650      .60751000    
 3.8619600      .56199050    
 3.9093130      .53023290    
 4.1482900      .49757830    
 4.3314890      .43276510    
 4.0459100      .37540110    
 3.0153700      .37674530    
 2.8845440      .47607850    
 2.7605420      .61008700    
 2.9655470      .70165330    
 2.9207090      .74605430    
 2.9414950      .74292620    
 2.8696100      .69268630    
 2.7096170      .60390480    
 2.9722950      .48632770    
 3.2273900      .36606880    
 3.3489880      .44744550    
 3.6151190      .49629120    
 3.6912950      .47111230    
 3.7140000      .43396350    
 3.8034060      .54029640    
 3.8069090      .67167730    
 3.6767530      .78784510    
 3.5540310      .88825540    
 3.6247810      .96160510    
 3.4872770      .40904850    
 3.1300000      .48319960    
 2.7556230      .58558160    
 2.4323470      .65051030    
 2.2349230      .69523260    
 2.2165390      .74477560    
 2.0768510      .78153530    
 2.3476240      .82112840    
 2.9094920      .83367260    
 3.2274710      .81629810    
 3.5996270      .76004890    
 3.7703120      .66306060    
 3.7956170      .53053320    
 3.9153040      .40940990    
 4.7935540      .45000550    
 5.5703790      .47269180    
 5.8593320      .50924300    
 5.6830830      .57680610    
 5.4597450      .61766770    
 5.1021900      .61139580    
 4.6505970      .57395120    
 4.1513360      .55507590    
 3.8354180      .58877720    
 3.7165920      .63067840    
 3.6141150      .64700930    
 3.5268720      .63095420    
 3.4351290      .59500410    
 3.6751970      .55374230    
 3.8023880      .50469130    
 4.1371210      .43292110    
 3.9534590      .38445910    
 3.0666730      .38546310    
 3.1528470      .48579180    
 3.6827900      .63040450    
 3.3470590      .71964530    
 2.8127740      .80501840    
 3.4925600      .78674510    
 3.2989510      .75446360    
 3.0313710      .70064290    
 3.3533750      .61226120    
 3.4557780      .53867940    
 3.6107020      .54045800    
 3.7853160      .55573800    
 4.0847460      .54497620    
 4.2188920      .54439890    
 4.3138110      .60299450    
 4.2855780      .70472320    
 4.2961800      .80763230    
 4.1933130      .90693310    
 4.0741120      .99508980    
 3.6375540      .59261640    
 3.3555240      .60561730    
 3.0759080      .66735340    
 2.8474360      .71934240    
 2.7142300      .75727800    
 2.5016150      .78182980    
 2.6805090      .81097670    
 2.7687510      .83471980    
 2.8115170      .84216960    
 3.3876620      .81636850    
 3.5623690      .75419890    
 3.6959300      .65275960    
 3.7561660      .52332600    
 3.7205770      .42176690    
 4.3454090      .46581880    
 5.0078880      .51877360    
 5.3339380      .56022670    
 5.7574180      .60267870    
 5.5963980      .63253700    
 5.3226360      .63708970    
 5.0286620      .62221900    
 4.6000850      .61135970    
 4.1859230      .61892530    
 3.8102640      .63443320    
 3.5505850      .63887440    
 3.2396120      .61742100    
 3.3300190      .57991080    
 3.2024820      .52489300    
 3.4491500      .48862220    
 4.0857540      .42672450    
 4.2278410      .38511970    
 3.7567150      .47259010    
 3.6496910      .56460430    
 4.0773640      .66834860    
 3.8369690      .74351360    
 3.8359550      .80219670    
 3.8053060      .82895540    
 3.6188060      .81285710    
 4.2792060      .78498390    
 3.6166080      .73735720    
 3.7013310      .66880140    
 3.8843070      .63273380    
 4.2116760      .60970760    
 4.4929180      .58546120    
 4.8218620      .58078900    
 5.0798020      .62369140    
 5.0113380      .70670340    
 4.8331450      .80915610    
 4.6789740      .91062780    
 4.5124250      1.0025140    
 3.8599070      .74905010    
 3.6542460      .73662130    
 3.4018200      .75462270    
 3.2638090      .77236100    
 3.2353210      .78379010    
 3.0199510      .78576900    
 3.2563540      .79948480    
 3.4250590      .81566830    
 3.3499710      .82076930    
 3.4914670      .79890050    
 3.6208160      .74190030    
 4.3621930      .65497760    
 4.2078180      .54744390    
 4.2430310      .48106020    
 4.6072910      .49160080    
 4.9828220      .53019860    
 5.2393850      .55963890    
 5.5887130      .58891270    
 5.5581080      .61921390    
 5.4564560      .63203770    
 5.3102290      .62042890    
 5.0242310      .60038810    
 4.5742500      .59238930    
 3.9950210      .59854410    
 3.3721810      .59755920    
 2.9260360      .57298560    
 2.4645940      .50901280    
 2.3366670      .43541190    
 2.9035830      .46508170    
 3.6867860      .48889820    
 4.1427810      .50566730    
 4.2070590      .55534540    
 4.2089160      .61924760    
 4.6510250      .69206590    
 4.2260690      .75418940    
 4.0855150      .80969800    
 4.2156000      .84307680    
 3.9925870      .84266020    
 4.4534660      .83411000    
 4.3053080      .78395950    
 3.9995660      .73729230    
 4.2273550      .68584680    
 4.5171780      .62893680    
 4.9420540      .57184200    
 5.4177270      .53961010    
 5.6999410      .57584550    
 5.6870380      .67559880    
 5.3188660      .78381770    
 5.1043050      .88963410    
 4.8912140      .98499390    
 3.9991980      .87121880    
 3.8773790      .84299620    
 3.7178900      .82528440    
 3.6466650      .80291280    
 3.6586260      .77520600    
 3.8534180      .74855040    
 3.7795800      .73914370    
 3.9610120      .75616120    
 4.1217600      .77332800    
 3.9833510      .76243410    
 4.5724350      .72642450    
 4.5813010      .64095040    
 4.6676570      .53190610    
 4.8367260      .44018590    
 4.9624200      .46515660    
 5.0385150      .50595510    
 5.1340030      .50655810    
 5.3950820      .52038500    
 5.4254490      .56986130    
 5.4529650      .59590000    
 5.5078450      .57777200    
 5.4456740      .52978680    
 5.0332470      .50520850    
 4.1737970      .52247700    
 3.2886010      .52950430    
 2.5767070      .52280800    
 2.0616940      .48014910    
 1.7461690      .40553100    
 2.6367610      .48694830    
 3.4923960      .55620950    
 4.0872650      .59057650    
 4.5135320      .61411210    
 4.7655910      .63839120    
 4.9787190      .67740960    
 5.0329540      .74260450    
 4.8360940      .78119930    
 4.7348330      .82418320    
 4.6453150      .84468000    
 4.7822310      .84581160    
 4.7477720      .81130800    
 4.4312440      .76645050    
 4.6288550      .69242410    
 4.8364000      .60945100    
 5.2711730      .51754250    
 6.0133520      .42980250    
 6.2018330      .47983020    
 6.0601650      .61919020    
 5.9565460      .74595100    
 5.8817340      .86003500    
 5.4162090      .94635780    
 4.1441500      .96686640    
 4.0623050      .92331780    
 3.9886370      .87473210    
 3.9824390      .81331080    
 4.1123770      .73544380    
 4.0955480      .66079040    
 4.3034890      .63127700    
 4.4915490      .66246830    
 4.6094840      .70368310    
 4.7801030      .71693250    
 4.9174390      .69276110    
 4.9726220      .62752010    
 5.0898110      .52541480    
 5.2603290      .39783960    
 5.2020080      .45473210    
 5.0759940      .48989470    
 5.0391290      .43442100    
 5.0756340      .41341300    
 5.1529410      .51421210    
 5.2712220      .55034890    
 5.4461910      .52744390    
 5.7760070      .44335230    
 5.5711840      .38433690    
 4.1810780      .44254450    
 3.0503910      .43621610    
 2.3795050      .48364330    
 2.0439450      .52433760    
 2.2556050      .53836920    
 2.6834510      .58459680    
 3.3689650      .62950450    
 4.0656930      .64694250    
 4.6446990      .63717060    
 5.0087640      .61205910    
 5.4579730      .60643370    
 5.5937930      .65720700    
 5.6976260      .72093330    
 5.2880400      .78848900    
 5.0912980      .81575600    
 5.3092210      .82462200    
 4.9653910      .80202670    
 4.5658450      .75811110    
 4.7661970      .67222270    
 4.8639090      .56554950    
 5.2105400      .45544410    
 5.9124390      .39788290    
 6.2233540      .45932920    
 6.1508570      .58600490    
 6.0728500      .69608990    
 5.9921430      .79810970    
 5.5585580      .88701780    
 4.2701750      1.0372870    
 4.0284680      .98062320    
 4.0497210      .90996150    
 4.1548730      .81449220    
 4.3188680      .69882150    
 4.5513480      .56113550    
 4.7231250      .47789140    
 4.9122410      .55884740    
 5.0518770      .63319600    
 5.1852960      .66383290    
 5.2357210      .65543800    
 5.2914350      .62101360    
 5.3512740      .56933440    
 5.3221970      .52742740    
 5.2178180      .53327750    
 4.8510850      .53315530    
 4.7096390      .48407050    
 4.6630060      .46225370    
 4.7112980      .50173390    
 4.6490760      .51163720    
 4.8539900      .49757110    
 5.0786190      .46207510    
 4.8066350      .44172280    
 3.7971180      .44360770    
 2.6931890      .38346730    
 2.5088660      .49788720    
 2.4900540      .59181230    
 2.2767320      .64384720    
 2.5329210      .68129830    
 3.1113630      .69990200    
 3.7578130      .68744500    
 4.3618220      .63803670    
 5.1783380      .55494420    
 5.9105030      .47982140    
 6.0618470      .54248960    
 5.8810300      .64371430    
 5.6619850      .71565460    
 5.7513330      .76024300    
 5.3420310      .77457280    
 5.0894050      .76209800    
 4.9259620      .71903320    
 4.7383820      .64040180    
 4.7397380      .52273330    
 4.7094020      .36734110    
 5.3787700      .42458750    
 5.8729780      .50155660    
 6.0426170      .57318960    
 6.0579930      .63896580    
 6.0587840      .71704680    
 6.0099270      .81822760    
 4.0795260      1.0918080    
 4.1048350      1.0300460    
 4.1573630      .94280560    
 4.2976000      .83933160    
 4.4840980      .70528540    
 4.6087020      .54092070    
 4.9321130      .42562880    
 5.1367940      .51644150    
 5.3190910      .58176550    
 5.4450400      .60353270    
 5.5251600      .60061330    
 5.7905490      .59939320    
 5.7167480      .60234120    
 5.5522900      .60946420    
 5.1017910      .61561810    
 4.5784350      .60835460    
 4.2982420      .57821500    
 4.2024060      .54351770    
 3.9228040      .50724890    
 3.8064310      .45357670    
 3.9933020      .45919510    
 4.1104920      .50409080    
 3.9197320      .53134580    
 3.3190060      .54197680    
 2.6657940      .55273660    
 2.5676820      .61297860    
 2.2521370      .68696850    
 2.2802700      .73890540    
 2.5473970      .76352740    
 2.9250660      .75793520    
 3.5453260      .71522790    
 4.2264890      .63871490    
 4.8955510      .52696030    
 5.9215010      .39814320    
 5.8761300      .47773270    
 5.6585290      .58372330    
 5.6599490      .64806560    
 5.5768830      .68416640    
 5.5205310      .70454650    
 5.4220700      .70407540    
 4.9516530      .66954910    
 4.7744010      .61283110    
 4.7511400      .53326340    
 4.8939850      .46489900    
 5.2617820      .48545630    
 5.6682640      .53157010    
 5.9157500      .55140730    
 6.0030640      .55729350    
 5.9732600      .61184080    
 5.9875350      .73231420    
 4.0409230      1.1345870    
 4.0554850      1.0640280    
 4.1725880      .98703930    
 4.3273550      .88574420    
 4.5124890      .76354160    
 4.5487350      .63497560    
 4.8484930      .55651840    
 5.1914660      .54650940    
 5.3673020      .54653170    
 5.6704910      .53070190    
 5.9306330      .51033510    
 5.9519590      .53492370    
 5.7687780      .59643070    
 5.2573940      .64442740    
 4.8647830      .67304130    
 4.4324120      .67373140    
 3.8197930      .64599560    
 3.4838240      .59744300    
 3.2059760      .52232180    
 3.0255340      .40956330    
 3.0947810      .44012310    
 3.2337520      .54581220    
 3.1767070      .61304650    
 2.8821880      .65720330    
 2.5117890      .69869770    
 2.3539360      .74246120    
 2.2951870      .79633960    
 2.2564800      .82836400    
 2.4185230      .83369360    
 2.6574470      .80450460    
 3.0683480      .73862040    
 3.5599820      .64683040    
 4.1198800      .54272430    
 4.6299710      .47256010    
 4.9165660      .48915470    
 5.0690350      .53934190    
 5.2022820      .56151620    
 5.3312690      .57050140    
 5.3680210      .59685150    
 5.3169700      .61207280    
 5.2468780      .59854010    
 4.9668840      .56924310    
 4.9169740      .53571330    
 5.1098320      .51914470    
 5.3459910      .53569010    
 5.6202230      .55267860    
 5.8285570      .52931460    
 5.9459380      .45239840    
 5.9319850      .48912220    
 5.7810140      .66755310    
 3.9770270      1.1523640    
 4.0223340      1.1018170    
 4.1276300      1.0322140    
 4.2646490      .94260050    
 4.4253210      .83932540    
 4.3740400      .73152290    
 4.6415810      .64528420    
 5.0359180      .57522580    
 5.2025090      .50406770    
 5.5669890      .44540200    
 5.9910540      .38435330    
 5.8550840      .44797010    
 5.3326750      .57087190    
 4.8453720      .65696050    
 4.5061380      .70483950    
 3.6354670      .71370650    
 3.1729900      .68639860    
 2.8614890      .63070640    
 2.5416660      .55808540    
 2.3656560      .50173720    
 2.3944230      .52474390    
 2.5237840      .60815690    
 2.5810560      .68993190    
 2.5246780      .75792130    
 2.0749380      .80755250    
 2.0722020      .85184820    
 1.9259810      .88773210    
 2.2037770      .90843420    
 2.1923940      .89035250    
 2.3043760      .83839060    
 2.4587900      .75314120    
 2.6988050      .64350430    
 2.9464460      .52835860    
 3.2274620      .44734720    
 3.6544380      .46454610    
 4.1585030      .50192080    
 4.6508140      .48068760    
 5.0549470      .43137390    
 5.2225960      .49443480    
 5.2975040      .52024250    
 5.2789000      .50087410    
 5.1952240      .48982920    
 5.1720920      .48033990    
 5.2659990      .49683400    
 5.4441300      .54357670    
 5.6200200      .57288550    
 5.7544030      .55345640    
 5.8269410      .48795740    
 5.7976760      .52176580    
 5.6877080      .67982920    
 3.9498250      1.1770100    
 3.9844210      1.1356350    
 4.0664220      1.0764420    
 4.1762090      1.0002390    
 4.3057820      .91164510    
 4.1799600      .81112610    
 4.6237980      .71089650    
 4.7746170      .60188770    
 4.8725900      .46468480    
 5.1556890      .36166600    
 5.4385870      .39352360    
 5.2855990      .44979960    
 4.8786080      .56019290    
 4.4146920      .65930570    
 4.0539220      .72063020    
 3.2079880      .73425840    
 2.6925000      .70273390    
 2.2771560      .63766740    
 1.9170580      .56351550    
 1.7607660      .53241090    
 1.8011530      .57496140    
 2.0071730      .66147950    
 2.1145770      .75471000    
 1.8094940      .83194300    
 1.6989400      .89715450    
 1.9172130      .94125470    
 1.7949710      .96735660    
 1.7141970      .96661920    
 2.0530970      .93942890    
 2.0928730      .87021980    
 1.8355630      .76267270    
 1.9531250      .62979910    
 1.8536920      .48643240    
 1.8263900      .35131950    
 2.5209620      .42811280    
 3.3311420      .49418940    
 4.0629660      .47571890    
 4.6661990      .41733300    
 4.9943900      .47312640    
 5.2240590      .46881460    
 5.3880900      .37921650    
 5.4257370      .40395800    
 5.3478430      .37302880    
 5.3915000      .42107730    
 5.5505680      .53480650    
 5.6239850      .60552150    
 5.6742640      .62764820    
 5.6885100      .62838910    
 5.6496120      .66900730    
 5.5650450      .76915560    
 3.9264550      1.1957240    
 3.9455400      1.1641200    
 3.9994380      1.1160800    
 4.0779860      1.0526110    
 3.8407490      .96849800    
 3.9808080      .88146020    
 4.4168090      .77885890    
 4.3161830      .66197170    
 4.4761720      .53076130    
 4.6302480      .44231170    
 4.7190270      .42097150    
 4.5685110      .44015050    
 4.3137090      .55056480    
 3.9482800      .66266470    
 3.5013170      .73297600    
 2.8717630      .74849960    
 2.3278940      .70967410    
 1.8115000      .62369480    
 1.3526050      .51477590    
 1.1882990      .47915740    
 1.4320200      .57611260    
 1.6220480      .69654800    
 1.6013850      .80114780    
 1.4891040      .89716960    
 1.4849920      .96853380    
 1.7976010      1.0119460    
 1.6879520      1.0320470    
 1.5919450      1.0210700    
 1.7797780      .98765180    
 2.0205710      .90392000    
 1.8175190      .78235190    
 1.4312190      .63111170    
 1.1335900      .46254850    
 1.1288170      .37650660    
 1.8101550      .46479400    
 2.7440900      .54074190    
 3.5432280      .56033100    
 4.2081190      .55339750    
 4.7071540      .55276880    
 5.0882170      .51921940    
 5.4440080      .44940080    
 5.6822120      .42976770    
 5.9022980      .36409690    
 5.8008420      .42269030    
 5.6041370      .56536470    
 5.6476560      .66450020    
 5.6230420      .72107550    
 5.5913720      .75796200    
 5.5381740      .80553780    
 5.4643390      .87860090    
 3.9071560      1.2105020    
 3.9116690      1.1881890    
 3.9350780      1.1510040    
 3.9807710      1.0992930    
 3.6822160      1.0250670    
 4.2126190      .94712200    
 4.2356200      .85508790    
 4.0141340      .75186510    
 4.1031960      .64367760    
 4.2924830      .55051830    
 4.1748620      .45364720    
 3.9618480      .40249330    
 3.8312440      .56388870    
 3.5510860      .68639340    
 3.1667770      .75837190    
 2.6894160      .77395420    
 2.1541720      .73215940    
 1.6285620      .63647270    
 1.0544320      .49443050    
 .86041550      .43175670    
 1.2697950      .59477860    
 1.4129810      .73650650    
 1.2508540      .85095430    
 1.2809610      .95337300    
 1.3598990      1.0257050    
 1.7549310      1.0686770    
 1.6490070      1.0853920    
 1.5421080      1.0690720    
 1.5035820      1.0208060    
 2.1317940      .94497560    
 1.5968080      .82019680    
 1.2549860      .68030770    
 1.0023750      .52775270    
 .92783110      .46839710    
 1.4986880      .55258240    
 2.4585590      .63091830    
 3.2175430      .66971250    
 3.8942780      .67993580    
 4.4613020      .67195660    
 4.9270440      .64238350    
 5.3242650      .59987910    
 5.7896930      .56500150    
 5.9182830      .53776930    
 5.8462510      .57351760    
 5.6633960      .66668580    
 5.5378010      .75627170    
 5.5847630      .82362120    
 5.5250300      .87445150    
 5.4620880      .92406610    
 5.3949950      .98236660    
