KB2D Output
2
Estimate
Estimation Variance
   3.227    1.292
   3.317    1.265
   4.430    1.233
   4.537    1.183
   5.208    1.136
   5.495    1.057
   5.627    0.988
   6.529    0.917
   6.907    0.852
   7.343    0.813
   7.750    0.804
   8.163    0.808
   8.541    0.795
   8.580    0.749
   8.751    0.671
   8.701    0.570
   7.910    0.502
   6.526    0.494
   4.790    0.445
   3.582    0.438
   3.512    0.581
   3.215    0.691
   3.727    0.769
   3.896    0.819
   4.261    0.851
   4.368    0.871
   4.193    0.873
   4.355    0.853
   4.062    0.785
   3.925    0.688
   3.747    0.585
   3.881    0.535
   4.142    0.569
   4.774    0.631
   5.173    0.685
   5.624    0.746
   5.571    0.824
   5.863    0.909
   6.184    0.982
   6.269    1.040
   6.506    1.052
   6.483    1.079
   6.606    1.088
   6.667    1.105
   6.445    1.095
   6.202    1.068
   5.974    1.029
   5.790    0.986
   5.228    0.950
   5.197    0.942
   3.497    1.291
   3.265    1.232
   3.352    1.178
   4.338    1.117
   4.856    1.050
   4.901    0.966
   5.264    0.869
   5.600    0.779
   6.513    0.690
   7.085    0.639
   7.503    0.653
   7.863    0.687
   8.293    0.694
   8.817    0.656
   9.108    0.574
   9.130    0.465
   9.059    0.350
   7.281    0.436
   5.415    0.435
   4.162    0.443
   3.845    0.537
   3.641    0.623
   3.879    0.679
   4.092    0.709
   4.373    0.733
   4.496    0.762
   4.558    0.781
   4.582    0.768
   4.271    0.703
   3.894    0.591
   3.479    0.437
   3.711    0.356
   4.157    0.433
   4.428    0.517
   5.012    0.544
   5.506    0.595
   5.669    0.699
   6.045    0.803
   6.347    0.883
   6.518    0.942
   6.782    0.961
   6.933    0.988
   7.053    1.020
   6.949    1.035
   6.748    1.029
   6.443    0.998
   6.144    0.947
   5.892    0.885
   5.492    0.842
   5.271    0.829
   3.413    1.265
   3.415    1.205
   3.188    1.122
   3.862    1.045
   4.053    0.946
   4.358    0.851
   4.485    0.753
   4.807    0.650
   5.803    0.536
   6.583    0.446
   7.000    0.513
   7.309    0.586
   7.767    0.612
   8.319    0.585
   9.051    0.506
   9.318    0.415
   9.011    0.407
   7.739    0.450
   6.157    0.470
   4.942    0.475
   4.339    0.509
   4.089    0.566
   4.191    0.598
   4.377    0.591
   4.685    0.596
   4.938    0.650
   5.109    0.702
   4.935    0.705
   4.678    0.659
   4.275    0.567
   3.778    0.449
   3.815    0.397
   4.119    0.438
   4.400    0.473
   4.899    0.428
   5.306    0.455
   5.668    0.609
   6.065    0.721
   6.415    0.793
   6.737    0.836
   7.177    0.851
   7.300    0.885
   7.288    0.922
   7.153    0.951
   6.934    0.955
   6.648    0.926
   6.078    0.870
   5.788    0.784
   5.472    0.699
   5.339    0.674
   3.214    1.231
   3.164    1.155
   3.173    1.060
   3.525    0.959
   3.544    0.840
   3.762    0.729
   3.782    0.633
   3.921    0.542
   4.470    0.438
   5.340    0.370
   5.813    0.443
   6.327    0.510
   6.852    0.540
   7.450    0.531
   8.241    0.465
   9.078    0.349
   8.820    0.406
   7.900    0.451
   6.551    0.469
   5.344    0.439
   4.662    0.440
   4.334    0.517
   4.334    0.540
   4.590    0.486
   5.157    0.438
   5.381    0.560
   5.549    0.645
   5.474    0.667
   5.295    0.637
   4.933    0.574
   4.472    0.516
   4.125    0.479
   4.086    0.487
   4.285    0.494
   4.340    0.468
   5.099    0.492
   5.519    0.595
   5.988    0.675
   6.492    0.715
   6.892    0.725
   7.434    0.737
   7.548    0.756
   7.498    0.812
   7.310    0.862
   7.048    0.883
   6.616    0.868
   6.276    0.804
   5.829    0.697
   5.567    0.561
   5.404    0.495
   2.975    1.184
   2.890    1.095
   2.862    0.987
   2.885    0.863
   3.132    0.731
   3.113    0.599
   3.112    0.516
   2.976    0.465
   2.707    0.364
   3.322    0.355
   4.022    0.403
   4.978    0.431
   5.697    0.458
   6.274    0.481
   6.876    0.462
   7.705    0.421
   8.232    0.392
   7.822    0.415
   6.610    0.466
   5.567    0.435
   4.889    0.427
   4.341    0.520
   4.318    0.545
   4.624    0.498
   5.066    0.464
   5.471    0.561
   5.987    0.636
   6.033    0.647
   6.020    0.611
   5.741    0.551
   5.114    0.508
   4.332    0.478
   3.984    0.487
   4.111    0.521
   3.923    0.544
   4.782    0.575
   5.244    0.622
   5.733    0.655
   6.332    0.653
   6.987    0.617
   7.622    0.579
   7.833    0.627
   7.642    0.703
   7.394    0.785
   7.094    0.826
   6.742    0.823
   6.352    0.772
   5.956    0.674
   5.632    0.536
   5.420    0.460
   1.961    1.134
   2.625    1.030
   2.560    0.915
   2.546    0.787
   2.882    0.644
   2.693    0.480
   2.587    0.401
   2.541    0.447
   2.421    0.415
   2.881    0.362
   3.645    0.384
   4.389    0.361
   4.849    0.369
   5.026    0.422
   5.060    0.435
   5.737    0.426
   6.852    0.404
   7.003    0.428
   6.217    0.504
   5.601    0.527
   4.723    0.541
   4.312    0.582
   4.163    0.605
   4.501    0.593
   4.931    0.590
   5.237    0.624
   5.770    0.654
   6.178    0.636
   6.755    0.573
   6.763    0.480
   5.874    0.436
   4.329    0.396
   3.746    0.424
   3.993    0.516
   3.623    0.573
   3.956    0.620
   4.863    0.633
   5.342    0.634
   5.900    0.606
   6.778    0.535
   7.799    0.415
   7.960    0.497
   7.599    0.623
   7.294    0.720
   6.982    0.777
   6.742    0.794
   6.378    0.770
   5.990    0.713
   5.640    0.645
   5.591    0.630
   1.806    1.073
   1.858    0.966
   1.904    0.849
   1.977    0.727
   2.529    0.607
   2.330    0.492
   2.464    0.454
   2.586    0.498
   2.798    0.502
   3.310    0.476
   4.183    0.453
   4.612    0.415
   4.869    0.351
   4.480    0.386
   3.557    0.383
   3.834    0.403
   4.939    0.468
   5.544    0.516
   5.512    0.569
   4.898    0.596
   4.437    0.619
   4.095    0.645
   4.008    0.662
   4.058    0.667
   4.396    0.672
   4.875    0.678
   5.367    0.671
   5.994    0.631
   6.629    0.540
   7.303    0.408
   6.522    0.372
   4.645    0.352
   3.946    0.377
   4.007    0.483
   3.657    0.558
   4.240    0.602
   4.443    0.610
   4.777    0.591
   5.296    0.562
   6.273    0.526
   7.132    0.461
   7.441    0.496
   7.366    0.603
   7.049    0.672
   6.934    0.734
   6.625    0.771
   6.285    0.780
   5.941    0.770
   5.696    0.757
   5.594    0.772
   1.690    1.002
   1.748    0.890
   1.812    0.773
   1.898    0.662
   2.000    0.576
   2.055    0.534
   2.409    0.534
   2.721    0.557
   3.519    0.565
   4.008    0.553
   4.841    0.509
   5.233    0.458
   5.127    0.433
   4.384    0.446
   3.544    0.450
   3.434    0.466
   4.214    0.530
   4.342    0.572
   4.158    0.602
   4.321    0.626
   3.619    0.648
   3.396    0.668
   3.111    0.684
   3.188    0.699
   3.566    0.704
   3.953    0.699
   4.667    0.675
   5.493    0.630
   6.063    0.542
   6.389    0.449
   6.008    0.397
   5.032    0.362
   4.496    0.353
   4.034    0.440
   3.614    0.538
   3.896    0.565
   4.130    0.572
   4.304    0.526
   4.644    0.503
   5.543    0.504
   6.350    0.502
   6.783    0.512
   6.905    0.559
   6.789    0.642
   6.492    0.683
   6.192    0.737
   5.964    0.780
   5.774    0.812
   5.641    0.842
   5.572    0.882
   1.611    0.923
   1.706    0.807
   1.794    0.688
   1.841    0.572
   1.903    0.501
   2.122    0.518
   2.657    0.556
   3.186    0.584
   3.832    0.589
   4.746    0.562
   5.685    0.498
   6.227    0.428
   5.727    0.452
   4.807    0.511
   3.909    0.535
   3.753    0.559
   4.118    0.583
   3.977    0.590
   3.670    0.592
   3.484    0.607
   3.104    0.625
   2.813    0.640
   2.393    0.654
   2.427    0.676
   2.613    0.691
   3.183    0.682
   3.760    0.652
   4.514    0.644
   5.044    0.548
   5.361    0.446
   5.282    0.370
   5.020    0.403
   4.767    0.376
   4.476    0.424
   3.980    0.498
   3.543    0.515
   3.473    0.488
   3.677    0.402
   3.980    0.388
   5.129    0.469
   5.917    0.491
   6.340    0.468
   6.491    0.472
   6.421    0.549
   6.201    0.641
   5.899    0.683
   5.733    0.761
   5.594    0.833
   5.522    0.899
   5.086    0.940
   2.016    0.836
   1.937    0.718
   1.948    0.605
   1.934    0.482
   1.902    0.360
   2.247    0.473
   2.815    0.536
   3.387    0.567
   4.004    0.573
   4.938    0.546
   5.883    0.468
   6.689    0.362
   5.971    0.450
   5.158    0.541
   4.289    0.598
   4.038    0.618
   4.132    0.607
   4.070    0.567
   3.507    0.526
   3.150    0.539
   2.904    0.563
   2.260    0.561
   1.740    0.571
   1.412    0.617
   1.477    0.649
   2.112    0.635
   2.740    0.594
   3.228    0.560
   4.075    0.523
   4.509    0.464
   4.706    0.424
   4.771    0.468
   4.470    0.478
   4.205    0.485
   3.882    0.477
   3.647    0.442
   3.799    0.420
   4.233    0.347
   4.511    0.371
   4.961    0.453
   5.850    0.466
   5.689    0.420
   6.199    0.369
   6.102    0.460
   5.818    0.525
   5.609    0.641
   5.425    0.726
   5.359    0.837
   4.621    0.914
   4.530    0.989
   1.895    0.740
   1.939    0.619
   2.199    0.527
   2.430    0.452
   2.559    0.417
   2.785    0.463
   2.905    0.494
   3.580    0.507
   4.097    0.531
   4.659    0.521
   5.466    0.450
   5.717    0.401
   5.603    0.481
   5.144    0.582
   4.574    0.645
   4.373    0.663
   4.206    0.625
   4.085    0.532
   3.926    0.401
   3.311    0.461
   2.703    0.499
   1.853    0.457
   1.105    0.445
   1.050    0.547
   0.945    0.608
   1.427    0.584
   1.683    0.506
   2.185    0.459
   3.117    0.485
   3.768    0.502
   4.299    0.527
   4.120    0.545
   4.133    0.552
   3.813    0.537
   3.473    0.464
   3.475    0.345
   3.979    0.389
   4.803    0.390
   5.455    0.389
   5.853    0.415
   5.916    0.440
   6.333    0.421
   6.025    0.384
   5.587    0.402
   5.164    0.387
   4.891    0.553
   4.865    0.701
   4.431    0.815
   4.317    0.919
   4.251    1.004
   1.835    0.643
   1.952    0.498
   2.710    0.434
   3.316    0.395
   3.471    0.407
   3.565    0.452
   3.648    0.434
   3.898    0.402
   4.466    0.491
   4.838    0.510
   5.060    0.449
   4.909    0.393
   4.935    0.530
   4.887    0.624
   4.539    0.689
   4.530    0.713
   4.340    0.668
   4.174    0.572
   3.944    0.470
   3.427    0.476
   2.815    0.485
   1.897    0.440
   1.276    0.434
   1.170    0.530
   1.119    0.577
   1.223    0.548
   1.205    0.444
   1.582    0.371
   2.724    0.439
   3.561    0.500
   4.112    0.576
   3.763    0.600
   3.635    0.592
   3.215    0.562
   2.949    0.471
   2.827    0.382
   3.862    0.401
   5.098    0.406
   6.274    0.331
   6.520    0.324
   6.350    0.398
   6.067    0.395
   5.798    0.326
   5.188    0.387
   4.754    0.418
   4.531    0.551
   4.009    0.693
   3.801    0.836
   3.962    0.912
   3.932    0.998
   1.970    0.592
   1.859    0.376
   3.566    0.348
   4.466    0.337
   4.388    0.384
   4.461    0.448
   4.537    0.442
   4.546    0.435
   4.816    0.501
   4.936    0.533
   4.973    0.518
   4.859    0.523
   4.774    0.589
   4.709    0.673
   4.505    0.734
   4.361    0.751
   4.436    0.721
   4.171    0.661
   3.954    0.584
   3.664    0.533
   3.261    0.494
   2.669    0.474
   2.131    0.502
   1.802    0.559
   1.618    0.588
   1.517    0.557
   1.477    0.475
   1.750    0.395
   2.907    0.368
   3.625    0.452
   3.685    0.555
   3.607    0.610
   3.259    0.610
   3.125    0.560
   2.581    0.480
   2.522    0.370
   3.620    0.420
   4.850    0.435
   5.637    0.399
   5.961    0.371
   5.856    0.363
   5.444    0.352
   4.965    0.378
   4.449    0.394
   4.194    0.470
   4.064    0.599
   3.592    0.698
   3.447    0.815
   3.364    0.917
   3.598    0.969
   2.866    0.640
   3.101    0.493
   4.117    0.417
   4.811    0.387
   5.021    0.401
   5.323    0.449
   5.593    0.474
   5.431    0.495
   5.314    0.534
   5.160    0.559
   4.986    0.566
   4.824    0.586
   4.580    0.638
   4.502    0.711
   4.463    0.769
   4.654    0.794
   4.550    0.781
   4.236    0.726
   4.130    0.652
   3.991    0.568
   3.838    0.469
   3.499    0.437
   2.916    0.518
   2.502    0.587
   2.283    0.613
   2.154    0.582
   2.179    0.501
   2.264    0.383
   3.064    0.343
   3.800    0.446
   3.766    0.559
   3.554    0.615
   3.079    0.616
   2.487    0.558
   2.374    0.493
   2.832    0.437
   3.820    0.454
   4.456    0.471
   4.665    0.453
   5.210    0.401
   4.881    0.329
   4.384    0.364
   3.917    0.379
   3.504    0.336
   3.552    0.485
   3.604    0.640
   3.209    0.702
   3.087    0.791
   3.128    0.865
   3.155    0.935
   3.552    0.741
   3.913    0.620
   4.535    0.525
   5.053    0.432
   5.343    0.356
   6.108    0.434
   6.632    0.448
   6.351    0.484
   5.875    0.533
   5.396    0.552
   4.999    0.552
   4.735    0.576
   4.450    0.635
   4.409    0.719
   4.112    0.784
   4.057    0.824
   4.402    0.820
   4.051    0.773
   4.023    0.699
   4.003    0.598
   4.124    0.473
   3.957    0.424
   3.414    0.535
   3.057    0.612
   2.912    0.638
   3.078    0.611
   3.133    0.526
   3.716    0.422
   4.086    0.402
   4.171    0.490
   4.019    0.579
   3.514    0.623
   3.039    0.597
   2.875    0.514
   2.561    0.437
   3.112    0.393
   3.754    0.420
   4.341    0.470
   4.763    0.478
   4.325    0.422
   3.446    0.366
   3.207    0.395
   3.042    0.389
   2.933    0.392
   3.061    0.524
   2.818    0.614
   2.775    0.700
   2.873    0.753
   2.847    0.795
   2.878    0.842
   4.164    0.844
   4.556    0.733
   5.083    0.632
   5.632    0.536
   6.246    0.474
   6.952    0.453
   7.592    0.377
   7.121    0.447
   6.498    0.518
   5.790    0.516
   5.118    0.476
   4.607    0.492
   4.230    0.588
   3.844    0.692
   3.860    0.779
   3.507    0.827
   3.449    0.836
   3.822    0.802
   3.817    0.735
   3.806    0.643
   3.834    0.556
   3.790    0.529
   3.544    0.578
   3.377    0.637
   3.585    0.664
   3.821    0.638
   4.247    0.558
   4.949    0.433
   5.259    0.407
   4.981    0.527
   4.643    0.609
   3.840    0.644
   3.497    0.599
   3.319    0.476
   2.886    0.334
   3.567    0.329
   4.189    0.349
   4.799    0.446
   4.667    0.491
   3.787    0.460
   3.137    0.384
   2.458    0.439
   2.530    0.417
   2.641    0.420
   2.879    0.557
   2.689    0.626
   2.733    0.680
   2.679    0.702
   2.639    0.705
   2.673    0.725
   4.676    0.936
   5.104    0.833
   5.634    0.736
   6.228    0.649
   6.756    0.583
   7.425    0.530
   7.765    0.480
   7.622    0.497
   6.917    0.528
   6.120    0.491
   5.328    0.377
   4.369    0.372
   3.915    0.514
   3.828    0.666
   3.656    0.760
   3.279    0.817
   3.168    0.836
   3.317    0.813
   3.323    0.752
   3.477    0.669
   3.461    0.593
   3.596    0.563
   3.636    0.593
   3.728    0.648
   3.976    0.679
   4.339    0.665
   4.812    0.610
   5.273    0.541
   5.566    0.530
   5.456    0.589
   5.008    0.642
   4.580    0.655
   4.399    0.606
   4.199    0.520
   4.142    0.440
   4.939    0.384
   6.150    0.331
   5.809    0.444
   5.093    0.532
   4.084    0.548
   3.378    0.541
   2.996    0.520
   2.430    0.520
   2.613    0.539
   2.624    0.581
   2.776    0.635
   2.779    0.658
   2.731    0.643
   2.593    0.596
   2.521    0.575
   5.073    1.011
   5.537    0.913
   6.082    0.818
   6.562    0.731
   7.141    0.661
   7.648    0.609
   7.884    0.575
   7.717    0.569
   7.184    0.560
   6.527    0.510
   5.585    0.426
   4.456    0.379
   3.959    0.496
   3.415    0.628
   3.349    0.728
   3.054    0.791
   2.897    0.818
   2.833    0.804
   2.960    0.750
   3.094    0.665
   3.070    0.568
   3.213    0.514
   3.451    0.561
   3.802    0.637
   4.199    0.683
   4.641    0.685
   5.113    0.656
   5.603    0.625
   5.757    0.622
   5.774    0.648
   5.393    0.673
   5.092    0.683
   5.029    0.630
   4.669    0.580
   5.168    0.510
   5.966    0.463
   6.670    0.435
   6.201    0.509
   5.318    0.617
   4.512    0.624
   3.842    0.621
   3.389    0.606
   3.140    0.590
   2.712    0.586
   2.792    0.604
   2.836    0.627
   2.912    0.629
   2.815    0.592
   2.635    0.507
   2.427    0.390
   5.335    1.065
   5.825    0.969
   6.319    0.866
   6.851    0.772
   7.367    0.692
   7.817    0.637
   7.915    0.612
   7.852    0.605
   7.447    0.585
   6.874    0.534
   5.981    0.472
   5.024    0.457
   4.193    0.519
   3.555    0.611
   2.971    0.687
   2.710    0.746
   2.601    0.782
   2.517    0.785
   2.510    0.744
   2.732    0.657
   2.768    0.527
   2.792    0.385
   3.303    0.520
   3.814    0.627
   4.310    0.681
   4.758    0.688
   5.218    0.669
   5.696    0.650
   5.782    0.655
   5.873    0.674
   5.734    0.684
   5.568    0.663
   5.421    0.622
   5.310    0.563
   5.708    0.522
   6.081    0.522
   6.242    0.545
   5.914    0.605
   5.446    0.687
   4.648    0.685
   4.215    0.695
   3.755    0.657
   3.489    0.609
   2.969    0.576
   3.074    0.576
   3.145    0.591
   3.198    0.588
   3.202    0.561
   2.979    0.512
   2.843    0.488
   5.817    1.087
   6.203    0.997
   6.608    0.889
   7.089    0.776
   7.739    0.672
   7.942    0.602
   7.934    0.590
   7.788    0.603
   7.604    0.590
   7.097    0.533
   6.524    0.443
   5.559    0.436
   4.373    0.507
   3.486    0.568
   2.754    0.617
   2.396    0.676
   2.225    0.736
   2.218    0.760
   2.228    0.742
   2.336    0.678
   2.600    0.580
   2.845    0.510
   3.288    0.569
   3.845    0.647
   4.344    0.684
   4.832    0.673
   5.325    0.637
   5.747    0.612
   6.214    0.631
   6.080    0.659
   5.954    0.670
   5.727    0.639
   5.584    0.571
   5.700    0.478
   5.812    0.470
   5.880    0.522
   5.803    0.587
   5.521    0.667
   5.124    0.706
   4.622    0.734
   4.277    0.724
   4.099    0.685
   3.819    0.589
   3.287    0.500
   3.426    0.498
   3.656    0.533
   3.723    0.530
   3.647    0.520
   3.477    0.537
   3.300    0.584
   5.945    1.111
   6.327    1.016
   6.745    0.901
   7.196    0.765
   7.796    0.619
   7.971    0.503
   7.996    0.520
   7.811    0.579
   7.597    0.589
   7.157    0.537
   6.688    0.430
   5.745    0.418
   4.407    0.483
   3.308    0.503
   2.433    0.510
   2.034    0.589
   1.874    0.683
   1.995    0.742
   2.051    0.755
   2.333    0.726
   2.714    0.676
   3.061    0.647
   3.378    0.663
   3.905    0.692
   4.439    0.693
   4.984    0.650
   5.481    0.570
   5.894    0.510
   6.277    0.554
   6.140    0.617
   6.020    0.642
   5.872    0.612
   5.616    0.528
   5.744    0.391
   5.575    0.406
   5.401    0.479
   5.428    0.583
   5.013    0.693
   4.800    0.739
   4.338    0.758
   4.072    0.743
   3.798    0.681
   4.209    0.576
   4.249    0.417
   3.964    0.441
   4.113    0.493
   4.219    0.457
   4.190    0.435
   3.982    0.535
   3.770    0.637
   6.376    1.097
   6.607    1.012
   6.993    0.916
   7.484    0.772
   7.656    0.606
   7.989    0.420
   7.944    0.485
   7.662    0.578
   7.289    0.604
   6.882    0.569
   6.275    0.506
   5.298    0.471
   4.089    0.466
   2.990    0.446
   1.984    0.360
   1.857    0.527
   1.801    0.655
   1.846    0.738
   2.111    0.773
   2.534    0.770
   2.829    0.751
   3.087    0.735
   3.622    0.734
   4.224    0.733
   4.522    0.706
   5.010    0.639
   5.509    0.524
   5.998    0.363
   6.164    0.492
   6.120    0.579
   5.991    0.610
   5.485    0.590
   5.340    0.526
   5.136    0.443
   4.786    0.382
   4.697    0.394
   4.937    0.542
   4.775    0.673
   4.638    0.732
   4.166    0.764
   4.515    0.754
   4.345    0.709
   4.433    0.627
   4.554    0.533
   5.098    0.515
   4.945    0.515
   4.671    0.463
   4.629    0.438
   4.375    0.557
   4.150    0.672
   6.490    1.106
   6.654    1.029
   7.157    0.929
   7.246    0.809
   7.436    0.689
   7.633    0.584
   7.639    0.582
   7.400    0.622
   7.151    0.629
   6.685    0.594
   5.968    0.533
   4.924    0.465
   3.753    0.418
   2.920    0.442
   2.297    0.469
   1.974    0.562
   1.899    0.673
   1.959    0.749
   2.121    0.786
   2.531    0.792
   2.864    0.784
   3.277    0.775
   3.728    0.768
   4.273    0.755
   4.688    0.719
   5.039    0.655
   5.466    0.564
   5.881    0.493
   6.061    0.511
   6.025    0.553
   5.905    0.571
   5.383    0.552
   5.063    0.512
   4.567    0.457
   3.993    0.366
   3.843    0.380
   4.142    0.527
   4.111    0.637
   4.283    0.714
   4.578    0.750
   4.546    0.756
   4.877    0.724
   5.416    0.677
   5.427    0.624
   5.485    0.596
   5.634    0.577
   4.946    0.550
   4.853    0.548
   4.660    0.606
   4.617    0.695
   6.609    1.122
   6.765    1.056
   7.055    0.971
   7.306    0.877
   7.402    0.780
   7.403    0.712
   7.277    0.688
   7.190    0.684
   6.946    0.655
   6.533    0.597
   5.889    0.519
   4.900    0.436
   3.693    0.363
   3.100    0.470
   2.651    0.558
   2.295    0.639
   2.131    0.715
   2.101    0.765
   2.339    0.786
   2.318    0.784
   2.750    0.772
   3.377    0.766
   3.745    0.760
   4.131    0.745
   4.769    0.719
   5.195    0.672
   5.567    0.610
   5.795    0.550
   5.957    0.516
   5.921    0.514
   5.729    0.516
   5.396    0.487
   5.022    0.464
   4.535    0.466
   4.008    0.437
   3.666    0.460
   3.863    0.550
   4.201    0.636
   3.941    0.680
   4.337    0.711
   5.159    0.717
   5.768    0.707
   6.089    0.689
   6.260    0.659
   6.120    0.638
   6.135    0.619
   5.161    0.598
   5.189    0.591
   5.363    0.626
   4.872    0.686
   6.159    1.132
   6.977    1.084
   6.907    1.018
   6.946    0.936
   7.098    0.860
   7.148    0.803
   7.062    0.763
   6.967    0.724
   6.777    0.665
   6.467    0.577
   6.028    0.470
   5.332    0.410
   4.425    0.451
   3.679    0.538
   3.019    0.632
   2.581    0.705
   2.339    0.753
   2.537    0.775
   2.249    0.765
   2.416    0.737
   2.808    0.712
   3.156    0.705
   3.728    0.705
   4.117    0.699
   4.779    0.689
   5.183    0.668
   5.528    0.626
   5.750    0.558
   5.887    0.468
   5.868    0.437
   5.743    0.470
   5.513    0.424
   5.205    0.393
   4.843    0.488
   4.506    0.522
   4.229    0.543
   3.881    0.571
   4.094    0.601
   4.037    0.618
   4.803    0.634
   5.461    0.646
   6.349    0.659
   6.918    0.650
   7.085    0.636
   7.548    0.628
   6.502    0.609
   5.475    0.600
   5.407    0.563
   5.378    0.565
   5.327    0.634
   6.150    1.146
   6.379    1.090
   6.818    1.031
   6.915    0.963
   6.867    0.901
   6.896    0.849
   6.813    0.802
   6.640    0.746
   6.499    0.666
   6.204    0.554
   6.003    0.423
   5.704    0.372
   4.808    0.490
   4.203    0.600
   3.694    0.690
   3.307    0.753
   2.870    0.788
   2.822    0.783
   2.782    0.734
   2.536    0.652
   2.868    0.604
   3.364    0.608
   3.680    0.614
   4.091    0.614
   4.520    0.624
   5.078    0.641
   5.372    0.629
   5.758    0.573
   5.761    0.469
   5.948    0.428
   5.980    0.493
   5.825    0.491
   5.588    0.494
   5.346    0.548
   5.140    0.580
   4.866    0.581
   4.620    0.560
   4.374    0.532
   4.503    0.529
   4.747    0.527
   5.575    0.538
   6.988    0.562
   7.926    0.568
   7.991    0.565
   7.665    0.596
   7.549    0.593
   5.329    0.575
   5.215    0.472
   5.280    0.436
   5.281    0.528
   5.729    1.138
   6.310    1.075
   6.462    1.011
   6.594    0.953
   6.649    0.898
   6.669    0.851
   6.579    0.805
   6.351    0.749
   6.115    0.665
   6.069    0.544
   5.725    0.405
   5.533    0.414
   5.160    0.535
   4.677    0.650
   4.189    0.737
   4.150    0.793
   3.114    0.808
   3.010    0.773
   2.879    0.681
   2.635    0.551
   2.908    0.450
   3.228    0.491
   3.593    0.511
   4.073    0.492
   4.619    0.532
   4.964    0.605
   5.253    0.642
   5.824    0.623
   6.010    0.579
   6.203    0.561
   6.367    0.582
   6.289    0.589
   6.088    0.598
   5.955    0.611
   5.953    0.616
   5.572    0.591
   5.026    0.530
   4.983    0.428
   4.847    0.422
   4.607    0.417
   5.463    0.415
   7.749    0.467
   9.564    0.467
   9.192    0.466
   8.460    0.449
   6.575    0.459
   4.716    0.467
   4.747    0.399
   5.202    0.309
   5.143    0.438
   5.752    1.102
   5.993    1.035
   6.197    0.965
   6.473    0.901
   6.542    0.849
   6.423    0.810
   6.332    0.777
   6.155    0.734
   6.108    0.668
   5.945    0.570
   5.739    0.459
   5.719    0.479
   5.576    0.589
   5.169    0.693
   5.148    0.775
   4.731    0.816
   3.342    0.831
   2.902    0.767
   2.979    0.659
   2.818    0.510
   2.736    0.384
   2.954    0.425
   3.470    0.440
   4.113    0.376
   4.570    0.465
   4.905    0.597
   5.177    0.678
   5.855    0.684
   6.027    0.679
   6.439    0.669
   6.630    0.665
   6.781    0.663
   6.788    0.654
   6.759    0.641
   6.697    0.620
   6.458    0.586
   6.068    0.528
   5.714    0.441
   5.514    0.434
   5.197    0.434
   6.148    0.428
   8.404    0.443
  10.998    0.358
   9.512    0.390
   7.429    0.358
   5.079    0.380
   3.442    0.396
   3.607    0.363
   4.314    0.306
   4.445    0.362
   5.801    1.060
   5.888    0.963
   6.058    0.880
   6.181    0.808
   6.332    0.755
   6.294    0.726
   6.115    0.714
   5.975    0.710
   6.034    0.675
   6.112    0.621
   6.212    0.574
   6.368    0.586
   6.327    0.648
   6.129    0.725
   5.790    0.791
   5.351    0.826
   4.936    0.815
   4.663    0.759
   3.999    0.654
   3.063    0.524
   2.503    0.408
   2.596    0.384
   3.470    0.405
   4.113    0.432
   4.545    0.516
   5.221    0.625
   5.608    0.702
   5.928    0.739
   6.180    0.745
   6.543    0.733
   7.216    0.716
   7.388    0.689
   7.506    0.656
   7.564    0.617
   7.494    0.581
   7.160    0.558
   6.586    0.547
   6.366    0.535
   5.920    0.534
   6.110    0.546
   6.944    0.538
   7.915    0.508
   8.984    0.459
   7.922    0.421
   5.886    0.370
   3.440    0.357
   1.756    0.325
   1.968    0.350
   2.571    0.350
   3.346    0.419
   5.672    0.987
   5.786    0.883
   5.855    0.769
   5.973    0.679
   5.742    0.634
   5.958    0.610
   5.971    0.620
   6.038    0.647
   6.189    0.661
   6.372    0.651
   6.647    0.635
   6.917    0.638
   6.943    0.671
   6.813    0.726
   6.453    0.785
   5.978    0.817
   5.462    0.812
   5.067    0.757
   4.244    0.660
   3.720    0.535
   2.922    0.408
   2.935    0.363
   3.908    0.334
   4.352    0.459
   4.856    0.573
   5.243    0.668
   5.611    0.734
   6.101    0.770
   6.224    0.773
   6.896    0.755
   7.334    0.716
   7.810    0.675
   8.143    0.620
   8.158    0.551
   8.204    0.485
   7.821    0.485
   7.219    0.539
   6.745    0.581
   6.191    0.609
   6.115    0.622
   6.477    0.618
   6.985    0.588
   7.301    0.539
   6.222    0.463
   4.696    0.366
   2.747    0.374
   1.742    0.411
   1.269    0.396
   1.556    0.409
   2.350    0.480
   5.469    0.906
   4.997    0.793
   5.211    0.660
   5.445    0.531
   5.667    0.474
   5.680    0.455
   5.745    0.495
   5.852    0.579
   6.130    0.634
   6.537    0.652
   7.011    0.641
   7.440    0.627
   7.760    0.638
   7.886    0.692
   7.209    0.752
   6.773    0.795
   6.260    0.800
   5.634    0.753
   5.063    0.664
   4.590    0.540
   4.166    0.425
   4.176    0.404
   4.402    0.437
   4.608    0.526
   5.088    0.628
   5.395    0.706
   5.859    0.759
   6.109    0.777
   6.333    0.766
   6.680    0.730
   7.266    0.679
   7.752    0.622
   8.229    0.562
   8.574    0.470
   8.806    0.364
   8.224    0.401
   7.342    0.517
   6.935    0.595
   6.701    0.644
   6.115    0.665
   5.829    0.665
   5.959    0.637
   6.013    0.576
   5.426    0.490
   4.306    0.363
   2.653    0.410
   1.748    0.460
   1.444    0.458
   1.419    0.443
   1.766    0.478
   4.627    0.835
   4.741    0.710
   4.900    0.568
   5.148    0.407
   5.216    0.369
   5.210    0.366
   5.240    0.417
   5.438    0.525
   5.897    0.603
   6.511    0.635
   7.200    0.617
   7.785    0.566
   8.333    0.544
   8.482    0.611
   7.924    0.702
   7.332    0.765
   6.633    0.784
   6.142    0.752
   5.648    0.671
   5.357    0.552
   5.272    0.402
   5.052    0.433
   4.839    0.522
   4.896    0.601
   5.078    0.674
   5.527    0.733
   5.513    0.767
   5.493    0.757
   5.883    0.725
   6.842    0.677
   7.212    0.589
   7.741    0.551
   7.964    0.511
   8.300    0.441
   8.493    0.356
   8.040    0.424
   7.193    0.503
   6.293    0.578
   6.444    0.636
   6.478    0.673
   5.322    0.670
   5.155    0.649
   5.337    0.594
   5.271    0.526
   4.127    0.461
   2.914    0.473
   2.255    0.504
   1.575    0.483
   1.349    0.395
   1.519    0.400
   4.349    0.762
   4.346    0.648
   4.502    0.524
   4.362    0.396
   4.279    0.375
   4.260    0.399
   4.362    0.403
   4.809    0.484
   5.501    0.582
   6.319    0.625
   6.993    0.599
   7.971    0.508
   8.873    0.387
   8.723    0.539
   8.252    0.662
   7.716    0.737
   7.165    0.766
   6.660    0.749
   6.013    0.690
   5.674    0.605
   5.289    0.531
   5.129    0.535
   4.897    0.593
   4.926    0.651
   5.072    0.695
   5.356    0.724
   5.442    0.730
   5.304    0.715
   5.824    0.678
   6.371    0.608
   6.900    0.478
   7.303    0.425
   7.377    0.483
   7.535    0.482
   7.567    0.454
   7.366    0.441
   6.827    0.461
   5.939    0.535
   5.596    0.597
   5.081    0.630
   5.777    0.626
   5.437    0.622
   5.132    0.586
   4.781    0.548
   3.689    0.530
   3.208    0.539
   2.622    0.548
   2.046    0.512
   1.507    0.420
   1.582    0.380
   4.502    0.681
   4.139    0.591
   3.750    0.506
   3.415    0.407
   3.228    0.395
   3.235    0.417
   3.421    0.369
   4.135    0.475
   4.811    0.589
   5.632    0.638
   6.561    0.621
   7.490    0.551
   8.191    0.497
   8.431    0.561
   8.153    0.649
   7.716    0.709
   7.300    0.739
   6.810    0.736
   6.315    0.705
   5.686    0.654
   5.133    0.615
   4.934    0.610
   4.757    0.637
   4.713    0.670
   5.041    0.690
   4.930    0.685
   4.883    0.661
   5.238    0.640
   5.270    0.605
   5.544    0.543
   5.884    0.448
   6.210    0.427
   6.337    0.497
   6.501    0.529
   6.558    0.510
   6.350    0.437
   6.075    0.385
   5.625    0.497
   5.006    0.533
   4.545    0.522
   4.069    0.528
   4.009    0.548
   4.534    0.533
   4.051    0.506
   3.882    0.520
   3.362    0.561
   2.834    0.586
   2.347    0.574
   1.971    0.537
   2.013    0.561
   3.794    0.580
   3.490    0.516
   3.083    0.492
   2.561    0.454
   2.252    0.430
   2.376    0.448
   2.879    0.483
   3.369    0.553
   4.141    0.635
   4.953    0.679
   5.823    0.672
   6.671    0.633
   7.255    0.603
   7.735    0.612
   7.816    0.643
   7.588    0.671
   7.191    0.693
   6.777    0.704
   6.225    0.693
   5.667    0.662
   4.895    0.631
   4.630    0.621
   4.481    0.639
   4.446    0.662
   4.623    0.658
   4.605    0.616
   4.741    0.559
   4.761    0.548
   4.793    0.539
   4.567    0.493
   4.422    0.446
   4.685    0.466
   5.023    0.527
   5.323    0.569
   5.540    0.568
   5.200    0.523
   5.121    0.495
   4.939    0.517
   4.407    0.494
   3.990    0.408
   3.706    0.408
   3.699    0.478
   3.940    0.467
   4.202    0.394
   3.880    0.464
   3.349    0.552
   2.935    0.613
   2.518    0.646
   2.186    0.664
   2.025    0.707
   3.576    0.461
   3.182    0.414
   2.643    0.471
   2.024    0.457
   1.373    0.381
   1.738    0.457
   2.480    0.564
   2.824    0.639
   3.515    0.701
   4.249    0.731
   5.052    0.723
   5.732    0.688
   6.343    0.649
   6.954    0.625
   7.226    0.611
   7.297    0.603
   7.107    0.618
   6.636    0.649
   6.018    0.658
   5.372    0.632
   4.674    0.587
   4.293    0.567
   4.157    0.599
   4.104    0.634
   4.048    0.627
   4.322    0.563
   4.458    0.437
   4.556    0.438
   4.367    0.480
   3.919    0.435
   2.989    0.352
   3.547    0.441
   3.983    0.532
   4.385    0.598
   4.616    0.629
   4.088    0.619
   4.227    0.598
   3.777    0.564
   3.673    0.501
   2.995    0.396
   2.820    0.381
   3.248    0.444
   3.616    0.449
   3.908    0.400
   3.649    0.440
   3.270    0.536
   2.915    0.633
   2.949    0.704
   2.301    0.771
   2.196    0.836
   3.427    0.448
   3.004    0.426
   2.460    0.486
   1.868    0.495
   1.380    0.465
   1.465    0.532
   2.379    0.655
   2.449    0.720
   3.017    0.768
   3.749    0.780
   4.344    0.757
   4.884    0.706
   5.419    0.645
   5.948    0.594
   6.546    0.548
   6.950    0.495
   6.881    0.509
   6.362    0.584
   5.730    0.619
   5.031    0.592
   4.369    0.509
   3.856    0.450
   3.695    0.540
   3.723    0.610
   4.002    0.620
   3.848    0.570
   4.121    0.477
   4.275    0.463
   4.297    0.473
   4.138    0.411
   4.035    0.330
   3.310    0.416
   3.355    0.513
   3.696    0.611
   3.344    0.669
   3.422    0.689
   3.384    0.675
   3.154    0.623
   2.830    0.532
   2.482    0.403
   2.479    0.352
   3.106    0.429
   3.443    0.463
   3.627    0.431
   3.470    0.393
   3.458    0.514
   3.449    0.645
   3.314    0.749
   3.195    0.835
   3.063    0.912
   3.396    0.437
   2.993    0.456
   2.527    0.529
   2.080    0.573
   1.787    0.598
   1.785    0.653
   2.012    0.740
   1.922    0.780
   2.961    0.805
   3.367    0.819
   3.808    0.765
   4.278    0.690
   4.568    0.599
   4.977    0.524
   5.695    0.485
   6.446    0.414
   6.564    0.435
   6.045    0.554
   5.489    0.604
   4.937    0.583
   4.340    0.501
   3.686    0.435
   3.580    0.536
   3.533    0.612
   3.670    0.633
   3.751    0.608
   3.862    0.562
   3.909    0.530
   4.148    0.498
   4.331    0.433
   4.046    0.375
   3.015    0.377
   2.885    0.476
   2.761    0.610
   2.966    0.702
   2.921    0.746
   2.941    0.743
   2.870    0.693
   2.710    0.604
   2.972    0.486
   3.227    0.366
   3.349    0.447
   3.615    0.496
   3.691    0.471
   3.714    0.434
   3.803    0.540
   3.807    0.672
   3.677    0.788
   3.554    0.888
   3.625    0.962
   3.487    0.409
   3.130    0.483
   2.756    0.586
   2.432    0.651
   2.235    0.695
   2.217    0.745
   2.077    0.782
   2.348    0.821
   2.909    0.834
   3.227    0.816
   3.600    0.760
   3.770    0.663
   3.796    0.531
   3.915    0.409
   4.794    0.450
   5.570    0.473
   5.859    0.509
   5.683    0.577
   5.460    0.618
   5.102    0.611
   4.651    0.574
   4.151    0.555
   3.835    0.589
   3.717    0.631
   3.614    0.647
   3.527    0.631
   3.435    0.595
   3.675    0.554
   3.802    0.505
   4.137    0.433
   3.953    0.384
   3.067    0.385
   3.153    0.486
   3.683    0.630
   3.347    0.720
   2.813    0.805
   3.493    0.787
   3.299    0.754
   3.031    0.701
   3.353    0.612
   3.456    0.539
   3.611    0.540
   3.785    0.556
   4.085    0.545
   4.219    0.544
   4.314    0.603
   4.286    0.705
   4.296    0.808
   4.193    0.907
   4.074    0.995
   3.638    0.593
   3.356    0.606
   3.076    0.667
   2.847    0.719
   2.714    0.757
   2.502    0.782
   2.681    0.811
   2.769    0.835
   2.812    0.842
   3.388    0.816
   3.562    0.754
   3.696    0.653
   3.756    0.523
   3.721    0.422
   4.345    0.466
   5.008    0.519
   5.334    0.560
   5.757    0.603
   5.596    0.633
   5.323    0.637
   5.029    0.622
   4.600    0.611
   4.186    0.619
   3.810    0.634
   3.551    0.639
   3.240    0.617
   3.330    0.580
   3.202    0.525
   3.449    0.489
   4.086    0.427
   4.228    0.385
   3.757    0.473
   3.650    0.565
   4.077    0.668
   3.837    0.744
   3.836    0.802
   3.805    0.829
   3.619    0.813
   4.279    0.785
   3.617    0.737
   3.701    0.669
   3.884    0.633
   4.212    0.610
   4.493    0.585
   4.822    0.581
   5.080    0.624
   5.011    0.707
   4.833    0.809
   4.679    0.911
   4.512    1.003
   3.860    0.749
   3.654    0.737
   3.402    0.755
   3.264    0.772
   3.235    0.784
   3.020    0.786
   3.256    0.799
   3.425    0.816
   3.350    0.821
   3.491    0.799
   3.621    0.742
   4.362    0.655
   4.208    0.547
   4.243    0.481
   4.607    0.492
   4.983    0.530
   5.239    0.560
   5.589    0.589
   5.558    0.619
   5.456    0.632
   5.310    0.620
   5.024    0.600
   4.574    0.592
   3.995    0.599
   3.372    0.598
   2.926    0.573
   2.465    0.509
   2.337    0.435
   2.904    0.465
   3.687    0.489
   4.143    0.506
   4.207    0.555
   4.209    0.619
   4.651    0.692
   4.226    0.754
   4.086    0.810
   4.216    0.843
   3.993    0.843
   4.453    0.834
   4.305    0.784
   4.000    0.737
   4.227    0.686
   4.517    0.629
   4.942    0.572
   5.418    0.540
   5.700    0.576
   5.687    0.676
   5.319    0.784
   5.104    0.890
   4.891    0.985
   3.999    0.871
   3.877    0.843
   3.718    0.825
   3.647    0.803
   3.659    0.775
   3.853    0.749
   3.780    0.739
   3.961    0.756
   4.122    0.773
   3.983    0.762
   4.572    0.726
   4.581    0.641
   4.668    0.532
   4.837    0.440
   4.962    0.465
   5.039    0.506
   5.134    0.507
   5.395    0.520
   5.425    0.570
   5.453    0.596
   5.508    0.578
   5.446    0.530
   5.033    0.505
   4.174    0.522
   3.289    0.530
   2.577    0.523
   2.062    0.480
   1.746    0.406
   2.637    0.487
   3.492    0.556
   4.087    0.591
   4.514    0.614
   4.766    0.638
   4.979    0.677
   5.033    0.743
   4.836    0.781
   4.735    0.824
   4.645    0.845
   4.782    0.846
   4.748    0.811
   4.431    0.766
   4.629    0.692
   4.836    0.609
   5.271    0.518
   6.013    0.430
   6.202    0.480
   6.060    0.619
   5.957    0.746
   5.882    0.860
   5.416    0.946
   4.144    0.967
   4.062    0.923
   3.989    0.875
   3.982    0.813
   4.112    0.735
   4.096    0.661
   4.303    0.631
   4.492    0.662
   4.609    0.704
   4.780    0.717
   4.917    0.693
   4.973    0.628
   5.090    0.525
   5.260    0.398
   5.202    0.455
   5.076    0.490
   5.039    0.434
   5.076    0.413
   5.153    0.514
   5.271    0.550
   5.446    0.527
   5.776    0.443
   5.571    0.384
   4.181    0.443
   3.050    0.436
   2.380    0.484
   2.044    0.524
   2.256    0.538
   2.683    0.585
   3.369    0.630
   4.066    0.647
   4.645    0.637
   5.009    0.612
   5.458    0.606
   5.594    0.657
   5.698    0.721
   5.288    0.788
   5.091    0.816
   5.309    0.825
   4.965    0.802
   4.566    0.758
   4.766    0.672
   4.864    0.566
   5.211    0.455
   5.912    0.398
   6.223    0.459
   6.151    0.586
   6.073    0.696
   5.992    0.798
   5.559    0.887
   4.270    1.037
   4.028    0.981
   4.050    0.910
   4.155    0.814
   4.319    0.699
   4.551    0.561
   4.723    0.478
   4.912    0.559
   5.052    0.633
   5.185    0.664
   5.236    0.655
   5.291    0.621
   5.351    0.569
   5.322    0.527
   5.218    0.533
   4.851    0.533
   4.710    0.484
   4.663    0.462
   4.711    0.502
   4.649    0.512
   4.854    0.498
   5.079    0.462
   4.807    0.442
   3.797    0.444
   2.693    0.383
   2.509    0.498
   2.490    0.592
   2.277    0.644
   2.533    0.681
   3.111    0.700
   3.758    0.687
   4.362    0.638
   5.178    0.555
   5.911    0.480
   6.062    0.542
   5.881    0.644
   5.662    0.716
   5.751    0.760
   5.342    0.775
   5.089    0.762
   4.926    0.719
   4.738    0.640
   4.740    0.523
   4.709    0.367
   5.379    0.425
   5.873    0.502
   6.043    0.573
   6.058    0.639
   6.059    0.717
   6.010    0.818
   4.080    1.092
   4.105    1.030
   4.157    0.943
   4.298    0.839
   4.484    0.705
   4.609    0.541
   4.932    0.426
   5.137    0.516
   5.319    0.582
   5.445    0.604
   5.525    0.601
   5.791    0.599
   5.717    0.602
   5.552    0.609
   5.102    0.616
   4.578    0.608
   4.298    0.578
   4.202    0.544
   3.923    0.507
   3.806    0.454
   3.993    0.459
   4.110    0.504
   3.920    0.531
   3.319    0.542
   2.666    0.553
   2.568    0.613
   2.252    0.687
   2.280    0.739
   2.547    0.764
   2.925    0.758
   3.545    0.715
   4.226    0.639
   4.896    0.527
   5.922    0.398
   5.876    0.478
   5.659    0.584
   5.660    0.648
   5.577    0.684
   5.521    0.705
   5.422    0.704
   4.952    0.670
   4.774    0.613
   4.751    0.533
   4.894    0.465
   5.262    0.485
   5.668    0.532
   5.916    0.551
   6.003    0.557
   5.973    0.612
   5.988    0.732
   4.041    1.135
   4.055    1.064
   4.173    0.987
   4.327    0.886
   4.512    0.764
   4.549    0.635
   4.848    0.557
   5.191    0.547
   5.367    0.547
   5.670    0.531
   5.931    0.510
   5.952    0.535
   5.769    0.596
   5.257    0.644
   4.865    0.673
   4.432    0.674
   3.820    0.646
   3.484    0.597
   3.206    0.522
   3.026    0.410
   3.095    0.440
   3.234    0.546
   3.177    0.613
   2.882    0.657
   2.512    0.699
   2.354    0.742
   2.295    0.796
   2.256    0.828
   2.419    0.834
   2.657    0.805
   3.068    0.739
   3.560    0.647
   4.120    0.543
   4.630    0.473
   4.917    0.489
   5.069    0.539
   5.202    0.562
   5.331    0.571
   5.368    0.597
   5.317    0.612
   5.247    0.599
   4.967    0.569
   4.917    0.536
   5.110    0.519
   5.346    0.536
   5.620    0.553
   5.829    0.529
   5.946    0.452
   5.932    0.489
   5.781    0.668
   3.977    1.152
   4.022    1.102
   4.128    1.032
   4.265    0.943
   4.425    0.839
   4.374    0.732
   4.642    0.645
   5.036    0.575
   5.203    0.504
   5.567    0.445
   5.991    0.384
   5.855    0.448
   5.333    0.571
   4.845    0.657
   4.506    0.705
   3.635    0.714
   3.173    0.686
   2.861    0.631
   2.542    0.558
   2.366    0.502
   2.394    0.525
   2.524    0.608
   2.581    0.690
   2.525    0.758
   2.075    0.808
   2.072    0.852
   1.926    0.888
   2.204    0.908
   2.192    0.890
   2.304    0.838
   2.459    0.753
   2.699    0.644
   2.946    0.528
   3.227    0.447
   3.654    0.465
   4.159    0.502
   4.651    0.481
   5.055    0.431
   5.223    0.494
   5.298    0.520
   5.279    0.501
   5.195    0.490
   5.172    0.480
   5.266    0.497
   5.444    0.544
   5.620    0.573
   5.754    0.553
   5.827    0.488
   5.798    0.522
   5.688    0.680
   3.950    1.177
   3.984    1.136
   4.066    1.076
   4.176    1.000
   4.306    0.912
   4.180    0.811
   4.624    0.711
   4.775    0.602
   4.873    0.465
   5.156    0.362
   5.439    0.394
   5.286    0.450
   4.879    0.560
   4.415    0.659
   4.054    0.721
   3.208    0.734
   2.693    0.703
   2.277    0.638
   1.917    0.564
   1.761    0.532
   1.801    0.575
   2.007    0.661
   2.115    0.755
   1.809    0.832
   1.699    0.897
   1.917    0.941
   1.795    0.967
   1.714    0.967
   2.053    0.939
   2.093    0.870
   1.836    0.763
   1.953    0.630
   1.854    0.486
   1.826    0.351
   2.521    0.428
   3.331    0.494
   4.063    0.476
   4.666    0.417
   4.994    0.473
   5.224    0.469
   5.388    0.379
   5.426    0.404
   5.348    0.373
   5.392    0.421
   5.551    0.535
   5.624    0.606
   5.674    0.628
   5.689    0.628
   5.650    0.669
   5.565    0.769
   3.926    1.196
   3.946    1.164
   3.999    1.116
   4.078    1.053
   3.841    0.968
   3.981    0.881
   4.417    0.779
   4.316    0.662
   4.476    0.531
   4.630    0.442
   4.719    0.421
   4.569    0.440
   4.314    0.551
   3.948    0.663
   3.501    0.733
   2.872    0.748
   2.328    0.710
   1.811    0.624
   1.353    0.515
   1.188    0.479
   1.432    0.576
   1.622    0.697
   1.601    0.801
   1.489    0.897
   1.485    0.969
   1.798    1.012
   1.688    1.032
   1.592    1.021
   1.780    0.988
   2.021    0.904
   1.818    0.782
   1.431    0.631
   1.134    0.463
   1.129    0.377
   1.810    0.465
   2.744    0.541
   3.543    0.560
   4.208    0.553
   4.707    0.553
   5.088    0.519
   5.444    0.449
   5.682    0.430
   5.902    0.364
   5.801    0.423
   5.604    0.565
   5.648    0.665
   5.623    0.721
   5.591    0.758
   5.538    0.806
   5.464    0.879
   3.907    1.211
   3.912    1.188
   3.935    1.151
   3.981    1.099
   3.682    1.025
   4.213    0.947
   4.236    0.855
   4.014    0.752
   4.103    0.644
   4.292    0.551
   4.175    0.454
   3.962    0.402
   3.831    0.564
   3.551    0.686
   3.167    0.758
   2.689    0.774
   2.154    0.732
   1.629    0.636
   1.054    0.494
   0.860    0.432
   1.270    0.595
   1.413    0.737
   1.251    0.851
   1.281    0.953
   1.360    1.026
   1.755    1.069
   1.649    1.085
   1.542    1.069
   1.504    1.021
   2.132    0.945
   1.597    0.820
   1.255    0.680
   1.002    0.528
   0.928    0.468
   1.499    0.553
   2.459    0.631
   3.218    0.670
   3.894    0.680
   4.461    0.672
   4.927    0.642
   5.324    0.600
   5.790    0.565
   5.918    0.538
   5.846    0.574
   5.663    0.667
   5.538    0.756
   5.585    0.824
   5.525    0.874
   5.462    0.924
   5.395    0.982
