E-type mean values
1
mean
   4.4570
   7.7708
   5.5711
   3.8420
   5.4018
   4.2801
   5.0344
   5.2643
   6.1553
   9.1025
   8.3359
   3.5662
   5.7518
   8.1375
   4.8155
   3.8983
   3.8831
   2.2884
   4.3385
   7.2174
   2.5807
   4.2562
   6.8741
   4.8247
   5.2582
   1.9370
   8.7133
   9.9375
   3.2372
   2.3966
   3.2605
   8.3509
   5.3885
   1.1371
   6.6036
   4.2711
   3.5958
   1.2389
   3.9852
   5.1183
  10.2065
   1.2976
   5.0817
   8.1762
   5.7536
   5.7557
   4.0299
   4.8007
   5.3825
   7.3247
   3.6521
   4.6142
   4.6347
   7.6797
   7.2752
   4.0217
   9.3907
   4.1502
   4.5377
   5.3981
   5.6209
   5.8760
   4.5346
   6.4755
   9.6782
   3.7510
   5.8569
   5.3608
   5.8220
   3.8461
   2.2191
   6.6782
   3.8786
   6.9669
   5.1620
   1.2627
   6.4977
   3.4454
   4.3298
   4.5866
   6.7415
   5.0396
   4.8202
   7.3135
   5.7397
   3.8382
   6.3580
   4.0982
   3.1019
   5.9294
   8.1264
   6.5814
   2.5530
   2.7081
   4.4779
   5.7871
   4.1037
   4.5273
   5.4671
   8.1018
   2.4582
   2.6425
   6.9145
   6.3271
   5.9120
   0.5275
   4.4790
   5.5050
   4.5691
   4.5295
   7.4840
   4.1584
   3.4131
   4.3842
   4.7669
   3.7092
   7.1575
   4.9119
   6.9549
   3.0651
   5.8558
   2.2362
   6.1183
   2.9370
   5.6019
   6.4781
   1.4612
   1.5091
   3.4943
   0.7357
   9.5709
   3.3505
   4.3009
   4.4520
   8.6398
   4.6798
   6.2666
   5.1276
   7.0617
   3.7853
   4.2738
   5.6112
   8.0175
   7.1097
   4.6123
   2.3314
   2.9135
   3.5158
   4.8723
   6.6878
   4.2023
   5.8644
   1.1564
   4.0968
   3.5616
   6.0874
   4.5776
   6.2466
   2.3128
   2.5528
   5.4411
   3.7466
   3.2863
   0.0100
   1.8205
   2.6114
   7.7066
   4.1113
   2.8250
   5.5024
   2.4591
   4.0948
   0.0100
   0.9347
   3.4840
   3.7511
   6.7739
   8.0730
   4.9696
   4.9223
   5.4353
   6.2423
   5.1258
   5.6694
   4.7454
   6.3287
   8.0365
   3.5025
   5.8463
   5.4661
   2.7537
   3.3691
   8.0912
   5.3732
   5.2709
   3.4598
   6.8099
   2.2357
   4.8916
   2.8306
   9.2233
   1.8369
   4.8995
   6.6628
   2.1988
   4.4369
   7.0572
   4.2690
   6.0716
   7.6833
   2.0295
   4.2806
   6.3939
   1.0497
   0.1205
   7.8295
   5.4108
   4.7423
   8.1369
   4.7687
   3.6828
   3.9476
   4.5107
   7.0509
   5.5535
   7.7694
   5.2127
   5.6755
   8.6889
   5.3684
   2.8268
   7.9761
   6.4420
   4.4727
   1.8565
   1.4498
   3.8529
   1.9700
   5.2935
   5.4668
   4.4478
   7.8004
   3.7302
   7.2505
   3.7265
   4.1859
   9.9430
   3.6754
   6.0909
   5.5318
   5.6943
   2.3998
   3.6219
   5.4214
   7.6232
   7.6206
   1.9845
   6.7249
   5.1993
   2.4060
   4.8972
   4.8192
   4.4827
   4.7245
   4.8994
   5.2468
   3.2883
   5.2435
   7.2379
   4.3399
   4.3490
   5.2905
   5.6686
   4.5728
   3.2331
   5.0213
   4.5485
   8.1141
   1.6822
   6.3855
   9.0739
   4.3690
   2.7818
   2.0259
   3.6266
   3.0696
   6.0259
   8.3292
   3.2892
   5.0699
   3.5866
   3.3085
   3.7298
   5.6072
   5.9017
   3.0237
   4.3047
   7.2235
   4.8668
   7.4740
   4.3344
   5.0515
   3.4417
   3.5075
   5.4800
   5.4287
   6.6145
   4.8971
   2.2228
   4.7349
   6.8539
   5.4765
   6.7220
   5.7812
   4.8232
   9.9773
   5.2755
   5.0963
   1.4647
   4.0594
   2.4896
   4.9708
   5.4495
   7.1244
   6.2935
   8.2279
   2.2297
   7.6744
   6.2330
   2.7844
   3.3982
   4.2424
   5.9223
   5.2590
   2.9813
   0.9181
   3.8122
   7.3059
   8.9245
   3.7098
   4.6397
   6.9400
   6.7868
   2.5830
   0.1304
   6.9692
   2.4016
   3.8839
   6.4299
   2.3070
   5.4383
   8.3754
   4.1276
   2.8437
   5.2917
   6.6950
   6.7672
   4.4428
   5.2976
   2.2559
   0.0100
   6.4396
   6.0815
   8.2492
   1.4213
   6.8315
   3.2560
   4.9371
   5.3779
   6.2201
   5.3646
   1.1959
   6.8522
   3.5155
   3.2610
   4.9413
   4.5771
   1.6986
   4.6319
   6.2545
   8.0400
   6.8753
   1.7801
   7.6021
   9.2072
   3.6785
   6.4937
   1.5625
   4.1377
   5.4494
   3.3564
   4.9570
   5.2431
   1.5898
   4.4862
   7.1782
   2.1987
   6.4398
   8.5399
   4.7746
   5.3097
   3.4511
   6.4476
   2.5010
   3.4703
   3.8069
   7.0749
   0.2717
   1.6749
   9.7494
   7.0694
   6.1649
   5.8700
   5.1386
   3.3432
   6.9082
   5.2665
   8.0674
   6.7864
   4.7772
   6.4986
   3.6988
   4.8813
   1.9805
   2.4683
   2.2683
   6.7408
   2.7859
   7.5510
   7.1185
   5.2908
   7.7917
   2.5857
   1.9128
   6.5213
   3.5310
   5.3384
   3.8114
   6.2880
   4.7239
   4.1524
   8.2771
   5.3219
   5.9391
   2.1131
   4.9253
   4.3294
   7.3407
   4.6993
   6.8214
   9.6725
   4.2287
   2.9160
   3.4239
   2.0302
   3.9281
   5.9360
   4.3253
   5.7207
   4.7205
   5.3039
   3.7809
   7.3620
   2.5633
   5.9827
   9.5583
   0.3897
   0.1318
   9.9450
   6.5990
   5.4004
   2.7858
   4.7869
   6.2958
   3.0303
   4.5425
   3.0816
   5.2671
   0.7798
   7.3189
   7.6780
   3.8330
   7.8961
   4.4127
   1.9292
   3.7831
   3.7861
   6.0030
   5.6048
   7.7040
   6.1016
   8.9498
   5.9447
   6.3665
   5.1393
   3.3021
   1.9049
   8.6699
   8.3138
   7.7704
   3.7705
   2.9885
   5.7748
   5.1958
   2.7465
   6.0440
   7.6498
   3.2024
   3.4051
   3.8987
   3.8441
   7.5490
   7.4641
   4.1648
   9.9304
   3.7818
   4.8578
   6.3827
   3.5719
   5.3808
   5.0818
   4.3134
   5.1482
   3.9319
   3.4187
   5.8883
   7.8028
   4.2032
   1.7437
   3.9456
   7.6688
   3.0585
   5.6672
   3.2615
   2.8661
   6.1052
   7.2265
   4.6126
   3.5161
   1.2477
   7.4723
   3.5961
   6.0949
   3.8990
   5.1219
   6.9105
   5.9017
   3.3584
   7.0095
   6.3332
   5.6655
   8.4704
   3.4916
   4.6863
   5.6583
   3.3824
   5.2594
   8.6177
   4.2859
   6.7311
   4.5238
   4.8025
   2.7064
   6.9235
   2.3053
   8.0708
   5.3660
   1.9591
   5.7592
   6.0312
   5.1784
   8.3795
   6.3457
   5.0494
   5.1727
   3.5534
   5.5302
   6.5912
   5.6399
   3.9387
   4.0399
   4.5151
   5.1124
   5.4882
   1.6805
   8.8840
   3.0868
   3.2153
   6.5925
   3.1918
   7.1627
   2.1653
   6.5453
   3.8042
   4.3155
   5.2071
   4.8962
   3.6996
   1.9157
   5.9553
   4.3102
   9.9404
   2.9783
   4.5688
   2.0637
   5.2112
   4.9327
   8.4992
   6.1164
   4.3551
   7.8218
   5.1089
   7.6233
   5.8382
   7.3356
   5.3730
   5.7516
   6.5869
   0.0100
   5.7047
   6.0408
   5.8631
   4.4366
   5.7196
   9.3854
   2.4441
   3.1304
   6.5102
   8.1477
   3.4957
   2.6873
   6.6392
   6.6805
   1.2030
   6.0604
   8.6522
   2.4492
   6.3390
   3.6079
   6.8332
   2.0445
   6.6570
   2.9276
   3.1488
   5.0670
   7.9025
   6.7319
   1.9310
   3.6362
   2.5651
   6.1533
   3.1990
   5.0472
   3.5945
  13.1040
   5.8623
   3.4237
   3.8752
   5.4869
   5.2976
   3.7545
   5.6820
   8.6405
   7.1287
   4.3414
   5.6651
   3.6445
   3.4282
   6.6555
   5.5198
   4.9598
   3.8917
   5.9232
   4.7254
   5.6742
   8.6483
   3.0488
   1.3600
   7.8564
   8.6397
   7.3158
   4.3446
   3.8091
   4.7798
   4.2432
   3.9321
   4.5813
   5.5059
   7.3463
   5.2980
   4.8130
   5.7917
   5.9292
   4.2803
   5.8648
   9.2411
   7.6062
   2.5096
   7.2223
   3.8611
   4.8503
   3.3710
   5.7124
   5.8206
   3.3579
   7.0560
   4.7264
   5.4413
   3.1189
   3.4505
   5.5043
   6.5852
   8.6279
   5.2526
   6.6555
   7.1777
   6.7386
   4.6865
   3.0035
   6.2774
   5.0061
   7.6188
   4.9629
   3.0985
   7.6360
   3.9434
   4.2493
   3.5708
   4.8881
   7.1363
   3.1058
   3.3198
   3.7049
   2.6780
   7.4884
   3.8359
   6.1547
   2.4946
  10.1055
   7.5023
   8.5995
   2.0365
   6.6154
   6.1953
   7.1380
   1.2009
   2.3712
   6.3829
   4.9325
   2.6086
   4.9750
  10.7249
   4.6033
   8.0939
   8.7549
   7.0342
   7.4791
   7.6123
   4.9999
   3.5777
   6.7858
   3.1537
   4.2112
   7.6607
   9.5320
   5.6391
   6.4269
   4.8705
   4.8392
   4.1783
   5.5840
   1.5485
   1.6002
   4.1875
   5.2314
   4.2486
   6.5823
   2.0805
   6.1786
   6.2445
   4.7439
   1.3498
   4.9242
   3.5001
   1.7577
   6.9788
   1.1655
   6.5585
   2.6046
   4.6435
   6.4575
   3.3285
   6.0320
   8.8245
   3.7986
   7.5607
   6.8600
   2.9905
   8.0438
   3.8500
   4.4119
   1.8380
   7.1045
   3.4300
   4.0548
   3.4686
   7.8640
   2.7914
   5.6382
   5.3397
   3.2293
   6.6887
   4.8309
   7.0576
   3.2180
   3.8417
   6.7212
   3.4471
   3.0995
   4.5364
   7.1546
   8.8672
   3.8604
   4.6166
   1.7285
   3.1942
   4.6936
   3.1001
   3.7036
   3.1674
   2.5650
   6.7929
   5.5436
   6.1586
   5.5493
   3.6836
   3.9094
   4.9848
   3.4710
   5.2198
   1.5035
   1.2517
   6.2603
   6.0292
   4.2271
   5.0631
   2.4432
   4.7595
   3.3432
   6.7529
   6.0192
   6.8362
   1.0357
   4.6442
   2.5290
   4.5322
   4.1136
   4.8057
   4.5632
   5.0754
   6.0267
   8.8118
   2.2812
   5.5953
   3.0466
   3.7620
   4.6947
   3.0384
   5.1931
   6.3868
   3.1121
   4.2325
   3.5294
   4.7607
   4.3965
   4.4308
   2.9782
   5.3157
   2.7642
   5.8519
   1.2866
   5.9705
   2.4799
   6.0216
   6.1562
   4.3444
   6.1516
   6.9961
   3.2580
   6.3310
   8.7500
   6.8613
   6.0261
   5.7412
   4.6849
   4.7675
   5.8565
   3.4841
   5.4544
   5.9960
   3.8872
   5.3556
   4.4856
   6.7727
   8.2120
   5.9698
   7.9495
   4.4402
   6.3736
   6.0338
   2.1710
   8.8761
   5.1712
   0.4254
   3.3958
   6.6074
   3.8214
  10.2698
   3.6084
   4.7761
   4.8297
   3.1914
   4.2047
   2.1936
   4.3780
   5.0849
   7.2186
   4.5949
   8.0111
   6.3488
   1.3812
   4.4957
   8.0255
   8.1509
   5.3715
   2.4440
   2.4901
   5.4202
   6.3702
   4.7959
   4.3445
   7.1129
   5.4706
   6.0930
   2.8497
   7.5861
   2.9679
   4.0821
   9.5788
   3.6718
   7.1195
   5.0688
   4.8097
   6.2322
   7.7395
   2.9471
   4.7457
   4.1853
   6.5789
   5.6189
   3.5389
   7.7940
   1.4863
   4.3834
   9.9052
   4.1400
   8.7494
   5.2383
   3.9404
   7.4804
   7.0075
   1.4423
   4.3931
   4.4358
   6.0769
   7.3573
   3.7409
   8.3446
   6.8239
   7.3344
   2.2774
   5.8523
   4.8973
   7.6009
   3.1496
   7.0197
   5.6102
   3.9000
   8.1393
   7.6075
   5.3854
   5.2426
   7.7597
   5.9151
   3.4099
   4.3681
   7.6928
   4.5547
   8.2329
   4.6553
   6.4209
  11.5768
   4.8042
   5.4537
   9.1958
   1.7989
   0.5348
   6.0860
   6.4937
   5.6838
   2.4556
   3.8944
   4.8351
   6.6328
   6.7360
   1.2062
   6.4081
   5.1277
   3.7274
   3.0387
   5.9428
   5.8152
   3.5556
   8.4096
   2.4017
   2.6396
   6.1312
   0.3022
   5.2988
   4.2718
   5.4687
   7.7157
   5.6449
   5.8214
   6.2033
   8.5292
   5.8807
   3.7256
  11.7702
   7.0199
   1.6072
   7.6442
   4.2950
   4.8986
   5.3929
   6.9803
   4.9903
   2.2292
   5.8102
   6.9020
   7.4557
   8.4381
   6.3669
   7.5828
   4.5502
   2.9333
   5.5184
   5.9028
   4.1458
   8.2583
   8.0371
   4.1208
   2.2962
   4.7606
   4.7869
   6.6812
   4.6003
   9.4767
   2.5334
   1.1521
   9.2831
   6.2159
   6.7507
   3.4821
   3.1110
   6.2449
   7.9437
   8.8767
   4.1003
   2.9669
   3.5405
   6.0322
   6.3677
   4.6208
   6.7343
   3.7466
   4.3035
   4.2532
   4.0018
   3.3256
   3.0364
   8.4229
   2.4507
   3.0161
   7.3184
   3.6794
   7.1760
   5.2063
   4.2111
   3.1201
   3.4890
   4.8945
   3.2987
   3.1282
   4.4435
   6.4336
   4.0868
   6.9937
   6.2567
   3.2413
   7.6200
   2.4738
   7.5740
   4.5032
   6.0693
   6.8595
   5.6761
   4.5819
   5.8067
   1.5969
   4.2851
   7.5285
   3.2547
   5.9255
   2.4414
   4.0899
   6.2495
   7.2405
   4.0128
   4.1682
   7.1333
   8.1662
   6.8289
   5.1090
   6.1145
   4.3730
   2.4432
   7.2033
   3.9656
   7.2400
   4.4531
   5.5649
   3.9235
   8.8940
   6.8392
   4.6018
   4.5213
   5.5653
   2.8019
   3.4538
   5.4306
   2.3689
   4.0463
   3.6715
   2.8058
   5.4490
   6.2118
   2.8126
   3.2401
   4.7837
   4.5098
   5.1723
   3.3589
   5.5549
   5.4071
   4.5143
   6.7862
   6.1092
   2.7134
   4.3695
   3.5704
   6.8855
   5.2301
   5.3135
   5.8320
   5.8375
   5.0912
   4.9432
   4.9804
   3.2774
   5.1352
   4.1229
   0.8574
   5.7963
   2.6548
   5.2691
   5.5543
   6.2452
   5.7535
   5.6140
   3.2804
   2.7762
   4.5073
   4.4008
   4.9770
   1.8592
   5.2430
   6.5149
   2.4047
   6.2462
   1.9557
   3.1549
   3.0258
   1.2552
   2.1386
   3.8897
   3.4347
   5.5012
   3.2515
   5.0900
   6.5147
   4.4474
   7.0538
   5.5716
  10.6810
   4.5678
   7.6007
   6.2902
   5.6049
   2.2624
   7.7541
   3.7332
   8.1031
   3.5161
   7.5114
   7.7289
   4.6073
   2.5453
   4.8996
   5.1397
   5.0270
   6.1931
   5.4185
   1.8550
   7.2423
   6.4196
   5.0257
   9.3772
   5.9331
   2.8752
   7.6280
   3.7248
   3.4395
   1.0001
   1.6197
   3.6382
   4.5998
   5.7085
   5.2737
   3.8081
   3.3470
   7.0591
   5.4529
   4.8318
   3.8917
   3.3743
   4.9815
   7.6940
   4.7296
   4.5818
   6.8938
   5.4701
   7.9691
   5.8891
   7.1051
   6.9925
   4.3656
   4.2671
   8.4965
   7.4352
   5.8806
   0.2399
  10.3823
   3.4993
   4.2944
   5.8879
   4.7080
   6.9457
   3.2453
   5.2208
   6.7778
   7.0841
   7.7670
   6.6449
   2.7905
   2.1476
   9.6207
   5.8218
   5.3004
   4.1953
   7.0947
   6.3808
   5.4604
   5.2432
   4.0321
   3.8634
   5.2174
   6.9068
   3.9514
   3.4608
   6.6073
   5.9543
   3.5007
   4.8017
   3.4115
   7.7208
   3.8706
   4.1090
   4.4747
   4.5798
   6.0726
   3.7245
   2.1448
   6.8761
   4.7542
   1.2904
   3.1540
   7.0196
   6.6048
   2.4994
   8.1795
   7.1495
   4.2567
   6.2536
   8.0716
   4.8234
   6.1754
   5.2200
   4.3100
   7.2990
   6.9097
   4.5141
   8.3018
   2.9950
   3.0473
   2.5505
   7.0873
   5.4919
   7.0215
   6.0114
   3.1927
   5.0752
   4.6361
  11.4676
   4.8280
   4.3676
   4.5783
   5.3478
   4.4480
   4.8089
   4.7050
   3.3648
   5.4661
   4.0728
   5.9614
   5.1532
   5.5266
   4.4876
   2.5502
   7.0813
   3.5392
   8.5392
   0.7579
   0.8103
   3.4597
   1.7186
   4.2339
   5.5142
   4.1715
   4.4166
   2.6378
   3.2078
   1.6449
   2.4565
   6.9734
   6.0342
   4.2649
   3.3281
   4.4163
   4.1541
   6.3454
   1.3513
   7.7770
   3.8436
   6.2016
   6.0269
   0.7488
   5.1926
   3.2754
   7.1039
   0.5580
   7.0862
   5.6591
   4.6011
   5.2706
   4.8739
   7.4601
   5.9061
   6.3609
   8.0891
   5.7980
   6.9307
   3.9527
   3.8256
   6.6250
   6.1028
   4.0849
   7.6125
   7.8757
   4.3231
   3.9326
   6.8660
   7.0721
   3.1686
   2.1860
   2.5377
   4.1615
   4.6436
   5.2253
   2.8819
   7.7923
   6.0981
   8.3776
   1.5298
   5.4308
   6.4805
   4.0686
   2.8600
   4.4356
   6.0711
   1.6524
   6.9923
   3.3636
   2.0419
   0.5127
   6.3915
   5.3470
   6.5916
   3.4178
   4.8472
   5.8185
   8.1187
   5.9651
   2.2241
   5.0063
   6.6823
   4.5552
   7.4414
   4.7674
   6.6638
   8.2145
   4.4079
   4.3369
   4.9627
   5.4547
   2.0886
   5.6998
   4.7954
   6.8524
   2.7718
   5.0008
   4.5900
   4.5513
   6.0895
   4.3730
   3.4915
   9.9929
   5.2402
   3.8482
   4.9414
   0.9633
   3.7004
   5.4995
   5.5731
   3.3034
   3.1295
   8.6219
   8.7864
   6.2765
   3.0805
   2.9831
   3.6096
   1.3437
   3.5915
   5.3983
   2.2741
   6.2592
   4.9200
   4.0099
   5.2174
   2.5542
   6.6117
   7.1085
   8.1231
   4.6128
   8.0579
   4.5417
   1.4325
   1.2273
   3.6145
   8.1217
   5.7691
   2.7454
   5.0931
   6.9579
   3.3046
   5.2806
   3.6614
   6.2679
   3.8629
   7.9653
   6.3106
   4.1736
   3.7663
   5.7967
   2.5685
   8.4610
   6.3146
   3.5576
   3.7270
   5.5639
   4.0269
   7.3379
   8.5090
   7.5985
   6.7431
   5.3192
   1.0478
   9.5268
   5.1100
   8.7774
   7.4290
   3.5457
   1.6045
   1.4028
   1.9695
   5.1920
   6.8546
   4.2995
   6.9067
   7.1004
   5.0188
   8.7863
   6.4265
   3.2483
   7.8773
   4.7956
   5.9811
   3.6030
   6.7228
   6.0386
   4.9120
   2.3518
   1.8336
   5.0903
   6.3802
   7.0394
   0.4367
   6.9792
   8.5130
   3.8770
   3.9413
   0.0100
   9.4501
   6.2696
   4.5203
   6.4640
   7.0699
  10.1532
   3.3053
   8.2244
   0.6728
   2.2090
   8.4765
   7.8816
   5.1676
   2.9967
   4.3241
   4.8474
   8.7746
   5.0313
   3.6307
   6.7100
   5.0795
   7.5485
   5.0437
   3.9891
   1.9717
  10.3885
   4.1009
   3.8646
   6.1441
   1.2757
   2.4760
   1.9830
   4.4599
   4.2085
   5.1709
   5.4506
   6.5663
   3.3840
   6.7286
   5.5967
   8.4554
   5.2567
   3.2715
   7.6473
   5.1404
   9.5870
   7.4426
   5.8478
   7.6981
  11.0692
   3.8194
   3.0384
   9.2270
   2.5101
   4.5977
   3.9801
   2.4337
   5.0552
   6.0635
   3.8394
   5.4334
   7.2333
   4.4504
   6.3555
   5.7419
   5.6250
   8.5465
   7.7534
   4.8773
   2.0818
   2.0492
   3.2737
   4.5565
   5.0495
   7.1490
   5.9325
   4.5171
   2.2775
   5.4966
   5.1215
   5.5701
   7.7600
   5.0856
   4.0018
   2.8820
   7.4374
   2.0288
   3.4977
  10.1862
   1.6781
   4.1214
   3.5621
   8.8563
   3.5140
   4.5706
   2.6378
   5.2914
   7.2256
   3.6846
   6.3835
   3.9099
   2.7761
   6.0759
   1.3282
   5.3710
   3.3848
   6.0442
   2.6388
   6.6621
   7.1085
   5.1408
   4.1585
   9.8918
   5.7843
   8.6988
   5.8221
   2.6928
   2.6301
   6.6718
   8.1948
   5.7976
   5.9889
   1.5883
   5.0599
   4.0932
   2.9729
   7.1870
   6.0218
   6.4068
   9.7377
   8.6274
   8.5821
   3.3196
   2.3388
   3.2698
   5.6792
   3.4486
   8.5645
   2.3665
   5.2293
   5.9580
   4.6893
   3.2856
   1.8551
   1.6891
   8.1432
   2.1681
   8.7714
   4.9792
   6.4366
   5.2730
   4.2733
   6.2484
   7.2919
   5.6375
   8.8151
   7.7620
   6.6166
   5.3832
   6.2493
   4.9364
   7.2472
   4.7652
  10.9882
   3.1117
   1.4225
   5.3513
   3.3025
   6.1333
   7.3331
   6.1863
   7.1975
   3.2715
   6.9267
   3.1887
   5.6352
   5.3336
   8.4221
   7.1358
   7.0717
   5.7003
   3.7983
   4.0295
   8.5045
   3.3029
   9.0228
   7.0531
   3.9006
   4.7098
   2.0839
   5.1346
   4.5868
   3.8253
   4.8595
   1.7019
   3.6839
   5.1150
   6.2742
   7.6046
   5.9979
   9.5752
   6.4884
   8.6365
   5.6970
   5.3806
   3.6207
   3.4921
   5.2863
   4.6698
   3.6646
   6.2857
   7.4669
   3.2725
   2.7436
   5.5008
   4.6649
   2.9041
   6.7479
   6.0828
   0.2574
   6.2769
   2.1527
   2.2278
   7.1687
   4.5099
   2.3220
   4.3941
   6.0600
   3.6244
   8.3868
   8.0933
   4.5776
   6.7343
   4.4425
   5.1046
   3.8921
   3.2778
   4.2163
   2.1426
   9.4888
   9.3638
   9.5017
   4.3990
   4.8848
   5.4380
   7.3035
   6.4441
   5.7864
   2.6645
   5.5321
   6.2949
   8.6095
   3.0356
   6.3879
   3.0532
   5.4671
   6.1617
   5.5284
   7.3707
   6.9940
   4.6176
   0.6642
   4.9187
   4.9963
   8.9137
   6.1562
   2.9531
   3.4465
   6.9360
   5.4510
   7.9067
   3.2108
   3.3091
   6.2732
   4.1320
   3.1238
   2.5580
   3.8234
   3.5760
   6.0740
   6.4942
   6.5243
   3.5274
   3.5634
   3.9106
   1.9757
   4.0745
   5.7961
   4.2896
   1.5853
   3.0504
   4.4606
   4.8983
   4.3296
   1.7240
   6.9359
   4.6133
   3.8152
   6.1095
   4.8233
   4.9703
   5.9414
   4.6005
   3.6798
   2.4441
   4.4754
   5.8814
   5.5595
  10.4162
   9.7546
   1.7284
   6.4201
   3.5695
   8.6724
   2.0564
   8.2359
   7.9260
   5.6737
   2.2662
   0.8791
   2.3179
   3.8042
   3.9916
   1.5437
   3.3117
  12.3802
   6.1855
   6.1973
   9.4938
   2.4706
   2.8060
   3.7024
   4.7557
   3.9667
   6.3751
   5.5682
   3.9652
   3.0811
   6.4497
   5.3794
   3.6567
   7.8053
   6.7009
   7.4342
   5.2409
   6.1173
   7.0003
   3.7972
   6.9285
   5.9739
   5.9161
   3.8924
   7.4521
   4.2331
   3.8756
   5.0425
   8.0850
   1.3115
   7.1195
   6.4000
   5.6699
   8.9990
   4.5208
   5.2039
   3.8489
   3.9305
   5.7879
   4.0823
   6.9494
   7.0006
   5.4101
   7.5054
   5.8273
   3.5071
   6.3471
   4.8029
   2.1792
   8.0525
   3.1832
   5.5226
   3.9480
   4.4857
   3.7745
   7.0684
   9.5654
   6.2384
   4.1294
   7.8495
   4.6287
   7.8576
   7.8858
   6.4203
   6.0221
   6.0051
   4.0556
   2.5770
   2.7824
   5.8768
   6.9008
   6.0090
   5.4924
   5.9114
   1.8490
   3.3620
   3.8903
   7.9179
   0.9980
   3.0566
   9.1122
   8.7992
   3.9104
   1.9214
   5.7011
   3.2138
   6.7313
   7.7044
   5.3954
   6.1778
   6.8948
   7.4401
   3.7046
   2.4427
   4.0288
   2.1256
   5.7500
   3.1215
   8.9053
   4.1119
   3.3125
   5.3220
   4.6988
   4.7523
   6.8116
   5.9253
   7.6564
   6.1153
   2.2204
   4.7242
   4.4093
   3.8514
   8.2285
   3.0912
   7.6601
   4.2997
   3.8245
   7.0356
   6.1538
   3.0161
   1.8159
   6.4840
   9.3187
   4.1970
   8.6684
   6.6637
   4.2561
   3.1876
   3.7930
   2.7061
   4.2369
   7.5133
   5.9577
   0.8467
   5.7159
   8.0560
   2.6736
   3.7368
   7.2819
   3.7973
   4.7273
   1.6851
   4.8053
   2.4378
   2.5443
   1.8697
   4.1949
   4.6081
   4.2911
   2.2475
   6.1610
   4.9335
   4.5754
   7.9669
   3.3593
   4.1981
   2.9711
   2.9683
   2.9935
   1.4112
   6.5810
   3.3967
   1.9063
   5.9356
   5.0837
   4.0014
   3.8779
   6.2018
   5.4385
   5.0382
   2.9159
   2.0158
   3.0039
   2.2085
   4.8274
   1.8945
   1.7470
   2.2046
   3.2994
   1.1914
   3.6522
   6.9529
   3.1789
   1.4219
   5.1878
   3.0439
   6.5147
   5.8610
   3.5615
   3.8944
   7.8316
   5.4551
   7.5715
   7.3281
   5.5917
   6.4342
   3.6351
   8.5063
   6.0695
   5.8146
   6.3604
   1.9599
   4.1460
   7.4087
   6.7299
   4.5478
   7.6674
   5.6255
   0.5723
   4.0495
   0.8346
  10.4312
   1.4094
   7.4677
   7.4409
   3.1904
   5.5091
   4.2985
   1.8363
   3.1981
   7.7130
   8.5465
   4.8798
   5.2013
   2.5802
   5.9945
   5.3777
   4.1910
   6.9095
   5.1338
   3.9080
   4.2685
   3.7658
   4.0208
   4.4894
   2.6950
   4.2404
   2.3990
   5.9354
   3.3479
   3.6161
   4.8304
   3.6992
   5.8693
   7.5472
   9.1602
   6.7520
   3.6299
   5.1804
   6.0352
   8.0155
   4.9649
   5.9733
   4.4064
   7.0643
   6.1602
   3.0425
   5.4619
   4.9214
   7.5980
   4.0649
   5.4089
   4.5620
   8.6335
   3.6159
   2.6942
   6.5267
   7.9701
   4.3272
   6.0312
   4.3534
   3.1062
   3.6025
   8.3486
   5.7451
   7.6546
   7.2839
   6.3871
   8.9355
   7.3336
   9.4199
   5.2018
   2.4465
   6.7632
   8.0504
   6.3406
   6.0355
   3.9689
   3.1089
   7.2235
   5.4838
   6.0010
   8.8969
   3.1037
   5.7633
   2.7159
   2.3408
   4.0606
   5.4726
   3.6892
   2.8783
   1.4501
   3.6436
   2.1004
   5.1922
   5.7892
   6.7388
   6.7086
   6.1450
   6.3670
   3.5032
   6.0650
   5.9068
   5.1723
   4.1295
   7.0183
   5.3830
   3.4020
   7.9381
   7.8111
   4.9570
   6.2237
   4.4918
   6.8992
   5.1139
   9.7031
   6.4720
   6.0440
   0.6042
   2.2885
   9.3398
   7.2817
   5.2228
   7.1019
   4.8061
   3.2480
   8.9666
   3.8277
   2.7690
   3.6122
  10.1356
   3.2749
   3.6915
   4.7360
   2.7766
   2.9565
   3.2809
   5.3293
   4.2601
   6.5802
   2.6050
   8.6217
   3.6012
   6.4176
   2.8985
   9.9461
   5.1420
   6.6235
   1.8819
   3.6347
   4.1835
   5.9057
   6.7206
   4.4659
   9.0706
   5.2833
   7.9979
   5.6317
   6.6886
   2.3841
   2.6245
   2.9100
   7.1969
   4.6331
   3.1601
   5.9400
   2.6999
   0.5459
   3.9787
   2.3535
   2.8097
   3.1276
   7.5014
   5.9649
   6.4699
   0.0100
   1.5677
   6.3297
   2.6119
   4.6629
   4.9710
   1.7210
   5.1427
   3.1350
   7.2302
   2.4588
   6.6267
   6.0539
   5.7710
   8.7459
   9.3297
   6.7873
   6.4012
   2.7077
   5.1223
   5.2027
   8.2196
   6.0277
   0.8152
   3.8551
   5.2371
   3.9957
   3.5742
   3.8384
   6.8214
   0.8915
   1.2058
   4.0905
  10.0278
   2.4492
   5.2548
   7.3701
   8.2310
   4.6602
   5.1907
   2.7840
   5.7660
   5.7825
   3.7946
   2.1560
   0.5049
   2.9349
   3.2438
   5.1489
   4.8839
   3.4656
   1.5755
   6.5809
   5.1733
   5.7215
   5.4698
   4.1239
   2.2018
   4.1328
   5.9665
   4.4905
   5.1818
   4.7693
   7.1474
   6.6487
   5.8116
   5.2696
   2.2428
   5.8487
   6.3719
   4.8605
   5.1454
   4.9153
   6.8088
   4.6991
   4.1821
   5.5420
   5.1093
   5.2304
   1.5159
   4.3554
   5.0636
   6.3976
   1.6636
   3.9083
   7.6631
   4.8827
   3.0370
   8.6606
   5.7634
   4.8868
   5.7889
   3.1383
   3.9941
   4.1423
   8.7683
   7.6242
   6.5534
   6.5668
   2.8962
   3.8895
   8.1354
   7.6519
   2.8323
   4.7432
   5.6250
   4.2911
   6.8760
   3.9122
   7.0080
   4.7972
   7.4155
   7.5910
   2.8593
   6.5676
   8.9237
   5.6990
   7.2246
   2.4229
   5.2318
   6.7387
   4.0115
   6.6068
   1.8874
   4.7043
   2.5460
   6.8422
   5.5002
   5.2611
   3.2762
   8.3106
   2.9537
   1.8812
   4.2129
   1.7932
   5.4985
   3.3099
   4.1071
   6.3767
   4.5695
   5.3329
   5.9222
   8.0727
   5.7623
   3.6808
   3.4972
   7.8027
   5.5871
   4.0731
   2.0189
   5.9915
   5.2274
   5.0121
   8.1736
  10.2108
   3.6909
   6.8934
   8.2075
   2.0864
   5.9926
   3.8471
   5.3910
   3.8856
   3.1716
   5.7046
   6.2998
   6.1068
   4.6637
   2.9748
   3.9086
   6.8478
   5.6738
   3.0089
   5.3842
   6.1195
   2.8129
   4.0268
   7.4477
   4.6444
   2.8581
   3.0018
   5.9697
   4.1093
   4.3420
   6.4039
   4.6797
   7.1028
   6.5001
   4.2681
   4.0848
   5.9602
   6.9410
   2.6391
   7.4463
   4.8523
   6.8816
   4.1254
   7.7942
   3.4799
   7.5535
   8.5575
   2.1598
   3.2727
   2.9111
   8.0273
   4.9197
   4.6437
   3.2325
   2.3547
   6.4158
   5.3058
   4.2037
   5.3420
   3.7675
   4.6600
   5.6706
   5.5813
   2.5974
   6.6083
   6.0214
   1.9813
   3.3322
   8.2820
   7.3245
