Back Transform:Normal Score Transform:Clustered 140 pri
 7
Xlocation                               
Ylocation                               
Primary                                 
Secondary                               
Declustering Weight                     
Normal Score value                      
Back Transform
39.5 18.5   .06   .22 1.619     -2.52518      0.06000
 5.5  1.5   .06   .27 1.619     -2.11193      0.06000
38.5  5.5   .08   .40 1.416     -1.90816      0.08000
20.5  1.5   .09   .39 1.821     -1.65088      0.09000
27.5 14.5   .09   .24 1.349     -1.77366      0.09000
40.5 21.5   .10   .48  .944     -1.56105      0.10000
15.5  3.5   .10   .21 1.214     -1.49880      0.10000
 6.5 25.5   .11   .36 1.619     -1.37050      0.11000
38.5 21.5   .11   .22 1.146     -1.43677      0.11000
23.5 18.5   .16   .30 1.821     -1.24163      0.16000
  .5 25.5   .16   .31 1.349     -1.30547      0.16000
 9.5 19.5   .17   .30 1.012     -1.18857      0.17000
36.5 43.5   .18  1.60  .944     -1.15380      0.18000
21.5  5.5   .19   .59 1.416     -1.04448      0.19000
13.5  3.5   .19   .18 1.146     -1.08490      0.19000
40.5  7.5   .19   .75 1.012     -1.12038      0.19000
31.5 17.5   .22   .44 1.619     -0.99869      0.22000
46.5 40.5   .24   .58 1.821     -0.94921      0.24000
10.5  7.5   .26   .54 1.281     -0.90650      0.26000
28.5 11.5   .28   .62 1.551     -0.86891      0.28000
 8.5  7.5   .28   .97 1.281     -0.83250      0.28000
47.5   .5   .31  2.88 2.023     -0.79137      0.31000
 4.5 37.5   .32   .35  .944     -0.75555      0.32000
14.5 21.5   .33   .48 1.619     -0.72537      0.33000
22.5 48.5   .34   .48 2.023     -0.68358      0.34000
18.5  6.5   .34   .23 1.619     -0.64296      0.34000
 3.5 38.5   .34   .51  .944     -0.61499      0.34000
11.5 46.5   .40   .47 1.079     -0.59326      0.40000
31.5 26.5   .45   .74 1.619     -0.56470      0.45000
14.5 29.5   .46  2.52 1.025     -0.53715      0.46000
14.5 43.5   .51  1.21 1.079     -0.51551      0.51000
38.5 28.5   .57  5.55 1.083     -0.49353      0.57000
45.5 14.5   .62  2.30 1.281     -0.46977      0.62000
 4.5 30.5   .65  1.06 1.416     -0.44297      0.65000
 6.5 41.5   .67   .43 1.821     -0.41123      0.67000
 7.5 12.5   .71  2.07 1.551     -0.37859      0.71000
26.5 23.5   .79  1.40 1.281     -0.35149      0.79000
 8.5 45.5   .81   .80 1.821     -0.32210      0.81000
14.5 46.5   .83   .72 1.079     -0.29487      0.83000
13.5 24.5   .84   .60 1.012     -0.27538      0.84000
26.5  1.5   .89  1.01 1.619     -0.25099      0.89000
33.5  7.5   .92   .99 1.619     -0.22119      0.92000
45.5 22.5   .93  1.29 1.416     -0.19343      0.93000
48.5 25.5   .94  1.06 1.619     -0.16581      0.94000
35.5 10.5   .96   .66 1.214     -0.14015      0.96000
34.5 14.5   .99   .52 1.214     -0.11824      0.99000
13.5 39.5   .99  1.53 1.821     -0.09092      0.99000
 7.5 18.5  1.01   .67 1.214     -0.06367      1.01000
15.5 27.5  1.02   .66 1.146     -0.04251      1.02000
 3.5 33.5  1.10  1.09 1.146     -0.02198      1.10000
11.5 15.5  1.11   .42 1.315      0.00005      1.11000
22.5 30.5  1.21  2.16 1.416      0.02450      1.21000
45.5 29.5  1.21  2.07 1.619      0.05169      1.21000
13.5 12.5  1.27   .61 1.517      0.07983      1.27000
22.5 11.5  1.34  2.15 1.821      0.10985      1.34000
17.5 34.5  1.36  2.58 1.619      0.14089      1.36000
39.5 43.5  1.37  1.45 1.146      0.16593      1.37000
 3.5 23.5  1.38   .99  .944      0.21079      1.38000
30.5 22.5  1.38  1.37 1.416      0.18923      1.38000
46.5 13.5  1.66  4.68 1.079      0.22934      1.66000
30.5  9.5  1.70  1.30 1.349      0.25171      1.70000
27.5 32.5  1.71  3.61  .944      0.27296      1.71000
12.5 34.5  1.78  6.25 1.497      0.29571      1.78000
25.5  4.5  1.81  1.37 1.416      0.32307      1.81000
27.5 34.5  1.82  4.73 1.146      0.34733      1.82000
45.5  6.5  1.89  1.89 2.023      0.37763      1.89000
 3.5 47.5  1.96  3.47 2.023      0.41682      1.96000
33.5 31.5  1.98  4.96  .571      0.44229      1.98000
41.5 26.5  2.13  1.80 1.281      0.46065      2.13000
19.5 20.5  2.17  1.41 1.416      0.48767      2.17000
  .5 41.5  2.33  1.98 1.619      0.54237      2.33000
 5.5 22.5  2.34  1.25  .944      0.56914      2.34000
43.5 10.5  2.47  1.80  .877      0.58842      2.47000
41.5 45.5  2.75  2.65 1.619      0.66062      2.75000
28.5 42.5  2.76  7.66  .573      0.68523      2.76000
21.5 34.5  2.84  3.66 1.416      0.71418      2.84000
16.5 13.5  2.99  2.74  .870      0.76730      2.99000
23.5 24.5  3.04  1.66 1.079      0.79093      3.04000
 2.5  1.5  3.33  1.89 1.619      0.83729      3.33000
47.5 44.5  3.35  2.94 1.821      0.88185      3.35000
39.5 38.5  3.51   .87  .958      0.91917      3.51000
46.5 34.5  3.81  4.44 2.023      1.00948      3.81000
35.5 45.5  4.60  4.70  .787      1.06602      4.60000
25.5 25.5  4.89  2.10 1.281      1.09928      4.89000
28.5 44.5  5.05  5.18  .587      1.15689      5.05000
19.5 42.5  5.15  2.19 2.023      1.20378      5.15000
38.5 36.5  5.31  3.29  .347      1.25868      5.31000
 2.5  9.5  6.26 17.02  .292      1.32885      6.26000
32.5 36.5  6.41  2.45  .348      1.34284      6.41000
  .5  8.5  6.49 14.95  .328      1.35790      6.49000
31.5 45.5  7.53 10.21  .306      1.37231      7.53000
 9.5 29.5  8.03  5.21  .445      1.46177      8.03000
39.5 31.5  8.34  8.02  .341      1.48257      8.34000
17.5 15.5  9.08  3.32  .445      1.60625      9.08000
 2.5 14.5 10.27  5.67  .429      1.79155     10.27000
30.5 41.5 17.19 10.10  .360      2.06646     17.19000
35.5 32.5 18.76 10.76  .261      2.16887     18.76000
37.5 36.5  3.64  3.86  .311      0.97529      3.64000
38.5 35.5  3.59  4.99  .324      0.95209      3.59000
38.5 37.5  9.08  1.68  .499      1.60625      9.08000
39.5 36.5  2.22  3.23  .482      0.50689      2.22000
 1.5  9.5  7.56 19.74  .272      1.38570      7.56000
 2.5  8.5  8.90 12.32  .348      1.54497      8.90000
 2.5 10.5  2.55 15.91  .309      0.62207      2.55000
 3.5  9.5  7.92 12.01  .444      1.41788      7.92000
31.5 36.5  4.29  2.49  .438      1.04686      4.29000
32.5 35.5  2.33  2.30  .335      0.52221      2.33000
32.5 37.5  3.21  2.75  .510      0.81053      3.21000
33.5 36.5  7.71  2.82  .315      1.39956      7.71000
  .5  7.5 12.74 14.04  .682      1.88365     12.74000
  .5  9.5 15.77 22.46  .272      1.93656     15.77000
 1.5  8.5 20.35 14.09  .328      2.33529     20.35000
30.5 45.5  5.54  9.00  .339      1.31532      5.54000
31.5 44.5  5.38  9.08  .306      1.27170      5.38000
31.5 46.5 15.77 11.87  .665      1.99442     15.77000
32.5 45.5 10.20  9.61  .360      1.75745     10.20000
 8.5 29.5  9.01  4.38  .566      1.57254      9.01000
 9.5 28.5  9.27  4.40  .769      1.68078      9.27000
 9.5 30.5  3.56  5.84  .546      0.93991      3.56000
10.5 29.5  2.52  6.19  .479      0.61353      2.52000
38.5 31.5 18.64 11.79  .298      2.11906     18.64000
39.5 30.5  7.94  7.09  .425      1.43947      7.94000
39.5 32.5  2.28  9.32  .341      0.51529      2.28000
40.5 31.5  2.51  4.96  .493      0.60306      2.51000
16.5 15.5 19.44  3.60  .445      2.24064     19.44000
17.5 14.5  2.96  3.17  .546      0.73703      2.96000
17.5 16.5  2.97  3.62  .566      0.75015      2.97000
18.5 15.5  4.92  2.86  .769      1.13351      4.92000
 1.5 14.5  5.54  5.92  .733      1.29286      5.54000
 2.5 13.5  8.71 11.72  .345      1.52482      8.71000
 2.5 15.5  2.74  4.07  .789      0.63404      2.74000
 3.5 14.5  3.61  5.03  .497      0.96372      3.61000
29.5 41.5 58.32 10.26  .450      2.94647     58.32000
30.5 40.5 11.08  9.31  .396      1.82958     11.08000
30.5 42.5 21.08 10.26  .326      2.43585     21.08000
31.5 41.5 22.75  8.21  .427      2.59430     22.75000
34.5 32.5  9.42  6.76  .413      1.72592      9.42000
35.5 31.5  8.48 12.78  .419      1.50330      8.48000
35.5 33.5  2.82  9.21  .271      0.69482      2.82000
36.5 32.5  5.26 12.40  .252      1.24693      5.26000
