SGSIM Realizations
1
value
      9.7993
      6.3730
      7.9324
      9.8818
      7.9779
      9.1342
      4.3187
      4.8372
      6.1560
      1.7588
      6.6003
     10.2338
      8.9592
      9.9122
      6.9516
      5.3345
      6.9280
      3.7401
      0.0100
      2.0043
      3.4553
      4.4440
      6.4907
      3.4554
      4.3158
      6.1594
      9.2068
      8.8915
      6.1322
      6.2893
      4.8967
      4.7718
      4.9316
      6.1390
      3.1442
      1.9759
      4.6753
      4.2140
      4.9906
      6.1646
      5.5388
      5.5427
      4.4280
      4.4847
      3.8030
      4.1593
      3.7949
      3.7414
      2.0132
      0.9509
      9.1504
      7.7935
      6.9299
      7.8949
      5.5335
      7.9731
      4.6079
      6.3766
      4.2359
      5.2002
      4.7471
      7.5581
     10.3596
     10.2425
      9.1394
      7.6404
     10.5609
      4.6849
      5.0451
      1.5046
      1.9804
      4.7475
      4.6264
      3.6462
      7.0097
      7.8803
      6.0562
      5.2548
      5.0056
      5.5328
      1.9587
      4.6661
      1.9823
      5.3366
      4.9410
      2.9515
      4.4396
      1.9753
      3.8804
      6.5005
      5.7462
      5.7135
      5.1562
      2.1455
      2.7324
      1.9805
      5.3427
      2.0077
      1.9692
      2.1080
      6.3553
      3.4145
      6.9234
      7.5563
      6.5439
      7.8968
      3.8694
      7.6018
      5.5877
      6.7408
      6.3498
      9.9134
      9.8940
      8.0642
      9.1371
      7.7305
     10.3170
      9.1761
      6.9917
      2.4408
      0.0100
      2.9645
      4.2506
      4.5455
      5.3281
      4.9402
      5.1472
      4.4322
      4.7680
      2.0322
      0.0100
      0.8172
      1.9652
      4.0180
      1.9793
      5.3433
      2.3251
      5.3422
      6.2630
      6.1791
     10.2290
      6.3624
      6.9320
      5.0122
      1.2437
      3.0465
      3.1125
      5.0684
      4.4195
      5.5125
      3.7256
      5.0125
      5.0293
      5.5441
      3.9940
      1.2890
      4.9443
      5.5391
      7.9133
      8.1876
      6.0527
      4.6637
      7.7144
      6.8824
      7.9864
     10.2372
      6.9259
      4.3500
      4.3910
      3.7414
      5.8533
      1.7472
      1.7213
      3.7381
      5.3403
      4.2099
      5.5334
      2.7275
      6.1852
      5.6020
      4.5237
      0.0100
      0.0100
      1.2684
      0.0100
      1.9777
      4.9455
      4.9806
      6.9397
      8.2272
      7.9024
      6.9232
      9.2855
      7.5626
      2.1650
      5.2021
      5.1982
      2.6510
      2.0298
      5.3343
      1.1986
      0.0100
      6.1399
      2.0427
      4.2086
      3.4501
      5.1924
      3.7967
      0.7726
      4.5985
      6.1764
      4.0636
      4.9053
      4.6901
      6.3520
      6.0566
      4.7017
      5.5336
      4.3436
      5.2999
      4.3157
      2.3487
      5.0159
      4.6790
      4.3183
      6.1672
      4.2524
      5.5543
      5.7209
      6.2661
      5.9379
      2.6359
      1.9126
      1.9099
      3.1011
      0.8224
      1.9983
      5.2743
      3.9810
      8.4612
      9.0599
      7.5781
     11.4433
      9.9416
      7.7097
      6.9426
      3.0651
      7.0057
      6.4446
      5.5404
      1.9841
      2.7448
      4.9732
      5.3429
      5.3982
      7.7389
      2.7403
      1.9471
      2.7451
      2.1419
      0.0100
      4.2545
      3.0938
      4.8433
      4.7489
      6.0859
      9.7765
      4.0635
      3.4084
      3.4527
      6.9381
      2.7257
      4.5850
      4.2119
      0.7657
      5.6071
      4.9957
      5.3377
      6.8881
      9.0152
      6.8134
      1.9743
      0.0444
      0.0100
      0.6076
      3.9524
      2.1561
      3.4757
      1.9323
      5.5334
      9.1339
      9.8745
      7.0823
      8.2972
      5.7497
      8.1814
      5.6103
      4.9485
      5.5376
      6.2560
      0.0100
      1.2893
      0.0100
      4.7433
      3.1480
      5.5221
      5.3401
      3.2663
      2.7403
      4.4438
      4.7175
      4.6581
      5.5344
      0.0100
      0.0100
      2.7306
      7.9257
      6.8772
      6.9256
     10.0594
      4.6580
      3.4503
      3.4668
      2.7453
      1.3800
      0.0100
      4.4070
      4.8257
      6.5136
     10.2143
      4.3267
      6.4792
      2.3887
      1.1565
      1.9877
      3.0444
      0.2379
      0.0100
      3.8058
      8.9239
      4.6929
      5.2037
      5.3312
      3.4024
      6.4305
      8.2879
      5.5728
      7.6306
      8.1420
      3.4390
      0.0100
      5.3459
      2.2870
      4.3588
      2.7400
      3.4626
      6.2383
      5.3705
      5.5336
      2.7432
      4.9997
      5.5351
      3.7406
      0.3212
      2.0769
      4.4647
      1.9795
      5.6828
      7.6729
      5.3399
      4.1609
      3.4541
      1.9798
      0.0100
      3.3069
      0.0100
      4.2149
      2.8729
      6.8067
      7.7218
      5.6437
      4.0641
      3.0530
      4.7358
      6.7565
      0.8091
      0.7790
      0.0100
      5.5379
      4.2097
      4.9468
      4.9345
      4.2926
      4.9330
      5.1920
      5.0713
      5.0001
      4.6702
      4.9152
      4.4267
      0.0100
      1.4635
      2.2664
      1.9793
      3.1414
      4.9462
      6.2877
      2.0258
      2.2215
      3.8125
      4.3757
      7.5565
      4.7361
      1.6811
      2.2264
      1.7494
      4.4861
      5.5717
      5.1155
      3.0616
      3.4638
      0.6382
      0.7143
      2.3512
      4.0520
      4.2128
      3.9946
      5.3978
      4.8331
      7.8219
      4.7656
      4.2326
      5.5459
      4.9386
      3.7125
      1.9878
      0.0784
      3.3923
      1.1082
      5.0624
      6.0526
      5.6650
      6.0518
      1.4433
      5.5654
      5.5444
      6.2564
      9.2175
      7.7786
      5.6619
      0.6944
      4.6656
      3.4663
      0.7581
      1.2794
      5.6916
      8.0834
      1.9296
      1.7523
      3.1557
      6.2145
      8.6934
      4.9479
      3.7029
      3.9839
      6.0541
      5.5369
      4.6655
      0.0100
      0.0100
      0.0100
      0.0100
      0.0100
      0.0100
      0.0100
      0.0100
      0.0301
      6.3592
      5.1949
      1.9764
      6.9436
      5.5841
      4.1749
      3.9936
      3.7389
      3.4705
      3.9960
      5.7237
      6.0745
      5.7063
      5.7796
      5.3466
      6.2647
      1.9811
      5.8398
      1.9788
      4.9393
      5.5386
      4.2156
      5.5715
      0.0100
      0.0100
      4.9197
      7.5937
      5.7874
      5.5181
      1.9806
      5.6293
      1.9781
      4.4417
      3.1291
      5.5401
      5.5342
      4.0097
      3.7871
      2.4809
      3.1683
      3.0766
      4.2497
      1.3226
      0.0100
      2.0807
      0.0100
      0.0100
      0.0100
      0.0100
      3.3394
      1.8299
      5.1964
      7.7933
      5.7570
      4.2882
      3.4549
      3.7627
      1.7229
      3.4383
      5.6506
      0.8997
      5.0566
      6.3282
      6.3759
      5.0048
      3.0723
      4.2514
      5.0041
      3.0334
      4.6615
      5.0924
      4.7405
      6.5576
      1.9748
      0.0100
      1.9717
      2.2174
      5.0213
      8.1775
      5.0071
      3.3799
      5.8116
      5.5364
      3.8550
      4.3302
      4.9460
      3.1321
      5.0050
      3.1188
      4.4588
      3.7397
      1.5569
      1.2236
      0.0100
      0.0100
      0.0100
      0.0100
      2.0232
      0.7621
      0.1670
      0.3744
      6.9397
      4.2091
      3.7351
      3.1276
      4.2503
      5.0081
      1.9566
      6.9610
      8.9946
      0.5440
      7.5589
      6.9437
      4.2913
      5.5547
      6.3537
      6.1498
      0.0100
      4.0734
      4.9383
      3.9140
      4.7571
      3.7651
      0.0100
      0.0100
      6.9190
      3.9847
      6.8655
      4.9385
      5.3428
      4.3760
      6.2639
      5.2776
      5.8394
      4.7575
      6.3551
      5.5374
      5.3415
      4.4353
      6.9211
      3.4724
      5.5887
      4.2093
      4.0248
      0.0100
      0.0100
      0.0497
      0.0982
      0.0100
      1.9890
      3.0780
      4.9553
      4.4469
      4.0238
      3.1328
      5.3431
      4.9771
      3.4620
      1.4485
      5.0388
      7.6670
      7.9101
      7.5567
      7.9260
      5.5167
      6.4927
      0.3060
      0.6528
      5.1383
      6.9767
      5.0045
      5.5476
      7.5565
      0.4958
      4.0164
      1.1613
      4.8146
      4.9356
      8.4391
      4.3281
      8.3438
      9.1155
      4.9593
      5.5421
      4.1761
      4.7566
      1.3110
      1.9755
      4.3217
      3.6465
      4.0296
      2.7444
      2.1666
      1.9803
      0.0100
      1.9320
      0.0100
      0.7121
      0.2725
      1.8227
      0.7585
      0.0100
      2.0808
      4.7462
      2.2085
      4.4657
      3.0516
      2.9252
      5.9144
      4.8150
      7.6947
      9.1129
      9.1311
      5.3339
      6.0559
      5.0105
      3.1178
      2.2641
      1.9777
      5.5287
      5.5376
      4.9388
      5.0039
      1.9261
      4.7468
      4.3240
      6.9622
      4.6418
      5.0093
      4.7661
      5.5546
      5.7341
      4.3191
      5.6023
      5.5898
      3.3064
      3.8532
      5.2290
      1.2744
      2.7366
      2.6211
      2.5322
      0.8234
      1.5176
      5.0083
      2.1296
      1.9788
      2.0034
      3.0217
      3.7382
      2.0404
      1.8789
      4.5268
      2.7400
      0.9930
      4.7159
      5.0071
      5.5699
      5.5169
      5.5538
      6.0559
      6.9822
      6.9673
      4.2213
      1.9714
      0.7258
      2.3334
      3.7470
      0.0100
      5.0079
      4.2201
      5.5302
      1.4050
      6.9349
      5.5384
      9.8227
      9.9252
      7.2290
      6.1689
      9.3082
      6.9429
     10.2257
      6.7665
      2.7472
      4.9544
      4.1436
      2.7094
      4.4812
      2.0118
      0.0100
      4.9411
      1.2587
      0.7695
      0.0100
      2.8684
      6.4564
      2.7259
      3.7409
      6.2463
      9.9129
      4.0376
      6.5053
      2.7393
      0.8173
      3.9985
      4.7554
      4.4873
      2.0394
      3.8813
      2.1796
      6.0563
      8.8119
      4.7480
      1.3273
      0.0100
      0.0100
      2.3586
      3.8017
      3.5323
      3.8024
      6.0538
      4.9382
      4.2511
     10.3861
      4.9370
      9.1813
     10.0570
      6.2529
      6.6772
      9.1372
      3.7407
      7.5561
      4.9553
      5.2065
      6.2908
      2.0078
      0.0100
      1.7917
      0.0100
      0.0100
      1.1146
      1.9672
      0.0100
      0.6610
      0.0100
      1.9778
      1.6079
      5.3377
      5.5406
      7.6090
      7.7382
      4.7730
      4.7706
      0.0100
      0.7681
      2.7264
      4.2449
      4.7664
      4.9405
      9.8988
      7.8810
      7.1644
      2.7103
      0.0100
      0.6760
      2.7405
      0.0100
      0.0100
      1.9796
      0.7992
      4.7712
      1.9121
      5.5340
      9.6858
      9.8706
      6.9205
     16.8504
      7.7002
      9.8856
      7.9288
      9.3121
      7.7308
      1.9611
      4.2304
      3.1559
      5.0150
      2.7276
      2.3478
      0.0100
      1.4277
      1.9299
      1.8841
      1.7125
      0.0100
      1.8340
      0.0100
      3.4401
      4.5556
      5.5252
      4.9703
      4.6483
      1.9935
      2.7248
      0.7708
      2.7319
      5.1967
      4.9767
      4.6907
      4.7269
      6.5796
      8.4529
      4.4895
      3.4460
      0.0100
      0.1946
      0.0100
      0.0036
      0.0100
      0.3072
      2.7255
      4.7585
      1.9830
      1.9296
      6.5679
      5.5932
      8.6420
     10.2898
      6.2279
      5.8537
      6.3589
     12.7068
      9.9448
      6.9639
      2.2550
      1.6482
      6.9660
      3.8318
      1.6747
      1.9775
      3.8680
      2.0394
      5.5509
      2.0386
      1.2243
      2.2610
      0.7339
      2.7279
      3.1275
      0.0100
      3.0674
      8.2565
      4.7737
      6.9338
      2.7388
      3.4702
      3.7389
      6.3746
      9.5119
      6.9316
      8.0519
      3.0673
      4.0314
      5.5830
      1.1952
      0.0100
      0.0100
      0.0100
      1.1316
      0.0100
      2.3701
      0.0100
      1.9749
      0.0100
      6.6052
      8.0698
      7.7151
      9.8998
      8.1627
     10.1050
     10.2350
     14.1558
     10.1655
      9.1390
      3.1093
      6.0527
      6.8929
      3.7737
      5.4077
      1.9792
      2.3844
      6.0553
      6.9765
      4.6579
      1.9745
      1.5654
      0.0100
      1.4683
      1.9805
      3.0653
      1.9815
      5.5927
      7.7044
     10.5600
      6.9785
      3.7500
      4.7573
     10.2176
      9.2951
      9.8395
      5.1956
      5.3744
      4.4351
      1.8005
      0.0100
      1.1783
      2.7353
      0.5391
      0.0100
      2.1683
      0.0100
      3.0619
      4.7582
      0.8082
      5.5458
      7.2768
      8.8529
     14.2360
     10.2223
      9.9763
      9.9618
      9.3343
      9.8649
      6.9981
      7.7318
      5.3005
      2.1348
      2.2040
      4.7507
      2.1746
      4.0634
      3.2288
      6.0671
      1.9812
      2.7407
      1.9662
      4.4329
      2.2740
      2.7281
      4.7737
      2.7442
      7.8535
      8.1873
      6.0516
      8.6042
      5.5538
      8.1424
      6.7133
      8.1257
      4.9352
      4.0358
      4.6596
      5.0479
      5.7511
      2.7266
      4.2499
      1.5390
      3.7377
      4.2474
      3.1061
      3.2319
      4.7668
      0.0100
      1.7158
      5.3416
      9.5862
      5.8389
     11.3908
      8.5077
      8.3914
      9.9110
      5.3388
      2.8571
      4.0379
      6.9571
      4.9831
      4.9426
      2.1744
      1.1660
      3.7559
      3.2771
      0.0100
      4.4668
      4.0634
      6.9265
      3.4511
      5.8027
      6.4223
      5.7094
      5.3519
      3.9878
      6.1844
      6.3653
      2.7256
      5.0074
      5.8484
      5.5326
      3.8056
      4.9283
      4.2088
      3.4449
      5.1429
      4.7417
      2.8200
      5.0309
      5.1932
      1.1795
      4.7678
      3.0093
      3.4430
      1.9852
      4.9411
      0.2582
      0.0100
      5.8202
     11.1848
      6.0525
      9.8752
      8.1368
      6.0826
      4.9320
      6.2281
      6.3673
      4.7313
      5.0046
      4.8714
      6.1229
      1.9815
      0.6865
      5.3415
      4.3197
      5.7459
      3.9980
      5.5518
      6.7519
      2.7070
      6.9413
      4.3561
      3.9892
      2.1653
      2.0091
      6.0545
      7.6896
      5.5349
      4.0404
      1.9774
      2.1529
      1.1609
      2.3897
      2.0995
      2.7405
      6.9054
      9.3435
      3.9864
      2.7056
      1.9735
      4.7296
      4.0640
      3.9666
      7.6259
      6.0886
      2.2085
      0.0100
      3.7476
      4.4337
      5.0130
      4.6458
      7.8050
      6.9004
      5.5474
      6.2316
      9.8386
      4.7516
      5.1183
      4.7680
      5.5330
      2.7476
      3.4672
      2.7313
      0.7706
      1.8066
      5.3343
      6.5623
      4.7739
      5.2001
      4.0634
      4.6573
      6.0542
      5.5265
      5.7770
      5.5339
      6.0607
      8.5757
      2.0171
      4.4369
      7.8143
      3.9581
      0.0100
      4.6470
      0.7554
      3.8420
      1.2351
      1.4737
      4.0006
      0.8426
      0.0100
      2.7092
      4.9299
      3.8009
      1.1469
      4.6606
      1.1759
      0.0100
      2.7129
      4.7532
      5.0091
      3.8039
      6.7753
      7.9636
      4.7032
      4.6459
      5.1920
      4.5663
      5.3815
      5.3357
      6.0533
      4.5198
      5.0225
      5.6579
      3.0244
      4.4911
      3.7397
      9.9110
      5.6879
      4.5836
      3.7408
      4.4624
      2.7236
      6.6060
      2.2641
      5.3401
      6.2229
      4.4924
      6.4833
      8.0777
      9.1926
      5.3534
      3.7179
      4.6649
      4.6406
      3.0408
      3.2039
      2.7448
      1.9844
      2.4308
      4.7518
      5.5503
      4.2508
      4.2155
      5.0046
      0.1060
      2.1991
      1.9898
      2.2628
      6.5365
      5.6811
      4.2457
      7.0565
      5.3372
      6.0771
     10.2231
      5.5381
      6.5079
      6.7343
      6.7487
      6.9699
      8.2067
      9.8015
      5.5422
      9.8365
      5.0047
      5.0130
      6.0480
      5.2028
      3.8858
      4.6119
      3.1024
      5.4460
      3.7472
      5.2378
      5.4575
      3.7380
      5.1613
      6.0563
      7.6396
      9.7875
      9.1384
      9.2579
      8.0009
      5.0063
      3.9772
      0.8065
      1.1613
      3.7378
      5.1987
      5.6903
      6.9278
      6.9219
      1.9817
      5.5331
      4.9407
      3.7304
      2.1741
      1.9781
      5.5746
      5.7565
      6.9031
      3.2331
      6.9383
      4.7546
      8.2624
      7.5264
      6.9970
      6.5323
      4.7471
      8.0635
      9.1381
     10.2012
      7.9907
      7.3955
      4.9735
      4.1015
      4.4292
      1.9775
      2.3677
      4.4807
      2.7810
      6.3902
      4.2495
      4.8132
      4.2174
      3.7944
      6.0949
      4.6479
      3.4911
      8.3971
      9.2015
      9.2103
      8.8164
      8.3377
      6.3564
      5.6598
      1.9794
      3.0925
      1.8086
      6.9490
     10.0312
      8.0016
      3.7383
      5.2575
      2.4475
      4.6605
      6.3783
      3.6933
      1.3325
      3.5320
      7.5712
      5.6374
      6.5277
      4.6438
      5.7137
      7.7720
      6.8323
      6.9378
      6.9963
      5.5451
      7.7125
      9.6485
      5.2709
      6.3770
      7.8175
      6.9088
      3.2906
      3.8018
      3.2371
      0.0140
      3.7484
      4.4249
      2.7302
      2.5249
      4.0515
      3.6324
      8.3416
      5.4992
      6.3590
      6.3586
      5.7773
      9.1385
     10.2353
      5.7206
      6.9390
      5.8497
      6.3578
      2.1454
      6.7451
      5.5496
     15.8437
      8.0938
      7.0098
      3.4721
      2.0017
      4.5430
      4.4943
      4.6569
      6.9698
      6.3665
      4.9888
      6.8738
      6.2254
      5.3436
      4.9405
      7.5568
      6.0538
      3.0756
      9.6692
      6.6768
      5.2024
      6.9386
      6.3559
     10.2213
      5.0160
      9.9878
      5.9164
      5.5400
      1.9833
      0.0100
      2.0047
      2.7273
      0.0100
      4.0074
      3.3081
      0.7279
      4.7737
      0.7662
      7.9466
      7.5565
      8.4411
      8.1120
      6.6838
      4.9596
      7.4051
      8.5178
      5.3758
      7.5672
      4.0081
      9.2335
     13.0625
      6.9528
      5.3484
      5.5812
      0.0100
      0.1932
      1.9761
      0.0100
      5.3341
      4.8949
      4.6488
      6.2347
      6.3945
      2.1661
      4.6753
      3.0880
      5.0070
      4.4305
      2.3192
      9.3096
      7.8488
      7.4878
      9.1355
      7.7509
      6.9389
      6.9278
      6.6305
      1.9990
      4.0337
      0.0100
      4.4419
      2.2736
      4.3995
      5.7664
      6.2036
      5.7028
      5.8224
      4.2134
      4.9661
      9.8735
      7.5579
      9.1386
      9.8339
      9.0245
      9.1371
     15.5392
      9.2050
      9.3441
      7.8969
      6.9318
      7.3644
      1.9383
      3.0150
      6.0522
      1.3120
      2.2727
      1.7404
      0.0100
      5.0104
      7.8850
      4.4321
      6.3544
      6.4886
      5.5415
      4.9386
      5.0062
      0.5017
      3.9635
      4.4419
      5.5377
      6.4264
      8.8828
     13.7359
      6.5525
      6.9427
      7.9181
      8.0037
      4.4777
      2.3131
      0.0100
      0.7058
      0.2419
      3.8006
      2.7282
      7.9395
      4.6821
      9.9312
      8.3869
      7.4987
      4.7706
      7.6362
      9.9572
      9.3566
      9.9345
      9.2119
     12.5815
     10.5045
      6.7926
      5.7726
      6.4790
      2.7336
      1.7625
      3.8104
      6.0554
      0.0100
      1.6512
      0.0100
      4.2315
      2.5823
      4.3740
      5.7339
      5.8595
      4.8699
      5.8211
      2.1622
      3.2936
      1.1411
      3.8011
      6.4301
      4.9069
      8.3063
      7.7935
     12.6133
      9.9831
      8.5771
      3.4162
      5.4161
      5.6713
      6.5844
      4.0546
      3.7393
      1.8712
      1.7850
      1.9600
      6.1880
      6.3539
      9.1359
     15.1952
     16.2064
      7.6653
      7.5888
      7.5567
      9.1398
      9.9412
      8.1237
     10.0813
      9.9294
      9.0181
      6.9084
      5.7848
      6.0523
      3.9112
      4.5976
      3.3399
      3.3907
      2.7502
      0.7311
      2.4478
      4.9856
      4.6554
      5.5326
      3.8414
      3.4095
      4.2413
      5.1912
      3.1290
      3.7384
      5.3373
      1.9779
      6.9335
      9.9993
      5.8816
      6.2036
      8.0599
      7.0829
      4.7523
      4.5538
      3.5436
      1.9928
      2.1545
      4.4577
      3.0848
      3.4876
      1.9961
      3.9646
      4.9526
      5.6122
      7.7659
      5.8685
      7.8866
      5.3378
      9.1371
      9.4525
      8.6064
      3.7413
      7.5583
      7.8195
      4.6599
      4.9363
      4.9874
      3.0904
      2.0075
      2.3272
      2.3519
      1.9815
      4.7676
      0.0100
      1.6483
      5.6828
      3.7201
      4.0677
      3.7426
      2.7476
      1.1351
      3.0640
      3.7378
      5.2317
      3.1398
      6.1290
      9.8770
      6.4253
      4.1737
      8.8607
      5.8288
      5.0046
      4.7224
      3.1486
      2.2977
      4.9475
      2.1555
      2.8804
      2.8403
      3.9864
      3.0217
      3.0380
      4.0953
      7.5565
      5.5260
      5.5220
      7.1132
      4.7732
      6.9524
      6.4123
      3.2172
      6.3589
      5.8213
      4.0640
      5.6887
      4.0170
      4.5270
      4.4379
      5.5133
      3.7679
      6.8162
      2.2368
      4.8792
      1.9823
      0.0100
      3.7423
      2.7427
      1.9789
      1.1846
      3.8082
      4.0637
      3.7649
      6.9091
      6.3605
      6.9157
      8.0296
      5.5754
      6.3596
      5.5380
      7.8297
      6.1158
      8.7351
      3.7416
      1.9128
      3.4500
      4.0940
      5.0637
      3.4551
      4.6500
      0.0376
      0.0100
      3.7630
      7.2996
      4.9932
      4.5104
      3.0995
      3.4410
      5.0135
      7.5573
      4.6518
      5.5458
      6.3546
      6.9850
      4.2388
      4.0632
      1.9595
      3.1069
      3.7416
      4.9296
      4.3289
      2.0180
      5.5539
      8.1218
      5.0093
      2.5965
      4.9291
      3.4512
      0.0100
      2.0634
      0.0100
      1.9785
      4.9450
      6.5810
      2.6804
      4.7963
      4.6317
      4.7740
      5.7546
      6.2194
      6.9521
      4.9303
      6.9429
      2.0309
      3.0632
      7.7068
      6.8996
      4.5487
      3.7407
      3.7740
      0.0100
      2.1978
      4.7740
      5.5279
      5.0062
      2.0042
      0.0100
      3.4392
      3.9899
      4.0636
      6.2786
      6.8971
      6.3594
      3.7388
      5.3317
      1.8551
      0.0100
      0.0100
      0.6253
      4.0110
      3.9263
      4.7191
      7.0834
      7.6750
      7.8283
      6.3259
      5.5498
      4.2544
      4.9549
      0.0100
      2.7276
      4.5443
      4.4681
      4.9380
      3.8080
      3.2974
      2.7285
      5.6429
      5.5327
      5.5508
      3.8043
      5.5953
      6.4101
      7.9926
      5.3429
      7.4096
      6.6246
      5.6649
      4.6878
      4.8786
      4.9478
      0.1804
      4.0147
      6.9425
      3.4854
      1.4173
      6.9376
      3.0389
      1.9910
      4.6575
      5.4740
      6.0542
      4.3593
      5.8267
      1.9783
      0.0100
      0.0100
      0.0100
      0.5219
      1.9744
      2.7055
      3.8451
      9.7870
      9.7403
      6.2528
      7.5588
      3.0880
      5.5572
      3.0635
      0.0100
      2.3835
      4.2428
      2.7258
      3.0209
      5.0113
      3.1251
      2.0085
      1.9103
      2.0011
      4.8218
      5.2017
      7.9827
      7.7101
      5.4898
      6.0322
      6.0535
      2.3707
      2.7281
      2.3566
      5.6190
      2.3619
      0.9566
      2.7468
      2.0030
      5.8442
      3.4577
      4.6745
      1.1925
      3.1598
      1.9327
      0.0100
      2.1563
      4.9524
      1.9772
      0.0100
      1.0819
      4.0021
      1.1683
      0.0100
      0.0999
      3.1019
      3.7406
      7.8001
      5.2754
      8.5011
      5.5353
      3.4771
      1.3798
      3.2772
      6.3654
      4.2521
      0.1159
      3.0354
      5.1192
      5.3329
      5.4842
      2.7412
      3.0267
      7.7093
      1.9787
      4.4703
      6.4159
      4.3151
      6.8619
      7.5568
      5.3281
      4.9459
      3.1146
      5.0117
      3.3226
      1.6498
      0.0100
      2.0740
      4.0197
      3.8080
      5.5452
      4.2486
      0.8259
      0.0100
      0.0100
      1.2503
      4.3298
      4.7655
      4.0361
      0.5722
      2.7357
      3.0533
      0.3588
      0.7877
      1.8993
      3.8807
      5.8318
      5.0098
      4.7685
      6.2672
      5.8428
      3.9224
      2.0525
      3.9907
      3.8076
      4.1969
      3.7412
      0.7477
      2.0518
      4.5679
      0.0100
      4.1113
      5.6327
      3.0287
      6.5904
      4.2220
      3.7316
      4.9896
      6.2815
      5.0066
      5.3506
      4.2151
      1.1307
      4.0638
      3.1312
      0.7029
      3.1682
      4.6434
      3.8016
      3.0802
      2.7346
      5.5551
      5.5357
      2.7412
      3.4399
      0.7927
      5.1929
      2.3640
      2.0104
      0.0100
      0.7591
      1.9773
      2.1627
      0.1239
      0.7404
      4.4554
      4.7680
      5.8132
      4.0690
      6.0212
      6.5192
      4.3241
      3.1317
      0.0100
      3.7498
      3.9969
      2.3393
      3.7406
      2.3819
      3.2317
      1.9743
      4.4898
      4.9396
      4.4580
      5.0045
      4.5464
      1.4402
      0.0100
      5.3428
      4.9780
      1.9559
      3.3995
      5.7422
      4.1196
      3.7021
      1.1556
      4.6530
      0.8111
      0.0100
      3.2028
      1.9687
      2.7441
      4.0798
      2.8544
      4.9544
      4.4418
      4.9322
      0.6120
      4.4750
      0.6123
      5.5517
      3.4384
      0.7900
      2.1850
      2.1823
      5.2577
      3.8023
      6.2128
      6.8814
      8.7573
      5.3464
      3.7325
      4.6549
      7.9282
      3.7377
      6.4752
      3.2307
      7.5586
      5.7030
      3.0655
      5.9816
      1.1428
      5.7700
      4.6579
      4.7342
      4.0242
      0.0100
      0.5569
      3.3021
      4.9402
      3.9778
      7.5920
      4.7276
      5.5311
      1.6482
      2.2907
      3.7808
      3.0737
      0.6121
      4.2286
      1.9750
      4.6777
      2.2841
      3.9867
      4.9390
      1.9978
      4.9250
      0.6861
      3.4687
      3.8261
      4.2185
      4.2510
      0.0100
      0.9938
      1.2643
      7.6342
      3.2711
      6.9546
      4.7615
      7.3789
      9.1382
      6.0523
      5.0403
      8.2584
      4.9672
      3.9078
      4.4571
      3.2694
      4.2259
      0.2849
      5.0142
      5.5737
      8.4126
      2.7265
      5.6205
      5.3666
      1.2855
      0.0100
      5.0165
      4.2456
      5.5370
      6.2260
      3.1374
      7.5560
      4.9813
      4.0142
      2.1107
      4.2249
      1.9001
      3.2402
      4.7730
      6.9278
      6.1587
      2.7461
      6.2285
      6.3593
      4.9048
      5.9804
      2.7454
      0.0100
      2.0676
      0.0100
      2.7373
      2.1816
      3.0427
      6.9431
      8.2347
      5.0074
      4.9926
      8.5636
      9.9322
      3.7154
      5.9473
     10.0566
      4.9467
      6.9277
      4.8025
      2.7404
      4.1004
      4.2170
      6.2478
      8.1588
      6.3578
      6.3563
      5.7394
      4.2057
      0.7535
      4.0641
      4.2305
      4.4251
      4.7826
      0.0100
      5.1084
      5.6902
      2.7371
      1.9817
      2.2801
      5.0041
      5.0218
      5.2894
      4.7321
      6.0543
      6.9423
      4.9445
      2.5395
      3.0896
      3.9978
      3.9869
      1.9746
      2.0307
      2.7275
      4.6541
      2.7256
      7.8156
      3.8005
      6.3408
      7.9285
      6.2760
      7.2100
      6.9691
      9.2792
      7.8419
      4.2504
      8.3428
     10.2225
      8.1823
      5.2936
      5.0958
      2.3864
      2.2001
      5.5454
      9.3189
      6.5380
      7.6635
      4.4514
      4.4278
      1.9809
      5.8421
      6.0525
      6.8989
      6.3685
      6.2775
      2.1282
      4.3241
      1.9488
      1.2122
      4.4578
      3.4194
      4.6984
      4.7652
      2.1585
      1.5538
      7.0317
      5.0240
      7.6838
      1.9787
      3.2736
      3.6991
      3.0104
      0.0100
      1.2126
      0.0100
      2.2005
      4.7077
      7.2359
      3.4543
      4.9777
      5.2660
      9.1378
      9.1347
      9.7980
      5.0151
      9.2722
     10.9213
      7.5916
      5.5326
      6.8929
      4.0857
      4.3966
      4.0139
      6.1938
      3.9327
      4.7417
      3.1531
      4.2089
      1.8764
      0.0100
      2.1483
      4.4334
      5.7784
      2.7247
      4.2897
      2.7197
      2.3857
      6.9508
      3.6669
      2.7258
      3.0323
      5.2774
      4.0638
      4.2031
      4.0127
      3.8037
      2.7283
      5.8311
      4.6372
      5.3344
      1.9757
      4.0638
      0.0100
      2.7299
      3.7398
      2.1654
      3.7399
      5.3431
      6.5340
      7.8194
      9.9509
      6.0515
      6.2339
      6.9832
      4.8519
      5.0075
     10.0571
     10.1590
     10.4078
      6.9280
     10.2246
      6.4903
      5.2049
      6.9940
      6.8599
      4.9312
      4.0679
      0.7858
      1.9998
      0.0100
      1.9500
      3.4122
      1.9881
      2.3605
      1.9816
      0.0100
      4.9298
      0.8001
      1.9769
      3.4457
      4.6463
      2.7305
      3.8051
      3.4402
      1.6766
      1.2580
      2.6132
      2.1889
      4.4278
      1.9656
      4.8023
      2.6247
      4.9491
      4.4878
      6.2679
      6.3234
      7.5589
      9.3093
      9.3119
      9.1383
     15.9818
      8.2468
      7.7131
      9.7798
      4.2387
      4.8307
      8.1673
      6.3722
      9.9188
      8.6935
      5.1459
      7.5880
      5.0469
      4.8606
      7.5573
      4.9649
      6.9648
      2.1772
      0.7574
      2.4826
      1.9519
      0.0100
      0.0100
      0.0100
      1.3888
      3.6858
      4.7175
      2.2136
      3.7512
      1.7732
      0.0100
      1.3018
      0.0342
      3.9914
      1.1591
      0.0100
      0.0052
      1.2139
      3.9907
      0.7142
      3.1963
      5.1905
      3.4513
      5.5337
      5.5324
      6.0550
      4.2180
      5.7325
      6.8146
      9.8785
      7.0686
      9.9201
     12.1614
     16.3138
      6.4287
      5.0047
      5.3804
      4.2111
      7.9815
      5.3525
      9.8712
      9.8631
      5.7475
      8.1300
      5.5335
      7.5962
      5.0044
      3.0773
      1.9335
      3.6995
      0.0100
      0.0100
      0.0100
      0.0100
      1.9093
      1.9773
      4.0633
      4.3966
      4.0638
      4.0444
      0.0100
      4.0797
      0.3462
      0.3936
      2.7255
      0.0100
      0.0100
      0.0100
      1.2679
      1.7705
      3.0370
      3.0937
      5.3479
      2.0018
      4.9374
      6.4093
      7.3084
      7.7330
      8.0475
      6.8886
      7.6885
      9.9229
     10.4027
     10.3705
      2.1346
      4.2608
      1.9802
      4.0636
      5.4765
      9.1352
      7.6956
      6.3117
      4.7700
      4.4602
      6.5486
      3.6925
      5.3345
      0.0100
      1.9978
      1.9804
      1.9266
      0.0100
      0.0100
      0.0100
      0.0100
      1.9830
      3.1207
      4.7102
      4.4656
      1.6033
      3.4461
      1.7372
      0.6734
      5.5183
      4.7506
      1.9645
      0.0100
      0.0100
      2.5993
      0.0100
      2.3779
      0.0100
      0.7481
      3.7331
      6.8050
      6.0986
      4.2561
      4.6600
      6.9253
      5.7248
      6.0399
     15.1068
     17.8892
     17.9362
