This is TeX, Version 3.14159 (Web2C 7.2) (format=latex 1999.9.7)  6 JAN 2000 11:33
**yap.tex
(yap.tex
LaTeX2e <1999/06/01> patch level 1
Babel <v3.6z> and hyphenation patterns for english, british, catalan, danish, s
panish, french, german, italian, dutch, norsk, portuges, russian, finnish, baha
sa, croatian, loaded.
(/usr/pubsw/lib/texmf/tex/latex/base/latex209.def
File: latex209.def 1998/05/13 v0.52 Standard LaTeX file


          Entering LaTeX 2.09 COMPATIBILITY MODE
 *************************************************************
    !!WARNING!!    !!WARNING!!    !!WARNING!!    !!WARNING!!   
 
 This mode attempts to provide an emulation of the LaTeX 2.09
 author environment so that OLD documents can be successfully
 processed. It should NOT be used for NEW documents!
 
 New documents should use Standard LaTeX conventions and start
 with the \documentclass command.
 
 Compatibility mode is UNLIKELY TO WORK with LaTeX 2.09 style
 files that change any internal macros, especially not with
 those that change the FONT SELECTION or OUTPUT ROUTINES.
 
 Therefore such style files MUST BE UPDATED to use
          Current Standard LaTeX: LaTeX2e.
 If you suspect that you may be using such a style file, which
 is probably very, very old by now, then you should attempt to
 get it updated by sending a copy of this error message to the
 author of that file.
 *************************************************************

\footheight=\dimen102
\@maxsep=\dimen103
\@dblmaxsep=\dimen104
\@cla=\count79
\@clb=\count80
\mscount=\count81
(/usr/pubsw/lib/texmf/tex/latex/base/tracefnt.sty
Package: tracefnt 1997/05/29 v3.0j Standard LaTeX package (font tracing)
\tracingfonts=\count82
LaTeX Info: Redefining \selectfont on input line 92.
)
\symbold=\mathgroup4
\symsans=\mathgroup5
\symtypewriter=\mathgroup6
\symitalic=\mathgroup7
\symsmallcaps=\mathgroup8
\symslanted=\mathgroup9
LaTeX Font Info:    Redeclaring math alphabet \mathbf on input line 284.
LaTeX Font Info:    Redeclaring math alphabet \mathsf on input line 285.
LaTeX Font Info:    Redeclaring math alphabet \mathtt on input line 286.
LaTeX Font Info:    Redeclaring math alphabet \mathit on input line 292.
LaTeX Info: Redefining \em on input line 302.

(/usr/pubsw/lib/texmf/tex/latex/base/latexsym.sty
Package: latexsym 1998/08/17 v2.2e Standard LaTeX package (lasy symbols)
\symlasy=\mathgroup10
LaTeX Font Info:    Overwriting symbol font `lasy' in version `bold'
(Font)                  U/lasy/m/n --> U/lasy/b/n on input line 38.
)
LaTeX Font Info:    Redeclaring math delimiter \lgroup on input line 366.
LaTeX Font Info:    Redeclaring math delimiter \rgroup on input line 368.
LaTeX Font Info:    Redeclaring math delimiter \bracevert on input line 370.
)
(/usr/pubsw/lib/texmf/tex/latex/base/report.cls
Document Class: report 1999/01/07 v1.4a Standard LaTeX document class
(/usr/pubsw/lib/texmf/tex/latex/base/size12.clo
File: size12.clo 1999/01/07 v1.4a Standard LaTeX file (size option)
)
\c@part=\count83
\c@chapter=\count84
\c@section=\count85
\c@subsection=\count86
\c@subsubsection=\count87
\c@paragraph=\count88
\c@subparagraph=\count89
\c@figure=\count90
\c@table=\count91
\abovecaptionskip=\skip41
\belowcaptionskip=\skip42
Compatibility mode: definition of \rm ignored.
Compatibility mode: definition of \sf ignored.
Compatibility mode: definition of \tt ignored.
Compatibility mode: definition of \bf ignored.
Compatibility mode: definition of \it ignored.
Compatibility mode: definition of \sl ignored.
Compatibility mode: definition of \sc ignored.
LaTeX Info: Redefining \cal on input line 575.
LaTeX Info: Redefining \mit on input line 576.
\bibindent=\dimen105
)
(/usr/pubsw/lib/site-texmf/tex/latex209/local/suthesis.sty
Document Style Option `suthesis' <$Date: 95/01/10 $>.
)
No file yap.aux.
\openout1 = `yap.aux'.

LaTeX Font Info:    Checking defaults for OML/cmm/m/it on input line 7.
LaTeX Font Info:    ... okay on input line 7.
LaTeX Font Info:    Checking defaults for T1/cmr/m/n on input line 7.
LaTeX Font Info:    ... okay on input line 7.
LaTeX Font Info:    Checking defaults for OT1/cmr/m/n on input line 7.
LaTeX Font Info:    ... okay on input line 7.
LaTeX Font Info:    Checking defaults for OMS/cmsy/m/n on input line 7.
LaTeX Font Info:    ... okay on input line 7.
LaTeX Font Info:    Checking defaults for OMX/cmex/m/n on input line 7.
LaTeX Font Info:    ... okay on input line 7.
LaTeX Font Info:    Checking defaults for U/cmr/m/n on input line 7.
LaTeX Font Info:    ... okay on input line 7.
LaTeX Font Info:    External font `cmex10' loaded for size
(Font)              <20.74> on input line 12.
LaTeX Font Info:    External font `cmex10' loaded for size
(Font)              <14.4> on input line 12.
LaTeX Font Info:    External font `cmex10' loaded for size
(Font)              <12> on input line 12.
LaTeX Font Info:    Try loading font information for U+lasy on input line 12.
(/usr/pubsw/lib/texmf/tex/latex/base/ulasy.fd
File: ulasy.fd 1998/08/17 v2.2eLaTeX symbol font definitions
) [1

]
No file yap.toc.
\tf@toc=\write3
\openout3 = `yap.toc'.

[1


]
No file yap.lof.
\tf@lof=\write4
\openout4 = `yap.lof'.

[2

]
Chapter 1.

Overfull \hbox (1.17224pt too wide) in paragraph at lines 65--67
\OT1/cmr/m/n/12 A C com-piler and the Mo-tif li-brary are nec-es-sary to com-pi
le the pro-gram. A \OT1/cmr/m/it/12 README
 []

[3


]
LaTeX Font Info:    External font `cmex10' loaded for size
(Font)              <8> on input line 110.
LaTeX Font Info:    External font `cmex10' loaded for size
(Font)              <6> on input line 110.
 [4]
Underfull \hbox (badness 10000) in paragraph at lines 120--136

 []


Underfull \hbox (badness 10000) in paragraph at lines 120--136

 []


LaTeX Warning: Reference `gsl2bin' on page 5 undefined on input line 140.

[5]

LaTeX Warning: Reference `saving' on page 6 undefined on input line 177.

LaTeX Font Info:    Try loading font information for OMS+cmr on input line 185.

(/usr/pubsw/lib/texmf/tex/latex/base/omscmr.fd
File: omscmr.fd 1999/05/25 v2.5h Standard LaTeX font definitions
)
LaTeX Font Info:    Font shape `OMS/cmr/m/n' in size <12> not available
(Font)              Font shape `OMS/cmsy/m/n' tried instead on input line 185.
 [6

] [7] [8]
Chapter 2.
[9


] [10

] [11

] [12

] [13] [14] [15] [16] [17]

LaTeX Warning: Reference `compilation' on page 18 undefined on input line 411.

[18

] [19

]
Chapter 3.

LaTeX Warning: Float too large for page by 28.94588pt on input line 453.


LaTeX Warning: `h' float specifier changed to `ht'.


LaTeX Warning: Float too large for page by 32.61256pt on input line 466.


LaTeX Warning: `h' float specifier changed to `ht'.


LaTeX Warning: Float too large for page by 52.61256pt on input line 477.


LaTeX Warning: `h' float specifier changed to `ht'.

[20


] [21] [22] [23] (yap.aux)

LaTeX Warning: There were undefined references.


LaTeX Warning: Label(s) may have changed. Rerun to get cross-references right.

 ) 
Here is how much of TeX's memory you used:
 486 strings out of 12024
 5450 string characters out of 120906
 51992 words of memory out of 524287
 3445 multiletter control sequences out of 10000+0
 18857 words of font info for 68 fonts, out of 200000 for 1000
 264 hyphenation exceptions out of 1000
 24i,5n,21p,169b,271s stack positions out of 450i,100n,500p,30000b,8192s

Output written on yap.dvi (24 pages, 19304 bytes).
