Variogram Volume: nx  21 ny  21nz   1
 6   21   21    1 -10.000000     -10.000000         0.00000000  1.00000      1.00000      1.00000       1
variogram
number of pairs
head mean
tail mean
head variance
tail variance
  -999.00000         0. -999.00000     -999.00000     -999.00000     -999.00000    
  -999.00000         0. -999.00000     -999.00000     -999.00000     -999.00000    
     0.00000 **********     0.00000000     0.00000000     0.00000000     0.00000000
     0.00000 **********     0.00000000     0.00000000     0.00000000     0.00000000
     0.00000 **********     0.00000000     0.00000000     0.00000000     0.00000000
     0.00000 ********** 0.34849523E-16 0.95573449E-17     0.00000000     0.00000000
     0.00000 **********     0.00000000     0.00000000     0.00000000     0.00000000
     0.00000 ********** 0.14836727E-24 0.29737254E-22     0.00000000     0.00000000
     0.00000 **********     0.00000000     0.00000000     0.00000000     0.00000000
     0.00000 ********** 0.53161645E-33 0.56143477E-30     0.00000000     0.00000000
     0.00000 ********** 0.57931188E-27 0.11611149E-24     0.00000000     0.00000000
     0.00000 ********** 0.21589328E-24 0.61747520E-24     0.00000000     0.00000000
  -999.00000         1. -999.00000     -999.00000     -999.00000     -999.00000    
     0.00000 ********** 0.13923823E-24 0.64969953E-22     0.00000000     0.00000000
     0.00000 ********** 0.45400311E-21 0.40726872E-21     0.00000000     0.00000000
     0.00000 **********     0.00000000     0.00000000     0.00000000     0.00000000
     0.00000 **********     0.00000000     0.00000000     0.00000000     0.00000000
     0.00000 **********     0.00000000     0.00000000     0.00000000     0.00000000
     0.00000 **********     0.00000000     0.00000000     0.00000000     0.00000000
     0.00000 **********     0.00000000     0.00000000     0.00000000     0.00000000
     0.00000 **********     0.00000000     0.00000000     0.00000000     0.00000000
     0.00000 **********     0.00000000     0.00000000     0.00000000     0.00000000
     0.00000 **********     0.00000000     0.00000000     0.00000000     0.00000000
     0.00000 ********** 0.52936989E-32 0.71623054E-32     0.00000000     0.00000000
     0.00000 ********** 0.14913992E-15 0.88814376E-16     0.00000000     0.00000000
     0.88716         8.  5.9036412      5.7906919         0.00000000     0.00000000
     0.00000 ********** 0.49521605E-08 0.86044025E-08     0.00000000     0.00000000
     0.00000 ********** 0.85942803E-29 0.14077489E-28     0.00000000     0.00000000
     0.00237     10282. 0.51658642E-02 0.81502711E-02     0.00000000     0.00000000
     0.00000 ********** 0.25800965E-29 0.28796980E-29     0.00000000     0.00000000
     0.00000 ********** 0.84045337E-19 0.16842955E-18     0.00000000     0.00000000
     0.00000 ********** 0.19189635E-18 0.33670271E-18     0.00000000     0.00000000
     0.00000 ********** 0.26927400E-23 0.45629048E-23     0.00000000     0.00000000
     1.28667        14.  3.8063831      5.4501095         0.00000000     0.00000000
     0.00000 ********** 0.34081899E-21 0.58155492E-21     0.00000000     0.00000000
     0.00000 ********** 0.15968737E-20 0.18385127E-20     0.00000000     0.00000000
     0.00000 ********** 0.43238827E-23 0.44139706E-23     0.00000000     0.00000000
     0.00000 ********** 0.12448656E-28 0.49338365E-28     0.00000000     0.00000000
     0.00000 **********     0.00000000     0.00000000     0.00000000     0.00000000
     0.00000 ********** 0.55860567E-19 0.60239389E-19     0.00000000     0.00000000
     0.00000 **********     0.00000000     0.00000000     0.00000000     0.00000000
     0.00000 **********     0.00000000     0.00000000     0.00000000     0.00000000
     0.00000 **********     0.00000000     0.00000000     0.00000000     0.00000000
     0.00000 **********     0.00000000     0.00000000     0.00000000     0.00000000
     0.00000 ********** 0.49675432E-21 0.16252003E-21     0.00000000     0.00000000
     0.00000 ********** 0.20047948E-15 0.13696393E-15     0.00000000     0.00000000
     0.01563       985. 0.11785676     0.11605804         0.00000000     0.00000000
     0.00000 ********** 0.33642934E-15 0.28482348E-15     0.00000000     0.00000000
     0.00000 ********** 0.22274901E-18 0.37639313E-18     0.00000000     0.00000000
     0.00000 ********** 0.26216598E-28 0.28384530E-28     0.00000000     0.00000000
     0.00000 ********** 0.45961360E-18 0.62741732E-18     0.00000000     0.00000000
     0.00000 231159504. 0.73610954E-06 0.80418687E-06     0.00000000     0.00000000
     0.00000 ********** 0.28390511E-20 0.31352593E-20     0.00000000     0.00000000
     0.00000 ********** 0.68552959E-23 0.86341504E-23     0.00000000     0.00000000
     0.00000 ********** 0.24729982E-32 0.44377876E-32     0.00000000     0.00000000
     0.00000 ********** 0.23089535E-26 0.25662575E-26     0.00000000     0.00000000
     0.86604        19.  4.1692734      5.6358476         0.00000000     0.00000000
     0.00000 ********** 0.31549111E-15 0.37211936E-15     0.00000000     0.00000000
     0.00000 ********** 0.99799425E-29 0.13441023E-28     0.00000000     0.00000000
     0.00000 ********** 0.28589483E-21 0.38491068E-21     0.00000000     0.00000000
     0.00000 **********     0.00000000     0.00000000     0.00000000     0.00000000
     0.00001       963. 0.52929409E-02 0.57547414E-02     0.00000000     0.00000000
     0.00000 **********     0.00000000     0.00000000     0.00000000     0.00000000
     0.00000 **********     0.00000000     0.00000000     0.00000000     0.00000000
     0.00000 ********** 0.10076432E-18 0.50757231E-19     0.00000000     0.00000000
     0.00000 ********** 0.16905898E-19 0.10289744E-19     0.00000000     0.00000000
     0.00000 ********** 0.50893249E-15 0.39092892E-15     0.00000000     0.00000000
     0.00000 ********** 0.19497171E-28 0.26517537E-28     0.00000000     0.00000000
     0.00000 ********** 0.80464019E-21 0.15350492E-20     0.00000000     0.00000000
     0.00000 ********** 0.60231946E-15 0.46325693E-15     0.00000000     0.00000000
     0.00000 ********** 0.26861381E-29 0.31545756E-29     0.00000000     0.00000000
     0.00000 ********** 0.82086556E-15 0.77960870E-15     0.00000000     0.00000000
     0.00000 ********** 0.24631183E-24 0.24059663E-24     0.00000000     0.00000000
     0.65479        62.  4.5074682      4.5090017         0.00000000     0.00000000
     0.00000 ********** 0.20175549E-26 0.31096473E-26     0.00000000     0.00000000
     0.00000 ********** 0.38250636E-25 0.46234620E-25     0.00000000     0.00000000
     0.00000 ********** 0.11512054E-24 0.14025025E-24     0.00000000     0.00000000
     0.44015        47.  2.6962702      3.0632703         0.00000000     0.00000000
     0.00002    816721. 0.12475556E-03 0.14523696E-03     0.00000000     0.00000000
     0.00000 ********** 0.28244900E-28 0.29475909E-28     0.00000000     0.00000000
     0.00000 ********** 0.35223200E-23 0.34696051E-23     0.00000000     0.00000000
     0.00000 ********** 0.12678611E-33 0.20908934E-33     0.00000000     0.00000000
     0.00000 **********     0.00000000     0.00000000     0.00000000     0.00000000
     0.00000 ********** 0.28764628E-32 0.45833469E-32     0.00000000     0.00000000
     0.00000 **********     0.00000000     0.00000000     0.00000000     0.00000000
     0.00000 ********** 0.74008123E-30 0.25155527E-30     0.00000000     0.00000000
     0.99344        13.  4.5018077      4.6395998         0.00000000     0.00000000
     0.00000 ********** 0.43685610E-15 0.65811787E-15     0.00000000     0.00000000
     0.00000 ********** 0.90890345E-23 0.10085723E-22     0.00000000     0.00000000
     1.13925        44.  3.7284269      4.5725937         0.00000000     0.00000000
     0.00022    217396. 0.94945118E-03 0.10524841E-02     0.00000000     0.00000000
     1.17217        51.  3.9617593      4.7948766         0.00000000     0.00000000
     0.00000 217330400. 0.12014426E-05 0.12496711E-05     0.00000000     0.00000000
     0.00000 ********** 0.43889317E-12 0.39602688E-12     0.00000000     0.00000000
     0.60689       122.  2.6596303      2.8623571         0.00000000     0.00000000
     0.86972        55.  4.4515743      4.2907147         0.00000000     0.00000000
     1.22612        73.  3.6942961      5.0454893         0.00000000     0.00000000
     0.00000 ********** 0.23976038E-09 0.30075351E-09     0.00000000     0.00000000
     0.31497        96.  2.0675011      2.0020032         0.00000000     0.00000000
     0.00001   2854647. 0.60420414E-04 0.60013299E-04     0.00000000     0.00000000
     0.00001   2854647. 0.47120287E-04 0.53649404E-04     0.00000000     0.00000000
     0.80906        14.  4.3903146      4.8110862         0.00000000     0.00000000
     0.94916         5.  4.4655576      4.2349167         0.00000000     0.00000000
     0.00001    216416. 0.31497711E-04 0.76802186E-04     0.00000000     0.00000000
     0.00000 ********** 0.39162822E-11 0.62870221E-11     0.00000000     0.00000000
     0.00000       174.     0.00000000     0.00000000     0.00000000     0.00000000
     0.00000 ********** 0.78202639E-09 0.78630058E-09     0.00000000     0.00000000
     0.00000  13519209. 0.65893792E-05 0.86993932E-05     0.00000000     0.00000000
     0.00000 ********** 0.55222603E-07 0.69295822E-07     0.00000000     0.00000000
     0.00000 ********** 0.71673639E-07 0.11393453E-06     0.00000000     0.00000000
     0.00000 ********** 0.16290260E-28 0.12836920E-28     0.00000000     0.00000000
     0.00000 ********** 0.11834888E-08 0.11371362E-08     0.00000000     0.00000000
     0.00000 ********** 0.39375692E-09 0.41737280E-09     0.00000000     0.00000000
     0.00000 ********** 0.23817208E-16 0.21902786E-16     0.00000000     0.00000000
     0.00048    200090. 0.16583282E-02 0.21520606E-02     0.00000000     0.00000000
     0.26227       293.  1.3864561      1.4895843         0.00000000     0.00000000
     0.02324      3449. 0.11196090     0.10651583         0.00000000     0.00000000
     0.97117        80.  3.8430665      4.6338243         0.00000000     0.00000000
     0.00000 ********** 0.57153411E-07 0.63145229E-07     0.00000000     0.00000000
     0.00000 ********** 0.20728122E-09 0.18842171E-09     0.00000000     0.00000000
     0.54572        68.  3.7299759      3.7446465         0.00000000     0.00000000
     0.00002    820308. 0.14769536E-03 0.16171350E-03     0.00000000     0.00000000
     0.78606        27.  3.5648477      4.6030483         0.00000000     0.00000000
     0.65012        19.  3.1341178      5.5024266         0.00000000     0.00000000
     0.15687         6.  4.5302978      4.3560643         0.00000000     0.00000000
     0.00000 **********     0.00000000     0.00000000     0.00000000     0.00000000
     0.00000 ********** 0.19454987E-11 0.11803061E-13     0.00000000     0.00000000
     0.00000 ********** 0.16946208E-17 0.22651539E-17     0.00000000     0.00000000
     0.00000 827396672. 0.17077841E-06 0.13656026E-06     0.00000000     0.00000000
     0.00009    812228. 0.27140466E-03 0.27852546E-03     0.00000000     0.00000000
     1.23348        69.  4.7092957      3.5672817         0.00000000     0.00000000
     0.93829        48.  4.6875262      4.7212377         0.00000000     0.00000000
     0.00000 ********** 0.64151685E-25 0.77939655E-25     0.00000000     0.00000000
     0.78552        85.  4.3013215      4.3530622         0.00000000     0.00000000
     0.00000 167994144. 0.32203129E-05 0.34591940E-05     0.00000000     0.00000000
     0.00000 ********** 0.42966443E-24 0.43974450E-24     0.00000000     0.00000000
     1.17579       114.  4.9030991      4.7349734         0.00000000     0.00000000
     0.00000 ********** 0.20458297E-26 0.19365016E-26     0.00000000     0.00000000
     0.00000 ********** 0.38404170E-21 0.39921014E-21     0.00000000     0.00000000
     0.90050        71.  3.8299105      4.0622392         0.00000000     0.00000000
     0.00000 ********** 0.63410552E-22 0.59306506E-22     0.00000000     0.00000000
     0.00000 ********** 0.10800309E-22 0.11285591E-22     0.00000000     0.00000000
     0.05851       866. 0.23544753     0.24709173         0.00000000     0.00000000
     0.00000 ********** 0.63723647E-07 0.70440954E-07     0.00000000     0.00000000
     0.00000 ********** 0.14129245E-09 0.12689418E-09     0.00000000     0.00000000
     0.00000  58542396. 0.59565377E-07 0.96806772E-07     0.00000000     0.00000000
     0.00000  51730708. 0.13393011E-06 0.74601722E-07     0.00000000     0.00000000
  -999.00000         1. -999.00000     -999.00000     -999.00000     -999.00000    
     0.10877       234. 0.43369421     0.43335244         0.00000000     0.00000000
     0.00000 ********** 0.62303073E-07 0.60627229E-07     0.00000000     0.00000000
     0.01383      3414. 0.64150088E-01 0.74244276E-01     0.00000000     0.00000000
     0.00005    865477. 0.23746371E-03 0.25876006E-03     0.00000000     0.00000000
     1.18457        66.  4.9171481      4.2531118         0.00000000     0.00000000
     1.25887        90.  4.3084812      4.3940015         0.00000000     0.00000000
     0.00214     53169. 0.80256350E-02 0.75305295E-02     0.00000000     0.00000000
     0.07658       923. 0.44230908     0.50394106         0.00000000     0.00000000
     0.98034       146.  4.4015131      4.7767467         0.00000000     0.00000000
     0.00000 ********** 0.47965049E-07 0.44772069E-07     0.00000000     0.00000000
     0.00000 ********** 0.13644275E-27 0.13157271E-27     0.00000000     0.00000000
     0.00000 ********** 0.14807790E-17 0.13272953E-17     0.00000000     0.00000000
     0.00000 ********** 0.41585867E-07 0.43478487E-07     0.00000000     0.00000000
     0.00000 ********** 0.13462905E-08 0.16011247E-08     0.00000000     0.00000000
     0.00007    812306. 0.40171333E-03 0.37113318E-03     0.00000000     0.00000000
     0.75457        57.  4.7351799      4.6549006         0.00000000     0.00000000
     0.00000 ********** 0.98767581E-08 0.90367074E-08     0.00000000     0.00000000
     0.00000 ********** 0.18172559E-28 0.11394489E-28     0.00000000     0.00000000
     0.00044     10277. 0.41220668E-02 0.35492338E-02     0.00000000     0.00000000
     0.00000 **********     0.00000000     0.00000000     0.00000000     0.00000000
  -999.00000         0. -999.00000     -999.00000     -999.00000     -999.00000    
     0.00000 ********** 0.74073760E-08 0.72059976E-08     0.00000000     0.00000000
     0.00000 ********** 0.72330142E-09 0.84622437E-09     0.00000000     0.00000000
     0.00005    812300. 0.23667836E-03 0.28431593E-03     0.00000000     0.00000000
     1.06115        72.  4.7764649      4.6506276         0.00000000     0.00000000
     0.87080        84.  4.7626829      5.2730889         0.00000000     0.00000000
     0.00000 ********** 0.21356521E-14 0.23062901E-14     0.00000000     0.00000000
     0.00000 ********** 0.35020633E-21 0.40133186E-21     0.00000000     0.00000000
     1.04919       162.  4.2147245      4.6928144         0.00000000     0.00000000
     0.00000 ********** 0.94481442E-20 0.93734459E-20     0.00000000     0.00000000
     0.00000 ********** 0.48414607E-31 0.41669958E-31     0.00000000     0.00000000
     1.16853       139.  4.3968058      4.9119024         0.00000000     0.00000000
     0.00258     53197. 0.96763875E-02 0.11434457E-01     0.00000000     0.00000000
     0.00000 ********** 0.19281393E-11 0.21463315E-11     0.00000000     0.00000000
     0.84865        94.  4.4659672      4.5775695         0.00000000     0.00000000
     0.00000 ********** 0.16112410E-14 0.16300747E-14     0.00000000     0.00000000
     0.00000 ********** 0.32997736E-21 0.29233865E-21     0.00000000     0.00000000
     0.65727        32.  5.2226591      4.7146463         0.00000000     0.00000000
     0.00000 ********** 0.10251120E-20 0.14127667E-20     0.00000000     0.00000000
     0.00000 ********** 0.81071969E-10 0.95064179E-10     0.00000000     0.00000000
     0.00000 ********** 0.15433900E-11 0.27294269E-11     0.00000000     0.00000000
     0.01641        14. 0.13766222     0.71342359E-03     0.00000000     0.00000000
     0.03682       200. 0.24986702     0.32033899         0.00000000     0.00000000
     0.00000 ********** 0.44684497E-29 0.64534647E-29     0.00000000     0.00000000
     0.00000 ********** 0.10795196E-14 0.99507345E-15     0.00000000     0.00000000
     0.00000 ********** 0.26706300E-31 0.25305222E-31     0.00000000     0.00000000
     0.00000 ********** 0.31544680E-25 0.31029921E-25     0.00000000     0.00000000
     0.00000 ********** 0.21303888E-22 0.26085284E-22     0.00000000     0.00000000
     0.12275      1010. 0.53323305     0.60681880         0.00000000     0.00000000
     0.00000 ********** 0.14064721E-24 0.14151603E-24     0.00000000     0.00000000
     0.00000 ********** 0.34586972E-28 0.38957569E-28     0.00000000     0.00000000
     0.00000 ********** 0.43691268E-25 0.48027747E-25     0.00000000     0.00000000
     0.00000 ********** 0.40691075E-28 0.46580659E-28     0.00000000     0.00000000
     0.00000 ********** 0.84162227E-20 0.91527131E-20     0.00000000     0.00000000
     0.00000 ********** 0.80130408E-20 0.71896140E-20     0.00000000     0.00000000
     0.00000 231130816. 0.16203312E-05 0.14938556E-05     0.00000000     0.00000000
     0.00000 ********** 0.28416601E-24 0.29982244E-24     0.00000000     0.00000000
     0.30045       259.  1.3996693      1.4120177         0.00000000     0.00000000
     0.00000 ********** 0.75273088E-28 0.69755425E-28     0.00000000     0.00000000
     0.00000 ********** 0.53951532E-18 0.64729540E-18     0.00000000     0.00000000
     0.00000 ********** 0.59919342E-23 0.52484675E-23     0.00000000     0.00000000
     0.00000 ********** 0.50564201E-16 0.17365365E-16     0.00000000     0.00000000
     0.00000 **********     0.00000000     0.00000000     0.00000000     0.00000000
     0.00000 ********** 0.19341244E-08 0.34487555E-08     0.00000000     0.00000000
     0.00000 ********** 0.43155615E-28 0.42125541E-28     0.00000000     0.00000000
     0.00000 ********** 0.25904560E-24 0.26472851E-24     0.00000000     0.00000000
     0.00000 ********** 0.75174916E-26 0.69333255E-26     0.00000000     0.00000000
     0.00000 ********** 0.60845100E-20 0.62754102E-20     0.00000000     0.00000000
     1.20070       105.  4.7251420      4.3466229         0.00000000     0.00000000
     0.00000 844486400. 0.76400579E-06 0.73343477E-06     0.00000000     0.00000000
     0.00000 ********** 0.67081318E-09 0.66838357E-09     0.00000000     0.00000000
     0.00000 ********** 0.42685481E-28 0.43703172E-28     0.00000000     0.00000000
     0.61046       374.  4.4888787      4.4888787         0.00000000     0.00000000
     0.00000 ********** 0.53080178E-22 0.51844087E-22     0.00000000     0.00000000
     0.00000 ********** 0.12729736E-30 0.12776005E-30     0.00000000     0.00000000
     0.00000 ********** 0.12760454E-30 0.13292329E-30     0.00000000     0.00000000
     0.00000 ********** 0.11426768E-21 0.12421851E-21     0.00000000     0.00000000
     0.00000 ********** 0.16453046E-14 0.15952552E-14     0.00000000     0.00000000
     0.93428        90.  4.8961725      5.3086977         0.00000000     0.00000000
     0.00000 ********** 0.16631894E-19 0.16274858E-19     0.00000000     0.00000000
     0.00000 ********** 0.10533355E-28 0.10790921E-28     0.00000000     0.00000000
     0.00000 ********** 0.26869285E-15 0.15068780E-15     0.00000000     0.00000000
     0.00000 **********     0.00000000     0.00000000     0.00000000     0.00000000
  -999.00000         4. -999.00000     -999.00000     -999.00000     -999.00000    
     0.00000 ********** 0.11260230E-20 0.12855284E-20     0.00000000     0.00000000
     0.00000 ********** 0.13262509E-31 0.11054195E-31     0.00000000     0.00000000
     0.00000 ********** 0.15110610E-14 0.16305867E-14     0.00000000     0.00000000
     0.00000 ********** 0.81332347E-28 0.80621101E-28     0.00000000     0.00000000
     0.00000 ********** 0.12585446E-20 0.11928246E-20     0.00000000     0.00000000
     0.00000 ********** 0.60923280E-08 0.66081296E-08     0.00000000     0.00000000
     0.00000 ********** 0.79115447E-20 0.88176540E-20     0.00000000     0.00000000
     0.00000 ********** 0.14706825E-27 0.13523403E-27     0.00000000     0.00000000
     0.96874       183.  4.9899421      4.3590202         0.00000000     0.00000000
     0.00000 ********** 0.11706511E-25 0.10649513E-25     0.00000000     0.00000000
     0.00000 ********** 0.50996032E-07 0.45274849E-07     0.00000000     0.00000000
     0.00000 ********** 0.14778841E-27 0.14688106E-27     0.00000000     0.00000000
     0.00000 ********** 0.55224873E-24 0.48528046E-24     0.00000000     0.00000000
     0.00000 ********** 0.75129788E-26 0.61358618E-26     0.00000000     0.00000000
     0.00000 ********** 0.71333310E-20 0.72516671E-20     0.00000000     0.00000000
     0.38864       274.  1.3798078      1.4562045         0.00000000     0.00000000
     0.00000 ********** 0.66088292E-28 0.71696853E-28     0.00000000     0.00000000
     0.00000 ********** 0.39034320E-18 0.27027780E-18     0.00000000     0.00000000
     0.00000 ********** 0.42857835E-23 0.33429468E-23     0.00000000     0.00000000
     0.00000 ********** 0.36491057E-19 0.70413146E-17     0.00000000     0.00000000
     0.00000 ********** 0.81745066E-29 0.46223808E-29     0.00000000     0.00000000
     0.00000 ********** 0.30041908E-21 0.25620130E-21     0.00000000     0.00000000
     0.00000 ********** 0.17393826E-08 0.12621063E-08     0.00000000     0.00000000
     0.00000 ********** 0.24211255E-20 0.26820067E-20     0.00000000     0.00000000
     0.00000 ********** 0.72731553E-28 0.82095809E-28     0.00000000     0.00000000
     0.86599        79.  4.3271894      4.2771955         0.00000000     0.00000000
     0.00000 ********** 0.58093420E-26 0.56677083E-26     0.00000000     0.00000000
     0.00000 ********** 0.32741536E-07 0.29413098E-07     0.00000000     0.00000000
     0.00000 ********** 0.13383398E-27 0.11325674E-27     0.00000000     0.00000000
     0.00000 ********** 0.61545646E-24 0.55091531E-24     0.00000000     0.00000000
     0.00000 ********** 0.89429733E-26 0.10390465E-25     0.00000000     0.00000000
     0.00000 ********** 0.93715702E-20 0.94462523E-20     0.00000000     0.00000000
     0.00000 ********** 0.88254097E-07 0.79263039E-07     0.00000000     0.00000000
     0.00010    836741. 0.54235128E-03 0.47326117E-03     0.00000000     0.00000000
     1.16241       104.  4.6505351      4.3064523         0.00000000     0.00000000
     0.00000 ********** 0.61674102E-20 0.55704398E-20     0.00000000     0.00000000
     0.00000 ********** 0.22633515E-07 0.23245947E-07     0.00000000     0.00000000
     0.00000 ********** 0.12930607E-22 0.10764065E-22     0.00000000     0.00000000
     0.00000 ********** 0.79185882E-12 0.67683321E-12     0.00000000     0.00000000
     0.92570        15.  4.1315880      4.2470493         0.00000000     0.00000000
     0.00000 **********     0.00000000     0.00000000     0.00000000     0.00000000
     0.00000 **********     0.00000000     0.00000000     0.00000000     0.00000000
     0.00000 ********** 0.14928941E-27 0.17338414E-27     0.00000000     0.00000000
     0.00000 ********** 0.20769617E-30 0.33124526E-30     0.00000000     0.00000000
     0.00000 ********** 0.16117153E-21 0.17615403E-21     0.00000000     0.00000000
     0.00000 ********** 0.24670243E-18 0.25095719E-18     0.00000000     0.00000000
     0.00000 ********** 0.10173646E-26 0.11011925E-26     0.00000000     0.00000000
     0.00000 ********** 0.51327438E-20 0.43158181E-20     0.00000000     0.00000000
     0.00000 ********** 0.83333559E-25 0.79706050E-25     0.00000000     0.00000000
     0.96834        71.  4.2336097      4.7231688         0.00000000     0.00000000
     0.00000 ********** 0.66468459E-09 0.68928746E-09     0.00000000     0.00000000
     0.00000 865325632. 0.76467910E-06 0.81921314E-06     0.00000000     0.00000000
     0.98033       146.  4.7767162      4.4014835         0.00000000     0.00000000
     0.00000 ********** 0.24623070E-28 0.21611680E-28     0.00000000     0.00000000
     1.19895        95.  4.2146649      4.4917636         0.00000000     0.00000000
     0.00000  51716428. 0.76467004E-05 0.74978761E-05     0.00000000     0.00000000
     1.18456        66.  4.2530642      4.9170933         0.00000000     0.00000000
     0.00000 ********** 0.29863110E-26 0.27405332E-26     0.00000000     0.00000000
     0.00000 ********** 0.58124233E-25 0.50221702E-25     0.00000000     0.00000000
     0.00000 ********** 0.19055185E-24 0.19581912E-24     0.00000000     0.00000000
     0.00045     56462. 0.17984320E-02 0.17998511E-02     0.00000000     0.00000000
     0.00000 ********** 0.98360526E-23 0.45805514E-20     0.00000000     0.00000000
     0.00000 ********** 0.37963333E-20 0.68154367E-20     0.00000000     0.00000000
  -999.00000         2. -999.00000     -999.00000     -999.00000     -999.00000    
     0.21790        28.  4.1122789      4.5788856         0.00000000     0.00000000
     0.00000 ********** 0.44262823E-11 0.40041902E-11     0.00000000     0.00000000
     1.12604        45.  4.7552609      4.5311708         0.00000000     0.00000000
     0.00000 ********** 0.57403807E-10 0.54935445E-10     0.00000000     0.00000000
     0.00000 ********** 0.12992780E-08 0.13891891E-08     0.00000000     0.00000000
     0.89989        71.  4.0594835      3.8273137         0.00000000     0.00000000
     0.00000 ********** 0.81610829E-09 0.78509926E-09     0.00000000     0.00000000
     0.03195      3512. 0.15661503     0.16545697         0.00000000     0.00000000
     0.00000 ********** 0.15518802E-06 0.16069829E-06     0.00000000     0.00000000
     1.10722       107.  4.5588164      4.4543166         0.00000000     0.00000000
     0.00000 844486400. 0.68813910E-06 0.64061862E-06     0.00000000     0.00000000
     0.00000 ********** 0.40012019E-09 0.39536444E-09     0.00000000     0.00000000
     0.00000 206913536. 0.16413455E-05 0.13509824E-05     0.00000000     0.00000000
     0.93828        48.  4.7211652      4.6874542         0.00000000     0.00000000
     0.00000 ********** 0.34189281E-20 0.45134484E-20     0.00000000     0.00000000
     0.00000 ********** 0.13907573E-19 0.13552012E-19     0.00000000     0.00000000
     0.00000 ********** 0.24098003E-22 0.30136291E-22     0.00000000     0.00000000
     0.00000 ********** 0.11541561E-27 0.86345422E-28     0.00000000     0.00000000
     0.00000 ********** 0.35492345E-22 0.58502034E-20     0.00000000     0.00000000
     0.00000 **********     0.00000000     0.00000000     0.00000000     0.00000000
     0.00000 ********** 0.69018949E-11 0.71779557E-11     0.00000000     0.00000000
     0.65161        19.  5.5150266      3.1412945         0.00000000     0.00000000
     0.00000 220484928. 0.56367702E-06 0.43654182E-06     0.00000000     0.00000000
     0.00000 ********** 0.18384790E-20 0.16791098E-20     0.00000000     0.00000000
     0.68678        54.  4.7125397      4.6940789         0.00000000     0.00000000
     0.00000 ********** 0.24314166E-26 0.26747820E-26     0.00000000     0.00000000
     0.64819        49.  4.5470462      4.1155791         0.00000000     0.00000000
     0.97056        80.  4.6308794      3.8406265         0.00000000     0.00000000
     0.00000 ********** 0.24277155E-10 0.25518190E-10     0.00000000     0.00000000
     0.00000 ********** 0.22751749E-28 0.21176587E-28     0.00000000     0.00000000
     1.19177        81.  5.3161182      4.0964775         0.00000000     0.00000000
     1.04004        92.  3.6166954      3.9328148         0.00000000     0.00000000
     0.00000 ********** 0.15613538E-17 0.14730100E-17     0.00000000     0.00000000
     0.00000  57771472. 0.43960790E-05 0.45752754E-05     0.00000000     0.00000000
     0.00000 ********** 0.22697774E-24 0.28803841E-24     0.00000000     0.00000000
     0.00000 ********** 0.84162719E-25 0.52944887E-25     0.00000000     0.00000000
     0.00000 ********** 0.68744157E-07 0.54782976E-07     0.00000000     0.00000000
     0.00000  57214272. 0.20555863E-05 0.15570099E-05     0.00000000     0.00000000
     0.00000 ********** 0.44472766E-18 0.44231017E-18     0.00000000     0.00000000
     0.00000      3125.     0.00000000     0.00000000     0.00000000     0.00000000
  -999.00000         1. -999.00000     -999.00000     -999.00000     -999.00000    
     0.00000 ********** 0.11246329E-08 0.46122856E-09     0.00000000     0.00000000
     0.00000 ********** 0.46219840E-29 0.48737045E-29     0.00000000     0.00000000
     0.00000 ********** 0.29741964E-18 0.27140765E-18     0.00000000     0.00000000
     0.00000 ********** 0.40450508E-10 0.35527692E-10     0.00000000     0.00000000
     0.00000 ********** 0.58542466E-33 0.58939604E-33     0.00000000     0.00000000
     0.00000 ********** 0.18410157E-18 0.19012467E-18     0.00000000     0.00000000
     0.00000  53510604. 0.46912151E-05 0.37398320E-05     0.00000000     0.00000000
     0.00000 ********** 0.56044215E-26 0.41035458E-26     0.00000000     0.00000000
     0.86972        55.  4.2907147      4.4515743         0.00000000     0.00000000
     0.00000 ********** 0.51611845E-20 0.47956438E-20     0.00000000     0.00000000
     0.00009    791117. 0.43411800E-03 0.48110739E-03     0.00000000     0.00000000
     0.00000 ********** 0.15373158E-19 0.14779860E-19     0.00000000     0.00000000
     0.00000 ********** 0.89315463E-15 0.73796787E-15     0.00000000     0.00000000
     0.00000 ********** 0.27142926E-24 0.24485767E-24     0.00000000     0.00000000
     0.00000 ********** 0.22803941E-10 0.18594007E-10     0.00000000     0.00000000
     0.03105       881. 0.20964330     0.18892600         0.00000000     0.00000000
     0.00004    791789. 0.16795634E-03 0.11148881E-03     0.00000000     0.00000000
     0.00000 ********** 0.39274508E-14 0.38108089E-14     0.00000000     0.00000000
     0.00111      3383. 0.13749248E-02 0.40450594E-02     0.00000000     0.00000000
     0.00000 217335072.     0.00000000     0.00000000     0.00000000     0.00000000
     0.00000 ********** 0.37272738E-18 0.23391998E-18     0.00000000     0.00000000
     0.00000 202700064.     0.00000000     0.00000000     0.00000000     0.00000000
     0.00000 ********** 0.10570320E-08 0.64095557E-09     0.00000000     0.00000000
     0.00000    812289. 0.73055140E-04 0.74165087E-04     0.00000000     0.00000000
     0.00000 ********** 0.91335453E-14 0.87520967E-14     0.00000000     0.00000000
     0.00000 ********** 0.12966078E-09 0.11137596E-09     0.00000000     0.00000000
     0.44862        46.  3.1222129      2.7481506         0.00000000     0.00000000
     0.00000 ********** 0.11328344E-19 0.92985578E-20     0.00000000     0.00000000
     0.00000 ********** 0.43000571E-22 0.35575055E-22     0.00000000     0.00000000
     0.01456      3427. 0.68041727E-01 0.44145808E-01     0.00000000     0.00000000
     0.00000 ********** 0.79229999E-07 0.79203062E-07     0.00000000     0.00000000
     0.01490      3331. 0.83640695E-01 0.85627556E-01     0.00000000     0.00000000
     0.00000 ********** 0.10229286E-14 0.10770620E-14     0.00000000     0.00000000
     0.00000 ********** 0.52659932E-28 0.44840211E-28     0.00000000     0.00000000
     0.00000 ********** 0.17989781E-20 0.23390044E-20     0.00000000     0.00000000
     1.84243        18.  5.7479329      3.0129445         0.00000000     0.00000000
     0.00000 ********** 0.13471652E-09 0.99051115E-10     0.00000000     0.00000000
     0.00387      3303. 0.24821073E-01 0.32313425E-01     0.00000000     0.00000000
     0.75066        14.  3.2782853      5.3861752         0.00000000     0.00000000
     0.00000 ********** 0.58141665E-16 0.11542407E-15     0.00000000     0.00000000
     0.00000 **********     0.00000000     0.00000000     0.00000000     0.00000000
     0.00000 **********     0.00000000     0.00000000     0.00000000     0.00000000
     0.00000 ********** 0.21167772E-16 0.19469123E-16     0.00000000     0.00000000
     0.00000       962.     0.00000000     0.00000000     0.00000000     0.00000000
     0.00000 ********** 0.10220284E-15 0.75911801E-16     0.00000000     0.00000000
     0.00000 ********** 0.14008780E-25 0.10401501E-25     0.00000000     0.00000000
     0.00000 ********** 0.29949248E-15 0.25391636E-15     0.00000000     0.00000000
     0.00000 ********** 0.40055360E-15 0.29632061E-15     0.00000000     0.00000000
     0.00000 ********** 0.68730333E-21 0.61839127E-21     0.00000000     0.00000000
     0.00000 ********** 0.46761655E-20 0.26058366E-20     0.00000000     0.00000000
     0.00000 ********** 0.85190351E-29 0.67638968E-29     0.00000000     0.00000000
     0.00000 ********** 0.11272100E-25 0.10207152E-25     0.00000000     0.00000000
     0.00000 ********** 0.24778901E-26 0.22681280E-26     0.00000000     0.00000000
     1.31626        33.  5.3135185      3.8924093         0.00000000     0.00000000
     0.00000 ********** 0.28811350E-19 0.26610814E-19     0.00000000     0.00000000
     0.00000 ********** 0.54510273E-20 0.32259113E-20     0.00000000     0.00000000
     0.00000 ********** 0.10283242E-26 0.12146417E-26     0.00000000     0.00000000
     0.00000 ********** 0.67022316E-26 0.68061070E-26     0.00000000     0.00000000
     0.00000 ********** 0.21687704E-17 0.31745141E-17     0.00000000     0.00000000
     0.00000 ********** 0.37827364E-31 0.11562212E-30     0.00000000     0.00000000
     0.00000 **********     0.00000000     0.00000000     0.00000000     0.00000000
     0.00000 **********     0.00000000     0.00000000     0.00000000     0.00000000
     0.00000 **********     0.00000000     0.00000000     0.00000000     0.00000000
     0.00000 **********     0.00000000     0.00000000     0.00000000     0.00000000
  -999.00000         3. -999.00000     -999.00000     -999.00000     -999.00000    
  -999.00000         0. -999.00000     -999.00000     -999.00000     -999.00000    
     0.00000 844480512. 0.17376717E-07 0.43843524E-08     0.00000000     0.00000000
  -999.00000         4. -999.00000     -999.00000     -999.00000     -999.00000    
     0.00000 ********** 0.12350564E-12 0.10727307E-12     0.00000000     0.00000000
     0.00000 ********** 0.12681751E-07 0.74321123E-08     0.00000000     0.00000000
     0.00000 ********** 0.82520803E-17 0.57632937E-17     0.00000000     0.00000000
     1.33090        10.  7.8040991      4.6054902         0.00000000     0.00000000
     0.00000 ********** 0.81860658E-22 0.46654698E-22     0.00000000     0.00000000
     1.41551        10.  4.7264090      2.3584502         0.00000000     0.00000000
     0.00000 ********** 0.75016461E-21 0.67211812E-21     0.00000000     0.00000000
     0.00000 ********** 0.21901329E-28 0.13881659E-28     0.00000000     0.00000000
     0.00000 ********** 0.74647698E-10 0.45572275E-10     0.00000000     0.00000000
     0.00000 ********** 0.16957257E-26 0.97595470E-27     0.00000000     0.00000000
     0.00000 ********** 0.25666583E-26 0.26167211E-26     0.00000000     0.00000000
     0.00000 ********** 0.31571115E-30 0.53015223E-30     0.00000000     0.00000000
  -999.00000         1. -999.00000     -999.00000     -999.00000     -999.00000    
     0.00000 **********     0.00000000     0.00000000     0.00000000     0.00000000
     0.00000 **********     0.00000000     0.00000000     0.00000000     0.00000000
     0.00000 **********     0.00000000     0.00000000     0.00000000     0.00000000
     0.00000 **********     0.00000000     0.00000000     0.00000000     0.00000000
     0.00000 **********     0.00000000     0.00000000     0.00000000     0.00000000
     0.00000 **********     0.00000000     0.00000000     0.00000000     0.00000000
     0.00000       223.     0.00000000     0.00000000     0.00000000     0.00000000
     0.00000        12.     0.00000000     0.00000000     0.00000000     0.00000000
     0.00007      3462. 0.19133904E-02 0.21329534E-02     0.00000000     0.00000000
     0.00000 ********** 0.22249921E-16 0.47684193E-19     0.00000000     0.00000000
     0.00000 ********** 0.17725338E-23 0.32655195E-23     0.00000000     0.00000000
  -999.00000         1. -999.00000     -999.00000     -999.00000     -999.00000    
     0.00000 ********** 0.28724663E-22 0.14331518E-24     0.00000000     0.00000000
     0.00000 ********** 0.27574786E-29 0.26110262E-32     0.00000000     0.00000000
     0.00000 **********     0.00000000     0.00000000     0.00000000     0.00000000
     0.00000 ********** 0.26726665E-28 0.13334663E-30     0.00000000     0.00000000
     0.00000 **********     0.00000000     0.00000000     0.00000000     0.00000000
     0.00000 ********** 0.25367441E-31 0.92498833E-31     0.00000000     0.00000000
     0.00000 **********     0.00000000     0.00000000     0.00000000     0.00000000
     0.00000 **********     0.00000000     0.00000000     0.00000000     0.00000000
     0.00000 **********     0.00000000     0.00000000     0.00000000     0.00000000
     0.00000 **********     0.00000000     0.00000000     0.00000000     0.00000000
     0.00000 **********     0.00000000     0.00000000     0.00000000     0.00000000
