Back Transform:Simulation output                       
 1
Back Transform
    19.99319
    20.00000
    20.00000
    20.00000
    19.99987
    19.99973
    19.99680
    20.00000
    18.16010
    20.00000
    20.00000
    20.00000
    20.00000
    20.00000
    19.99853
    16.34051
    20.00000
     7.94443
    20.00000
    20.00000
    16.06900
     5.34339
    20.00000
    20.00000
    20.00000
     5.34339
    20.00000
    20.00000
    19.99947
    11.97303
     6.46718
    20.00000
    19.99880
     6.98547
    20.00000
     9.13511
    20.00000
     7.68630
    19.95780
    19.98878
    20.00000
     9.26593
    11.98590
    20.00000
    20.00000
    19.99987
    18.52669
    18.70177
     5.70920
    20.00000
    20.00000
    20.00000
    20.00000
    20.00000
    20.00000
    11.91851
    20.00000
    20.00000
    17.15208
    10.79817
    19.98745
    20.00000
    20.00000
    20.00000
    20.00000
    20.00000
    20.00000
    20.00000
    11.98315
    19.75227
    19.98932
    20.00000
     8.39493
    20.00000
    13.83621
    11.86934
    18.37979
    11.18498
    19.99987
    20.00000
    20.00000
    19.89957
    20.00000
    20.00000
    20.00000
     5.34339
    20.00000
    20.00000
    10.21825
    20.00000
    20.00000
    20.00000
    19.99960
    10.06189
    20.00000
    11.99512
    20.00000
    11.98082
    11.99885
    20.00000
    19.37032
     5.34339
    20.00000
    20.00000
    20.00000
     7.82396
    19.99987
    20.00000
    20.00000
    19.68082
    20.00000
    19.96207
     6.36704
    19.98798
    18.99051
     9.08923
    20.00000
    10.22140
    20.00000
    14.47844
    19.95873
    19.99092
    20.00000
    19.85336
    19.99973
    20.00000
    15.98126
    17.05512
    10.22976
     6.80855
    20.00000
    17.56287
    20.00000
    11.98670
    20.00000
    20.00000
    20.00000
    19.99893
    20.00000
    12.43502
     7.27612
    20.00000
    20.00000
    20.00000
    19.99493
    19.85764
    11.90224
    19.93283
    20.00000
    20.00000
    19.99840
     6.91638
     7.10931
    11.89558
     9.75026
    20.00000
    20.00000
    20.00000
    15.93011
     9.08590
    20.00000
     5.34339
    19.68710
     5.34339
    19.68362
    17.01680
    20.00000
     9.75775
    19.85296
    19.83387
    11.98529
    19.89730
     5.34339
    10.28705
    19.99426
    19.99987
    20.00000
    20.00000
    20.00000
    19.97129
    12.00600
    20.00000
     7.85778
    20.00000
    11.99863
    19.99920
    20.00000
     7.68931
    20.00000
    19.94618
    15.12361
    19.99306
    20.00000
    20.00000
    18.54833
    11.91186
    20.00000
     5.34339
    19.64623
    19.99987
    20.00000
    16.20455
    18.86057
    20.00000
     5.34339
    19.97476
    20.00000
    19.98197
    20.00000
    20.00000
     7.40181
    19.98651
    19.91172
    11.77102
     5.88558
    20.00000
    19.99372
    19.99386
    20.00000
    20.00000
     7.52771
    11.93317
     6.10727
    19.99933
    19.12058
    20.00000
    19.68282
    20.00000
    20.00000
    17.45270
    19.96327
    19.99773
    20.00000
    11.99288
     5.34339
     5.34339
    19.99973
     7.60436
    14.44225
    20.00000
    19.13234
    20.00000
    20.00000
    20.00000
    19.85456
    11.96827
    20.00000
    19.99225
    19.99706
    20.00000
    20.00000
     5.34339
     9.27870
    20.00000
    20.00000
    19.81704
     7.93907
    20.00000
    20.00000
     8.12845
    20.00000
    19.99880
    20.00000
    20.00000
    20.00000
    19.94872
    20.00000
    20.00000
    20.00000
    20.00000
    19.19323
    18.21646
    20.00000
    19.99960
    19.99920
    19.99880
    19.99987
    20.00000
     5.34339
    20.00000
    20.00000
    19.55956
    15.48152
    18.14194
    19.98558
    19.96995
    20.00000
    20.00000
     9.61614
    20.00000
    20.00000
     8.55569
    20.00000
    20.00000
    20.00000
    14.26677
    20.00000
    19.98865
    19.38715
    20.00000
    19.99452
    20.00000
    11.86754
     7.62292
    20.00000
    19.86712
    20.00000
    19.99880
    19.98972
    20.00000
    15.50449
    18.31996
    19.99826
    20.00000
    20.00000
    20.00000
    10.90414
    20.00000
    16.07034
    20.00000
    17.51453
    20.00000
    18.61056
    20.00000
    20.00000
    20.00000
    18.83252
    20.00000
    20.00000
    11.33166
    20.00000
    10.91940
    19.98972
    19.99920
    19.26001
    10.22044
    10.20361
    20.00000
    19.99960
     5.34339
    17.53590
    20.00000
    20.00000
     5.34339
     6.01737
    19.99987
    17.19268
    19.96287
    20.00000
    11.96584
    20.00000
    20.00000
    20.00000
    19.67708
    20.00000
    20.00000
    20.00000
    20.00000
    11.97089
    14.99100
     5.34339
    20.00000
    19.76576
    20.00000
     5.34339
    20.00000
    19.99813
    19.99973
     9.26785
    20.00000
    19.99907
     7.25254
    20.00000
    19.55689
     8.50816
     7.37106
    20.00000
     9.27107
    19.00132
    11.97053
    20.00000
    12.28704
     5.34339
    20.00000
    20.00000
     5.34339
    20.00000
    12.85129
    11.97177
    20.00000
    20.00000
    19.99893
    20.00000
    18.29018
    20.00000
    20.00000
     9.09465
    20.00000
    20.00000
    11.98772
    20.00000
    16.28415
     9.62625
    19.99933
    20.00000
    19.97222
    19.96274
     6.91253
     7.62031
    20.00000
    20.00000
    19.70486
    17.61442
    20.00000
    20.00000
    20.00000
    20.00000
    20.00000
    19.67735
    19.99960
    20.00000
    10.20296
    19.81677
    18.13192
    19.87179
    11.98993
    20.00000
    19.99866
    20.00000
    20.00000
    20.00000
    20.00000
    19.99973
     8.57880
    19.98624
    18.71179
    10.07867
     7.70229
    20.00000
    20.00000
    11.97756
    20.00000
    20.00000
    10.22927
    11.64869
    20.00000
    20.00000
    20.00000
    19.99907
    20.00000
    20.00000
    20.00000
     9.26913
    19.99880
     8.57287
    19.90318
    20.00000
    19.99933
    19.99987
    11.98348
    20.00000
     9.27363
    20.00000
     5.34339
    20.00000
    20.00000
     7.32984
     6.02498
    20.00000
    20.00000
    19.99866
     5.34339
    19.99012
    20.00000
    19.14569
    12.77663
     5.34339
    19.15317
     5.34339
    20.00000
    20.00000
    10.56618
    19.99987
    19.99412
     6.23917
     6.70540
    14.11506
    20.00000
    20.00000
    20.00000
    20.00000
    20.00000
    19.97636
    19.98691
    19.43950
    19.99666
    16.83156
    20.00000
    20.00000
    20.00000
    18.96393
     7.46997
    19.98558
    20.00000
     7.09060
    19.95326
    20.00000
    19.47996
    19.99907
     9.71425
    20.00000
    20.00000
    20.00000
    19.36030
    20.00000
    20.00000
    20.00000
    11.94934
    19.97970
    19.14903
    18.92347
     9.83224
    20.00000
     9.68302
    10.77057
    20.00000
    20.00000
     5.34339
    13.92689
    19.99640
    19.99800
    12.47067
    20.00000
    19.95406
     5.34339
    20.00000
    20.00000
    20.00000
     8.63379
    11.87659
    20.00000
    20.00000
    20.00000
    19.99826
    20.00000
    20.00000
    20.00000
     8.39810
    20.00000
    19.52697
    20.00000
    20.00000
    19.98918
    20.00000
    19.99760
    20.00000
    20.00000
    20.00000
    19.99866
    19.99947
    20.00000
    19.98905
    19.99773
    20.00000
     7.33579
    20.00000
    20.00000
     5.34339
    19.88702
    19.99973
    19.99920
    20.00000
    20.00000
    20.00000
    19.99866
    20.00000
    20.00000
    20.00000
    20.00000
    19.99573
    19.96434
    11.69072
    19.49879
    20.00000
    10.91074
    20.00000
    20.00000
    19.98958
    20.00000
     7.51885
    20.00000
     6.79879
    20.00000
    19.94471
    12.00546
    20.00000
    19.99987
    19.99666
    19.85136
    20.00000
    19.97342
    20.00000
     5.34339
     5.34339
    19.95700
    19.99306
    19.99920
    20.00000
    20.00000
    20.00000
    20.00000
    19.98090
    20.00000
    20.00000
    20.00000
    19.98291
    19.99960
    20.00000
     5.34339
    20.00000
    20.00000
    19.70486
    20.00000
    20.00000
    20.00000
     7.95700
    19.88435
    20.00000
    20.00000
     5.34339
     9.27677
    20.00000
    20.00000
     5.34339
    20.00000
    20.00000
    19.91026
    20.00000
    20.00000
    19.98344
    18.68481
    20.00000
    20.00000
     7.13627
    19.29500
    20.00000
    19.99973
    19.59535
    20.00000
    19.93950
    20.00000
    19.99826
    20.00000
    18.44737
    20.00000
    20.00000
    11.98033
    19.85403
    20.00000
    20.00000
    19.08786
    19.99960
    20.00000
    20.00000
    10.15635
    19.95059
    20.00000
    11.97644
    20.00000
    20.00000
    20.00000
    19.98331
    19.99960
    20.00000
    20.00000
    20.00000
    19.30875
     8.06118
    20.00000
    20.00000
    20.00000
    18.43495
    10.19058
    19.99973
    20.00000
    20.00000
    20.00000
    20.00000
    20.00000
    19.92855
    20.00000
    20.00000
    20.00000
    20.00000
    19.99907
    20.00000
    20.00000
    12.00641
    20.00000
    20.00000
    19.97650
    20.00000
    15.74809
    20.00000
    20.00000
    20.00000
    19.99452
    20.00000
    19.75000
    19.98731
    19.99466
    20.00000
    20.00000
    19.99987
    20.00000
    20.00000
    20.00000
    19.99653
    20.00000
    20.00000
    19.92722
    20.00000
    19.97035
    20.00000
    20.00000
    19.34802
    19.03404
     6.30025
    20.00000
    20.00000
    20.00000
     9.98041
    19.95606
    11.97007
    19.98878
    10.17914
    19.85724
    19.99813
    20.00000
    19.98678
    20.00000
    11.97085
    20.00000
    20.00000
    20.00000
     5.34339
    10.17988
    20.00000
    18.44656
    10.07421
    19.81317
    20.00000
    19.99506
    20.00000
    20.00000
    20.00000
    20.00000
    20.00000
    20.00000
    10.24128
    20.00000
    20.00000
    20.00000
    20.00000
    20.00000
    19.34561
    20.00000
    20.00000
    20.00000
    19.96782
    20.00000
     5.34339
    18.40770
    19.81824
    19.95206
    10.94442
    20.00000
    10.21231
    19.56730
    20.00000
    11.96879
    12.00715
    19.98371
     5.34339
     5.34339
    20.00000
     7.34363
    20.00000
     8.28267
    17.82343
    19.99866
     7.66523
    19.99987
    20.00000
    19.99866
    20.00000
    18.75346
    19.98478
    20.00000
    19.99987
    20.00000
    15.12321
    20.00000
    19.99640
    19.99947
     5.75445
    20.00000
     8.67059
    20.00000
    20.00000
    20.00000
    19.36698
    11.98745
    20.00000
    19.90451
    20.00000
    20.00000
    17.34973
    20.00000
    20.00000
    20.00000
    20.00000
    19.99613
     5.34339
     5.34339
    18.09493
    15.16114
    19.22849
    11.88199
    19.99746
    19.99960
    20.00000
    19.99092
    19.99493
    20.00000
    19.91827
    19.69805
    19.99760
     9.26666
    20.00000
    16.94481
     6.98773
    20.00000
    19.73504
    19.99840
    20.00000
    12.00290
    19.98998
    20.00000
    20.00000
    20.00000
    20.00000
     5.34339
    19.96755
     5.34339
    20.00000
     7.85715
    20.00000
    20.00000
    20.00000
     7.53351
    20.00000
    12.13600
     9.26916
    19.99920
    20.00000
     6.75837
     6.70355
    19.66573
    12.63414
    20.00000
    11.97761
    19.99599
     5.34339
    20.00000
    20.00000
     5.34339
    11.93494
     7.57638
    20.00000
     8.10862
    20.00000
    10.72977
    20.00000
    19.85777
    20.00000
    20.00000
    20.00000
    11.99473
    20.00000
    20.00000
    19.99960
    20.00000
    20.00000
    20.00000
    20.00000
    20.00000
    11.99620
    19.96327
    20.00000
     5.34339
    20.00000
    20.00000
    20.00000
    20.00000
    20.00000
    19.99973
     7.69052
    20.00000
    19.99987
     5.34339
    20.00000
    20.00000
     5.34339
    19.99412
    20.00000
    19.90585
    20.00000
    19.99372
    19.87820
    20.00000
    19.99666
    20.00000
     9.70991
    19.86512
    20.00000
    19.97569
    19.99987
    20.00000
    20.00000
    13.37359
    11.93761
    20.00000
    20.00000
    20.00000
    12.00488
     6.76184
    19.87527
    20.00000
    19.61004
     5.34339
    20.00000
    20.00000
    20.00000
    19.99973
    20.00000
    18.72368
    19.86218
    20.00000
    19.98291
    20.00000
    19.99466
     5.74508
    19.90171
    20.00000
     6.73506
    19.99693
     9.60714
    20.00000
    19.98518
    20.00000
    20.00000
     7.22876
    19.99693
    20.00000
    19.99947
    20.00000
    20.00000
     7.62147
    20.00000
    20.00000
     5.34339
    20.00000
     5.34339
    20.00000
    20.00000
    20.00000
    20.00000
    20.00000
    20.00000
     5.34339
    20.00000
    20.00000
    20.00000
    11.89153
    20.00000
    20.00000
    12.00186
    20.00000
    20.00000
    20.00000
    19.99973
    20.00000
    20.00000
     7.46766
     5.34339
    20.00000
    20.00000
    20.00000
    20.00000
    20.00000
    20.00000
    19.81076
    20.00000
    20.00000
    10.00775
     5.34339
    19.99813
    19.99973
    20.00000
    19.60096
    19.99853
    19.99533
    20.00000
    20.00000
    11.97546
    20.00000
    20.00000
    20.00000
    20.00000
    19.98851
    20.00000
    10.52135
    20.00000
     9.56418
    19.84402
    20.00000
     6.98964
    19.99987
     6.55264
    20.00000
    20.00000
    20.00000
    20.00000
    20.00000
    20.00000
    20.00000
    20.00000
    20.00000
    20.00000
     5.34339
    20.00000
    20.00000
    20.00000
    11.97438
    19.98558
    19.44778
     6.60283
    20.00000
    19.99973
    20.00000
    20.00000
    19.77043
    19.99933
    19.99252
    12.00402
    19.99640
    19.81036
    20.00000
    20.00000
    20.00000
    20.00000
     5.34339
    20.00000
    11.98450
    20.00000
    19.98891
    20.00000
     9.66930
    11.67465
    20.00000
    20.00000
    20.00000
    19.58360
    20.00000
    20.00000
    20.00000
    20.00000
    19.98705
    19.97997
    20.00000
    19.94431
    19.99987
    20.00000
    20.00000
    20.00000
    19.99693
    20.00000
     6.49658
     9.26842
    20.00000
    20.00000
    10.17928
    19.99079
    20.00000
    19.99987
    20.00000
    20.00000
    20.00000
    20.00000
     9.29494
    19.99893
     7.52186
    20.00000
    19.99960
    18.95525
     6.93950
    20.00000
    20.00000
    11.91000
    20.00000
     8.75500
    20.00000
    20.00000
    20.00000
    20.00000
    14.08234
     9.29594
    20.00000
     6.49856
    20.00000
    20.00000
    19.86432
    20.00000
    19.59428
     8.62943
    20.00000
    20.00000
    19.85537
     5.34339
    20.00000
    20.00000
    20.00000
    20.00000
    20.00000
    19.86979
    19.99693
    20.00000
    20.00000
    20.00000
    19.68950
    20.00000
     5.34339
    20.00000
    20.00000
    20.00000
    14.12734
    20.00000
    19.58787
    20.00000
    19.34695
    10.19625
    20.00000
    20.00000
     6.50554
    20.00000
    20.00000
     5.34339
    19.90238
    20.00000
    20.00000
    20.00000
    19.95059
    20.00000
    11.50552
    20.00000
    19.99973
    20.00000
    19.72863
    19.99973
     5.34339
    19.99907
    20.00000
    19.99399
    18.88300
    20.00000
    20.00000
    20.00000
    19.57131
    20.00000
    20.00000
    19.93256
     5.34339
    11.97126
    11.90724
    20.00000
    20.00000
    20.00000
    20.00000
    20.00000
     9.26599
     9.27347
    20.00000
    19.99947
    20.00000
     7.13358
    19.99973
    20.00000
     5.34339
    20.00000
     6.95180
    19.99706
    20.00000
     5.77806
    11.87912
     7.86141
    19.99880
    19.99960
    18.60335
    20.00000
    19.99546
    19.99947
    20.00000
    20.00000
    20.00000
    19.95726
    20.00000
    20.00000
    20.00000
    19.99292
    20.00000
    19.99225
    20.00000
    11.95580
    20.00000
     9.22160
    19.99292
     7.51640
    19.97035
    19.50480
    19.99973
    19.88982
    19.39182
     5.34339
    19.98932
    20.00000
    20.00000
    20.00000
    20.00000
    13.66006
    20.00000
    19.99947
    20.00000
     7.77437
     7.33715
    20.00000
    19.99987
    20.00000
     5.79441
    19.99786
     5.34339
    20.00000
    20.00000
    19.98304
    11.96789
    20.00000
    19.98264
    20.00000
    19.99987
     5.34339
    19.99452
    20.00000
    20.00000
    18.64008
    20.00000
    20.00000
    19.99640
    19.98678
    20.00000
    20.00000
    19.99973
     6.44883
    20.00000
    19.99907
     6.96836
    19.99920
    20.00000
    20.00000
    10.19584
    19.97997
    20.00000
    20.00000
    20.00000
    20.00000
    19.99145
    19.97957
    20.00000
    19.69978
    20.00000
     7.45009
    20.00000
    20.00000
    19.99840
     7.48642
     8.87199
    11.98899
    20.00000
    20.00000
    11.98541
    19.99786
    19.99987
    20.00000
    11.34220
    19.99065
     5.34339
    20.00000
    16.39753
    20.00000
     9.41550
    19.99987
    20.00000
    20.00000
     6.21274
    20.00000
    19.95339
     5.34339
    19.28592
    19.99800
    20.00000
     7.02251
    20.00000
    20.00000
    19.99987
    17.43974
    20.00000
    19.99933
    19.99960
    20.00000
    20.00000
    20.00000
    20.00000
     8.82090
    20.00000
     6.95716
     5.83305
     7.64905
    20.00000
    19.98304
    20.00000
    20.00000
    18.53257
    20.00000
    17.45377
    20.00000
    20.00000
    19.99359
    20.00000
    11.98811
    20.00000
     7.67935
     7.52095
    15.32834
    20.00000
    20.00000
    20.00000
    20.00000
    19.79193
     7.69824
    12.00104
    20.00000
    19.99893
    20.00000
     9.27213
     7.99683
    20.00000
    10.73801
    19.99987
    20.00000
    16.70296
    20.00000
    19.99987
    20.00000
     5.81650
    11.99129
    20.00000
    20.00000
    19.99292
    11.97012
    17.99891
    19.95940
    19.07972
     5.34339
    20.00000
    11.88985
    20.00000
    11.95014
     6.95855
    20.00000
    19.99920
    20.00000
     5.34339
    20.00000
    20.00000
    11.98956
    17.08985
    11.97289
    20.00000
    11.93796
    19.99907
    20.00000
    20.00000
    20.00000
    19.62780
    19.53859
    20.00000
    19.99426
    20.00000
    20.00000
    20.00000
    20.00000
    20.00000
    19.99920
    19.99973
    19.96154
    11.90438
    16.84385
    11.99732
    20.00000
    11.96858
     5.34339
    20.00000
    19.99960
    20.00000
     6.76778
    19.99760
    20.00000
    19.99987
     5.34571
    19.94845
    19.99680
     5.34339
    20.00000
    20.00000
    19.94818
     7.70422
    19.83320
    20.00000
    20.00000
    19.52430
    19.63822
    10.11404
    20.00000
    20.00000
     5.34339
    19.99386
    20.00000
    11.98529
    20.00000
    19.73838
    20.00000
    20.00000
    19.99947
    11.17496
     5.34339
    20.00000
     6.51028
    19.80862
    11.99838
    20.00000
    10.76167
    19.99813
    17.30579
    19.99947
    20.00000
    20.00000
     9.09106
    20.00000
    20.00000
    12.68675
    20.00000
    10.61161
    11.99857
    19.99987
    19.99813
     9.26645
    19.84602
    20.00000
    20.00000
    19.40077
    18.28871
     5.34339
     9.27657
    12.00581
    20.00000
    20.00000
     7.22847
    20.00000
    11.98731
     7.45321
    20.00000
    17.24463
    19.98224
    15.37776
    20.00000
    20.00000
    19.83413
    19.95606
    15.17984
    11.98010
    19.69925
    20.00000
    16.50838
    19.37032
    19.99693
    20.00000
     7.48921
    16.46844
    19.99025
    20.00000
    20.00000
    20.00000
    19.98424
    20.00000
    20.00000
    19.75561
     7.30724
    20.00000
    20.00000
    18.92066
    19.99506
    15.19279
    20.00000
    20.00000
    20.00000
    20.00000
    20.00000
    20.00000
     7.45535
    20.00000
    20.00000
    20.00000
    20.00000
    19.93136
    18.45511
     6.95070
    19.70900
    19.14155
    20.00000
    19.65999
    20.00000
    20.00000
    19.98664
    20.00000
    20.00000
    11.85302
    20.00000
    19.99920
    20.00000
    19.99720
    20.00000
    20.00000
    20.00000
    19.99693
     7.18979
    20.00000
    20.00000
    20.00000
     6.52702
    20.00000
    20.00000
    20.00000
    19.99987
     5.34339
    20.00000
    20.00000
    20.00000
    20.00000
    20.00000
    20.00000
    19.99960
    20.00000
     9.05083
    19.69457
    20.00000
    20.00000
    19.91934
     7.15164
    19.99947
    20.00000
    20.00000
    19.75227
     9.27771
    19.94337
    10.65462
    20.00000
    19.99973
    14.69466
    11.94594
    20.00000
    19.99826
    20.00000
    19.99693
     7.46312
    10.22180
     5.34339
    20.00000
    19.99479
    11.95262
    19.99706
    20.00000
    13.25474
    20.00000
    19.99840
    20.00000
    11.71765
    11.88953
    20.00000
    19.99987
    20.00000
    20.00000
    19.79554
    20.00000
    20.00000
    17.70030
    19.63915
    20.00000
    12.66472
    17.60187
    20.00000
    19.73157
    15.75877
    20.00000
    15.83756
     7.03886
    20.00000
    19.90892
    20.00000
    20.00000
    19.77978
    20.00000
    19.98598
    19.98384
    18.55968
    19.95139
    19.80569
    20.00000
    19.99987
    20.00000
    19.94792
    19.98758
     5.34339
    20.00000
    19.99987
    19.99947
    20.00000
    19.99412
     7.51469
    20.00000
    20.00000
    12.14401
    20.00000
    20.00000
     9.42682
    19.99960
    19.99626
    20.00000
    10.20027
     5.34429
    18.19336
    19.99773
    20.00000
    20.00000
    19.99907
    17.38686
     9.08929
    20.00000
     9.68521
    19.93176
    20.00000
    20.00000
    19.47596
    19.99680
    20.00000
    20.00000
    20.00000
    19.11618
    20.00000
    20.00000
    20.00000
    19.74199
    16.70910
    20.00000
    20.00000
    19.99987
    20.00000
    11.98459
    19.97449
    19.39209
    11.99155
    20.00000
    19.99052
    20.00000
    20.00000
    20.00000
    20.00000
    19.91279
    19.99599
    14.63122
    20.00000
    19.97516
    20.00000
    19.99733
    20.00000
    20.00000
    19.99933
    19.99586
    19.75854
     9.27085
    20.00000
     9.07188
    20.00000
    19.91760
    20.00000
    20.00000
    19.99987
    20.00000
    20.00000
    20.00000
    20.00000
    20.00000
    19.89009
    20.00000
    19.99987
    19.99599
    20.00000
    11.91522
    20.00000
     8.63117
     5.34339
    20.00000
     9.27686
    19.99987
    20.00000
    20.00000
    20.00000
    19.45606
    20.00000
    19.87500
    19.49345
    20.00000
    20.00000
    19.99973
    20.00000
    20.00000
    19.99786
    20.00000
    19.99973
    19.98264
    20.00000
    20.00000
    19.86912
    18.31449
    10.68246
    19.92882
    20.00000
    11.97205
    20.00000
     5.34339
    18.18842
    20.00000
    20.00000
    19.93002
    20.00000
    20.00000
    20.00000
    20.00000
    20.00000
    19.90331
     9.80774
    20.00000
    20.00000
    20.00000
    14.85625
    20.00000
    20.00000
    20.00000
    10.83066
    19.99252
    19.99987
    19.96621
    20.00000
    19.78966
     5.34339
    19.99666
     7.23640
    18.83319
    20.00000
    19.97396
    19.99599
    20.00000
    20.00000
    20.00000
    20.00000
    20.00000
    19.99973
    20.00000
    20.00000
    20.00000
    20.00000
    19.99973
    11.96986
    18.74785
    20.00000
    20.00000
    20.00000
     5.34339
    20.00000
    20.00000
    20.00000
    20.00000
    19.70940
    18.62806
    19.44978
    20.00000
    20.00000
    19.20579
    20.00000
    19.42347
    20.00000
    20.00000
    20.00000
    20.00000
    20.00000
    20.00000
     5.34339
    20.00000
    20.00000
    20.00000
    19.98851
    10.76568
    11.26926
    19.99613
    20.00000
    20.00000
     6.95605
    20.00000
    19.99973
    20.00000
     7.49841
    12.00227
    11.97255
    19.99800
    20.00000
    19.89316
    20.00000
    19.31196
     9.60057
     9.09843
     6.75216
    19.96595
    20.00000
    20.00000
     8.17332
    19.99933
     6.16977
    19.99880
    19.70339
    11.86349
    20.00000
    20.00000
     9.26687
    20.00000
    20.00000
     6.76474
    20.00000
    20.00000
    19.26228
     8.63796
    19.86084
    20.00000
    12.00189
    20.00000
    20.00000
    19.36431
    20.00000
    11.43488
    20.00000
    18.66906
    20.00000
    19.99907
    20.00000
    19.99319
    10.11809
     5.34339
    20.00000
     7.75352
    17.66010
    19.99813
    20.00000
    20.00000
    19.99960
    20.00000
    19.98851
    19.34588
    20.00000
    19.98037
    19.99399
    20.00000
    20.00000
     7.85709
    11.95210
    20.00000
    18.01173
    19.97075
    20.00000
    20.00000
    20.00000
    19.99973
    20.00000
    20.00000
    20.00000
    20.00000
     9.04072
    20.00000
    19.33105
    20.00000
     5.34339
    11.98112
    11.99872
    20.00000
    11.99869
    20.00000
    20.00000
    20.00000
    20.00000
    19.97302
    20.00000
    11.88854
    19.94765
    20.00000
    20.00000
    20.00000
    20.00000
    20.00000
    20.00000
    20.00000
     5.34339
    11.72836
    12.00719
    19.98464
    20.00000
    10.16596
    19.99987
    20.00000
    19.97636
    19.99559
    20.00000
    20.00000
    20.00000
    20.00000
    20.00000
    20.00000
    19.99987
    20.00000
    19.99987
    20.00000
    18.99265
    19.97703
     5.34339
     9.14219
    14.12080
    20.00000
    20.00000
    19.99132
    20.00000
     5.34339
     7.63422
    19.99760
    19.99973
     7.51135
     6.00327
    20.00000
    20.00000
    19.98932
    18.72274
    19.99933
    19.98932
    20.00000
    19.24158
    19.98811
    20.00000
    20.00000
    20.00000
    11.85174
    19.99880
    20.00000
     7.27791
    19.91773
    19.99746
    20.00000
    11.98391
    10.84031
    20.00000
     6.77768
    11.91300
    20.00000
    19.68710
    20.00000
    19.99893
    10.61850
    20.00000
    20.00000
    19.74105
    20.00000
    19.99866
    19.96635
    15.75596
    19.69938
    19.99893
    20.00000
     9.99252
    11.86262
    20.00000
    20.00000
    19.28845
    20.00000
    19.99947
     7.47610
    19.99973
     8.80497
    19.99987
    20.00000
    20.00000
    20.00000
     9.79211
    19.99973
    20.00000
    19.99920
    20.00000
    20.00000
    19.23317
    20.00000
     8.49344
    20.00000
    19.94578
     5.92454
     7.09097
    20.00000
    20.00000
     7.59643
    18.44523
    20.00000
    19.99973
     9.20982
    20.00000
    12.36918
    10.45365
    19.94685
    14.10117
    19.99933
    11.85129
    19.99786
    20.00000
    10.96001
    19.85176
    20.00000
    19.99973
     7.45234
    20.00000
    18.30180
    17.45016
    19.54366
    11.97728
    17.62310
    15.72084
    10.91951
     8.99785
    19.44658
    11.98953
    20.00000
     5.34339
    20.00000
    20.00000
    19.99412
    14.84784
    20.00000
    19.99052
    20.00000
    19.99185
    10.95021
    19.99559
    19.86992
    20.00000
    20.00000
    20.00000
    20.00000
    19.98544
    11.98030
    20.00000
     9.74454
    20.00000
    20.00000
    19.89650
    19.44083
    20.00000
    19.99987
    20.00000
    19.99546
    20.00000
     7.48415
    19.99893
     9.37083
    20.00000
     5.34339
    20.00000
    20.00000
     6.96735
    20.00000
    10.19981
    19.22435
     7.43859
    20.00000
    20.00000
    20.00000
    19.85390
    19.45966
    20.00000
    19.99987
    19.04406
    20.00000
    20.00000
    20.00000
     9.61709
     8.99680
    15.02131
    19.33212
    19.53525
    14.90459
    19.99706
    20.00000
    19.73998
    12.69170
    19.99840
    20.00000
    20.00000
    20.00000
    20.00000
    20.00000
    20.00000
    19.97890
    19.99105
    20.00000
    20.00000
    19.97396
    19.53739
    20.00000
    20.00000
    19.92561
    20.00000
    19.99733
    20.00000
    12.00336
    20.00000
    20.00000
    20.00000
    19.95553
    11.86565
    19.99506
    20.00000
    19.99987
    19.85283
     5.34339
    11.90514
     8.24426
    20.00000
    20.00000
    20.00000
    19.98491
    20.00000
    20.00000
    19.98651
    20.00000
    20.00000
    11.99139
    20.00000
    20.00000
    19.99693
    20.00000
    20.00000
    16.67745
    20.00000
    20.00000
    19.98918
    20.00000
    19.48103
    10.52951
    11.89022
     6.10833
     5.34339
    20.00000
    19.99586
     5.34339
     9.47733
    20.00000
    19.95272
    19.99973
    20.00000
    20.00000
    20.00000
    20.00000
    19.99933
    19.99893
    19.99987
    19.93096
    20.00000
    19.83640
    19.99973
    19.99826
    19.99987
    20.00000
    20.00000
    20.00000
    20.00000
    20.00000
    20.00000
    19.87219
    20.00000
    19.99987
    20.00000
     5.34339
    19.99439
    20.00000
    17.44922
    19.99546
    20.00000
    19.99987
     8.61353
    20.00000
    19.99947
    19.90131
    20.00000
    20.00000
    20.00000
     9.27782
    11.95447
    19.82519
    19.99680
     5.34339
    20.00000
    11.97992
    20.00000
    19.57358
    20.00000
    19.99987
    20.00000
    19.99987
    20.00000
    20.00000
    20.00000
     7.85819
    19.88648
    19.98464
    20.00000
    19.99506
    18.95058
    20.00000
    20.00000
    20.00000
    19.99973
    20.00000
     5.34339
    11.97196
    11.99215
    20.00000
    19.98077
    10.22550
    19.76175
     5.34339
     6.51848
     5.70059
     7.84365
     5.34339
    19.96408
    20.00000
    20.00000
    19.50427
     5.34339
     7.55852
    19.99893
     9.55510
    19.99933
    10.19257
     7.34634
    20.00000
    20.00000
    20.00000
     9.76326
    20.00000
    20.00000
    19.98998
    20.00000
    20.00000
    20.00000
    19.99973
     9.36829
    18.15316
    20.00000
    20.00000
    19.84228
     7.67193
    11.99471
    19.99893
    17.36055
     9.27797
    20.00000
    20.00000
     5.34339
    11.97537
     7.84168
    20.00000
     5.34339
    20.00000
    20.00000
    20.00000
    20.00000
     5.34339
     7.68384
    20.00000
    20.00000
     8.50206
    19.98104
     5.34339
    11.85291
    19.73290
    11.99235
    19.92228
    19.99159
     5.73999
    19.99706
     6.68947
    20.00000
    20.00000
    13.50594
    19.98745
    20.00000
    20.00000
    20.00000
    20.00000
    20.00000
    20.00000
    20.00000
    20.00000
    16.46297
    11.08016
    19.99626
    20.00000
    20.00000
    19.99613
    20.00000
    18.68468
    17.65409
    18.80247
    19.99973
    20.00000
    20.00000
    17.18547
    20.00000
    19.97262
    19.99947
    18.98116
    20.00000
    20.00000
    19.99987
    11.99810
    20.00000
    20.00000
    10.84813
    20.00000
    18.38607
    20.00000
    20.00000
    20.00000
    20.00000
    19.91787
    20.00000
     5.77057
     9.74199
    20.00000
    19.98918
     7.89587
    19.99880
    20.00000
    19.99973
    20.00000
     5.34339
    20.00000
    20.00000
    19.94618
    20.00000
     7.66013
    20.00000
    19.99599
    19.94231
    20.00000
    19.98851
    11.99005
    20.00000
    19.93950
    20.00000
     5.34339
    18.37044
     7.28133
    20.00000
    20.00000
    20.00000
    20.00000
    20.00000
    14.58381
     5.34339
    19.99987
    11.17535
    19.99840
    20.00000
    11.02290
    20.00000
    18.84254
    13.13975
    19.99039
    20.00000
    20.00000
    19.32959
    11.90092
    20.00000
    20.00000
    18.76922
    11.94341
    20.00000
    19.99973
    20.00000
    20.00000
    20.00000
    11.98647
    20.00000
    20.00000
     8.22235
     6.04536
    11.88604
    19.99746
    20.00000
    19.74652
    19.87901
    19.99987
    20.00000
    19.61511
    18.66652
    20.00000
    20.00000
    19.99987
    11.89937
    20.00000
    20.00000
    19.42561
     5.34339
    20.00000
    19.90732
    20.00000
    10.36649
    19.99840
    19.98478
    19.83360
    20.00000
    19.89249
    11.99080
    19.99973
    20.00000
    19.98798
    20.00000
    20.00000
    19.99987
    20.00000
    19.99426
    20.00000
     7.82247
    20.00000
    19.99947
    20.00000
    20.00000
     7.14334
    20.00000
     6.96632
    20.00000
    19.99746
    20.00000
    19.99893
    10.20096
    19.95753
    20.00000
    20.00000
    20.00000
     5.34339
    19.96795
    20.00000
    19.99853
    19.99973
    12.00111
    19.81143
    19.91333
    19.73437
    20.00000
    20.00000
    19.98731
    20.00000
    19.81477
     9.07103
    19.99987
    19.13901
    19.99987
    19.94524
    20.00000
    20.00000
    20.00000
     8.51648
    16.67892
    20.00000
    19.99826
    19.99866
     5.34339
    19.41346
     7.63234
    20.00000
    11.93087
    20.00000
    20.00000
    12.00075
    19.98157
    19.87500
    20.00000
    20.00000
     9.26682
    11.97659
    20.00000
    20.00000
    20.00000
     9.79256
    19.99907
    20.00000
     7.00099
     9.26894
    19.86712
    20.00000
    20.00000
     8.25777
    20.00000
    20.00000
    16.92571
    20.00000
    19.99853
    20.00000
    20.00000
    20.00000
     6.01857
     9.66075
    10.07077
    20.00000
    20.00000
    20.00000
    20.00000
    11.92112
    20.00000
    20.00000
    20.00000
    19.97970
    11.97029
    19.95980
    20.00000
     6.12965
    19.13260
    18.44256
    20.00000
    19.92855
     5.34339
    19.99973
    20.00000
    10.52994
    20.00000
     6.51394
    20.00000
    19.99880
    18.82598
    19.71314
    14.26116
    20.00000
     8.60814
    20.00000
    19.99960
    20.00000
    20.00000
    11.99338
    19.98678
    19.98117
    20.00000
    20.00000
     5.34339
    19.73784
    11.91851
    20.00000
    10.04683
    20.00000
    20.00000
    20.00000
     9.26784
    19.99987
    19.99987
    20.00000
    19.99105
     5.34339
    19.73063
    18.28123
    11.99270
    20.00000
    20.00000
    19.96595
    20.00000
    19.98584
    20.00000
    20.00000
    20.00000
    20.00000
    19.99973
    18.98583
    20.00000
     5.34339
    19.99987
    11.48592
    20.00000
    20.00000
     5.34339
     5.34339
    19.99973
     7.66175
    20.00000
    19.68950
    11.49718
    20.00000
    20.00000
    12.00550
    19.96875
    19.99987
    20.00000
    19.99866
    20.00000
    11.98424
    20.00000
    20.00000
    19.99599
     7.45959
    19.68856
    17.15408
    19.96648
    19.99987
    19.62660
    20.00000
     9.74897
    20.00000
    20.00000
    19.99947
     6.97421
    19.99907
     9.96210
    19.80809
    18.90891
    20.00000
    16.30805
     5.34339
     5.34339
    11.91742
    20.00000
    20.00000
    10.22015
    20.00000
    11.97813
    19.97890
     5.34339
     5.34339
    11.97589
    11.83742
    20.00000
    20.00000
    19.98865
    20.00000
    20.00000
    20.00000
    20.00000
    19.99840
    20.00000
    20.00000
    20.00000
    20.00000
    20.00000
    20.00000
    12.00345
    11.91755
    20.00000
    10.22390
    20.00000
    19.99720
    20.00000
    19.99092
    20.00000
     6.47087
    20.00000
     7.27729
    20.00000
    20.00000
    19.98718
    19.99599
    20.00000
    19.97329
     6.48515
    19.94231
    18.78057
    19.96808
    20.00000
     5.34339
     5.34548
    20.00000
    20.00000
    19.99907
    20.00000
    18.33559
    20.00000
    20.00000
    20.00000
    20.00000
    20.00000
    20.00000
    20.00000
    19.97676
    20.00000
    20.00000
     9.27127
    20.00000
    16.96404
    20.00000
    19.76122
    15.67784
    11.99458
    17.33517
    20.00000
    11.97103
    20.00000
    20.00000
     9.93656
    20.00000
    19.67775
    20.00000
    20.00000
    15.15126
    20.00000
    19.99720
    19.48130
    19.99813
    20.00000
    11.85424
    20.00000
    20.00000
    15.28601
    20.00000
    13.64109
    19.73531
    18.03136
    19.99786
    12.40043
    19.63768
    11.98108
    20.00000
     5.34733
    19.99746
    20.00000
    18.27682
    19.99987
    20.00000
    20.00000
    19.94110
     9.27418
    19.99973
    19.87433
    20.00000
    19.10896
    19.95206
    20.00000
    19.99973
    12.00700
     7.61794
    15.70642
    10.74561
    19.99907
    20.00000
    19.99920
    19.97449
     5.34339
    19.99987
     7.51254
    18.76374
    19.99960
    18.69764
    10.00915
    20.00000
    20.00000
    20.00000
    19.95312
    17.28563
    19.99773
    20.00000
    19.99813
    20.00000
    19.71367
    19.99907
     5.34339
     5.34449
    20.00000
    20.00000
    20.00000
    19.99987
    19.19644
    20.00000
    20.00000
    11.52960
     5.34339
    11.97694
    10.62939
    19.94151
    20.00000
    20.00000
    19.90812
    20.00000
     8.45433
    20.00000
     9.27141
    19.55448
     5.34339
    20.00000
    20.00000
    20.00000
    11.99253
     5.34339
    20.00000
    19.99666
    20.00000
    20.00000
    20.00000
    20.00000
    20.00000
    19.99973
     5.34339
    20.00000
    10.18914
    19.66640
    19.99987
    11.96302
    19.94191
    20.00000
    11.87162
    11.57564
    19.31423
    19.99733
    19.99987
     5.34339
    20.00000
     9.74860
     5.34339
    20.00000
    20.00000
    20.00000
    14.82754
    20.00000
     9.97287
    19.99680
    20.00000
    20.00000
    20.00000
     9.72132
    20.00000
    19.45445
    19.99987
    20.00000
     5.34339
    10.50611
    20.00000
    20.00000
    20.00000
    20.00000
    19.56850
    20.00000
    20.00000
    20.00000
     7.85856
     6.52892
    20.00000
    19.98598
     7.69592
    19.99947
     5.82272
     5.34339
    11.97672
    20.00000
    17.12911
    19.99145
    20.00000
    20.00000
    19.98050
    19.91787
    20.00000
     5.34339
     5.34339
    19.23584
    20.00000
     5.34339
    11.97985
    20.00000
    20.00000
    20.00000
    20.00000
     9.26615
     5.34339
    20.00000
    11.27792
    20.00000
    20.00000
    19.99119
    20.00000
    20.00000
    20.00000
     7.45278
     7.85841
    11.16161
    20.00000
     7.17257
    20.00000
    20.00000
    19.99239
    20.00000
     5.34339
    11.99764
    20.00000
    19.84482
    20.00000
    20.00000
    20.00000
    19.47048
    20.00000
    20.00000
    19.40865
    20.00000
    11.88071
    19.97823
    12.23349
    20.00000
    19.99119
    20.00000
    20.00000
     5.34339
    19.98464
    10.94318
    14.95547
    19.90491
    18.61390
    19.71527
    20.00000
    20.00000
    19.98384
    20.00000
    19.99907
    19.99960
    19.99893
    20.00000
     5.34339
     5.34339
    20.00000
    20.00000
    20.00000
    20.00000
    19.99973
    19.99933
    12.10448
    20.00000
    20.00000
    20.00000
     9.28142
    14.74781
    20.00000
    20.00000
    20.00000
    19.97823
    19.55448
    20.00000
    19.99800
    19.59001
    11.63805
    20.00000
    20.00000
    19.99439
    20.00000
    20.00000
    20.00000
    10.68846
     7.45461
    20.00000
    20.00000
    20.00000
    19.97369
    19.99973
    20.00000
    19.95339
    19.99866
    20.00000
    20.00000
    15.87389
    10.41352
    20.00000
    11.91907
    20.00000
    20.00000
    19.99880
    20.00000
     7.95076
    11.99479
    20.00000
    15.20775
    20.00000
    20.00000
    20.00000
    19.97703
    20.00000
    19.99893
    20.00000
    19.58907
    20.00000
     7.16824
    18.63420
    20.00000
    19.26321
    19.99987
    11.97755
    20.00000
    18.72355
    19.90211
    16.82916
    20.00000
     6.45684
    19.99987
     6.15600
    20.00000
    16.97406
    19.99653
    18.64382
    20.00000
    20.00000
    19.99987
    20.00000
    20.00000
    20.00000
    11.99272
    11.96607
    20.00000
     5.34339
    19.89717
    20.00000
    19.76455
    20.00000
    11.97563
    19.99973
     7.13354
    19.99987
    19.86098
    20.00000
    18.61457
    19.89583
    20.00000
    20.00000
    19.99987
    20.00000
    19.99680
    19.97462
    20.00000
     5.34339
    19.93496
    20.00000
    19.63541
    18.74091
    19.90051
    20.00000
    20.00000
    18.85415
     9.10484
    20.00000
     5.34339
    11.11876
    20.00000
    20.00000
    20.00000
    19.85710
    20.00000
    19.56797
    20.00000
    11.00027
    19.99252
    12.78919
     5.34339
    19.99987
    19.98745
    20.00000
    20.00000
    20.00000
     5.34339
    20.00000
    19.99907
    20.00000
    17.37057
     6.94751
    19.97169
    20.00000
    19.99746
    20.00000
    20.00000
    20.00000
    20.00000
    20.00000
     5.34339
    18.30500
    20.00000
    20.00000
     5.34339
    13.01341
    20.00000
    19.82158
    11.97274
    19.99533
    20.00000
    20.00000
    19.86191
    20.00000
    20.00000
    11.97473
    20.00000
    20.00000
     7.64763
    20.00000
     6.50826
    20.00000
     7.48615
    20.00000
     5.34501
    20.00000
    20.00000
    20.00000
    20.00000
     6.13999
     7.74933
     7.88871
    20.00000
     9.52160
    16.40995
    19.92641
    20.00000
    20.00000
    19.98785
    19.90264
    11.98593
     9.16434
    19.96448
    20.00000
    20.00000
    19.99987
    20.00000
    20.00000
     5.69205
    19.99012
    20.00000
    19.97396
    19.93657
    19.37927
    20.00000
     8.50955
    15.60719
    20.00000
    12.00539
     9.50435
    20.00000
    19.99880
    20.00000
    20.00000
    20.00000
    19.98705
    15.68932
    11.86455
    11.96654
    19.99933
    19.98397
    20.00000
    19.80075
    20.00000
    20.00000
     5.34339
    20.00000
    20.00000
    20.00000
    11.96817
    20.00000
     6.08546
    20.00000
     5.34339
    20.00000
    19.98998
     6.75000
    20.00000
    19.99880
    10.19238
    11.99136
    11.98747
    20.00000
    19.99987
    20.00000
    19.99973
    20.00000
    20.00000
    20.00000
    19.99720
     6.05456
    20.00000
    20.00000
    19.99987
    20.00000
     7.13709
    20.00000
    19.99025
    19.99973
    20.00000
     7.13684
    19.99987
     5.34339
    19.99907
    18.90651
    16.99823
    20.00000
    20.00000
    20.00000
     5.82803
    20.00000
    20.00000
    20.00000
     9.93758
    17.27294
    10.54188
    20.00000
    11.97428
    16.72112
    20.00000
    20.00000
    19.43349
    20.00000
    20.00000
    19.99559
    20.00000
    20.00000
    20.00000
    20.00000
    19.99920
    11.94294
    19.99987
    16.28789
     5.34339
     8.53640
    20.00000
    20.00000
    20.00000
    20.00000
    19.80489
     7.97261
    19.96635
    19.99920
    17.73529
     5.34339
    19.99533
    20.00000
    20.00000
    20.00000
    11.96930
    20.00000
    19.36578
    20.00000
     5.34339
    20.00000
    20.00000
    19.48904
    20.00000
     9.30276
    20.00000
    19.94364
    20.00000
    20.00000
    20.00000
    20.00000
    20.00000
    13.22829
    20.00000
    20.00000
     9.64775
    20.00000
    11.97103
    11.99629
     7.45479
    20.00000
    11.91084
    17.74063
    20.00000
    20.00000
    19.98291
    20.00000
     5.34339
     5.34339
    20.00000
    20.00000
    20.00000
    11.98697
     8.50224
    20.00000
    19.86992
     6.52029
    17.46004
    20.00000
    20.00000
    17.64808
    20.00000
    19.36484
    18.70792
    20.00000
    14.38148
    19.99987
     9.57533
     5.34339
    19.99947
    20.00000
    20.00000
    20.00000
    19.24652
    19.96675
    19.99987
    20.00000
    19.95019
     5.34339
    10.57807
     9.27580
    20.00000
    19.67922
    19.96114
    11.92705
    19.99960
     5.34339
    20.00000
    20.00000
    19.00600
    11.57371
    19.99960
    19.99947
    19.20859
    20.00000
     7.14164
    11.99900
    11.96640
    20.00000
    20.00000
    10.32770
    20.00000
     8.24416
     9.26972
    20.00000
    20.00000
    20.00000
    20.00000
     6.92895
    20.00000
    11.97793
    20.00000
    19.08666
    11.98545
    20.00000
    20.00000
    19.99599
    19.99947
     9.26559
    20.00000
    17.18974
    20.00000
    20.00000
    11.97498
    20.00000
    20.00000
    19.90825
    20.00000
    20.00000
    20.00000
     5.34339
    19.99840
    19.78806
    11.94498
    20.00000
    19.98651
    20.00000
    19.74532
    20.00000
    19.99987
    11.97106
    19.99452
    20.00000
    20.00000
    20.00000
    20.00000
    20.00000
    20.00000
    19.98344
    20.00000
    14.94306
     7.48003
    11.92692
    19.99720
    19.76789
    20.00000
    12.00546
    20.00000
     8.61726
     9.93031
     6.92744
    12.97575
    19.99893
    10.85986
    20.00000
    19.87046
    20.00000
    20.00000
     5.34339
    20.00000
    20.00000
    20.00000
    19.98718
    11.91769
    19.99212
    20.00000
    20.00000
    20.00000
    20.00000
    20.00000
    17.13525
    16.00904
     6.93262
    20.00000
    12.00634
    19.98277
    20.00000
    17.15382
    20.00000
    20.00000
    20.00000
    20.00000
    20.00000
    20.00000
    19.99826
    20.00000
    17.83678
    20.00000
     7.38988
    20.00000
    11.93352
    19.94965
    20.00000
    18.61777
    20.00000
     5.66001
    20.00000
    20.00000
    20.00000
    15.46697
    11.99341
    20.00000
    20.00000
    20.00000
     9.74179
    20.00000
    11.99776
    20.00000
    19.99386
    19.99653
    19.97703
    19.88435
    19.95860
    20.00000
    20.00000
    19.99973
    20.00000
    20.00000
    19.79994
    19.99987
    20.00000
    19.99973
    20.00000
    20.00000
    20.00000
    11.99997
    20.00000
    19.48851
    18.59307
    20.00000
    20.00000
    19.77831
    20.00000
    10.35548
     7.85728
    20.00000
    20.00000
    19.98371
     9.06790
    16.34211
    19.99960
    20.00000
    20.00000
     5.34339
    19.99987
    19.99012
     5.34339
     5.98292
    20.00000
    20.00000
    19.99973
    19.99960
    18.45458
     9.26805
    20.00000
     5.34339
    19.99987
    20.00000
    19.99893
    20.00000
    19.99933
    19.99052
    19.99439
    20.00000
    19.99452
     8.25643
    20.00000
    19.99893
    18.48396
    20.00000
     5.34339
    11.99517
    20.00000
    20.00000
    20.00000
    19.94070
    11.91513
    20.00000
    19.99252
    20.00000
    20.00000
    20.00000
    19.99519
    18.48850
    20.00000
    20.00000
     7.62218
    20.00000
    19.99987
    10.22877
    19.99479
    19.93162
    20.00000
    20.00000
    19.99800
    20.00000
    19.32037
     5.97400
    20.00000
    20.00000
     9.71910
    19.25774
     5.34339
    20.00000
    20.00000
    20.00000
    19.84749
     9.68390
     5.34746
    20.00000
    20.00000
    18.25412
    19.99907
     5.34339
    19.89837
     6.95129
    20.00000
    19.99973
     5.77587
    20.00000
    18.07530
     9.40637
    20.00000
    11.54512
    20.00000
    19.71955
    10.18290
     5.34339
    20.00000
    19.99880
    20.00000
     5.34339
    19.81263
    20.00000
    20.00000
    19.70085
    20.00000
    19.97877
    20.00000
    19.73250
    20.00000
    11.99051
    20.00000
    19.99987
    20.00000
    20.00000
    19.99039
    14.58475
    11.99163
    20.00000
    12.00450
    19.90158
     8.98344
    20.00000
    20.00000
    19.98798
    19.96968
    20.00000
    20.00000
    19.97703
    20.00000
    19.26882
    20.00000
    19.99893
     5.83142
    20.00000
     5.84170
    20.00000
    19.99987
    12.00650
    20.00000
    20.00000
    20.00000
     6.95807
    20.00000
    19.74385
    11.43339
     5.76892
    20.00000
    16.40247
     7.00485
     8.60524
    19.99987
    19.99920
    20.00000
    20.00000
    11.99245
    16.27266
     7.13292
    19.16078
    12.00090
    19.84495
    20.00000
    18.69176
    20.00000
    19.99987
    10.15946
    19.51616
    20.00000
    20.00000
    19.99853
    20.00000
    20.00000
    19.99960
     7.85753
    19.76856
    20.00000
     5.64347
    19.99826
    19.97422
     9.89980
    20.00000
    17.89594
     5.34339
    18.12645
    20.00000
    19.99493
    20.00000
    19.99960
    19.93964
    12.98964
    19.80515
    19.96314
    17.45123
    19.99987
    20.00000
    19.99826
    20.00000
    19.10830
     9.60534
     5.34339
    11.96903
    11.86470
    20.00000
    11.12993
    20.00000
    18.81609
    19.98104
    20.00000
    19.86979
    20.00000
    19.99987
    20.00000
    19.99947
    20.00000
    20.00000
    19.95566
     5.34339
    20.00000
    16.66329
    20.00000
    19.99773
    20.00000
    20.00000
    19.99706
    19.97382
    20.00000
    20.00000
    19.99866
    20.00000
    20.00000
    19.75841
    20.00000
    20.00000
    19.98304
    20.00000
    20.00000
    16.80753
    20.00000
    11.97786
     7.62683
     7.65802
    11.98246
     5.34339
    19.91827
    20.00000
    20.00000
    15.21483
    20.00000
    20.00000
    19.96755
    19.99987
    20.00000
     5.34339
    20.00000
    20.00000
    19.97169
    20.00000
    20.00000
     5.34339
    20.00000
    20.00000
    20.00000
    19.99960
    19.94885
    19.96314
    20.00000
    19.91039
    20.00000
     5.74566
    20.00000
    11.56233
    20.00000
    20.00000
    11.85656
    20.00000
    19.99706
    20.00000
    19.99987
    19.97249
    19.99960
    19.99947
     7.93821
     5.34339
    20.00000
    20.00000
    19.98224
    20.00000
    20.00000
    20.00000
    20.00000
    20.00000
    20.00000
    19.99973
    13.33313
    19.99933
    19.99987
    11.88206
    20.00000
    20.00000
    19.99920
    19.99973
    20.00000
    20.00000
    19.99813
    10.67334
    20.00000
    19.79407
    19.70780
     7.80826
    19.92201
    19.97289
    19.99987
    11.99405
    15.72325
    20.00000
    20.00000
    19.98745
    20.00000
    20.00000
    18.80781
    20.00000
    19.99987
    19.99640
    20.00000
    19.79140
    11.98720
    20.00000
    20.00000
    20.00000
    20.00000
    20.00000
    20.00000
    19.96194
    20.00000
    20.00000
    20.00000
    11.97167
    18.30140
    19.92535
    20.00000
    20.00000
    11.94765
    19.96982
     5.34339
    20.00000
    12.00214
    20.00000
    20.00000
    19.87527
    19.99973
    11.96642
    19.81771
    19.26628
    20.00000
    20.00000
    11.98249
    20.00000
    11.89834
    20.00000
     5.34339
     6.80705
     5.34339
     9.27092
    18.35388
    19.99533
    19.99987
    15.94160
     5.34339
     5.34339
    17.85548
    11.97157
    19.99012
    19.55221
    19.93269
    19.98104
    20.00000
    19.96701
    20.00000
    12.05601
    20.00000
    20.00000
    14.68197
    20.00000
     7.62772
    19.58587
     9.48995
    20.00000
     7.93607
    11.98333
    19.68082
    20.00000
    20.00000
    20.00000
    20.00000
    20.00000
    20.00000
    20.00000
    19.99960
    19.50961
    19.98224
    19.95726
    19.95045
    20.00000
     5.74265
    20.00000
    20.00000
    17.84159
     9.26682
    20.00000
    20.00000
    11.90360
    11.89342
    11.76370
    20.00000
     5.61616
    20.00000
    20.00000
    20.00000
    20.00000
    20.00000
    11.99398
    20.00000
    19.43776
    13.78559
    20.00000
    19.99813
    20.00000
    18.89689
    20.00000
     7.39886
     5.34339
     5.34339
    20.00000
    19.99933
    20.00000
    18.95966
    20.00000
    20.00000
    20.00000
    20.00000
    19.98985
    20.00000
    20.00000
    20.00000
    20.00000
    20.00000
    20.00000
    20.00000
    19.82078
    20.00000
    20.00000
    19.58760
    19.83093
    20.00000
    20.00000
    19.99800
    19.64409
    19.99973
    20.00000
    19.94511
    20.00000
    11.92499
    20.00000
    20.00000
    16.90956
    19.99933
    19.97529
     5.34339
    19.99813
    20.00000
    20.00000
    19.99973
    11.98029
    20.00000
    20.00000
    20.00000
    16.88979
    20.00000
    20.00000
     5.34339
     7.12840
    19.99640
    19.85189
    19.89343
    20.00000
    20.00000
    19.38127
    11.70601
    20.00000
    20.00000
    20.00000
     5.34339
    20.00000
    19.99920
     5.34339
     5.34339
    19.62206
    17.46472
    20.00000
    11.43278
    20.00000
    20.00000
    20.00000
    20.00000
    15.49902
    19.96982
    11.86017
    20.00000
    20.00000
    11.99610
     7.70774
    20.00000
    19.98678
    20.00000
     9.08691
    19.84682
    15.25502
    20.00000
     9.13376
    19.29420
    20.00000
    20.00000
    20.00000
    19.99960
     8.72641
    20.00000
     8.59079
    20.00000
    20.00000
    17.70711
     5.34339
    11.93505
     6.13384
    20.00000
    19.99853
    19.99933
    18.78818
    20.00000
    20.00000
    20.00000
    20.00000
    19.98731
    20.00000
    19.99613
    20.00000
    11.98614
    20.00000
    20.00000
    12.00294
     5.34339
    16.47673
    19.82104
    20.00000
    20.00000
     6.74737
    20.00000
    20.00000
     7.65294
    11.98602
     5.34339
    20.00000
    20.00000
     8.54501
    20.00000
    20.00000
    20.00000
     9.26980
    19.99987
     5.34339
     7.34483
    20.00000
    20.00000
    20.00000
    19.99987
    19.63328
     8.97702
    20.00000
    20.00000
    20.00000
    20.00000
    20.00000
    20.00000
    19.99907
    19.99973
     9.76348
    20.00000
    19.24358
     8.80793
    20.00000
     9.97147
    17.99944
    19.91466
    11.98645
    19.86164
    20.00000
    20.00000
    20.00000
    19.93523
     9.37946
    20.00000
    20.00000
    20.00000
    19.98624
    20.00000
    19.99907
    20.00000
    18.63340
    20.00000
    20.00000
    20.00000
    19.99412
    11.98401
    20.00000
    11.96428
    20.00000
    11.98632
     8.51092
    20.00000
    19.49799
    19.99800
    20.00000
    20.00000
    19.99920
    19.97396
    13.68530
    20.00000
    19.60149
    20.00000
    19.99987
     7.63783
     5.34339
    14.14003
     9.26636
    19.99720
     5.34339
    20.00000
    19.99613
    19.99386
    19.99933
    19.99933
    20.00000
    19.99947
    20.00000
    20.00000
     5.34339
    20.00000
     9.08945
     7.85381
    20.00000
    10.18768
    18.32918
    11.98308
    20.00000
    19.99987
    20.00000
    11.86245
    20.00000
    20.00000
     7.44962
    20.00000
    19.99800
    19.96888
    19.99773
     7.70094
    20.00000
     7.03784
    19.99973
    10.18806
    20.00000
    20.00000
    19.99826
    11.93608
    20.00000
    19.99813
    20.00000
    19.99973
     9.88744
    11.95583
    20.00000
    20.00000
    20.00000
    19.99987
     7.14587
    20.00000
    19.99746
    19.23824
    20.00000
    20.00000
    19.94538
    20.00000
    20.00000
    20.00000
    12.00703
     5.34703
    19.77577
    19.97289
    12.00332
    20.00000
     5.34339
     5.99651
    19.52016
    19.98758
    10.77854
     5.34339
    10.40547
    20.00000
    16.92144
    20.00000
    20.00000
    20.00000
    19.96474
    18.94203
    19.99693
    20.00000
    16.06980
    20.00000
    20.00000
    20.00000
    19.97703
    20.00000
    19.99987
    10.12840
    20.00000
    20.00000
    19.99933
    14.86693
    19.98811
    19.99960
    20.00000
    20.00000
    15.82955
    20.00000
    17.47380
    20.00000
    11.98770
    20.00000
    19.96888
    20.00000
    20.00000
    20.00000
    19.62606
    14.85077
     9.77665
    20.00000
    11.95503
    20.00000
    20.00000
    19.91172
    20.00000
    11.92889
    20.00000
    13.97964
    19.99987
    18.95725
    19.22756
    19.97195
    19.99826
    20.00000
    20.00000
    20.00000
    20.00000
    20.00000
    20.00000
    19.99840
    20.00000
    20.00000
     9.26574
    18.11136
    11.98069
    19.99225
    20.00000
     5.34339
     5.34339
    19.53752
    20.00000
    19.89677
     9.66216
    20.00000
    20.00000
     6.82213
    20.00000
    19.61084
     8.42799
    20.00000
    19.99813
     5.34339
     5.34339
    20.00000
     9.09071
    19.63995
    20.00000
    19.91520
    19.81090
    11.88299
    11.99821
     9.59938
     9.08930
    20.00000
     7.73350
    20.00000
    20.00000
    20.00000
    20.00000
    10.76235
    11.10390
    20.00000
    20.00000
    20.00000
    11.81701
    20.00000
    20.00000
    20.00000
    12.00665
    20.00000
    12.00094
    19.99399
    19.99853
    11.98085
    20.00000
    20.00000
    10.07023
     8.98965
    19.96194
    19.98077
    20.00000
    20.00000
    19.91680
    19.99880
    20.00000
    14.63843
    20.00000
    20.00000
     5.34339
    20.00000
     9.27423
    19.99987
    11.98299
    19.99987
    11.97286
    19.03605
    20.00000
    19.99987
    19.68176
    20.00000
    20.00000
    19.42107
    19.92214
    19.99493
     5.34339
    11.35123
     8.00754
    20.00000
    19.99907
    19.99933
     9.01014
    20.00000
    14.41247
    20.00000
    19.99613
    18.72461
    20.00000
     6.44340
    18.53524
    19.91359
    19.69818
    19.99960
    19.99319
    20.00000
    20.00000
    20.00000
     5.34339
    20.00000
    19.99960
    20.00000
     7.52962
    20.00000
    20.00000
     9.20019
     5.34339
     5.34339
    19.99586
    10.77447
    20.00000
     5.34339
    10.22872
    20.00000
    18.59240
    20.00000
    20.00000
     6.90005
    11.89150
     7.35438
    19.99973
    19.19030
    20.00000
    19.99853
    20.00000
    19.88421
    20.00000
    20.00000
    17.89074
    20.00000
    20.00000
    20.00000
    19.99987
    20.00000
    20.00000
     7.33733
    19.99920
    20.00000
    19.99159
    19.98491
    20.00000
    20.00000
    19.99987
    20.00000
    19.99947
     5.34339
    20.00000
    19.99907
     9.14503
    20.00000
    19.99840
    11.98322
    20.00000
    19.83079
    19.99987
     9.78003
    20.00000
    19.71781
    19.99960
    20.00000
    19.99426
    20.00000
    20.00000
    20.00000
     5.34339
    20.00000
    19.99546
    20.00000
     7.27772
    19.99733
    16.24488
    19.99973
    20.00000
    13.33473
    10.55559
    20.00000
    17.13472
    20.00000
    20.00000
    20.00000
    19.63955
    20.00000
    19.86832
    19.99973
    19.96448
    20.00000
    20.00000
    20.00000
    20.00000
    20.00000
    19.74679
    20.00000
    17.36816
    20.00000
     8.15810
    20.00000
    20.00000
    19.99987
    19.22702
     6.98421
    20.00000
    11.14320
     7.85707
    20.00000
    20.00000
    19.97209
    20.00000
    12.34207
    19.99987
     5.34339
    11.97396
    19.49265
    20.00000
     9.27358
    20.00000
    20.00000
    19.99653
     7.70118
    20.00000
    20.00000
    20.00000
    20.00000
    19.99907
    20.00000
    11.98875
    10.25735
    10.98044
    19.93483
    20.00000
     9.00540
    20.00000
    20.00000
    19.93042
    20.00000
    19.92214
    19.98157
     9.27272
    20.00000
    20.00000
    19.99933
    20.00000
    20.00000
    20.00000
     8.61771
    20.00000
     5.34339
    11.22981
    20.00000
    20.00000
     5.34339
    20.00000
    20.00000
     6.49910
     5.34339
    20.00000
    19.96995
    11.41215
    11.89727
    19.53525
     7.45136
    19.99880
    17.88246
    11.88575
     7.65533
    20.00000
     8.90523
    15.00248
    19.99693
    20.00000
    20.00000
    19.93269
    20.00000
    10.37293
    18.14742
     7.66986
     7.20944
    20.00000
     5.34339
    10.22847
    20.00000
    19.43295
    15.30844
    20.00000
    19.43122
    20.00000
    20.00000
    11.96174
     9.60380
    16.26452
     9.27506
    20.00000
    11.98272
     5.34339
    10.39986
     7.68207
    11.97217
     7.94776
    20.00000
    10.20468
     5.34339
     5.34339
     9.65999
    20.00000
    20.00000
    19.99973
    18.30140
    20.00000
    19.35643
    20.00000
    20.00000
    19.99973
    20.00000
    19.99840
    20.00000
    20.00000
    15.25022
    20.00000
     5.34339
    19.99826
    20.00000
    20.00000
    11.97241
    20.00000
    19.99973
     6.15632
    18.40062
     5.70584
    20.00000
    14.42836
    20.00000
    19.94524
    20.00000
    19.99933
    20.00000
     6.12661
    20.00000
    20.00000
    20.00000
     9.26652
    20.00000
     9.75087
    19.99372
    20.00000
    19.99947
    20.00000
    19.99372
     7.85730
    20.00000
    20.00000
    19.99973
    20.00000
    10.28727
    20.00000
     5.69681
    20.00000
    17.11642
    19.99279
    19.99853
     5.74974
    20.00000
    20.00000
    20.00000
    20.00000
     5.34339
    20.00000
    20.00000
    15.80658
    19.98972
    20.00000
    19.99987
    20.00000
    19.71127
    11.81904
    19.99773
    19.99960
    20.00000
    20.00000
    19.96434
     7.85818
    20.00000
    17.99210
    18.75533
    20.00000
    20.00000
    19.30368
    20.00000
    20.00000
    19.93349
    20.00000
    20.00000
    19.98825
    10.64102
    20.00000
    20.00000
    20.00000
    20.00000
    20.00000
    11.88811
    11.96924
    19.83707
    20.00000
    20.00000
    20.00000
    10.54322
    18.69136
    19.85016
     5.34339
    20.00000
    20.00000
    12.37772
    20.00000
    18.75666
    19.98825
    20.00000
    11.93092
    13.35890
    20.00000
     8.96921
     7.08020
     5.71377
    19.99987
     8.65197
    20.00000
    20.00000
    20.00000
    20.00000
    11.85191
    20.00000
    20.00000
     5.61190
    19.99092
    20.00000
    20.00000
     9.32331
    20.00000
    20.00000
    19.54166
    19.99987
    15.88644
    20.00000
    20.00000
    20.00000
    20.00000
    19.99987
     8.52098
     5.34339
    20.00000
    20.00000
    20.00000
    20.00000
    19.97957
    19.99987
    20.00000
    11.99928
     9.61406
     5.34339
    20.00000
     5.34339
    20.00000
    20.00000
    10.18318
     8.60128
    20.00000
    10.22909
    20.00000
    19.99880
     9.71722
    20.00000
    10.23451
    20.00000
     6.50905
    20.00000
    15.55350
    19.19136
    12.00708
    19.19390
    19.93416
    18.48489
    20.00000
    20.00000
    20.00000
    19.96207
    20.00000
    20.00000
    20.00000
    19.99786
    15.52025
    18.77923
    20.00000
    19.99920
    19.99185
    20.00000
    19.99987
     7.15418
    20.00000
    19.71501
    20.00000
    11.82452
    20.00000
    19.99386
    20.00000
     5.34339
    11.93496
    20.00000
    19.67147
    19.98277
    20.00000
    12.00424
    19.99452
     7.30959
    20.00000
    18.67426
    19.99920
     7.19714
    20.00000
    20.00000
    19.97930
    20.00000
    20.00000
    19.86712
    20.00000
    19.91907
    20.00000
    20.00000
     7.11542
    19.99973
    20.00000
    19.99920
    20.00000
     7.69331
    19.88822
    10.18388
     5.34339
    20.00000
    20.00000
    19.99880
    12.85876
    20.00000
    20.00000
    19.80609
    20.00000
    19.99466
    19.98945
    19.97449
    20.00000
     5.34339
     7.68853
    19.81317
    14.50168
    20.00000
    20.00000
    11.98109
    17.27321
    20.00000
    20.00000
    19.99105
    19.99987
    20.00000
     5.34339
    14.71108
    20.00000
    11.97158
    10.55687
    19.95032
    20.00000
    20.00000
    19.98932
    20.00000
    11.98556
    20.00000
    20.00000
    11.99432
    20.00000
    19.77377
    20.00000
    20.00000
    19.99960
    20.00000
    19.93697
    11.97183
     5.34339
     9.90884
    20.00000
    20.00000
     5.34339
     5.34429
    20.00000
    19.99132
    19.40891
    20.00000
    17.72807
    20.00000
    19.98638
    17.75906
     5.34339
     6.91275
    20.00000
    20.00000
    20.00000
    20.00000
    20.00000
    20.00000
    20.00000
    20.00000
    19.99452
    19.99559
    18.85642
    19.22969
    19.89957
    20.00000
    20.00000
    13.30228
    20.00000
    19.97342
    19.99773
    19.87353
    20.00000
    20.00000
    20.00000
     6.66974
    20.00000
    19.97235
    19.92441
    20.00000
    19.81317
    20.00000
    19.98451
    19.99813
    11.99371
    19.99693
     7.13294
    20.00000
    17.75372
    19.80368
    18.29258
     9.44517
    20.00000
     5.34339
    20.00000
    19.99987
    20.00000
    20.00000
    20.00000
    20.00000
    19.82331
    19.90451
    19.99826
    20.00000
    19.87740
    19.99880
    10.18433
    19.98878
    19.99987
    19.08920
    19.98064
    20.00000
    19.99880
    20.00000
    12.00095
    17.22500
    20.00000
    20.00000
    20.00000
     7.60905
    12.00338
    20.00000
    20.00000
    20.00000
    20.00000
    12.42634
    10.69713
    20.00000
    20.00000
    19.85697
    19.97930
    19.99973
    11.87935
    20.00000
    19.98170
    19.99987
     5.74446
    19.95940
    20.00000
    19.87674
    19.99893
    20.00000
    20.00000
    20.00000
    20.00000
    11.87583
    19.81530
    20.00000
    20.00000
     5.34339
    20.00000
    19.99973
    19.60897
    20.00000
    20.00000
    10.66993
    20.00000
    20.00000
    19.68229
     5.34339
    19.99987
    20.00000
    19.99960
     9.26735
     9.33635
    15.97205
    20.00000
    18.79152
     9.26574
    11.97406
    20.00000
    19.99973
    19.97075
    20.00000
     5.34339
    20.00000
    20.00000
     5.34339
    16.85894
    20.00000
    20.00000
